[2026-05-23 15:00:24] start mode=baseline model=GIN_fp32.onnx device=NPU warmup=5 iters=100
[2026-05-23 15:00:24] creating session
[2026-05-23 15:00:24] session ready providers=OpenVINOExecutionProvider | CPUExecutionProvider
[2026-05-23 15:00:24] preparing inputs
[2026-05-23 15:00:24] inputs ready
[2026-05-23 15:00:24] warmup start
[2026-05-23 15:00:25] warmup done
[2026-05-23 15:00:25] benchmark iterations start
[2026-05-23 15:00:26] iteration 25/100 elapsed_s=1.4
[2026-05-23 15:00:28] iteration 50/100 elapsed_s=2.9
[2026-05-23 15:00:29] iteration 75/100 elapsed_s=4.3
[2026-05-23 15:00:30] iteration 100/100 elapsed_s=5.7
[2026-05-23 15:00:30] benchmark iterations done
[2026-05-23 15:00:30] mode complete mode=baseline mean_ms=56.582 std_ms=3.858 p95_ms=63.447
[2026-05-23 15:00:31] start mode=optimized model=GIN_fp32.onnx device=NPU warmup=5 iters=100
[2026-05-23 15:00:31] creating session
[2026-05-23 15:00:31] session ready providers=OpenVINOExecutionProvider | CPUExecutionProvider
[2026-05-23 15:00:31] preparing inputs
[2026-05-23 15:00:31] inputs ready
[2026-05-23 15:00:31] warmup start
[2026-05-23 15:00:32] warmup done
[2026-05-23 15:00:32] benchmark iterations start
[2026-05-23 15:00:33] iteration 25/100 elapsed_s=1.4
[2026-05-23 15:00:35] iteration 50/100 elapsed_s=3.0
[2026-05-23 15:00:36] iteration 75/100 elapsed_s=4.6
[2026-05-23 15:00:38] iteration 100/100 elapsed_s=5.9
[2026-05-23 15:00:38] benchmark iterations done
[2026-05-23 15:00:38] mode complete mode=optimized mean_ms=58.895 std_ms=6.442 p95_ms=70.622
[2026-05-23 15:11:12] start mode=baseline model=GIN_fp32.onnx device=GPU warmup=5 iters=100
[2026-05-23 15:11:12] creating session
[2026-05-23 15:11:13] session ready providers=OpenVINOExecutionProvider | CPUExecutionProvider
[2026-05-23 15:11:13] preparing inputs
[2026-05-23 15:11:13] inputs ready
[2026-05-23 15:11:13] warmup start
[2026-05-23 15:11:13] warmup done
[2026-05-23 15:11:13] benchmark iterations start
[2026-05-23 15:11:14] iteration 25/100 elapsed_s=0.6
[2026-05-23 15:11:15] iteration 50/100 elapsed_s=1.2
[2026-05-23 15:11:15] iteration 75/100 elapsed_s=1.9
[2026-05-23 15:11:16] iteration 100/100 elapsed_s=2.5
[2026-05-23 15:11:16] benchmark iterations done
[2026-05-23 15:11:16] mode complete mode=baseline mean_ms=24.858 std_ms=0.781 p95_ms=26.525
[2026-05-23 15:11:16] start mode=optimized model=GIN_fp32.onnx device=GPU warmup=5 iters=100
[2026-05-23 15:11:16] creating session
[2026-05-23 15:11:17] session ready providers=OpenVINOExecutionProvider | CPUExecutionProvider
[2026-05-23 15:11:17] preparing inputs
[2026-05-23 15:11:18] inputs ready
[2026-05-23 15:11:18] warmup start
[2026-05-23 15:11:18] warmup done
[2026-05-23 15:11:18] benchmark iterations start
[2026-05-23 15:11:18] iteration 25/100 elapsed_s=0.6
[2026-05-23 15:11:19] iteration 50/100 elapsed_s=1.2
[2026-05-23 15:11:20] iteration 75/100 elapsed_s=1.9
[2026-05-23 15:11:20] iteration 100/100 elapsed_s=2.5
[2026-05-23 15:11:20] benchmark iterations done
[2026-05-23 15:11:20] mode complete mode=optimized mean_ms=24.887 std_ms=0.964 p95_ms=26.796
[2026-05-23 15:18:01] start mode=baseline model=GIN_fp32.onnx device=CPU warmup=5 iters=100
[2026-05-23 15:18:01] creating session
[2026-05-23 15:18:01] session ready providers=OpenVINOExecutionProvider | CPUExecutionProvider
[2026-05-23 15:18:01] preparing inputs
[2026-05-23 15:18:01] inputs ready
[2026-05-23 15:18:01] warmup start
[2026-05-23 15:18:02] warmup done
[2026-05-23 15:18:02] benchmark iterations start
[2026-05-23 15:18:03] iteration 25/100 elapsed_s=1.6
[2026-05-23 15:18:05] iteration 50/100 elapsed_s=3.1
[2026-05-23 15:18:06] iteration 75/100 elapsed_s=4.6
[2026-05-23 15:18:08] iteration 100/100 elapsed_s=6.0
[2026-05-23 15:18:08] benchmark iterations done
[2026-05-23 15:18:08] mode complete mode=baseline mean_ms=60.296 std_ms=6.180 p95_ms=68.192
[2026-05-23 15:18:08] start mode=optimized model=GIN_fp32.onnx device=CPU warmup=5 iters=100
[2026-05-23 15:18:08] creating session
[2026-05-23 15:18:08] session ready providers=OpenVINOExecutionProvider | CPUExecutionProvider
[2026-05-23 15:18:08] preparing inputs
[2026-05-23 15:18:09] inputs ready
[2026-05-23 15:18:09] warmup start
[2026-05-23 15:18:09] warmup done
[2026-05-23 15:18:09] benchmark iterations start
[2026-05-23 15:18:11] iteration 25/100 elapsed_s=1.6
[2026-05-23 15:18:12] iteration 50/100 elapsed_s=3.3
[2026-05-23 15:18:14] iteration 75/100 elapsed_s=4.9
[2026-05-23 15:18:15] iteration 100/100 elapsed_s=6.5
[2026-05-23 15:18:15] benchmark iterations done
[2026-05-23 15:18:15] mode complete mode=optimized mean_ms=64.641 std_ms=6.883 p95_ms=74.975
