[2026-05-23 14:44:16] start mode=baseline model=GATv2_fp32.onnx device=NPU warmup=5 iters=100
[2026-05-23 14:44:16] creating session
[2026-05-23 14:44:16] session ready providers=OpenVINOExecutionProvider | CPUExecutionProvider
[2026-05-23 14:44:16] preparing inputs
[2026-05-23 14:44:16] inputs ready
[2026-05-23 14:44:16] warmup start
[2026-05-23 14:44:17] warmup done
[2026-05-23 14:44:17] benchmark iterations start
[2026-05-23 14:44:18] iteration 25/100 elapsed_s=1.2
[2026-05-23 14:44:19] iteration 50/100 elapsed_s=2.3
[2026-05-23 14:44:20] iteration 75/100 elapsed_s=3.4
[2026-05-23 14:44:21] iteration 100/100 elapsed_s=4.5
[2026-05-23 14:44:21] benchmark iterations done
[2026-05-23 14:44:21] mode complete mode=baseline mean_ms=44.697 std_ms=5.646 p95_ms=51.125
[2026-05-23 14:44:22] start mode=optimized model=GATv2_fp32.onnx device=NPU warmup=5 iters=100
[2026-05-23 14:44:22] creating session
[2026-05-23 14:44:22] session ready providers=OpenVINOExecutionProvider | CPUExecutionProvider
[2026-05-23 14:44:22] preparing inputs
[2026-05-23 14:44:22] inputs ready
[2026-05-23 14:44:22] warmup start
[2026-05-23 14:44:23] warmup done
[2026-05-23 14:44:23] benchmark iterations start
[2026-05-23 14:44:24] iteration 25/100 elapsed_s=1.1
[2026-05-23 14:44:25] iteration 50/100 elapsed_s=2.1
[2026-05-23 14:44:26] iteration 75/100 elapsed_s=3.3
[2026-05-23 14:44:27] iteration 100/100 elapsed_s=4.4
[2026-05-23 14:44:27] benchmark iterations done
[2026-05-23 14:44:27] mode complete mode=optimized mean_ms=43.856 std_ms=3.440 p95_ms=51.476
[2026-05-23 14:48:12] start mode=baseline model=GATv2_fp32.onnx device=GPU warmup=5 iters=100
[2026-05-23 14:48:12] creating session
[2026-05-23 14:48:13] session ready providers=OpenVINOExecutionProvider | CPUExecutionProvider
[2026-05-23 14:48:13] preparing inputs
[2026-05-23 14:48:14] inputs ready
[2026-05-23 14:48:14] warmup start
[2026-05-23 14:48:14] warmup done
[2026-05-23 14:48:14] benchmark iterations start
[2026-05-23 14:48:14] iteration 25/100 elapsed_s=0.6
[2026-05-23 14:48:15] iteration 50/100 elapsed_s=1.2
[2026-05-23 14:48:16] iteration 75/100 elapsed_s=1.8
[2026-05-23 14:48:16] iteration 100/100 elapsed_s=2.4
[2026-05-23 14:48:16] benchmark iterations done
[2026-05-23 14:48:16] mode complete mode=baseline mean_ms=23.645 std_ms=0.961 p95_ms=25.006
[2026-05-23 14:48:16] start mode=optimized model=GATv2_fp32.onnx device=GPU warmup=5 iters=100
[2026-05-23 14:48:16] creating session
[2026-05-23 14:48:18] session ready providers=OpenVINOExecutionProvider | CPUExecutionProvider
[2026-05-23 14:48:18] preparing inputs
[2026-05-23 14:48:18] inputs ready
[2026-05-23 14:48:18] warmup start
[2026-05-23 14:48:18] warmup done
[2026-05-23 14:48:18] benchmark iterations start
[2026-05-23 14:48:19] iteration 25/100 elapsed_s=0.6
[2026-05-23 14:48:20] iteration 50/100 elapsed_s=1.2
[2026-05-23 14:48:20] iteration 75/100 elapsed_s=1.8
[2026-05-23 14:48:21] iteration 100/100 elapsed_s=2.4
[2026-05-23 14:48:21] benchmark iterations done
[2026-05-23 14:48:21] mode complete mode=optimized mean_ms=23.583 std_ms=0.812 p95_ms=24.911
[2026-05-23 14:51:26] start mode=baseline model=GATv2_fp32.onnx device=CPU warmup=5 iters=100
[2026-05-23 14:51:26] creating session
[2026-05-23 14:51:27] session ready providers=OpenVINOExecutionProvider | CPUExecutionProvider
[2026-05-23 14:51:27] preparing inputs
[2026-05-23 14:51:27] inputs ready
[2026-05-23 14:51:27] warmup start
[2026-05-23 14:51:27] warmup done
[2026-05-23 14:51:27] benchmark iterations start
[2026-05-23 14:51:28] iteration 25/100 elapsed_s=1.0
[2026-05-23 14:51:30] iteration 50/100 elapsed_s=2.2
[2026-05-23 14:51:31] iteration 75/100 elapsed_s=3.3
[2026-05-23 14:51:32] iteration 100/100 elapsed_s=4.4
[2026-05-23 14:51:32] benchmark iterations done
[2026-05-23 14:51:32] mode complete mode=baseline mean_ms=44.109 std_ms=3.530 p95_ms=49.974
[2026-05-23 14:51:32] start mode=optimized model=GATv2_fp32.onnx device=CPU warmup=5 iters=100
[2026-05-23 14:51:32] creating session
[2026-05-23 14:51:32] session ready providers=OpenVINOExecutionProvider | CPUExecutionProvider
[2026-05-23 14:51:32] preparing inputs
[2026-05-23 14:51:33] inputs ready
[2026-05-23 14:51:33] warmup start
[2026-05-23 14:51:33] warmup done
[2026-05-23 14:51:33] benchmark iterations start
[2026-05-23 14:51:34] iteration 25/100 elapsed_s=1.0
[2026-05-23 14:51:35] iteration 50/100 elapsed_s=2.1
[2026-05-23 14:51:36] iteration 75/100 elapsed_s=3.1
[2026-05-23 14:51:37] iteration 100/100 elapsed_s=4.3
[2026-05-23 14:51:37] benchmark iterations done
[2026-05-23 14:51:37] mode complete mode=optimized mean_ms=42.920 std_ms=3.781 p95_ms=49.225
