[2026-05-23 12:45:23] start mode=baseline model=APPNP_int8.onnx device=NPU warmup=5 iters=100
[2026-05-23 12:45:23] creating session
[2026-05-23 12:45:23] session ready providers=OpenVINOExecutionProvider | CPUExecutionProvider
[2026-05-23 12:45:23] preparing inputs
[2026-05-23 12:45:23] inputs ready
[2026-05-23 12:45:23] warmup start
[2026-05-23 12:45:23] warmup done
[2026-05-23 12:45:23] benchmark iterations start
[2026-05-23 12:45:24] iteration 25/100 elapsed_s=0.1
[2026-05-23 12:45:24] iteration 50/100 elapsed_s=0.3
[2026-05-23 12:45:24] iteration 75/100 elapsed_s=0.4
[2026-05-23 12:45:24] iteration 100/100 elapsed_s=0.5
[2026-05-23 12:45:24] benchmark iterations done
[2026-05-23 12:45:24] mode complete mode=baseline mean_ms=5.105 std_ms=0.685 p95_ms=6.226
[2026-05-23 12:45:24] start mode=optimized model=APPNP_int8.onnx device=NPU warmup=5 iters=100
[2026-05-23 12:45:24] creating session
[2026-05-23 12:45:25] session ready providers=OpenVINOExecutionProvider | CPUExecutionProvider
[2026-05-23 12:45:25] preparing inputs
[2026-05-23 12:45:25] inputs ready
[2026-05-23 12:45:25] warmup start
[2026-05-23 12:45:25] warmup done
[2026-05-23 12:45:25] benchmark iterations start
[2026-05-23 12:45:25] iteration 25/100 elapsed_s=0.2
[2026-05-23 12:45:25] iteration 50/100 elapsed_s=0.3
[2026-05-23 12:45:26] iteration 75/100 elapsed_s=0.4
[2026-05-23 12:45:26] iteration 100/100 elapsed_s=0.6
[2026-05-23 12:45:26] benchmark iterations done
[2026-05-23 12:45:26] mode complete mode=optimized mean_ms=5.537 std_ms=1.732 p95_ms=9.556
[2026-05-23 14:33:20] start mode=baseline model=APPNP_int8.onnx device=GPU warmup=5 iters=100
[2026-05-23 14:33:20] creating session
[2026-05-23 14:33:22] session ready providers=OpenVINOExecutionProvider | CPUExecutionProvider
[2026-05-23 14:33:22] preparing inputs
[2026-05-23 14:33:22] inputs ready
[2026-05-23 14:33:22] warmup start
[2026-05-23 14:33:22] warmup done
[2026-05-23 14:33:22] benchmark iterations start
[2026-05-23 14:33:22] iteration 25/100 elapsed_s=0.1
[2026-05-23 14:33:22] iteration 50/100 elapsed_s=0.2
[2026-05-23 14:33:22] iteration 75/100 elapsed_s=0.2
[2026-05-23 14:33:22] iteration 100/100 elapsed_s=0.3
[2026-05-23 14:33:22] benchmark iterations done
[2026-05-23 14:33:22] mode complete mode=baseline mean_ms=3.005 std_ms=0.693 p95_ms=4.609
[2026-05-23 14:33:23] start mode=optimized model=APPNP_int8.onnx device=GPU warmup=5 iters=100
[2026-05-23 14:33:23] creating session
[2026-05-23 14:33:24] session ready providers=OpenVINOExecutionProvider | CPUExecutionProvider
[2026-05-23 14:33:24] preparing inputs
[2026-05-23 14:33:25] inputs ready
[2026-05-23 14:33:25] warmup start
[2026-05-23 14:33:25] warmup done
[2026-05-23 14:33:25] benchmark iterations start
[2026-05-23 14:33:25] iteration 25/100 elapsed_s=0.1
[2026-05-23 14:33:25] iteration 50/100 elapsed_s=0.2
[2026-05-23 14:33:25] iteration 75/100 elapsed_s=0.2
[2026-05-23 14:33:25] iteration 100/100 elapsed_s=0.3
[2026-05-23 14:33:25] benchmark iterations done
[2026-05-23 14:33:25] mode complete mode=optimized mean_ms=3.080 std_ms=0.681 p95_ms=4.424
[2026-05-23 14:38:12] start mode=baseline model=APPNP_int8.onnx device=CPU warmup=5 iters=100
[2026-05-23 14:38:12] creating session
[2026-05-23 14:38:13] session ready providers=OpenVINOExecutionProvider | CPUExecutionProvider
[2026-05-23 14:38:13] preparing inputs
[2026-05-23 14:38:13] inputs ready
[2026-05-23 14:38:13] warmup start
[2026-05-23 14:38:13] warmup done
[2026-05-23 14:38:13] benchmark iterations start
[2026-05-23 14:38:13] iteration 25/100 elapsed_s=0.2
[2026-05-23 14:38:13] iteration 50/100 elapsed_s=0.3
[2026-05-23 14:38:13] iteration 75/100 elapsed_s=0.4
[2026-05-23 14:38:13] iteration 100/100 elapsed_s=0.5
[2026-05-23 14:38:13] benchmark iterations done
[2026-05-23 14:38:13] mode complete mode=baseline mean_ms=4.769 std_ms=0.949 p95_ms=6.697
[2026-05-23 14:38:14] start mode=optimized model=APPNP_int8.onnx device=CPU warmup=5 iters=100
[2026-05-23 14:38:14] creating session
[2026-05-23 14:38:14] session ready providers=OpenVINOExecutionProvider | CPUExecutionProvider
[2026-05-23 14:38:14] preparing inputs
[2026-05-23 14:38:14] inputs ready
[2026-05-23 14:38:14] warmup start
[2026-05-23 14:38:14] warmup done
[2026-05-23 14:38:14] benchmark iterations start
[2026-05-23 14:38:14] iteration 25/100 elapsed_s=0.1
[2026-05-23 14:38:15] iteration 50/100 elapsed_s=0.3
[2026-05-23 14:38:15] iteration 75/100 elapsed_s=0.4
[2026-05-23 14:38:15] iteration 100/100 elapsed_s=0.5
[2026-05-23 14:38:15] benchmark iterations done
[2026-05-23 14:38:15] mode complete mode=optimized mean_ms=5.086 std_ms=0.884 p95_ms=6.237
