Traceback (most recent call last):
  File "c:\Users\yusuf\Projects\npu-graph-opt-benchmarking\analysis\scalability_analyzer.py", line 432, in run
    row = self._benchmark_model(model)
          ^^^^^^^^^^^^^^^^^^^^^^^^^^^^
  File "c:\Users\yusuf\Projects\npu-graph-opt-benchmarking\analysis\scalability_analyzer.py", line 508, in _benchmark_model
    res = runner.run()
          ^^^^^^^^^^^^
  File "C:\Users\yusuf\Projects\npu-graph-opt-benchmarking\analysis\benchmark_runner.py", line 602, in run
    mean_latency, std_latency, p95_latency, cpu_percent, peak_mem_mb, profile_path, active_providers, fallback_to_cpu = self._run_mode(mode)
                                                                                                                        ^^^^^^^^^^^^^^^^^^^^
  File "C:\Users\yusuf\Projects\npu-graph-opt-benchmarking\analysis\benchmark_runner.py", line 545, in _run_mode
    session = self._create_session(mode)
              ^^^^^^^^^^^^^^^^^^^^^^^^^^
  File "C:\Users\yusuf\Projects\npu-graph-opt-benchmarking\analysis\benchmark_runner.py", line 231, in _create_session
    return ort.InferenceSession(
           ^^^^^^^^^^^^^^^^^^^^^
  File "c:\Users\yusuf\AppData\Local\Programs\Python\Python311\Lib\site-packages\onnxruntime\capi\onnxruntime_inference_collection.py", line 504, in __init__
    self._create_inference_session(providers, provider_options, disabled_optimizers)
  File "c:\Users\yusuf\AppData\Local\Programs\Python\Python311\Lib\site-packages\onnxruntime\capi\onnxruntime_inference_collection.py", line 610, in _create_inference_session
    sess.initialize_session(providers, provider_options, disabled_optimizers)
onnxruntime.capi.onnxruntime_pybind11_state.Fail: [ONNXRuntimeError] : 1 : FAIL : This is an invalid model. Error: the graph is not acyclic.

Traceback (most recent call last):
  File "c:\Users\yusuf\Projects\npu-graph-opt-benchmarking\analysis\scalability_analyzer.py", line 432, in run
    row = self._benchmark_model(model)
          ^^^^^^^^^^^^^^^^^^^^^^^^^^^^
  File "c:\Users\yusuf\Projects\npu-graph-opt-benchmarking\analysis\scalability_analyzer.py", line 508, in _benchmark_model
    res = runner.run()
          ^^^^^^^^^^^^
  File "C:\Users\yusuf\Projects\npu-graph-opt-benchmarking\analysis\benchmark_runner.py", line 602, in run
    mean_latency, std_latency, p95_latency, cpu_percent, peak_mem_mb, profile_path, active_providers, fallback_to_cpu = self._run_mode(mode)
                                                                                                                        ^^^^^^^^^^^^^^^^^^^^
  File "C:\Users\yusuf\Projects\npu-graph-opt-benchmarking\analysis\benchmark_runner.py", line 545, in _run_mode
    session = self._create_session(mode)
              ^^^^^^^^^^^^^^^^^^^^^^^^^^
  File "C:\Users\yusuf\Projects\npu-graph-opt-benchmarking\analysis\benchmark_runner.py", line 231, in _create_session
    return ort.InferenceSession(
           ^^^^^^^^^^^^^^^^^^^^^
  File "c:\Users\yusuf\AppData\Local\Programs\Python\Python311\Lib\site-packages\onnxruntime\capi\onnxruntime_inference_collection.py", line 504, in __init__
    self._create_inference_session(providers, provider_options, disabled_optimizers)
  File "c:\Users\yusuf\AppData\Local\Programs\Python\Python311\Lib\site-packages\onnxruntime\capi\onnxruntime_inference_collection.py", line 610, in _create_inference_session
    sess.initialize_session(providers, provider_options, disabled_optimizers)
onnxruntime.capi.onnxruntime_pybind11_state.Fail: [ONNXRuntimeError] : 1 : FAIL : This is an invalid model. Error: the graph is not acyclic.

Traceback (most recent call last):
  File "c:\Users\yusuf\Projects\npu-graph-opt-benchmarking\analysis\scalability_analyzer.py", line 432, in run
    row = self._benchmark_model(model)
          ^^^^^^^^^^^^^^^^^^^^^^^^^^^^
  File "c:\Users\yusuf\Projects\npu-graph-opt-benchmarking\analysis\scalability_analyzer.py", line 508, in _benchmark_model
    res = runner.run()
          ^^^^^^^^^^^^
  File "C:\Users\yusuf\Projects\npu-graph-opt-benchmarking\analysis\benchmark_runner.py", line 602, in run
    mean_latency, std_latency, p95_latency, cpu_percent, peak_mem_mb, profile_path, active_providers, fallback_to_cpu = self._run_mode(mode)
                                                                                                                        ^^^^^^^^^^^^^^^^^^^^
  File "C:\Users\yusuf\Projects\npu-graph-opt-benchmarking\analysis\benchmark_runner.py", line 545, in _run_mode
    session = self._create_session(mode)
              ^^^^^^^^^^^^^^^^^^^^^^^^^^
  File "C:\Users\yusuf\Projects\npu-graph-opt-benchmarking\analysis\benchmark_runner.py", line 231, in _create_session
    return ort.InferenceSession(
           ^^^^^^^^^^^^^^^^^^^^^
  File "c:\Users\yusuf\AppData\Local\Programs\Python\Python311\Lib\site-packages\onnxruntime\capi\onnxruntime_inference_collection.py", line 504, in __init__
    self._create_inference_session(providers, provider_options, disabled_optimizers)
  File "c:\Users\yusuf\AppData\Local\Programs\Python\Python311\Lib\site-packages\onnxruntime\capi\onnxruntime_inference_collection.py", line 610, in _create_inference_session
    sess.initialize_session(providers, provider_options, disabled_optimizers)
onnxruntime.capi.onnxruntime_pybind11_state.Fail: [ONNXRuntimeError] : 1 : FAIL : This is an invalid model. Error: the graph is not acyclic.

Traceback (most recent call last):
  File "c:\Users\yusuf\Projects\npu-graph-opt-benchmarking\analysis\scalability_analyzer.py", line 432, in run
    row = self._benchmark_model(model)
          ^^^^^^^^^^^^^^^^^^^^^^^^^^^^
  File "c:\Users\yusuf\Projects\npu-graph-opt-benchmarking\analysis\scalability_analyzer.py", line 508, in _benchmark_model
    res = runner.run()
          ^^^^^^^^^^^^
  File "C:\Users\yusuf\Projects\npu-graph-opt-benchmarking\analysis\benchmark_runner.py", line 602, in run
    mean_latency, std_latency, p95_latency, cpu_percent, peak_mem_mb, profile_path, active_providers, fallback_to_cpu = self._run_mode(mode)
                                                                                                                        ^^^^^^^^^^^^^^^^^^^^
  File "C:\Users\yusuf\Projects\npu-graph-opt-benchmarking\analysis\benchmark_runner.py", line 545, in _run_mode
    session = self._create_session(mode)
              ^^^^^^^^^^^^^^^^^^^^^^^^^^
  File "C:\Users\yusuf\Projects\npu-graph-opt-benchmarking\analysis\benchmark_runner.py", line 231, in _create_session
    return ort.InferenceSession(
           ^^^^^^^^^^^^^^^^^^^^^
  File "c:\Users\yusuf\AppData\Local\Programs\Python\Python311\Lib\site-packages\onnxruntime\capi\onnxruntime_inference_collection.py", line 504, in __init__
    self._create_inference_session(providers, provider_options, disabled_optimizers)
  File "c:\Users\yusuf\AppData\Local\Programs\Python\Python311\Lib\site-packages\onnxruntime\capi\onnxruntime_inference_collection.py", line 610, in _create_inference_session
    sess.initialize_session(providers, provider_options, disabled_optimizers)
onnxruntime.capi.onnxruntime_pybind11_state.Fail: [ONNXRuntimeError] : 1 : FAIL : This is an invalid model. Error: the graph is not acyclic.

Traceback (most recent call last):
  File "c:\Users\yusuf\Projects\npu-graph-opt-benchmarking\analysis\scalability_analyzer.py", line 432, in run
    row = self._benchmark_model(model)
          ^^^^^^^^^^^^^^^^^^^^^^^^^^^^
  File "c:\Users\yusuf\Projects\npu-graph-opt-benchmarking\analysis\scalability_analyzer.py", line 508, in _benchmark_model
    res = runner.run()
          ^^^^^^^^^^^^
  File "C:\Users\yusuf\Projects\npu-graph-opt-benchmarking\analysis\benchmark_runner.py", line 602, in run
    mean_latency, std_latency, p95_latency, cpu_percent, peak_mem_mb, profile_path, active_providers, fallback_to_cpu = self._run_mode(mode)
                                                                                                                        ^^^^^^^^^^^^^^^^^^^^
  File "C:\Users\yusuf\Projects\npu-graph-opt-benchmarking\analysis\benchmark_runner.py", line 545, in _run_mode
    session = self._create_session(mode)
              ^^^^^^^^^^^^^^^^^^^^^^^^^^
  File "C:\Users\yusuf\Projects\npu-graph-opt-benchmarking\analysis\benchmark_runner.py", line 231, in _create_session
    return ort.InferenceSession(
           ^^^^^^^^^^^^^^^^^^^^^
  File "c:\Users\yusuf\AppData\Local\Programs\Python\Python311\Lib\site-packages\onnxruntime\capi\onnxruntime_inference_collection.py", line 504, in __init__
    self._create_inference_session(providers, provider_options, disabled_optimizers)
  File "c:\Users\yusuf\AppData\Local\Programs\Python\Python311\Lib\site-packages\onnxruntime\capi\onnxruntime_inference_collection.py", line 610, in _create_inference_session
    sess.initialize_session(providers, provider_options, disabled_optimizers)
onnxruntime.capi.onnxruntime_pybind11_state.Fail: [ONNXRuntimeError] : 1 : FAIL : This is an invalid model. Error: the graph is not acyclic.

Traceback (most recent call last):
  File "c:\Users\yusuf\Projects\npu-graph-opt-benchmarking\analysis\scalability_analyzer.py", line 432, in run
    row = self._benchmark_model(model)
          ^^^^^^^^^^^^^^^^^^^^^^^^^^^^
  File "c:\Users\yusuf\Projects\npu-graph-opt-benchmarking\analysis\scalability_analyzer.py", line 508, in _benchmark_model
    res = runner.run()
          ^^^^^^^^^^^^
  File "C:\Users\yusuf\Projects\npu-graph-opt-benchmarking\analysis\benchmark_runner.py", line 602, in run
    mean_latency, std_latency, p95_latency, cpu_percent, peak_mem_mb, profile_path, active_providers, fallback_to_cpu = self._run_mode(mode)
                                                                                                                        ^^^^^^^^^^^^^^^^^^^^
  File "C:\Users\yusuf\Projects\npu-graph-opt-benchmarking\analysis\benchmark_runner.py", line 545, in _run_mode
    session = self._create_session(mode)
              ^^^^^^^^^^^^^^^^^^^^^^^^^^
  File "C:\Users\yusuf\Projects\npu-graph-opt-benchmarking\analysis\benchmark_runner.py", line 231, in _create_session
    return ort.InferenceSession(
           ^^^^^^^^^^^^^^^^^^^^^
  File "c:\Users\yusuf\AppData\Local\Programs\Python\Python311\Lib\site-packages\onnxruntime\capi\onnxruntime_inference_collection.py", line 504, in __init__
    self._create_inference_session(providers, provider_options, disabled_optimizers)
  File "c:\Users\yusuf\AppData\Local\Programs\Python\Python311\Lib\site-packages\onnxruntime\capi\onnxruntime_inference_collection.py", line 610, in _create_inference_session
    sess.initialize_session(providers, provider_options, disabled_optimizers)
onnxruntime.capi.onnxruntime_pybind11_state.Fail: [ONNXRuntimeError] : 1 : FAIL : This is an invalid model. Error: the graph is not acyclic.

Traceback (most recent call last):
  File "c:\Users\yusuf\Projects\npu-graph-opt-benchmarking\analysis\scalability_analyzer.py", line 432, in run
    row = self._benchmark_model(model)
          ^^^^^^^^^^^^^^^^^^^^^^^^^^^^
  File "c:\Users\yusuf\Projects\npu-graph-opt-benchmarking\analysis\scalability_analyzer.py", line 508, in _benchmark_model
    res = runner.run()
          ^^^^^^^^^^^^
  File "C:\Users\yusuf\Projects\npu-graph-opt-benchmarking\analysis\benchmark_runner.py", line 602, in run
    mean_latency, std_latency, p95_latency, cpu_percent, peak_mem_mb, profile_path, active_providers, fallback_to_cpu = self._run_mode(mode)
                                                                                                                        ^^^^^^^^^^^^^^^^^^^^
  File "C:\Users\yusuf\Projects\npu-graph-opt-benchmarking\analysis\benchmark_runner.py", line 545, in _run_mode
    session = self._create_session(mode)
              ^^^^^^^^^^^^^^^^^^^^^^^^^^
  File "C:\Users\yusuf\Projects\npu-graph-opt-benchmarking\analysis\benchmark_runner.py", line 231, in _create_session
    return ort.InferenceSession(
           ^^^^^^^^^^^^^^^^^^^^^
  File "c:\Users\yusuf\AppData\Local\Programs\Python\Python311\Lib\site-packages\onnxruntime\capi\onnxruntime_inference_collection.py", line 504, in __init__
    self._create_inference_session(providers, provider_options, disabled_optimizers)
  File "c:\Users\yusuf\AppData\Local\Programs\Python\Python311\Lib\site-packages\onnxruntime\capi\onnxruntime_inference_collection.py", line 610, in _create_inference_session
    sess.initialize_session(providers, provider_options, disabled_optimizers)
onnxruntime.capi.onnxruntime_pybind11_state.Fail: [ONNXRuntimeError] : 1 : FAIL : This is an invalid model. Error: the graph is not acyclic.

Traceback (most recent call last):
  File "c:\Users\yusuf\Projects\npu-graph-opt-benchmarking\analysis\scalability_analyzer.py", line 432, in run
    row = self._benchmark_model(model)
          ^^^^^^^^^^^^^^^^^^^^^^^^^^^^
  File "c:\Users\yusuf\Projects\npu-graph-opt-benchmarking\analysis\scalability_analyzer.py", line 508, in _benchmark_model
    res = runner.run()
          ^^^^^^^^^^^^
  File "C:\Users\yusuf\Projects\npu-graph-opt-benchmarking\analysis\benchmark_runner.py", line 602, in run
    mean_latency, std_latency, p95_latency, cpu_percent, peak_mem_mb, profile_path, active_providers, fallback_to_cpu = self._run_mode(mode)
                                                                                                                        ^^^^^^^^^^^^^^^^^^^^
  File "C:\Users\yusuf\Projects\npu-graph-opt-benchmarking\analysis\benchmark_runner.py", line 545, in _run_mode
    session = self._create_session(mode)
              ^^^^^^^^^^^^^^^^^^^^^^^^^^
  File "C:\Users\yusuf\Projects\npu-graph-opt-benchmarking\analysis\benchmark_runner.py", line 231, in _create_session
    return ort.InferenceSession(
           ^^^^^^^^^^^^^^^^^^^^^
  File "c:\Users\yusuf\AppData\Local\Programs\Python\Python311\Lib\site-packages\onnxruntime\capi\onnxruntime_inference_collection.py", line 504, in __init__
    self._create_inference_session(providers, provider_options, disabled_optimizers)
  File "c:\Users\yusuf\AppData\Local\Programs\Python\Python311\Lib\site-packages\onnxruntime\capi\onnxruntime_inference_collection.py", line 610, in _create_inference_session
    sess.initialize_session(providers, provider_options, disabled_optimizers)
onnxruntime.capi.onnxruntime_pybind11_state.Fail: [ONNXRuntimeError] : 1 : FAIL : This is an invalid model. Error: the graph is not acyclic.

Traceback (most recent call last):
  File "c:\Users\yusuf\Projects\npu-graph-opt-benchmarking\analysis\scalability_analyzer.py", line 432, in run
    row = self._benchmark_model(model)
          ^^^^^^^^^^^^^^^^^^^^^^^^^^^^
  File "c:\Users\yusuf\Projects\npu-graph-opt-benchmarking\analysis\scalability_analyzer.py", line 508, in _benchmark_model
    res = runner.run()
          ^^^^^^^^^^^^
  File "C:\Users\yusuf\Projects\npu-graph-opt-benchmarking\analysis\benchmark_runner.py", line 602, in run
    mean_latency, std_latency, p95_latency, cpu_percent, peak_mem_mb, profile_path, active_providers, fallback_to_cpu = self._run_mode(mode)
                                                                                                                        ^^^^^^^^^^^^^^^^^^^^
  File "C:\Users\yusuf\Projects\npu-graph-opt-benchmarking\analysis\benchmark_runner.py", line 545, in _run_mode
    session = self._create_session(mode)
              ^^^^^^^^^^^^^^^^^^^^^^^^^^
  File "C:\Users\yusuf\Projects\npu-graph-opt-benchmarking\analysis\benchmark_runner.py", line 231, in _create_session
    return ort.InferenceSession(
           ^^^^^^^^^^^^^^^^^^^^^
  File "c:\Users\yusuf\AppData\Local\Programs\Python\Python311\Lib\site-packages\onnxruntime\capi\onnxruntime_inference_collection.py", line 504, in __init__
    self._create_inference_session(providers, provider_options, disabled_optimizers)
  File "c:\Users\yusuf\AppData\Local\Programs\Python\Python311\Lib\site-packages\onnxruntime\capi\onnxruntime_inference_collection.py", line 610, in _create_inference_session
    sess.initialize_session(providers, provider_options, disabled_optimizers)
onnxruntime.capi.onnxruntime_pybind11_state.Fail: [ONNXRuntimeError] : 1 : FAIL : This is an invalid model. Error: the graph is not acyclic.

Traceback (most recent call last):
  File "c:\Users\yusuf\Projects\npu-graph-opt-benchmarking\analysis\scalability_analyzer.py", line 432, in run
    row = self._benchmark_model(model)
          ^^^^^^^^^^^^^^^^^^^^^^^^^^^^
  File "c:\Users\yusuf\Projects\npu-graph-opt-benchmarking\analysis\scalability_analyzer.py", line 508, in _benchmark_model
    res = runner.run()
          ^^^^^^^^^^^^
  File "C:\Users\yusuf\Projects\npu-graph-opt-benchmarking\analysis\benchmark_runner.py", line 602, in run
    mean_latency, std_latency, p95_latency, cpu_percent, peak_mem_mb, profile_path, active_providers, fallback_to_cpu = self._run_mode(mode)
                                                                                                                        ^^^^^^^^^^^^^^^^^^^^
  File "C:\Users\yusuf\Projects\npu-graph-opt-benchmarking\analysis\benchmark_runner.py", line 545, in _run_mode
    session = self._create_session(mode)
              ^^^^^^^^^^^^^^^^^^^^^^^^^^
  File "C:\Users\yusuf\Projects\npu-graph-opt-benchmarking\analysis\benchmark_runner.py", line 231, in _create_session
    return ort.InferenceSession(
           ^^^^^^^^^^^^^^^^^^^^^
  File "c:\Users\yusuf\AppData\Local\Programs\Python\Python311\Lib\site-packages\onnxruntime\capi\onnxruntime_inference_collection.py", line 504, in __init__
    self._create_inference_session(providers, provider_options, disabled_optimizers)
  File "c:\Users\yusuf\AppData\Local\Programs\Python\Python311\Lib\site-packages\onnxruntime\capi\onnxruntime_inference_collection.py", line 610, in _create_inference_session
    sess.initialize_session(providers, provider_options, disabled_optimizers)
onnxruntime.capi.onnxruntime_pybind11_state.Fail: [ONNXRuntimeError] : 1 : FAIL : This is an invalid model. Error: the graph is not acyclic.

Traceback (most recent call last):
  File "c:\Users\yusuf\Projects\npu-graph-opt-benchmarking\analysis\scalability_analyzer.py", line 432, in run
    row = self._benchmark_model(model)
          ^^^^^^^^^^^^^^^^^^^^^^^^^^^^
  File "c:\Users\yusuf\Projects\npu-graph-opt-benchmarking\analysis\scalability_analyzer.py", line 508, in _benchmark_model
    res = runner.run()
          ^^^^^^^^^^^^
  File "C:\Users\yusuf\Projects\npu-graph-opt-benchmarking\analysis\benchmark_runner.py", line 602, in run
    mean_latency, std_latency, p95_latency, cpu_percent, peak_mem_mb, profile_path, active_providers, fallback_to_cpu = self._run_mode(mode)
                                                                                                                        ^^^^^^^^^^^^^^^^^^^^
  File "C:\Users\yusuf\Projects\npu-graph-opt-benchmarking\analysis\benchmark_runner.py", line 545, in _run_mode
    session = self._create_session(mode)
              ^^^^^^^^^^^^^^^^^^^^^^^^^^
  File "C:\Users\yusuf\Projects\npu-graph-opt-benchmarking\analysis\benchmark_runner.py", line 231, in _create_session
    return ort.InferenceSession(
           ^^^^^^^^^^^^^^^^^^^^^
  File "c:\Users\yusuf\AppData\Local\Programs\Python\Python311\Lib\site-packages\onnxruntime\capi\onnxruntime_inference_collection.py", line 504, in __init__
    self._create_inference_session(providers, provider_options, disabled_optimizers)
  File "c:\Users\yusuf\AppData\Local\Programs\Python\Python311\Lib\site-packages\onnxruntime\capi\onnxruntime_inference_collection.py", line 610, in _create_inference_session
    sess.initialize_session(providers, provider_options, disabled_optimizers)
onnxruntime.capi.onnxruntime_pybind11_state.Fail: [ONNXRuntimeError] : 1 : FAIL : This is an invalid model. Error: the graph is not acyclic.

Traceback (most recent call last):
  File "c:\Users\yusuf\Projects\npu-graph-opt-benchmarking\analysis\scalability_analyzer.py", line 432, in run
    row = self._benchmark_model(model)
          ^^^^^^^^^^^^^^^^^^^^^^^^^^^^
  File "c:\Users\yusuf\Projects\npu-graph-opt-benchmarking\analysis\scalability_analyzer.py", line 508, in _benchmark_model
    res = runner.run()
          ^^^^^^^^^^^^
  File "C:\Users\yusuf\Projects\npu-graph-opt-benchmarking\analysis\benchmark_runner.py", line 602, in run
    mean_latency, std_latency, p95_latency, cpu_percent, peak_mem_mb, profile_path, active_providers, fallback_to_cpu = self._run_mode(mode)
                                                                                                                        ^^^^^^^^^^^^^^^^^^^^
  File "C:\Users\yusuf\Projects\npu-graph-opt-benchmarking\analysis\benchmark_runner.py", line 545, in _run_mode
    session = self._create_session(mode)
              ^^^^^^^^^^^^^^^^^^^^^^^^^^
  File "C:\Users\yusuf\Projects\npu-graph-opt-benchmarking\analysis\benchmark_runner.py", line 231, in _create_session
    return ort.InferenceSession(
           ^^^^^^^^^^^^^^^^^^^^^
  File "c:\Users\yusuf\AppData\Local\Programs\Python\Python311\Lib\site-packages\onnxruntime\capi\onnxruntime_inference_collection.py", line 504, in __init__
    self._create_inference_session(providers, provider_options, disabled_optimizers)
  File "c:\Users\yusuf\AppData\Local\Programs\Python\Python311\Lib\site-packages\onnxruntime\capi\onnxruntime_inference_collection.py", line 610, in _create_inference_session
    sess.initialize_session(providers, provider_options, disabled_optimizers)
onnxruntime.capi.onnxruntime_pybind11_state.Fail: [ONNXRuntimeError] : 1 : FAIL : This is an invalid model. Error: the graph is not acyclic.

Traceback (most recent call last):
  File "c:\Users\yusuf\Projects\npu-graph-opt-benchmarking\analysis\scalability_analyzer.py", line 432, in run
    row = self._benchmark_model(model)
          ^^^^^^^^^^^^^^^^^^^^^^^^^^^^
  File "c:\Users\yusuf\Projects\npu-graph-opt-benchmarking\analysis\scalability_analyzer.py", line 508, in _benchmark_model
    res = runner.run()
          ^^^^^^^^^^^^
  File "C:\Users\yusuf\Projects\npu-graph-opt-benchmarking\analysis\benchmark_runner.py", line 602, in run
    mean_latency, std_latency, p95_latency, cpu_percent, peak_mem_mb, profile_path, active_providers, fallback_to_cpu = self._run_mode(mode)
                                                                                                                        ^^^^^^^^^^^^^^^^^^^^
  File "C:\Users\yusuf\Projects\npu-graph-opt-benchmarking\analysis\benchmark_runner.py", line 545, in _run_mode
    session = self._create_session(mode)
              ^^^^^^^^^^^^^^^^^^^^^^^^^^
  File "C:\Users\yusuf\Projects\npu-graph-opt-benchmarking\analysis\benchmark_runner.py", line 231, in _create_session
    return ort.InferenceSession(
           ^^^^^^^^^^^^^^^^^^^^^
  File "c:\Users\yusuf\AppData\Local\Programs\Python\Python311\Lib\site-packages\onnxruntime\capi\onnxruntime_inference_collection.py", line 504, in __init__
    self._create_inference_session(providers, provider_options, disabled_optimizers)
  File "c:\Users\yusuf\AppData\Local\Programs\Python\Python311\Lib\site-packages\onnxruntime\capi\onnxruntime_inference_collection.py", line 610, in _create_inference_session
    sess.initialize_session(providers, provider_options, disabled_optimizers)
onnxruntime.capi.onnxruntime_pybind11_state.Fail: [ONNXRuntimeError] : 1 : FAIL : This is an invalid model. Error: the graph is not acyclic.

Traceback (most recent call last):
  File "c:\Users\yusuf\Projects\npu-graph-opt-benchmarking\analysis\scalability_analyzer.py", line 432, in run
    row = self._benchmark_model(model)
          ^^^^^^^^^^^^^^^^^^^^^^^^^^^^
  File "c:\Users\yusuf\Projects\npu-graph-opt-benchmarking\analysis\scalability_analyzer.py", line 508, in _benchmark_model
    res = runner.run()
          ^^^^^^^^^^^^
  File "C:\Users\yusuf\Projects\npu-graph-opt-benchmarking\analysis\benchmark_runner.py", line 602, in run
    mean_latency, std_latency, p95_latency, cpu_percent, peak_mem_mb, profile_path, active_providers, fallback_to_cpu = self._run_mode(mode)
                                                                                                                        ^^^^^^^^^^^^^^^^^^^^
  File "C:\Users\yusuf\Projects\npu-graph-opt-benchmarking\analysis\benchmark_runner.py", line 545, in _run_mode
    session = self._create_session(mode)
              ^^^^^^^^^^^^^^^^^^^^^^^^^^
  File "C:\Users\yusuf\Projects\npu-graph-opt-benchmarking\analysis\benchmark_runner.py", line 231, in _create_session
    return ort.InferenceSession(
           ^^^^^^^^^^^^^^^^^^^^^
  File "c:\Users\yusuf\AppData\Local\Programs\Python\Python311\Lib\site-packages\onnxruntime\capi\onnxruntime_inference_collection.py", line 504, in __init__
    self._create_inference_session(providers, provider_options, disabled_optimizers)
  File "c:\Users\yusuf\AppData\Local\Programs\Python\Python311\Lib\site-packages\onnxruntime\capi\onnxruntime_inference_collection.py", line 610, in _create_inference_session
    sess.initialize_session(providers, provider_options, disabled_optimizers)
onnxruntime.capi.onnxruntime_pybind11_state.Fail: [ONNXRuntimeError] : 1 : FAIL : This is an invalid model. Error: the graph is not acyclic.

Traceback (most recent call last):
  File "c:\Users\yusuf\Projects\npu-graph-opt-benchmarking\analysis\scalability_analyzer.py", line 432, in run
    row = self._benchmark_model(model)
          ^^^^^^^^^^^^^^^^^^^^^^^^^^^^
  File "c:\Users\yusuf\Projects\npu-graph-opt-benchmarking\analysis\scalability_analyzer.py", line 508, in _benchmark_model
    res = runner.run()
          ^^^^^^^^^^^^
  File "C:\Users\yusuf\Projects\npu-graph-opt-benchmarking\analysis\benchmark_runner.py", line 602, in run
    mean_latency, std_latency, p95_latency, cpu_percent, peak_mem_mb, profile_path, active_providers, fallback_to_cpu = self._run_mode(mode)
                                                                                                                        ^^^^^^^^^^^^^^^^^^^^
  File "C:\Users\yusuf\Projects\npu-graph-opt-benchmarking\analysis\benchmark_runner.py", line 545, in _run_mode
    session = self._create_session(mode)
              ^^^^^^^^^^^^^^^^^^^^^^^^^^
  File "C:\Users\yusuf\Projects\npu-graph-opt-benchmarking\analysis\benchmark_runner.py", line 231, in _create_session
    return ort.InferenceSession(
           ^^^^^^^^^^^^^^^^^^^^^
  File "c:\Users\yusuf\AppData\Local\Programs\Python\Python311\Lib\site-packages\onnxruntime\capi\onnxruntime_inference_collection.py", line 504, in __init__
    self._create_inference_session(providers, provider_options, disabled_optimizers)
  File "c:\Users\yusuf\AppData\Local\Programs\Python\Python311\Lib\site-packages\onnxruntime\capi\onnxruntime_inference_collection.py", line 610, in _create_inference_session
    sess.initialize_session(providers, provider_options, disabled_optimizers)
onnxruntime.capi.onnxruntime_pybind11_state.Fail: [ONNXRuntimeError] : 1 : FAIL : This is an invalid model. Error: the graph is not acyclic.

Traceback (most recent call last):
  File "c:\Users\yusuf\Projects\npu-graph-opt-benchmarking\analysis\scalability_analyzer.py", line 432, in run
    row = self._benchmark_model(model)
          ^^^^^^^^^^^^^^^^^^^^^^^^^^^^
  File "c:\Users\yusuf\Projects\npu-graph-opt-benchmarking\analysis\scalability_analyzer.py", line 508, in _benchmark_model
    res = runner.run()
          ^^^^^^^^^^^^
  File "C:\Users\yusuf\Projects\npu-graph-opt-benchmarking\analysis\benchmark_runner.py", line 602, in run
    mean_latency, std_latency, p95_latency, cpu_percent, peak_mem_mb, profile_path, active_providers, fallback_to_cpu = self._run_mode(mode)
                                                                                                                        ^^^^^^^^^^^^^^^^^^^^
  File "C:\Users\yusuf\Projects\npu-graph-opt-benchmarking\analysis\benchmark_runner.py", line 545, in _run_mode
    session = self._create_session(mode)
              ^^^^^^^^^^^^^^^^^^^^^^^^^^
  File "C:\Users\yusuf\Projects\npu-graph-opt-benchmarking\analysis\benchmark_runner.py", line 231, in _create_session
    return ort.InferenceSession(
           ^^^^^^^^^^^^^^^^^^^^^
  File "c:\Users\yusuf\AppData\Local\Programs\Python\Python311\Lib\site-packages\onnxruntime\capi\onnxruntime_inference_collection.py", line 504, in __init__
    self._create_inference_session(providers, provider_options, disabled_optimizers)
  File "c:\Users\yusuf\AppData\Local\Programs\Python\Python311\Lib\site-packages\onnxruntime\capi\onnxruntime_inference_collection.py", line 610, in _create_inference_session
    sess.initialize_session(providers, provider_options, disabled_optimizers)
onnxruntime.capi.onnxruntime_pybind11_state.Fail: [ONNXRuntimeError] : 1 : FAIL : This is an invalid model. Error: the graph is not acyclic.

Traceback (most recent call last):
  File "c:\Users\yusuf\Projects\npu-graph-opt-benchmarking\analysis\scalability_analyzer.py", line 432, in run
    row = self._benchmark_model(model)
          ^^^^^^^^^^^^^^^^^^^^^^^^^^^^
  File "c:\Users\yusuf\Projects\npu-graph-opt-benchmarking\analysis\scalability_analyzer.py", line 508, in _benchmark_model
    res = runner.run()
          ^^^^^^^^^^^^
  File "C:\Users\yusuf\Projects\npu-graph-opt-benchmarking\analysis\benchmark_runner.py", line 602, in run
    mean_latency, std_latency, p95_latency, cpu_percent, peak_mem_mb, profile_path, active_providers, fallback_to_cpu = self._run_mode(mode)
                                                                                                                        ^^^^^^^^^^^^^^^^^^^^
  File "C:\Users\yusuf\Projects\npu-graph-opt-benchmarking\analysis\benchmark_runner.py", line 545, in _run_mode
    session = self._create_session(mode)
              ^^^^^^^^^^^^^^^^^^^^^^^^^^
  File "C:\Users\yusuf\Projects\npu-graph-opt-benchmarking\analysis\benchmark_runner.py", line 231, in _create_session
    return ort.InferenceSession(
           ^^^^^^^^^^^^^^^^^^^^^
  File "c:\Users\yusuf\AppData\Local\Programs\Python\Python311\Lib\site-packages\onnxruntime\capi\onnxruntime_inference_collection.py", line 504, in __init__
    self._create_inference_session(providers, provider_options, disabled_optimizers)
  File "c:\Users\yusuf\AppData\Local\Programs\Python\Python311\Lib\site-packages\onnxruntime\capi\onnxruntime_inference_collection.py", line 610, in _create_inference_session
    sess.initialize_session(providers, provider_options, disabled_optimizers)
onnxruntime.capi.onnxruntime_pybind11_state.Fail: [ONNXRuntimeError] : 1 : FAIL : This is an invalid model. Error: the graph is not acyclic.

Traceback (most recent call last):
  File "c:\Users\yusuf\Projects\npu-graph-opt-benchmarking\analysis\scalability_analyzer.py", line 432, in run
    row = self._benchmark_model(model)
          ^^^^^^^^^^^^^^^^^^^^^^^^^^^^
  File "c:\Users\yusuf\Projects\npu-graph-opt-benchmarking\analysis\scalability_analyzer.py", line 508, in _benchmark_model
    res = runner.run()
          ^^^^^^^^^^^^
  File "C:\Users\yusuf\Projects\npu-graph-opt-benchmarking\analysis\benchmark_runner.py", line 602, in run
    mean_latency, std_latency, p95_latency, cpu_percent, peak_mem_mb, profile_path, active_providers, fallback_to_cpu = self._run_mode(mode)
                                                                                                                        ^^^^^^^^^^^^^^^^^^^^
  File "C:\Users\yusuf\Projects\npu-graph-opt-benchmarking\analysis\benchmark_runner.py", line 545, in _run_mode
    session = self._create_session(mode)
              ^^^^^^^^^^^^^^^^^^^^^^^^^^
  File "C:\Users\yusuf\Projects\npu-graph-opt-benchmarking\analysis\benchmark_runner.py", line 231, in _create_session
    return ort.InferenceSession(
           ^^^^^^^^^^^^^^^^^^^^^
  File "c:\Users\yusuf\AppData\Local\Programs\Python\Python311\Lib\site-packages\onnxruntime\capi\onnxruntime_inference_collection.py", line 504, in __init__
    self._create_inference_session(providers, provider_options, disabled_optimizers)
  File "c:\Users\yusuf\AppData\Local\Programs\Python\Python311\Lib\site-packages\onnxruntime\capi\onnxruntime_inference_collection.py", line 610, in _create_inference_session
    sess.initialize_session(providers, provider_options, disabled_optimizers)
onnxruntime.capi.onnxruntime_pybind11_state.Fail: [ONNXRuntimeError] : 1 : FAIL : This is an invalid model. Error: the graph is not acyclic.

