[2026-05-23 15:28:23] start mode=baseline model=GraphSAGE_int8.onnx device=NPU warmup=5 iters=100
[2026-05-23 15:28:23] creating session
[2026-05-23 15:28:23] session ready providers=OpenVINOExecutionProvider | CPUExecutionProvider
[2026-05-23 15:28:23] preparing inputs
[2026-05-23 15:28:23] inputs ready
[2026-05-23 15:28:23] warmup start
[2026-05-23 15:28:24] warmup done
[2026-05-23 15:28:24] benchmark iterations start
[2026-05-23 15:28:24] iteration 25/100 elapsed_s=0.7
[2026-05-23 15:28:25] iteration 50/100 elapsed_s=1.4
[2026-05-23 15:28:26] iteration 75/100 elapsed_s=2.1
[2026-05-23 15:28:27] iteration 100/100 elapsed_s=2.9
[2026-05-23 15:28:27] benchmark iterations done
[2026-05-23 15:28:27] mode complete mode=baseline mean_ms=28.559 std_ms=1.407 p95_ms=31.372
[2026-05-23 15:28:27] start mode=optimized model=GraphSAGE_int8.onnx device=NPU warmup=5 iters=100
[2026-05-23 15:28:27] creating session
[2026-05-23 15:28:27] session ready providers=OpenVINOExecutionProvider | CPUExecutionProvider
[2026-05-23 15:28:27] preparing inputs
[2026-05-23 15:28:28] inputs ready
[2026-05-23 15:28:28] warmup start
[2026-05-23 15:28:28] warmup done
[2026-05-23 15:28:28] benchmark iterations start
[2026-05-23 15:28:29] iteration 25/100 elapsed_s=0.7
[2026-05-23 15:28:29] iteration 50/100 elapsed_s=1.4
[2026-05-23 15:28:30] iteration 75/100 elapsed_s=2.1
[2026-05-23 15:28:31] iteration 100/100 elapsed_s=2.8
[2026-05-23 15:28:31] benchmark iterations done
[2026-05-23 15:28:31] mode complete mode=optimized mean_ms=28.310 std_ms=1.355 p95_ms=30.228
[2026-05-23 15:39:31] start mode=baseline model=GraphSAGE_int8.onnx device=GPU warmup=5 iters=100
[2026-05-23 15:39:31] creating session
[2026-05-23 15:39:36] session ready providers=OpenVINOExecutionProvider | CPUExecutionProvider
[2026-05-23 15:39:36] preparing inputs
[2026-05-23 15:39:36] inputs ready
[2026-05-23 15:39:36] warmup start
[2026-05-23 15:39:36] warmup done
[2026-05-23 15:39:36] benchmark iterations start
[2026-05-23 15:39:36] iteration 25/100 elapsed_s=0.4
[2026-05-23 15:39:37] iteration 50/100 elapsed_s=0.7
[2026-05-23 15:39:37] iteration 75/100 elapsed_s=1.1
[2026-05-23 15:39:37] iteration 100/100 elapsed_s=1.4
[2026-05-23 15:39:37] benchmark iterations done
[2026-05-23 15:39:37] mode complete mode=baseline mean_ms=14.118 std_ms=0.751 p95_ms=14.965
[2026-05-23 15:39:38] start mode=optimized model=GraphSAGE_int8.onnx device=GPU warmup=5 iters=100
[2026-05-23 15:39:38] creating session
[2026-05-23 15:39:41] session ready providers=OpenVINOExecutionProvider | CPUExecutionProvider
[2026-05-23 15:39:41] preparing inputs
[2026-05-23 15:39:41] inputs ready
[2026-05-23 15:39:41] warmup start
[2026-05-23 15:39:41] warmup done
[2026-05-23 15:39:41] benchmark iterations start
[2026-05-23 15:39:42] iteration 25/100 elapsed_s=0.4
[2026-05-23 15:39:42] iteration 50/100 elapsed_s=0.7
[2026-05-23 15:39:42] iteration 75/100 elapsed_s=1.1
[2026-05-23 15:39:43] iteration 100/100 elapsed_s=1.4
[2026-05-23 15:39:43] benchmark iterations done
[2026-05-23 15:39:43] mode complete mode=optimized mean_ms=14.209 std_ms=0.860 p95_ms=15.089
[2026-05-23 15:47:10] start mode=baseline model=GraphSAGE_int8.onnx device=CPU warmup=5 iters=100
[2026-05-23 15:47:10] creating session
[2026-05-23 15:47:10] session ready providers=OpenVINOExecutionProvider | CPUExecutionProvider
[2026-05-23 15:47:10] preparing inputs
[2026-05-23 15:47:10] inputs ready
[2026-05-23 15:47:10] warmup start
[2026-05-23 15:47:11] warmup done
[2026-05-23 15:47:11] benchmark iterations start
[2026-05-23 15:47:11] iteration 25/100 elapsed_s=0.7
[2026-05-23 15:47:12] iteration 50/100 elapsed_s=1.4
[2026-05-23 15:47:13] iteration 75/100 elapsed_s=2.1
[2026-05-23 15:47:14] iteration 100/100 elapsed_s=2.8
[2026-05-23 15:47:14] benchmark iterations done
[2026-05-23 15:47:14] mode complete mode=baseline mean_ms=28.212 std_ms=1.625 p95_ms=30.419
[2026-05-23 15:47:14] start mode=optimized model=GraphSAGE_int8.onnx device=CPU warmup=5 iters=100
[2026-05-23 15:47:14] creating session
[2026-05-23 15:47:14] session ready providers=OpenVINOExecutionProvider | CPUExecutionProvider
[2026-05-23 15:47:14] preparing inputs
[2026-05-23 15:47:14] inputs ready
[2026-05-23 15:47:14] warmup start
[2026-05-23 15:47:15] warmup done
[2026-05-23 15:47:15] benchmark iterations start
[2026-05-23 15:47:15] iteration 25/100 elapsed_s=0.7
[2026-05-23 15:47:16] iteration 50/100 elapsed_s=1.4
[2026-05-23 15:47:17] iteration 75/100 elapsed_s=2.1
[2026-05-23 15:47:18] iteration 100/100 elapsed_s=2.8
[2026-05-23 15:47:18] benchmark iterations done
[2026-05-23 15:47:18] mode complete mode=optimized mean_ms=28.084 std_ms=1.321 p95_ms=31.196
