[2026-05-23 12:13:49] start mode=baseline model=mobilenetv2_int8.onnx device=NPU warmup=5 iters=100
[2026-05-23 12:13:49] creating session
[2026-05-23 12:13:51] session ready providers=OpenVINOExecutionProvider | CPUExecutionProvider
[2026-05-23 12:13:51] preparing inputs
[2026-05-23 12:13:51] inputs ready
[2026-05-23 12:13:51] warmup start
[2026-05-23 12:13:51] warmup done
[2026-05-23 12:13:51] benchmark iterations start
[2026-05-23 12:13:51] iteration 25/100 elapsed_s=0.1
[2026-05-23 12:13:51] iteration 50/100 elapsed_s=0.3
[2026-05-23 12:13:51] iteration 75/100 elapsed_s=0.4
[2026-05-23 12:13:51] iteration 100/100 elapsed_s=0.5
[2026-05-23 12:13:51] benchmark iterations done
[2026-05-23 12:13:52] mode complete mode=baseline mean_ms=5.071 std_ms=0.657 p95_ms=6.111
[2026-05-23 12:13:52] start mode=optimized model=mobilenetv2_int8.onnx device=NPU warmup=5 iters=100
[2026-05-23 12:13:52] creating session
[2026-05-23 12:13:54] session ready providers=OpenVINOExecutionProvider | CPUExecutionProvider
[2026-05-23 12:13:54] preparing inputs
[2026-05-23 12:13:54] inputs ready
[2026-05-23 12:13:54] warmup start
[2026-05-23 12:13:54] warmup done
[2026-05-23 12:13:54] benchmark iterations start
[2026-05-23 12:13:54] iteration 25/100 elapsed_s=0.1
[2026-05-23 12:13:54] iteration 50/100 elapsed_s=0.3
[2026-05-23 12:13:54] iteration 75/100 elapsed_s=0.4
[2026-05-23 12:13:54] iteration 100/100 elapsed_s=0.5
[2026-05-23 12:13:54] benchmark iterations done
[2026-05-23 12:13:54] mode complete mode=optimized mean_ms=5.201 std_ms=0.668 p95_ms=6.278
[2026-05-23 12:14:22] start mode=baseline model=mobilenetv2_int8.onnx device=NPU warmup=5 iters=100
[2026-05-23 12:14:22] creating session
[2026-05-23 12:14:24] session ready providers=OpenVINOExecutionProvider | CPUExecutionProvider
[2026-05-23 12:14:24] preparing inputs
[2026-05-23 12:14:24] inputs ready
[2026-05-23 12:14:24] warmup start
[2026-05-23 12:14:24] warmup done
[2026-05-23 12:14:24] benchmark iterations start
[2026-05-23 12:14:25] iteration 25/100 elapsed_s=0.1
[2026-05-23 12:14:25] iteration 50/100 elapsed_s=0.3
[2026-05-23 12:14:25] iteration 75/100 elapsed_s=0.4
[2026-05-23 12:14:25] iteration 100/100 elapsed_s=0.5
[2026-05-23 12:14:25] benchmark iterations done
[2026-05-23 12:14:25] mode complete mode=baseline mean_ms=5.422 std_ms=0.744 p95_ms=6.697
[2026-05-23 12:14:25] start mode=optimized model=mobilenetv2_int8.onnx device=NPU warmup=5 iters=100
[2026-05-23 12:14:25] creating session
[2026-05-23 12:14:27] session ready providers=OpenVINOExecutionProvider | CPUExecutionProvider
[2026-05-23 12:14:27] preparing inputs
[2026-05-23 12:14:27] inputs ready
[2026-05-23 12:14:27] warmup start
[2026-05-23 12:14:27] warmup done
[2026-05-23 12:14:27] benchmark iterations start
[2026-05-23 12:14:27] iteration 25/100 elapsed_s=0.1
[2026-05-23 12:14:28] iteration 50/100 elapsed_s=0.3
[2026-05-23 12:14:28] iteration 75/100 elapsed_s=0.4
[2026-05-23 12:14:28] iteration 100/100 elapsed_s=0.5
[2026-05-23 12:14:28] benchmark iterations done
[2026-05-23 12:14:28] mode complete mode=optimized mean_ms=5.024 std_ms=0.654 p95_ms=6.008
[2026-05-23 12:14:56] start mode=baseline model=mobilenetv2_int8.onnx device=NPU warmup=5 iters=100
[2026-05-23 12:14:56] creating session
[2026-05-23 12:14:58] session ready providers=OpenVINOExecutionProvider | CPUExecutionProvider
[2026-05-23 12:14:58] preparing inputs
[2026-05-23 12:14:58] inputs ready
[2026-05-23 12:14:58] warmup start
[2026-05-23 12:14:58] warmup done
[2026-05-23 12:14:58] benchmark iterations start
[2026-05-23 12:14:58] iteration 25/100 elapsed_s=0.1
[2026-05-23 12:14:58] iteration 50/100 elapsed_s=0.2
[2026-05-23 12:14:58] iteration 75/100 elapsed_s=0.4
[2026-05-23 12:14:58] iteration 100/100 elapsed_s=0.5
[2026-05-23 12:14:58] benchmark iterations done
[2026-05-23 12:14:59] mode complete mode=baseline mean_ms=4.963 std_ms=0.771 p95_ms=6.216
[2026-05-23 12:14:59] start mode=optimized model=mobilenetv2_int8.onnx device=NPU warmup=5 iters=100
[2026-05-23 12:14:59] creating session
[2026-05-23 12:15:01] session ready providers=OpenVINOExecutionProvider | CPUExecutionProvider
[2026-05-23 12:15:01] preparing inputs
[2026-05-23 12:15:01] inputs ready
[2026-05-23 12:15:01] warmup start
[2026-05-23 12:15:01] warmup done
[2026-05-23 12:15:01] benchmark iterations start
[2026-05-23 12:15:01] iteration 25/100 elapsed_s=0.1
[2026-05-23 12:15:01] iteration 50/100 elapsed_s=0.3
[2026-05-23 12:15:01] iteration 75/100 elapsed_s=0.4
[2026-05-23 12:15:01] iteration 100/100 elapsed_s=0.6
[2026-05-23 12:15:01] benchmark iterations done
[2026-05-23 12:15:01] mode complete mode=optimized mean_ms=5.506 std_ms=0.855 p95_ms=6.966
[2026-05-23 12:15:28] start mode=baseline model=mobilenetv2_int8.onnx device=GPU warmup=5 iters=100
[2026-05-23 12:15:28] creating session
[2026-05-23 12:15:30] session ready providers=OpenVINOExecutionProvider | CPUExecutionProvider
[2026-05-23 12:15:30] preparing inputs
[2026-05-23 12:15:30] inputs ready
[2026-05-23 12:15:30] warmup start
[2026-05-23 12:15:30] warmup done
[2026-05-23 12:15:30] benchmark iterations start
[2026-05-23 12:15:30] iteration 25/100 elapsed_s=0.0
[2026-05-23 12:15:30] iteration 50/100 elapsed_s=0.1
[2026-05-23 12:15:30] iteration 75/100 elapsed_s=0.1
[2026-05-23 12:15:30] iteration 100/100 elapsed_s=0.2
[2026-05-23 12:15:30] benchmark iterations done
[2026-05-23 12:15:30] mode complete mode=baseline mean_ms=1.966 std_ms=0.337 p95_ms=2.865
[2026-05-23 12:15:30] start mode=optimized model=mobilenetv2_int8.onnx device=GPU warmup=5 iters=100
[2026-05-23 12:15:30] creating session
[2026-05-23 12:15:32] session ready providers=OpenVINOExecutionProvider | CPUExecutionProvider
[2026-05-23 12:15:32] preparing inputs
[2026-05-23 12:15:32] inputs ready
[2026-05-23 12:15:32] warmup start
[2026-05-23 12:15:32] warmup done
[2026-05-23 12:15:32] benchmark iterations start
[2026-05-23 12:15:32] iteration 25/100 elapsed_s=0.0
[2026-05-23 12:15:32] iteration 50/100 elapsed_s=0.1
[2026-05-23 12:15:32] iteration 75/100 elapsed_s=0.1
[2026-05-23 12:15:33] iteration 100/100 elapsed_s=0.2
[2026-05-23 12:15:33] benchmark iterations done
[2026-05-23 12:15:33] mode complete mode=optimized mean_ms=2.043 std_ms=0.358 p95_ms=2.764
[2026-05-23 12:15:57] start mode=baseline model=mobilenetv2_int8.onnx device=GPU warmup=5 iters=100
[2026-05-23 12:15:57] creating session
[2026-05-23 12:15:59] session ready providers=OpenVINOExecutionProvider | CPUExecutionProvider
[2026-05-23 12:15:59] preparing inputs
[2026-05-23 12:15:59] inputs ready
[2026-05-23 12:15:59] warmup start
[2026-05-23 12:15:59] warmup done
[2026-05-23 12:15:59] benchmark iterations start
[2026-05-23 12:16:00] iteration 25/100 elapsed_s=0.1
[2026-05-23 12:16:00] iteration 50/100 elapsed_s=0.1
[2026-05-23 12:16:00] iteration 75/100 elapsed_s=0.2
[2026-05-23 12:16:00] iteration 100/100 elapsed_s=0.2
[2026-05-23 12:16:00] benchmark iterations done
[2026-05-23 12:16:00] mode complete mode=baseline mean_ms=1.978 std_ms=0.323 p95_ms=2.778
[2026-05-23 12:16:00] start mode=optimized model=mobilenetv2_int8.onnx device=GPU warmup=5 iters=100
[2026-05-23 12:16:00] creating session
[2026-05-23 12:16:02] session ready providers=OpenVINOExecutionProvider | CPUExecutionProvider
[2026-05-23 12:16:02] preparing inputs
[2026-05-23 12:16:02] inputs ready
[2026-05-23 12:16:02] warmup start
[2026-05-23 12:16:02] warmup done
[2026-05-23 12:16:02] benchmark iterations start
[2026-05-23 12:16:02] iteration 25/100 elapsed_s=0.0
[2026-05-23 12:16:02] iteration 50/100 elapsed_s=0.1
[2026-05-23 12:16:02] iteration 75/100 elapsed_s=0.1
[2026-05-23 12:16:02] iteration 100/100 elapsed_s=0.2
[2026-05-23 12:16:02] benchmark iterations done
[2026-05-23 12:16:02] mode complete mode=optimized mean_ms=1.918 std_ms=0.320 p95_ms=2.762
[2026-05-23 12:16:27] start mode=baseline model=mobilenetv2_int8.onnx device=GPU warmup=5 iters=100
[2026-05-23 12:16:27] creating session
[2026-05-23 12:16:29] session ready providers=OpenVINOExecutionProvider | CPUExecutionProvider
[2026-05-23 12:16:29] preparing inputs
[2026-05-23 12:16:29] inputs ready
[2026-05-23 12:16:29] warmup start
[2026-05-23 12:16:29] warmup done
[2026-05-23 12:16:29] benchmark iterations start
[2026-05-23 12:16:29] iteration 25/100 elapsed_s=0.1
[2026-05-23 12:16:29] iteration 50/100 elapsed_s=0.1
[2026-05-23 12:16:29] iteration 75/100 elapsed_s=0.2
[2026-05-23 12:16:29] iteration 100/100 elapsed_s=0.2
[2026-05-23 12:16:29] benchmark iterations done
[2026-05-23 12:16:29] mode complete mode=baseline mean_ms=1.970 std_ms=0.327 p95_ms=2.789
[2026-05-23 12:16:29] start mode=optimized model=mobilenetv2_int8.onnx device=GPU warmup=5 iters=100
[2026-05-23 12:16:29] creating session
[2026-05-23 12:16:31] session ready providers=OpenVINOExecutionProvider | CPUExecutionProvider
[2026-05-23 12:16:31] preparing inputs
[2026-05-23 12:16:31] inputs ready
[2026-05-23 12:16:31] warmup start
[2026-05-23 12:16:31] warmup done
[2026-05-23 12:16:31] benchmark iterations start
[2026-05-23 12:16:31] iteration 25/100 elapsed_s=0.0
[2026-05-23 12:16:32] iteration 50/100 elapsed_s=0.1
[2026-05-23 12:16:32] iteration 75/100 elapsed_s=0.2
[2026-05-23 12:16:32] iteration 100/100 elapsed_s=0.2
[2026-05-23 12:16:32] benchmark iterations done
[2026-05-23 12:16:32] mode complete mode=optimized mean_ms=2.035 std_ms=0.384 p95_ms=2.858
[2026-05-23 12:16:55] start mode=baseline model=mobilenetv2_int8.onnx device=CPU warmup=5 iters=100
[2026-05-23 12:16:55] creating session
[2026-05-23 12:16:56] session ready providers=OpenVINOExecutionProvider | CPUExecutionProvider
[2026-05-23 12:16:56] preparing inputs
[2026-05-23 12:16:56] inputs ready
[2026-05-23 12:16:56] warmup start
[2026-05-23 12:16:56] warmup done
[2026-05-23 12:16:56] benchmark iterations start
[2026-05-23 12:16:57] iteration 25/100 elapsed_s=0.1
[2026-05-23 12:16:57] iteration 50/100 elapsed_s=0.3
[2026-05-23 12:16:57] iteration 75/100 elapsed_s=0.4
[2026-05-23 12:16:57] iteration 100/100 elapsed_s=0.5
[2026-05-23 12:16:57] benchmark iterations done
[2026-05-23 12:16:57] mode complete mode=baseline mean_ms=5.296 std_ms=0.904 p95_ms=6.879
[2026-05-23 12:16:57] start mode=optimized model=mobilenetv2_int8.onnx device=CPU warmup=5 iters=100
[2026-05-23 12:16:57] creating session
[2026-05-23 12:16:58] session ready providers=OpenVINOExecutionProvider | CPUExecutionProvider
[2026-05-23 12:16:58] preparing inputs
[2026-05-23 12:16:58] inputs ready
[2026-05-23 12:16:58] warmup start
[2026-05-23 12:16:58] warmup done
[2026-05-23 12:16:58] benchmark iterations start
[2026-05-23 12:16:58] iteration 25/100 elapsed_s=0.1
[2026-05-23 12:16:58] iteration 50/100 elapsed_s=0.3
[2026-05-23 12:16:59] iteration 75/100 elapsed_s=0.4
[2026-05-23 12:16:59] iteration 100/100 elapsed_s=0.5
[2026-05-23 12:16:59] benchmark iterations done
[2026-05-23 12:16:59] mode complete mode=optimized mean_ms=5.111 std_ms=0.731 p95_ms=6.278
[2026-05-23 12:17:19] start mode=baseline model=mobilenetv2_int8.onnx device=CPU warmup=5 iters=100
[2026-05-23 12:17:19] creating session
[2026-05-23 12:17:20] session ready providers=OpenVINOExecutionProvider | CPUExecutionProvider
[2026-05-23 12:17:20] preparing inputs
[2026-05-23 12:17:20] inputs ready
[2026-05-23 12:17:20] warmup start
[2026-05-23 12:17:20] warmup done
[2026-05-23 12:17:20] benchmark iterations start
[2026-05-23 12:17:20] iteration 25/100 elapsed_s=0.2
[2026-05-23 12:17:21] iteration 50/100 elapsed_s=0.3
[2026-05-23 12:17:21] iteration 75/100 elapsed_s=0.4
[2026-05-23 12:17:21] iteration 100/100 elapsed_s=0.6
[2026-05-23 12:17:21] benchmark iterations done
[2026-05-23 12:17:21] mode complete mode=baseline mean_ms=5.542 std_ms=0.810 p95_ms=6.726
[2026-05-23 12:17:21] start mode=optimized model=mobilenetv2_int8.onnx device=CPU warmup=5 iters=100
[2026-05-23 12:17:21] creating session
[2026-05-23 12:17:22] session ready providers=OpenVINOExecutionProvider | CPUExecutionProvider
[2026-05-23 12:17:22] preparing inputs
[2026-05-23 12:17:22] inputs ready
[2026-05-23 12:17:22] warmup start
[2026-05-23 12:17:22] warmup done
[2026-05-23 12:17:22] benchmark iterations start
[2026-05-23 12:17:22] iteration 25/100 elapsed_s=0.1
[2026-05-23 12:17:22] iteration 50/100 elapsed_s=0.3
[2026-05-23 12:17:22] iteration 75/100 elapsed_s=0.4
[2026-05-23 12:17:22] iteration 100/100 elapsed_s=0.5
[2026-05-23 12:17:22] benchmark iterations done
[2026-05-23 12:17:23] mode complete mode=optimized mean_ms=5.065 std_ms=0.853 p95_ms=6.621
[2026-05-23 12:17:43] start mode=baseline model=mobilenetv2_int8.onnx device=CPU warmup=5 iters=100
[2026-05-23 12:17:43] creating session
[2026-05-23 12:17:44] session ready providers=OpenVINOExecutionProvider | CPUExecutionProvider
[2026-05-23 12:17:44] preparing inputs
[2026-05-23 12:17:44] inputs ready
[2026-05-23 12:17:44] warmup start
[2026-05-23 12:17:44] warmup done
[2026-05-23 12:17:44] benchmark iterations start
[2026-05-23 12:17:44] iteration 25/100 elapsed_s=0.1
[2026-05-23 12:17:44] iteration 50/100 elapsed_s=0.3
[2026-05-23 12:17:44] iteration 75/100 elapsed_s=0.4
[2026-05-23 12:17:45] iteration 100/100 elapsed_s=0.6
[2026-05-23 12:17:45] benchmark iterations done
[2026-05-23 12:17:45] mode complete mode=baseline mean_ms=5.513 std_ms=0.955 p95_ms=7.337
[2026-05-23 12:17:45] start mode=optimized model=mobilenetv2_int8.onnx device=CPU warmup=5 iters=100
[2026-05-23 12:17:45] creating session
[2026-05-23 12:17:46] session ready providers=OpenVINOExecutionProvider | CPUExecutionProvider
[2026-05-23 12:17:46] preparing inputs
[2026-05-23 12:17:46] inputs ready
[2026-05-23 12:17:46] warmup start
[2026-05-23 12:17:46] warmup done
[2026-05-23 12:17:46] benchmark iterations start
[2026-05-23 12:17:46] iteration 25/100 elapsed_s=0.2
[2026-05-23 12:17:46] iteration 50/100 elapsed_s=0.3
[2026-05-23 12:17:46] iteration 75/100 elapsed_s=0.4
[2026-05-23 12:17:46] iteration 100/100 elapsed_s=0.6
[2026-05-23 12:17:46] benchmark iterations done
[2026-05-23 12:17:46] mode complete mode=optimized mean_ms=5.704 std_ms=1.372 p95_ms=7.966
