[2026-05-23 12:52:53] start mode=baseline model=APPNP_int8.onnx device=NPU warmup=5 iters=100
[2026-05-23 12:52:53] creating session
[2026-05-23 12:52:53] session ready providers=OpenVINOExecutionProvider | CPUExecutionProvider
[2026-05-23 12:52:53] preparing inputs
[2026-05-23 12:52:53] inputs ready
[2026-05-23 12:52:53] warmup start
[2026-05-23 12:52:53] warmup done
[2026-05-23 12:52:53] benchmark iterations start
[2026-05-23 12:52:54] iteration 25/100 elapsed_s=0.3
[2026-05-23 12:52:54] iteration 50/100 elapsed_s=0.5
[2026-05-23 12:52:54] iteration 75/100 elapsed_s=0.7
[2026-05-23 12:52:54] iteration 100/100 elapsed_s=0.9
[2026-05-23 12:52:54] benchmark iterations done
[2026-05-23 12:52:54] mode complete mode=baseline mean_ms=8.924 std_ms=1.768 p95_ms=14.852
[2026-05-23 12:52:55] start mode=optimized model=APPNP_int8.onnx device=NPU warmup=5 iters=100
[2026-05-23 12:52:55] creating session
[2026-05-23 12:52:55] session ready providers=OpenVINOExecutionProvider | CPUExecutionProvider
[2026-05-23 12:52:55] preparing inputs
[2026-05-23 12:52:56] inputs ready
[2026-05-23 12:52:56] warmup start
[2026-05-23 12:52:56] warmup done
[2026-05-23 12:52:56] benchmark iterations start
[2026-05-23 12:52:56] iteration 25/100 elapsed_s=0.3
[2026-05-23 12:52:56] iteration 50/100 elapsed_s=0.5
[2026-05-23 12:52:56] iteration 75/100 elapsed_s=0.7
[2026-05-23 12:52:56] iteration 100/100 elapsed_s=0.9
[2026-05-23 12:52:56] benchmark iterations done
[2026-05-23 12:52:56] mode complete mode=optimized mean_ms=9.031 std_ms=2.002 p95_ms=14.965
[2026-05-23 14:34:25] start mode=baseline model=APPNP_int8.onnx device=GPU warmup=5 iters=100
[2026-05-23 14:34:25] creating session
[2026-05-23 14:34:27] session ready providers=OpenVINOExecutionProvider | CPUExecutionProvider
[2026-05-23 14:34:27] preparing inputs
[2026-05-23 14:34:27] inputs ready
[2026-05-23 14:34:27] warmup start
[2026-05-23 14:34:27] warmup done
[2026-05-23 14:34:27] benchmark iterations start
[2026-05-23 14:34:27] iteration 25/100 elapsed_s=0.2
[2026-05-23 14:34:27] iteration 50/100 elapsed_s=0.3
[2026-05-23 14:34:27] iteration 75/100 elapsed_s=0.5
[2026-05-23 14:34:27] iteration 100/100 elapsed_s=0.6
[2026-05-23 14:34:27] benchmark iterations done
[2026-05-23 14:34:27] mode complete mode=baseline mean_ms=6.156 std_ms=0.705 p95_ms=7.505
[2026-05-23 14:34:28] start mode=optimized model=APPNP_int8.onnx device=GPU warmup=5 iters=100
[2026-05-23 14:34:28] creating session
[2026-05-23 14:34:29] session ready providers=OpenVINOExecutionProvider | CPUExecutionProvider
[2026-05-23 14:34:29] preparing inputs
[2026-05-23 14:34:29] inputs ready
[2026-05-23 14:34:29] warmup start
[2026-05-23 14:34:30] warmup done
[2026-05-23 14:34:30] benchmark iterations start
[2026-05-23 14:34:30] iteration 25/100 elapsed_s=0.2
[2026-05-23 14:34:30] iteration 50/100 elapsed_s=0.3
[2026-05-23 14:34:30] iteration 75/100 elapsed_s=0.4
[2026-05-23 14:34:30] iteration 100/100 elapsed_s=0.6
[2026-05-23 14:34:30] benchmark iterations done
[2026-05-23 14:34:30] mode complete mode=optimized mean_ms=5.995 std_ms=1.030 p95_ms=7.455
[2026-05-23 14:38:36] start mode=baseline model=APPNP_int8.onnx device=CPU warmup=5 iters=100
[2026-05-23 14:38:36] creating session
[2026-05-23 14:38:37] session ready providers=OpenVINOExecutionProvider | CPUExecutionProvider
[2026-05-23 14:38:37] preparing inputs
[2026-05-23 14:38:37] inputs ready
[2026-05-23 14:38:37] warmup start
[2026-05-23 14:38:37] warmup done
[2026-05-23 14:38:37] benchmark iterations start
[2026-05-23 14:38:37] iteration 25/100 elapsed_s=0.3
[2026-05-23 14:38:38] iteration 50/100 elapsed_s=0.5
[2026-05-23 14:38:38] iteration 75/100 elapsed_s=0.7
[2026-05-23 14:38:38] iteration 100/100 elapsed_s=0.9
[2026-05-23 14:38:38] benchmark iterations done
[2026-05-23 14:38:38] mode complete mode=baseline mean_ms=9.430 std_ms=1.286 p95_ms=11.521
[2026-05-23 14:38:38] start mode=optimized model=APPNP_int8.onnx device=CPU warmup=5 iters=100
[2026-05-23 14:38:38] creating session
[2026-05-23 14:38:39] session ready providers=OpenVINOExecutionProvider | CPUExecutionProvider
[2026-05-23 14:38:39] preparing inputs
[2026-05-23 14:38:39] inputs ready
[2026-05-23 14:38:39] warmup start
[2026-05-23 14:38:39] warmup done
[2026-05-23 14:38:39] benchmark iterations start
[2026-05-23 14:38:39] iteration 25/100 elapsed_s=0.3
[2026-05-23 14:38:40] iteration 50/100 elapsed_s=0.5
[2026-05-23 14:38:40] iteration 75/100 elapsed_s=0.7
[2026-05-23 14:38:40] iteration 100/100 elapsed_s=1.0
[2026-05-23 14:38:40] benchmark iterations done
[2026-05-23 14:38:40] mode complete mode=optimized mean_ms=9.522 std_ms=1.788 p95_ms=12.339
