[2026-05-23 14:30:32] start mode=baseline model=APPNP_fp32.onnx device=NPU warmup=5 iters=100
[2026-05-23 14:30:32] creating session
[2026-05-23 14:30:33] session ready providers=OpenVINOExecutionProvider | CPUExecutionProvider
[2026-05-23 14:30:33] preparing inputs
[2026-05-23 14:30:33] inputs ready
[2026-05-23 14:30:33] warmup start
[2026-05-23 14:30:34] warmup done
[2026-05-23 14:30:34] benchmark iterations start
[2026-05-23 14:30:34] iteration 25/100 elapsed_s=0.9
[2026-05-23 14:30:35] iteration 50/100 elapsed_s=1.8
[2026-05-23 14:30:36] iteration 75/100 elapsed_s=2.7
[2026-05-23 14:30:37] iteration 100/100 elapsed_s=3.7
[2026-05-23 14:30:37] benchmark iterations done
[2026-05-23 14:30:37] mode complete mode=baseline mean_ms=36.523 std_ms=1.664 p95_ms=38.704
[2026-05-23 14:30:40] start mode=optimized model=APPNP_fp32.onnx device=NPU warmup=5 iters=100
[2026-05-23 14:30:40] creating session
[2026-05-23 14:30:40] session ready providers=OpenVINOExecutionProvider | CPUExecutionProvider
[2026-05-23 14:30:40] preparing inputs
[2026-05-23 14:30:40] inputs ready
[2026-05-23 14:30:40] warmup start
[2026-05-23 14:30:41] warmup done
[2026-05-23 14:30:41] benchmark iterations start
[2026-05-23 14:30:42] iteration 25/100 elapsed_s=0.9
[2026-05-23 14:30:43] iteration 50/100 elapsed_s=1.9
[2026-05-23 14:30:43] iteration 75/100 elapsed_s=2.8
[2026-05-23 14:30:44] iteration 100/100 elapsed_s=3.7
[2026-05-23 14:30:44] benchmark iterations done
[2026-05-23 14:30:44] mode complete mode=optimized mean_ms=37.163 std_ms=3.426 p95_ms=42.464
[2026-05-23 14:36:21] start mode=baseline model=APPNP_fp32.onnx device=GPU warmup=5 iters=100
[2026-05-23 14:36:21] creating session
[2026-05-23 14:36:23] session ready providers=OpenVINOExecutionProvider | CPUExecutionProvider
[2026-05-23 14:36:23] preparing inputs
[2026-05-23 14:36:23] inputs ready
[2026-05-23 14:36:23] warmup start
[2026-05-23 14:36:23] warmup done
[2026-05-23 14:36:23] benchmark iterations start
[2026-05-23 14:36:24] iteration 25/100 elapsed_s=0.6
[2026-05-23 14:36:24] iteration 50/100 elapsed_s=1.2
[2026-05-23 14:36:25] iteration 75/100 elapsed_s=1.7
[2026-05-23 14:36:25] iteration 100/100 elapsed_s=2.3
[2026-05-23 14:36:25] benchmark iterations done
[2026-05-23 14:36:25] mode complete mode=baseline mean_ms=23.002 std_ms=0.825 p95_ms=24.178
[2026-05-23 14:36:26] start mode=optimized model=APPNP_fp32.onnx device=GPU warmup=5 iters=100
[2026-05-23 14:36:26] creating session
[2026-05-23 14:36:27] session ready providers=OpenVINOExecutionProvider | CPUExecutionProvider
[2026-05-23 14:36:27] preparing inputs
[2026-05-23 14:36:27] inputs ready
[2026-05-23 14:36:27] warmup start
[2026-05-23 14:36:27] warmup done
[2026-05-23 14:36:27] benchmark iterations start
[2026-05-23 14:36:28] iteration 25/100 elapsed_s=0.6
[2026-05-23 14:36:29] iteration 50/100 elapsed_s=1.1
[2026-05-23 14:36:29] iteration 75/100 elapsed_s=1.7
[2026-05-23 14:36:30] iteration 100/100 elapsed_s=2.3
[2026-05-23 14:36:30] benchmark iterations done
[2026-05-23 14:36:30] mode complete mode=optimized mean_ms=22.533 std_ms=1.096 p95_ms=23.992
[2026-05-23 14:40:00] start mode=baseline model=APPNP_fp32.onnx device=CPU warmup=5 iters=100
[2026-05-23 14:40:00] creating session
[2026-05-23 14:40:00] session ready providers=OpenVINOExecutionProvider | CPUExecutionProvider
[2026-05-23 14:40:00] preparing inputs
[2026-05-23 14:40:00] inputs ready
[2026-05-23 14:40:00] warmup start
[2026-05-23 14:40:00] warmup done
[2026-05-23 14:40:00] benchmark iterations start
[2026-05-23 14:40:01] iteration 25/100 elapsed_s=0.9
[2026-05-23 14:40:02] iteration 50/100 elapsed_s=1.8
[2026-05-23 14:40:03] iteration 75/100 elapsed_s=2.7
[2026-05-23 14:40:04] iteration 100/100 elapsed_s=3.7
[2026-05-23 14:40:04] benchmark iterations done
[2026-05-23 14:40:04] mode complete mode=baseline mean_ms=36.538 std_ms=1.300 p95_ms=38.849
[2026-05-23 14:40:04] start mode=optimized model=APPNP_fp32.onnx device=CPU warmup=5 iters=100
[2026-05-23 14:40:04] creating session
[2026-05-23 14:40:05] session ready providers=OpenVINOExecutionProvider | CPUExecutionProvider
[2026-05-23 14:40:05] preparing inputs
[2026-05-23 14:40:05] inputs ready
[2026-05-23 14:40:05] warmup start
[2026-05-23 14:40:05] warmup done
[2026-05-23 14:40:05] benchmark iterations start
[2026-05-23 14:40:06] iteration 25/100 elapsed_s=0.9
[2026-05-23 14:40:07] iteration 50/100 elapsed_s=1.8
[2026-05-23 14:40:08] iteration 75/100 elapsed_s=2.7
[2026-05-23 14:40:09] iteration 100/100 elapsed_s=3.6
[2026-05-23 14:40:09] benchmark iterations done
[2026-05-23 14:40:09] mode complete mode=optimized mean_ms=36.370 std_ms=1.477 p95_ms=38.710
