[2026-05-23 15:02:17] start mode=baseline model=GIN_fp32.onnx device=NPU warmup=5 iters=100
[2026-05-23 15:02:17] creating session
[2026-05-23 15:02:17] session ready providers=OpenVINOExecutionProvider | CPUExecutionProvider
[2026-05-23 15:02:17] preparing inputs
[2026-05-23 15:02:18] inputs ready
[2026-05-23 15:02:18] warmup start
[2026-05-23 15:02:19] warmup done
[2026-05-23 15:02:19] benchmark iterations start
[2026-05-23 15:02:22] iteration 25/100 elapsed_s=3.0
[2026-05-23 15:02:24] iteration 50/100 elapsed_s=5.7
[2026-05-23 15:02:27] iteration 75/100 elapsed_s=8.6
[2026-05-23 15:02:30] iteration 100/100 elapsed_s=11.4
[2026-05-23 15:02:30] benchmark iterations done
[2026-05-23 15:02:30] mode complete mode=baseline mean_ms=114.247 std_ms=8.257 p95_ms=128.535
[2026-05-23 15:02:30] start mode=optimized model=GIN_fp32.onnx device=NPU warmup=5 iters=100
[2026-05-23 15:02:30] creating session
[2026-05-23 15:02:31] session ready providers=OpenVINOExecutionProvider | CPUExecutionProvider
[2026-05-23 15:02:31] preparing inputs
[2026-05-23 15:02:31] inputs ready
[2026-05-23 15:02:31] warmup start
[2026-05-23 15:02:32] warmup done
[2026-05-23 15:02:32] benchmark iterations start
[2026-05-23 15:02:34] iteration 25/100 elapsed_s=2.8
[2026-05-23 15:02:37] iteration 50/100 elapsed_s=5.8
[2026-05-23 15:02:40] iteration 75/100 elapsed_s=8.5
[2026-05-23 15:02:43] iteration 100/100 elapsed_s=11.5
[2026-05-23 15:02:43] benchmark iterations done
[2026-05-23 15:02:43] mode complete mode=optimized mean_ms=114.801 std_ms=8.713 p95_ms=133.660
[2026-05-23 15:12:28] start mode=baseline model=GIN_fp32.onnx device=GPU warmup=5 iters=100
[2026-05-23 15:12:28] creating session
[2026-05-23 15:12:29] session ready providers=OpenVINOExecutionProvider | CPUExecutionProvider
[2026-05-23 15:12:29] preparing inputs
[2026-05-23 15:12:29] inputs ready
[2026-05-23 15:12:29] warmup start
[2026-05-23 15:12:30] warmup done
[2026-05-23 15:12:30] benchmark iterations start
[2026-05-23 15:12:31] iteration 25/100 elapsed_s=1.3
[2026-05-23 15:12:32] iteration 50/100 elapsed_s=2.5
[2026-05-23 15:12:33] iteration 75/100 elapsed_s=3.8
[2026-05-23 15:12:35] iteration 100/100 elapsed_s=5.0
[2026-05-23 15:12:35] benchmark iterations done
[2026-05-23 15:12:35] mode complete mode=baseline mean_ms=49.890 std_ms=1.212 p95_ms=51.863
[2026-05-23 15:12:35] start mode=optimized model=GIN_fp32.onnx device=GPU warmup=5 iters=100
[2026-05-23 15:12:35] creating session
[2026-05-23 15:12:36] session ready providers=OpenVINOExecutionProvider | CPUExecutionProvider
[2026-05-23 15:12:36] preparing inputs
[2026-05-23 15:12:37] inputs ready
[2026-05-23 15:12:37] warmup start
[2026-05-23 15:12:37] warmup done
[2026-05-23 15:12:37] benchmark iterations start
[2026-05-23 15:12:38] iteration 25/100 elapsed_s=1.2
[2026-05-23 15:12:39] iteration 50/100 elapsed_s=2.5
[2026-05-23 15:12:41] iteration 75/100 elapsed_s=3.7
[2026-05-23 15:12:42] iteration 100/100 elapsed_s=5.0
[2026-05-23 15:12:42] benchmark iterations done
[2026-05-23 15:12:42] mode complete mode=optimized mean_ms=49.789 std_ms=1.066 p95_ms=51.505
[2026-05-23 15:19:56] start mode=baseline model=GIN_fp32.onnx device=CPU warmup=5 iters=100
[2026-05-23 15:19:56] creating session
[2026-05-23 15:19:56] session ready providers=OpenVINOExecutionProvider | CPUExecutionProvider
[2026-05-23 15:19:56] preparing inputs
[2026-05-23 15:19:56] inputs ready
[2026-05-23 15:19:56] warmup start
[2026-05-23 15:19:57] warmup done
[2026-05-23 15:19:57] benchmark iterations start
[2026-05-23 15:20:00] iteration 25/100 elapsed_s=2.9
[2026-05-23 15:20:03] iteration 50/100 elapsed_s=5.7
[2026-05-23 15:20:06] iteration 75/100 elapsed_s=8.6
[2026-05-23 15:20:08] iteration 100/100 elapsed_s=11.4
[2026-05-23 15:20:08] benchmark iterations done
[2026-05-23 15:20:08] mode complete mode=baseline mean_ms=113.676 std_ms=7.991 p95_ms=126.075
[2026-05-23 15:20:09] start mode=optimized model=GIN_fp32.onnx device=CPU warmup=5 iters=100
[2026-05-23 15:20:09] creating session
[2026-05-23 15:20:09] session ready providers=OpenVINOExecutionProvider | CPUExecutionProvider
[2026-05-23 15:20:09] preparing inputs
[2026-05-23 15:20:09] inputs ready
[2026-05-23 15:20:09] warmup start
[2026-05-23 15:20:10] warmup done
[2026-05-23 15:20:10] benchmark iterations start
[2026-05-23 15:20:13] iteration 25/100 elapsed_s=2.9
[2026-05-23 15:20:16] iteration 50/100 elapsed_s=5.7
[2026-05-23 15:20:18] iteration 75/100 elapsed_s=8.5
[2026-05-23 15:20:21] iteration 100/100 elapsed_s=11.4
[2026-05-23 15:20:21] benchmark iterations done
[2026-05-23 15:20:21] mode complete mode=optimized mean_ms=114.443 std_ms=9.199 p95_ms=131.055
