[2026-05-23 14:54:35] start mode=baseline model=GCN_fp32.onnx device=NPU warmup=5 iters=100
[2026-05-23 14:54:35] creating session
[2026-05-23 14:54:35] session ready providers=OpenVINOExecutionProvider | CPUExecutionProvider
[2026-05-23 14:54:35] preparing inputs
[2026-05-23 14:54:35] inputs ready
[2026-05-23 14:54:35] warmup start
[2026-05-23 14:54:35] warmup done
[2026-05-23 14:54:35] benchmark iterations start
[2026-05-23 14:54:36] iteration 25/100 elapsed_s=0.6
[2026-05-23 14:54:37] iteration 50/100 elapsed_s=1.2
[2026-05-23 14:54:37] iteration 75/100 elapsed_s=1.9
[2026-05-23 14:54:38] iteration 100/100 elapsed_s=2.5
[2026-05-23 14:54:38] benchmark iterations done
[2026-05-23 14:54:38] mode complete mode=baseline mean_ms=24.632 std_ms=1.227 p95_ms=26.585
[2026-05-23 14:54:38] start mode=optimized model=GCN_fp32.onnx device=NPU warmup=5 iters=100
[2026-05-23 14:54:38] creating session
[2026-05-23 14:54:38] session ready providers=OpenVINOExecutionProvider | CPUExecutionProvider
[2026-05-23 14:54:38] preparing inputs
[2026-05-23 14:54:39] inputs ready
[2026-05-23 14:54:39] warmup start
[2026-05-23 14:54:39] warmup done
[2026-05-23 14:54:39] benchmark iterations start
[2026-05-23 14:54:40] iteration 25/100 elapsed_s=0.6
[2026-05-23 14:54:40] iteration 50/100 elapsed_s=1.3
[2026-05-23 14:54:41] iteration 75/100 elapsed_s=2.0
[2026-05-23 14:54:42] iteration 100/100 elapsed_s=2.7
[2026-05-23 14:54:42] benchmark iterations done
[2026-05-23 14:54:42] mode complete mode=optimized mean_ms=26.493 std_ms=3.080 p95_ms=32.515
[2026-05-23 14:58:10] start mode=baseline model=GCN_fp32.onnx device=CPU warmup=5 iters=100
[2026-05-23 14:58:10] creating session
[2026-05-23 14:58:11] session ready providers=OpenVINOExecutionProvider | CPUExecutionProvider
[2026-05-23 14:58:11] preparing inputs
[2026-05-23 14:58:11] inputs ready
[2026-05-23 14:58:11] warmup start
[2026-05-23 14:58:11] warmup done
[2026-05-23 14:58:11] benchmark iterations start
[2026-05-23 14:58:12] iteration 25/100 elapsed_s=0.6
[2026-05-23 14:58:13] iteration 50/100 elapsed_s=1.2
[2026-05-23 14:58:13] iteration 75/100 elapsed_s=1.8
[2026-05-23 14:58:14] iteration 100/100 elapsed_s=2.5
[2026-05-23 14:58:14] benchmark iterations done
[2026-05-23 14:58:14] mode complete mode=baseline mean_ms=24.639 std_ms=1.409 p95_ms=27.590
[2026-05-23 14:58:14] start mode=optimized model=GCN_fp32.onnx device=CPU warmup=5 iters=100
[2026-05-23 14:58:14] creating session
[2026-05-23 14:58:14] session ready providers=OpenVINOExecutionProvider | CPUExecutionProvider
[2026-05-23 14:58:14] preparing inputs
[2026-05-23 14:58:15] inputs ready
[2026-05-23 14:58:15] warmup start
[2026-05-23 14:58:15] warmup done
[2026-05-23 14:58:15] benchmark iterations start
[2026-05-23 14:58:16] iteration 25/100 elapsed_s=0.6
[2026-05-23 14:58:16] iteration 50/100 elapsed_s=1.2
[2026-05-23 14:58:17] iteration 75/100 elapsed_s=1.9
[2026-05-23 14:58:18] iteration 100/100 elapsed_s=2.5
[2026-05-23 14:58:18] benchmark iterations done
[2026-05-23 14:58:18] mode complete mode=optimized mean_ms=24.556 std_ms=1.286 p95_ms=26.991
