[2026-05-23 16:19:46] start mode=baseline model=SGC_int8.onnx device=NPU warmup=5 iters=100
[2026-05-23 16:19:46] creating session
[2026-05-23 16:19:46] session ready providers=OpenVINOExecutionProvider | CPUExecutionProvider
[2026-05-23 16:19:46] preparing inputs
[2026-05-23 16:19:47] inputs ready
[2026-05-23 16:19:47] warmup start
[2026-05-23 16:19:48] warmup done
[2026-05-23 16:19:48] benchmark iterations start
[2026-05-23 16:19:54] iteration 25/100 elapsed_s=5.7
[2026-05-23 16:19:59] iteration 50/100 elapsed_s=11.5
[2026-05-23 16:20:05] iteration 75/100 elapsed_s=17.3
[2026-05-23 16:20:11] iteration 100/100 elapsed_s=23.1
[2026-05-23 16:20:11] benchmark iterations done
[2026-05-23 16:20:11] mode complete mode=baseline mean_ms=230.711 std_ms=10.122 p95_ms=250.185
[2026-05-23 16:20:11] start mode=optimized model=SGC_int8.onnx device=NPU warmup=5 iters=100
[2026-05-23 16:20:11] creating session
[2026-05-23 16:20:12] session ready providers=OpenVINOExecutionProvider | CPUExecutionProvider
[2026-05-23 16:20:12] preparing inputs
[2026-05-23 16:20:12] inputs ready
[2026-05-23 16:20:12] warmup start
[2026-05-23 16:20:13] warmup done
[2026-05-23 16:20:13] benchmark iterations start
[2026-05-23 16:20:19] iteration 25/100 elapsed_s=5.7
[2026-05-23 16:20:25] iteration 50/100 elapsed_s=11.4
[2026-05-23 16:20:30] iteration 75/100 elapsed_s=17.1
[2026-05-23 16:20:36] iteration 100/100 elapsed_s=22.9
[2026-05-23 16:20:36] benchmark iterations done
[2026-05-23 16:20:36] mode complete mode=optimized mean_ms=228.991 std_ms=8.612 p95_ms=243.296
[2026-05-23 16:51:22] start mode=baseline model=SGC_int8.onnx device=GPU warmup=5 iters=100
[2026-05-23 16:51:22] creating session
[2026-05-23 16:51:30] session ready providers=OpenVINOExecutionProvider | CPUExecutionProvider
[2026-05-23 16:51:30] preparing inputs
[2026-05-23 16:51:30] inputs ready
[2026-05-23 16:51:30] warmup start
[2026-05-23 16:51:31] warmup done
[2026-05-23 16:51:31] benchmark iterations start
[2026-05-23 16:51:34] iteration 25/100 elapsed_s=2.9
[2026-05-23 16:51:37] iteration 50/100 elapsed_s=5.9
[2026-05-23 16:51:40] iteration 75/100 elapsed_s=8.8
[2026-05-23 16:51:43] iteration 100/100 elapsed_s=11.7
[2026-05-23 16:51:43] benchmark iterations done
[2026-05-23 16:51:43] mode complete mode=baseline mean_ms=117.213 std_ms=2.525 p95_ms=121.015
[2026-05-23 16:51:43] start mode=optimized model=SGC_int8.onnx device=GPU warmup=5 iters=100
[2026-05-23 16:51:43] creating session
[2026-05-23 16:51:47] session ready providers=OpenVINOExecutionProvider | CPUExecutionProvider
[2026-05-23 16:51:47] preparing inputs
[2026-05-23 16:51:47] inputs ready
[2026-05-23 16:51:47] warmup start
[2026-05-23 16:51:48] warmup done
[2026-05-23 16:51:48] benchmark iterations start
[2026-05-23 16:51:51] iteration 25/100 elapsed_s=2.9
[2026-05-23 16:51:54] iteration 50/100 elapsed_s=5.9
[2026-05-23 16:51:57] iteration 75/100 elapsed_s=8.8
[2026-05-23 16:51:59] iteration 100/100 elapsed_s=11.8
[2026-05-23 16:51:59] benchmark iterations done
[2026-05-23 16:51:59] mode complete mode=optimized mean_ms=117.494 std_ms=2.470 p95_ms=121.595
[2026-05-23 17:25:06] start mode=baseline model=SGC_int8.onnx device=CPU warmup=5 iters=100
[2026-05-23 17:25:06] creating session
[2026-05-23 17:25:06] session ready providers=OpenVINOExecutionProvider | CPUExecutionProvider
[2026-05-23 17:25:06] preparing inputs
[2026-05-23 17:25:06] inputs ready
[2026-05-23 17:25:06] warmup start
[2026-05-23 17:25:07] warmup done
[2026-05-23 17:25:07] benchmark iterations start
[2026-05-23 17:25:13] iteration 25/100 elapsed_s=5.7
[2026-05-23 17:25:19] iteration 50/100 elapsed_s=11.3
[2026-05-23 17:25:24] iteration 75/100 elapsed_s=16.8
[2026-05-23 17:25:30] iteration 100/100 elapsed_s=22.5
[2026-05-23 17:25:30] benchmark iterations done
[2026-05-23 17:25:30] mode complete mode=baseline mean_ms=225.305 std_ms=10.098 p95_ms=242.052
[2026-05-23 17:25:30] start mode=optimized model=SGC_int8.onnx device=CPU warmup=5 iters=100
[2026-05-23 17:25:30] creating session
[2026-05-23 17:25:31] session ready providers=OpenVINOExecutionProvider | CPUExecutionProvider
[2026-05-23 17:25:31] preparing inputs
[2026-05-23 17:25:31] inputs ready
[2026-05-23 17:25:31] warmup start
[2026-05-23 17:25:32] warmup done
[2026-05-23 17:25:32] benchmark iterations start
[2026-05-23 17:25:38] iteration 25/100 elapsed_s=5.7
[2026-05-23 17:25:44] iteration 50/100 elapsed_s=11.3
[2026-05-23 17:25:49] iteration 75/100 elapsed_s=16.9
[2026-05-23 17:25:55] iteration 100/100 elapsed_s=22.6
[2026-05-23 17:25:55] benchmark iterations done
[2026-05-23 17:25:55] mode complete mode=optimized mean_ms=225.777 std_ms=10.433 p95_ms=244.929
