[2026-05-23 15:27:57] start mode=baseline model=GraphSAGE_fp32.onnx device=NPU warmup=5 iters=100
[2026-05-23 15:27:57] creating session
[2026-05-23 15:27:57] session ready providers=OpenVINOExecutionProvider | CPUExecutionProvider
[2026-05-23 15:27:57] preparing inputs
[2026-05-23 15:27:57] inputs ready
[2026-05-23 15:27:57] warmup start
[2026-05-23 15:27:58] warmup done
[2026-05-23 15:27:58] benchmark iterations start
[2026-05-23 15:27:58] iteration 25/100 elapsed_s=0.7
[2026-05-23 15:27:59] iteration 50/100 elapsed_s=1.4
[2026-05-23 15:28:00] iteration 75/100 elapsed_s=2.1
[2026-05-23 15:28:01] iteration 100/100 elapsed_s=2.8
[2026-05-23 15:28:01] benchmark iterations done
[2026-05-23 15:28:01] mode complete mode=baseline mean_ms=28.250 std_ms=1.318 p95_ms=30.635
[2026-05-23 15:28:01] start mode=optimized model=GraphSAGE_fp32.onnx device=NPU warmup=5 iters=100
[2026-05-23 15:28:01] creating session
[2026-05-23 15:28:01] session ready providers=OpenVINOExecutionProvider | CPUExecutionProvider
[2026-05-23 15:28:01] preparing inputs
[2026-05-23 15:28:02] inputs ready
[2026-05-23 15:28:02] warmup start
[2026-05-23 15:28:02] warmup done
[2026-05-23 15:28:02] benchmark iterations start
[2026-05-23 15:28:02] iteration 25/100 elapsed_s=0.7
[2026-05-23 15:28:03] iteration 50/100 elapsed_s=1.4
[2026-05-23 15:28:04] iteration 75/100 elapsed_s=2.1
[2026-05-23 15:28:05] iteration 100/100 elapsed_s=2.8
[2026-05-23 15:28:05] benchmark iterations done
[2026-05-23 15:28:05] mode complete mode=optimized mean_ms=28.313 std_ms=1.443 p95_ms=30.629
[2026-05-23 15:39:08] start mode=baseline model=GraphSAGE_fp32.onnx device=GPU warmup=5 iters=100
[2026-05-23 15:39:08] creating session
[2026-05-23 15:39:09] session ready providers=OpenVINOExecutionProvider | CPUExecutionProvider
[2026-05-23 15:39:09] preparing inputs
[2026-05-23 15:39:09] inputs ready
[2026-05-23 15:39:09] warmup start
[2026-05-23 15:39:09] warmup done
[2026-05-23 15:39:09] benchmark iterations start
[2026-05-23 15:39:10] iteration 25/100 elapsed_s=0.5
[2026-05-23 15:39:10] iteration 50/100 elapsed_s=0.9
[2026-05-23 15:39:11] iteration 75/100 elapsed_s=1.4
[2026-05-23 15:39:11] iteration 100/100 elapsed_s=1.8
[2026-05-23 15:39:11] benchmark iterations done
[2026-05-23 15:39:11] mode complete mode=baseline mean_ms=18.194 std_ms=0.952 p95_ms=19.764
[2026-05-23 15:39:11] start mode=optimized model=GraphSAGE_fp32.onnx device=GPU warmup=5 iters=100
[2026-05-23 15:39:11] creating session
[2026-05-23 15:39:13] session ready providers=OpenVINOExecutionProvider | CPUExecutionProvider
[2026-05-23 15:39:13] preparing inputs
[2026-05-23 15:39:13] inputs ready
[2026-05-23 15:39:13] warmup start
[2026-05-23 15:39:13] warmup done
[2026-05-23 15:39:13] benchmark iterations start
[2026-05-23 15:39:13] iteration 25/100 elapsed_s=0.5
[2026-05-23 15:39:14] iteration 50/100 elapsed_s=0.9
[2026-05-23 15:39:14] iteration 75/100 elapsed_s=1.4
[2026-05-23 15:39:15] iteration 100/100 elapsed_s=1.8
[2026-05-23 15:39:15] benchmark iterations done
[2026-05-23 15:39:15] mode complete mode=optimized mean_ms=17.967 std_ms=0.864 p95_ms=19.462
[2026-05-23 15:46:44] start mode=baseline model=GraphSAGE_fp32.onnx device=CPU warmup=5 iters=100
[2026-05-23 15:46:44] creating session
[2026-05-23 15:46:44] session ready providers=OpenVINOExecutionProvider | CPUExecutionProvider
[2026-05-23 15:46:44] preparing inputs
[2026-05-23 15:46:44] inputs ready
[2026-05-23 15:46:44] warmup start
[2026-05-23 15:46:45] warmup done
[2026-05-23 15:46:45] benchmark iterations start
[2026-05-23 15:46:45] iteration 25/100 elapsed_s=0.7
[2026-05-23 15:46:46] iteration 50/100 elapsed_s=1.4
[2026-05-23 15:46:47] iteration 75/100 elapsed_s=2.1
[2026-05-23 15:46:48] iteration 100/100 elapsed_s=2.9
[2026-05-23 15:46:48] benchmark iterations done
[2026-05-23 15:46:48] mode complete mode=baseline mean_ms=28.486 std_ms=1.464 p95_ms=31.673
[2026-05-23 15:46:48] start mode=optimized model=GraphSAGE_fp32.onnx device=CPU warmup=5 iters=100
[2026-05-23 15:46:48] creating session
[2026-05-23 15:46:48] session ready providers=OpenVINOExecutionProvider | CPUExecutionProvider
[2026-05-23 15:46:48] preparing inputs
[2026-05-23 15:46:49] inputs ready
[2026-05-23 15:46:49] warmup start
[2026-05-23 15:46:49] warmup done
[2026-05-23 15:46:49] benchmark iterations start
[2026-05-23 15:46:50] iteration 25/100 elapsed_s=0.7
[2026-05-23 15:46:50] iteration 50/100 elapsed_s=1.4
[2026-05-23 15:46:51] iteration 75/100 elapsed_s=2.1
[2026-05-23 15:46:52] iteration 100/100 elapsed_s=2.8
[2026-05-23 15:46:52] benchmark iterations done
[2026-05-23 15:46:52] mode complete mode=optimized mean_ms=28.247 std_ms=1.351 p95_ms=30.862
