[2026-05-23 11:26:51] start mode=baseline model=MPNN_fp32.onnx device=NPU warmup=5 iters=100
[2026-05-23 11:26:51] creating session
[2026-05-23 11:27:00] start mode=baseline model=MPNN_fp32.onnx device=NPU warmup=5 iters=100
[2026-05-23 11:27:00] creating session
[2026-05-23 11:27:19] start mode=baseline model=MPNN_fp32.onnx device=GPU warmup=5 iters=100
[2026-05-23 11:27:19] creating session
[2026-05-23 11:27:19] session ready providers=CPUExecutionProvider
[2026-05-23 11:27:19] preparing inputs
[2026-05-23 11:27:26] inputs ready
[2026-05-23 11:27:26] warmup start
[2026-05-23 11:27:26] warmup done
[2026-05-23 11:27:26] benchmark iterations start
[2026-05-23 11:27:26] iteration 25/100 elapsed_s=0.6
[2026-05-23 11:27:27] iteration 50/100 elapsed_s=1.1
[2026-05-23 11:27:27] iteration 75/100 elapsed_s=1.6
[2026-05-23 11:27:28] iteration 100/100 elapsed_s=2.1
[2026-05-23 11:27:28] benchmark iterations done
[2026-05-23 11:27:28] mode complete mode=baseline mean_ms=20.977 std_ms=4.448 p95_ms=29.113
[2026-05-23 11:27:28] start mode=optimized model=MPNN_fp32.onnx device=GPU warmup=5 iters=100
[2026-05-23 11:27:28] creating session
[2026-05-23 11:27:28] session ready providers=CPUExecutionProvider
[2026-05-23 11:27:28] preparing inputs
[2026-05-23 11:27:29] inputs ready
[2026-05-23 11:27:29] warmup start
[2026-05-23 11:27:29] warmup done
[2026-05-23 11:27:29] benchmark iterations start
[2026-05-23 11:27:30] iteration 25/100 elapsed_s=0.4
[2026-05-23 11:27:30] iteration 50/100 elapsed_s=0.9
[2026-05-23 11:27:31] iteration 75/100 elapsed_s=1.3
[2026-05-23 11:27:31] iteration 100/100 elapsed_s=1.8
[2026-05-23 11:27:31] benchmark iterations done
[2026-05-23 11:27:31] mode complete mode=optimized mean_ms=17.612 std_ms=2.829 p95_ms=21.341
[2026-05-23 11:27:46] start mode=baseline model=MPNN_fp32.onnx device=GPU warmup=5 iters=100
[2026-05-23 11:27:46] creating session
[2026-05-23 11:27:46] session ready providers=CPUExecutionProvider
[2026-05-23 11:27:46] preparing inputs
[2026-05-23 11:27:52] inputs ready
[2026-05-23 11:27:52] warmup start
[2026-05-23 11:27:52] warmup done
[2026-05-23 11:27:52] benchmark iterations start
[2026-05-23 11:27:53] iteration 25/100 elapsed_s=0.6
[2026-05-23 11:27:53] iteration 50/100 elapsed_s=1.3
[2026-05-23 11:27:54] iteration 75/100 elapsed_s=2.0
[2026-05-23 11:27:55] iteration 100/100 elapsed_s=2.5
[2026-05-23 11:27:55] benchmark iterations done
[2026-05-23 11:27:55] mode complete mode=baseline mean_ms=25.008 std_ms=10.052 p95_ms=45.234
[2026-05-23 11:27:55] start mode=optimized model=MPNN_fp32.onnx device=GPU warmup=5 iters=100
[2026-05-23 11:27:55] creating session
[2026-05-23 11:27:55] session ready providers=CPUExecutionProvider
[2026-05-23 11:27:55] preparing inputs
[2026-05-23 11:27:57] inputs ready
[2026-05-23 11:27:57] warmup start
[2026-05-23 11:27:58] warmup done
[2026-05-23 11:27:58] benchmark iterations start
[2026-05-23 11:27:58] iteration 25/100 elapsed_s=0.9
[2026-05-23 11:27:59] iteration 50/100 elapsed_s=1.7
[2026-05-23 11:28:00] iteration 75/100 elapsed_s=2.4
[2026-05-23 11:28:00] iteration 100/100 elapsed_s=2.8
[2026-05-23 11:28:00] benchmark iterations done
[2026-05-23 11:28:00] mode complete mode=optimized mean_ms=28.413 std_ms=21.805 p95_ms=66.047
[2026-05-23 11:28:23] start mode=baseline model=MPNN_fp32.onnx device=GPU warmup=5 iters=100
[2026-05-23 11:28:23] creating session
[2026-05-23 11:28:23] session ready providers=CPUExecutionProvider
[2026-05-23 11:28:23] preparing inputs
[2026-05-23 11:28:29] inputs ready
[2026-05-23 11:28:29] warmup start
[2026-05-23 11:28:30] warmup done
[2026-05-23 11:28:30] benchmark iterations start
[2026-05-23 11:28:30] iteration 25/100 elapsed_s=0.7
[2026-05-23 11:28:31] iteration 50/100 elapsed_s=1.2
[2026-05-23 11:28:31] iteration 75/100 elapsed_s=1.7
[2026-05-23 11:28:32] iteration 100/100 elapsed_s=2.0
[2026-05-23 11:28:32] benchmark iterations done
[2026-05-23 11:28:32] mode complete mode=baseline mean_ms=20.426 std_ms=10.676 p95_ms=39.027
[2026-05-23 11:28:32] start mode=optimized model=MPNN_fp32.onnx device=GPU warmup=5 iters=100
[2026-05-23 11:28:32] creating session
[2026-05-23 11:28:32] session ready providers=CPUExecutionProvider
[2026-05-23 11:28:32] preparing inputs
[2026-05-23 11:28:35] inputs ready
[2026-05-23 11:28:35] warmup start
[2026-05-23 11:28:35] warmup done
[2026-05-23 11:28:35] benchmark iterations start
[2026-05-23 11:28:36] iteration 25/100 elapsed_s=0.7
[2026-05-23 11:28:36] iteration 50/100 elapsed_s=1.4
[2026-05-23 11:28:37] iteration 75/100 elapsed_s=1.9
[2026-05-23 11:28:38] iteration 100/100 elapsed_s=2.5
[2026-05-23 11:28:38] benchmark iterations done
[2026-05-23 11:28:38] mode complete mode=optimized mean_ms=25.196 std_ms=9.354 p95_ms=44.755
[2026-05-23 11:31:34] start mode=baseline model=MPNN_fp32.onnx device=CPU warmup=5 iters=100
[2026-05-23 11:31:34] creating session
[2026-05-23 11:31:34] session ready providers=CPUExecutionProvider
[2026-05-23 11:31:34] preparing inputs
[2026-05-23 11:31:40] inputs ready
[2026-05-23 11:31:40] warmup start
[2026-05-23 11:31:41] warmup done
[2026-05-23 11:31:41] benchmark iterations start
[2026-05-23 11:31:41] iteration 25/100 elapsed_s=0.5
[2026-05-23 11:31:42] iteration 50/100 elapsed_s=1.1
[2026-05-23 11:31:42] iteration 75/100 elapsed_s=1.6
[2026-05-23 11:31:43] iteration 100/100 elapsed_s=2.1
[2026-05-23 11:31:43] benchmark iterations done
[2026-05-23 11:31:43] mode complete mode=baseline mean_ms=20.835 std_ms=3.295 p95_ms=29.387
[2026-05-23 11:31:43] start mode=optimized model=MPNN_fp32.onnx device=CPU warmup=5 iters=100
[2026-05-23 11:31:43] creating session
[2026-05-23 11:31:43] session ready providers=CPUExecutionProvider
[2026-05-23 11:31:43] preparing inputs
[2026-05-23 11:31:44] inputs ready
[2026-05-23 11:31:44] warmup start
[2026-05-23 11:31:44] warmup done
[2026-05-23 11:31:44] benchmark iterations start
[2026-05-23 11:31:44] iteration 25/100 elapsed_s=0.4
[2026-05-23 11:31:45] iteration 50/100 elapsed_s=0.8
[2026-05-23 11:31:45] iteration 75/100 elapsed_s=1.1
[2026-05-23 11:31:46] iteration 100/100 elapsed_s=1.5
[2026-05-23 11:31:46] benchmark iterations done
[2026-05-23 11:31:46] mode complete mode=optimized mean_ms=15.196 std_ms=1.884 p95_ms=18.624
[2026-05-23 11:32:01] start mode=baseline model=MPNN_fp32.onnx device=CPU warmup=5 iters=100
[2026-05-23 11:32:01] creating session
[2026-05-23 11:32:01] session ready providers=CPUExecutionProvider
[2026-05-23 11:32:01] preparing inputs
[2026-05-23 11:32:07] inputs ready
[2026-05-23 11:32:07] warmup start
[2026-05-23 11:32:07] warmup done
[2026-05-23 11:32:07] benchmark iterations start
[2026-05-23 11:32:08] iteration 25/100 elapsed_s=0.5
[2026-05-23 11:32:08] iteration 50/100 elapsed_s=1.1
[2026-05-23 11:32:09] iteration 75/100 elapsed_s=1.6
[2026-05-23 11:32:10] iteration 100/100 elapsed_s=2.2
[2026-05-23 11:32:10] benchmark iterations done
[2026-05-23 11:32:10] mode complete mode=baseline mean_ms=22.096 std_ms=5.905 p95_ms=33.286
[2026-05-23 11:32:10] start mode=optimized model=MPNN_fp32.onnx device=CPU warmup=5 iters=100
[2026-05-23 11:32:10] creating session
[2026-05-23 11:32:10] session ready providers=CPUExecutionProvider
[2026-05-23 11:32:10] preparing inputs
[2026-05-23 11:32:12] inputs ready
[2026-05-23 11:32:12] warmup start
[2026-05-23 11:32:12] warmup done
[2026-05-23 11:32:12] benchmark iterations start
[2026-05-23 11:32:13] iteration 25/100 elapsed_s=0.6
[2026-05-23 11:32:14] iteration 50/100 elapsed_s=1.3
[2026-05-23 11:32:14] iteration 75/100 elapsed_s=2.0
[2026-05-23 11:32:15] iteration 100/100 elapsed_s=2.6
[2026-05-23 11:32:15] benchmark iterations done
[2026-05-23 11:32:15] mode complete mode=optimized mean_ms=25.708 std_ms=13.498 p95_ms=49.059
[2026-05-23 11:32:37] start mode=baseline model=MPNN_fp32.onnx device=CPU warmup=5 iters=100
[2026-05-23 11:32:37] creating session
[2026-05-23 11:32:37] session ready providers=CPUExecutionProvider
[2026-05-23 11:32:37] preparing inputs
[2026-05-23 11:32:45] inputs ready
[2026-05-23 11:32:45] warmup start
[2026-05-23 11:32:45] warmup done
[2026-05-23 11:32:45] benchmark iterations start
[2026-05-23 11:32:46] iteration 25/100 elapsed_s=0.8
[2026-05-23 11:32:47] iteration 50/100 elapsed_s=1.6
[2026-05-23 11:32:47] iteration 75/100 elapsed_s=2.1
[2026-05-23 11:32:47] iteration 100/100 elapsed_s=2.5
[2026-05-23 11:32:47] benchmark iterations done
[2026-05-23 11:32:47] mode complete mode=baseline mean_ms=25.392 std_ms=12.040 p95_ms=50.667
[2026-05-23 11:32:48] start mode=optimized model=MPNN_fp32.onnx device=CPU warmup=5 iters=100
[2026-05-23 11:32:48] creating session
[2026-05-23 11:32:48] session ready providers=CPUExecutionProvider
[2026-05-23 11:32:48] preparing inputs
[2026-05-23 11:32:51] inputs ready
[2026-05-23 11:32:51] warmup start
[2026-05-23 11:32:51] warmup done
[2026-05-23 11:32:51] benchmark iterations start
[2026-05-23 11:32:52] iteration 25/100 elapsed_s=0.6
[2026-05-23 11:32:53] iteration 50/100 elapsed_s=1.3
[2026-05-23 11:32:53] iteration 75/100 elapsed_s=1.9
[2026-05-23 11:32:54] iteration 100/100 elapsed_s=2.5
[2026-05-23 11:32:54] benchmark iterations done
[2026-05-23 11:32:54] mode complete mode=optimized mean_ms=25.397 std_ms=9.760 p95_ms=46.632
