[2026-05-23 11:03:52] start mode=baseline model=GraphSAGE_int8.onnx device=NPU warmup=5 iters=100
[2026-05-23 11:03:52] creating session
[2026-05-23 11:03:52] session ready providers=OpenVINOExecutionProvider | CPUExecutionProvider
[2026-05-23 11:03:52] preparing inputs
[2026-05-23 11:03:52] inputs ready
[2026-05-23 11:03:52] warmup start
[2026-05-23 11:03:53] warmup done
[2026-05-23 11:03:53] benchmark iterations start
[2026-05-23 11:03:54] iteration 25/100 elapsed_s=1.2
[2026-05-23 11:03:55] iteration 50/100 elapsed_s=2.3
[2026-05-23 11:03:56] iteration 75/100 elapsed_s=3.4
[2026-05-23 11:03:57] iteration 100/100 elapsed_s=4.4
[2026-05-23 11:03:57] benchmark iterations done
[2026-05-23 11:03:57] mode complete mode=baseline mean_ms=44.369 std_ms=3.629 p95_ms=52.292
[2026-05-23 11:03:57] start mode=optimized model=GraphSAGE_int8.onnx device=NPU warmup=5 iters=100
[2026-05-23 11:03:57] creating session
[2026-05-23 11:03:58] session ready providers=OpenVINOExecutionProvider | CPUExecutionProvider
[2026-05-23 11:03:58] preparing inputs
[2026-05-23 11:03:58] inputs ready
[2026-05-23 11:03:58] warmup start
[2026-05-23 11:03:58] warmup done
[2026-05-23 11:03:58] benchmark iterations start
[2026-05-23 11:03:59] iteration 25/100 elapsed_s=1.0
[2026-05-23 11:04:01] iteration 50/100 elapsed_s=2.2
[2026-05-23 11:04:02] iteration 75/100 elapsed_s=3.4
[2026-05-23 11:04:03] iteration 100/100 elapsed_s=4.5
[2026-05-23 11:04:03] benchmark iterations done
[2026-05-23 11:04:03] mode complete mode=optimized mean_ms=44.766 std_ms=6.152 p95_ms=52.927
[2026-05-23 11:05:20] start mode=baseline model=GraphSAGE_int8.onnx device=NPU warmup=5 iters=100
[2026-05-23 11:05:20] creating session
[2026-05-23 11:05:20] session ready providers=OpenVINOExecutionProvider | CPUExecutionProvider
[2026-05-23 11:05:20] preparing inputs
[2026-05-23 11:05:22] inputs ready
[2026-05-23 11:05:22] warmup start
[2026-05-23 11:05:22] warmup done
[2026-05-23 11:05:22] benchmark iterations start
[2026-05-23 11:05:23] iteration 25/100 elapsed_s=1.2
[2026-05-23 11:05:24] iteration 50/100 elapsed_s=2.3
[2026-05-23 11:05:25] iteration 75/100 elapsed_s=3.4
[2026-05-23 11:05:26] iteration 100/100 elapsed_s=4.4
[2026-05-23 11:05:26] benchmark iterations done
[2026-05-23 11:05:26] mode complete mode=baseline mean_ms=43.741 std_ms=5.773 p95_ms=55.547
[2026-05-23 11:05:27] start mode=optimized model=GraphSAGE_int8.onnx device=NPU warmup=5 iters=100
[2026-05-23 11:05:27] creating session
[2026-05-23 11:05:27] session ready providers=OpenVINOExecutionProvider | CPUExecutionProvider
[2026-05-23 11:05:27] preparing inputs
[2026-05-23 11:05:29] inputs ready
[2026-05-23 11:05:29] warmup start
[2026-05-23 11:05:29] warmup done
[2026-05-23 11:05:29] benchmark iterations start
[2026-05-23 11:05:30] iteration 25/100 elapsed_s=1.2
[2026-05-23 11:05:31] iteration 50/100 elapsed_s=2.3
[2026-05-23 11:05:32] iteration 75/100 elapsed_s=3.4
[2026-05-23 11:05:34] iteration 100/100 elapsed_s=4.4
[2026-05-23 11:05:34] benchmark iterations done
[2026-05-23 11:05:34] mode complete mode=optimized mean_ms=44.000 std_ms=4.951 p95_ms=52.463
[2026-05-23 11:06:57] start mode=baseline model=GraphSAGE_int8.onnx device=NPU warmup=5 iters=100
[2026-05-23 11:06:57] creating session
[2026-05-23 11:06:57] session ready providers=OpenVINOExecutionProvider | CPUExecutionProvider
[2026-05-23 11:06:57] preparing inputs
[2026-05-23 11:06:59] inputs ready
[2026-05-23 11:06:59] warmup start
[2026-05-23 11:07:00] warmup done
[2026-05-23 11:07:00] benchmark iterations start
[2026-05-23 11:07:01] iteration 25/100 elapsed_s=1.0
[2026-05-23 11:07:02] iteration 50/100 elapsed_s=2.0
[2026-05-23 11:07:03] iteration 75/100 elapsed_s=3.1
[2026-05-23 11:07:04] iteration 100/100 elapsed_s=4.1
[2026-05-23 11:07:04] benchmark iterations done
[2026-05-23 11:07:04] mode complete mode=baseline mean_ms=40.661 std_ms=3.170 p95_ms=44.640
[2026-05-23 11:07:04] start mode=optimized model=GraphSAGE_int8.onnx device=NPU warmup=5 iters=100
[2026-05-23 11:07:04] creating session
[2026-05-23 11:07:05] session ready providers=OpenVINOExecutionProvider | CPUExecutionProvider
[2026-05-23 11:07:05] preparing inputs
[2026-05-23 11:07:07] inputs ready
[2026-05-23 11:07:07] warmup start
[2026-05-23 11:07:07] warmup done
[2026-05-23 11:07:07] benchmark iterations start
[2026-05-23 11:07:08] iteration 25/100 elapsed_s=1.0
[2026-05-23 11:07:09] iteration 50/100 elapsed_s=2.1
[2026-05-23 11:07:10] iteration 75/100 elapsed_s=3.1
[2026-05-23 11:07:11] iteration 100/100 elapsed_s=4.1
[2026-05-23 11:07:11] benchmark iterations done
[2026-05-23 11:07:11] mode complete mode=optimized mean_ms=40.575 std_ms=2.640 p95_ms=44.317
[2026-05-23 11:08:31] start mode=baseline model=GraphSAGE_int8.onnx device=GPU warmup=5 iters=100
[2026-05-23 11:08:31] creating session
[2026-05-23 11:08:32] session ready providers=OpenVINOExecutionProvider | CPUExecutionProvider
[2026-05-23 11:08:32] preparing inputs
[2026-05-23 11:08:33] inputs ready
[2026-05-23 11:08:33] warmup start
[2026-05-23 11:08:33] warmup done
[2026-05-23 11:08:33] benchmark iterations start
[2026-05-23 11:08:34] iteration 25/100 elapsed_s=1.0
[2026-05-23 11:08:35] iteration 50/100 elapsed_s=2.0
[2026-05-23 11:08:36] iteration 75/100 elapsed_s=2.9
[2026-05-23 11:08:37] iteration 100/100 elapsed_s=3.9
[2026-05-23 11:08:37] benchmark iterations done
[2026-05-23 11:08:37] mode complete mode=baseline mean_ms=39.109 std_ms=0.880 p95_ms=40.332
[2026-05-23 11:08:37] start mode=optimized model=GraphSAGE_int8.onnx device=GPU warmup=5 iters=100
[2026-05-23 11:08:37] creating session
[2026-05-23 11:08:39] session ready providers=OpenVINOExecutionProvider | CPUExecutionProvider
[2026-05-23 11:08:39] preparing inputs
[2026-05-23 11:08:39] inputs ready
[2026-05-23 11:08:39] warmup start
[2026-05-23 11:08:39] warmup done
[2026-05-23 11:08:39] benchmark iterations start
[2026-05-23 11:08:40] iteration 25/100 elapsed_s=1.0
[2026-05-23 11:08:41] iteration 50/100 elapsed_s=1.9
[2026-05-23 11:08:42] iteration 75/100 elapsed_s=2.9
[2026-05-23 11:08:43] iteration 100/100 elapsed_s=3.9
[2026-05-23 11:08:43] benchmark iterations done
[2026-05-23 11:08:43] mode complete mode=optimized mean_ms=38.831 std_ms=0.800 p95_ms=40.076
[2026-05-23 11:10:06] start mode=baseline model=GraphSAGE_int8.onnx device=GPU warmup=5 iters=100
[2026-05-23 11:10:06] creating session
[2026-05-23 11:10:07] session ready providers=OpenVINOExecutionProvider | CPUExecutionProvider
[2026-05-23 11:10:07] preparing inputs
[2026-05-23 11:10:09] inputs ready
[2026-05-23 11:10:09] warmup start
[2026-05-23 11:10:09] warmup done
[2026-05-23 11:10:09] benchmark iterations start
[2026-05-23 11:10:10] iteration 25/100 elapsed_s=0.9
[2026-05-23 11:10:11] iteration 50/100 elapsed_s=1.9
[2026-05-23 11:10:12] iteration 75/100 elapsed_s=2.8
[2026-05-23 11:10:13] iteration 100/100 elapsed_s=3.8
[2026-05-23 11:10:13] benchmark iterations done
[2026-05-23 11:10:13] mode complete mode=baseline mean_ms=37.742 std_ms=0.768 p95_ms=39.064
[2026-05-23 11:10:13] start mode=optimized model=GraphSAGE_int8.onnx device=GPU warmup=5 iters=100
[2026-05-23 11:10:13] creating session
[2026-05-23 11:10:15] session ready providers=OpenVINOExecutionProvider | CPUExecutionProvider
[2026-05-23 11:10:15] preparing inputs
[2026-05-23 11:10:16] inputs ready
[2026-05-23 11:10:16] warmup start
[2026-05-23 11:10:17] warmup done
[2026-05-23 11:10:17] benchmark iterations start
[2026-05-23 11:10:18] iteration 25/100 elapsed_s=1.0
[2026-05-23 11:10:19] iteration 50/100 elapsed_s=1.9
[2026-05-23 11:10:20] iteration 75/100 elapsed_s=2.9
[2026-05-23 11:10:20] iteration 100/100 elapsed_s=3.8
[2026-05-23 11:10:20] benchmark iterations done
[2026-05-23 11:10:20] mode complete mode=optimized mean_ms=38.332 std_ms=0.952 p95_ms=39.702
[2026-05-23 11:11:51] start mode=baseline model=GraphSAGE_int8.onnx device=GPU warmup=5 iters=100
[2026-05-23 11:11:51] creating session
[2026-05-23 11:11:53] session ready providers=OpenVINOExecutionProvider | CPUExecutionProvider
[2026-05-23 11:11:53] preparing inputs
[2026-05-23 11:11:55] inputs ready
[2026-05-23 11:11:55] warmup start
[2026-05-23 11:11:55] warmup done
[2026-05-23 11:11:55] benchmark iterations start
[2026-05-23 11:11:56] iteration 25/100 elapsed_s=0.9
[2026-05-23 11:11:57] iteration 50/100 elapsed_s=1.9
[2026-05-23 11:11:58] iteration 75/100 elapsed_s=2.8
[2026-05-23 11:11:59] iteration 100/100 elapsed_s=3.8
[2026-05-23 11:11:59] benchmark iterations done
[2026-05-23 11:11:59] mode complete mode=baseline mean_ms=37.976 std_ms=0.932 p95_ms=39.436
[2026-05-23 11:11:59] start mode=optimized model=GraphSAGE_int8.onnx device=GPU warmup=5 iters=100
[2026-05-23 11:11:59] creating session
[2026-05-23 11:12:01] session ready providers=OpenVINOExecutionProvider | CPUExecutionProvider
[2026-05-23 11:12:01] preparing inputs
[2026-05-23 11:12:03] inputs ready
[2026-05-23 11:12:03] warmup start
[2026-05-23 11:12:03] warmup done
[2026-05-23 11:12:03] benchmark iterations start
[2026-05-23 11:12:04] iteration 25/100 elapsed_s=0.9
[2026-05-23 11:12:05] iteration 50/100 elapsed_s=1.9
[2026-05-23 11:12:06] iteration 75/100 elapsed_s=2.8
[2026-05-23 11:12:07] iteration 100/100 elapsed_s=3.8
[2026-05-23 11:12:07] benchmark iterations done
[2026-05-23 11:12:07] mode complete mode=optimized mean_ms=37.686 std_ms=0.859 p95_ms=39.050
[2026-05-23 11:13:11] start mode=baseline model=GraphSAGE_int8.onnx device=CPU warmup=5 iters=100
[2026-05-23 11:13:11] creating session
[2026-05-23 11:13:12] session ready providers=OpenVINOExecutionProvider | CPUExecutionProvider
[2026-05-23 11:13:12] preparing inputs
[2026-05-23 11:13:12] inputs ready
[2026-05-23 11:13:12] warmup start
[2026-05-23 11:13:12] warmup done
[2026-05-23 11:13:12] benchmark iterations start
[2026-05-23 11:13:13] iteration 25/100 elapsed_s=1.0
[2026-05-23 11:13:14] iteration 50/100 elapsed_s=2.0
[2026-05-23 11:13:15] iteration 75/100 elapsed_s=3.1
[2026-05-23 11:13:17] iteration 100/100 elapsed_s=4.2
[2026-05-23 11:13:17] benchmark iterations done
[2026-05-23 11:13:17] mode complete mode=baseline mean_ms=42.020 std_ms=3.505 p95_ms=50.992
[2026-05-23 11:13:17] start mode=optimized model=GraphSAGE_int8.onnx device=CPU warmup=5 iters=100
[2026-05-23 11:13:17] creating session
[2026-05-23 11:13:17] session ready providers=OpenVINOExecutionProvider | CPUExecutionProvider
[2026-05-23 11:13:17] preparing inputs
[2026-05-23 11:13:17] inputs ready
[2026-05-23 11:13:17] warmup start
[2026-05-23 11:13:18] warmup done
[2026-05-23 11:13:18] benchmark iterations start
[2026-05-23 11:13:19] iteration 25/100 elapsed_s=1.1
[2026-05-23 11:13:20] iteration 50/100 elapsed_s=2.2
[2026-05-23 11:13:21] iteration 75/100 elapsed_s=3.3
[2026-05-23 11:13:22] iteration 100/100 elapsed_s=4.3
[2026-05-23 11:13:22] benchmark iterations done
[2026-05-23 11:13:22] mode complete mode=optimized mean_ms=42.937 std_ms=3.198 p95_ms=47.117
[2026-05-23 11:14:32] start mode=baseline model=GraphSAGE_int8.onnx device=CPU warmup=5 iters=100
[2026-05-23 11:14:32] creating session
[2026-05-23 11:14:32] session ready providers=OpenVINOExecutionProvider | CPUExecutionProvider
[2026-05-23 11:14:32] preparing inputs
[2026-05-23 11:14:34] inputs ready
[2026-05-23 11:14:34] warmup start
[2026-05-23 11:14:34] warmup done
[2026-05-23 11:14:34] benchmark iterations start
[2026-05-23 11:14:35] iteration 25/100 elapsed_s=1.0
[2026-05-23 11:14:36] iteration 50/100 elapsed_s=2.0
[2026-05-23 11:14:37] iteration 75/100 elapsed_s=3.0
[2026-05-23 11:14:38] iteration 100/100 elapsed_s=4.0
[2026-05-23 11:14:38] benchmark iterations done
[2026-05-23 11:14:38] mode complete mode=baseline mean_ms=39.782 std_ms=1.522 p95_ms=42.323
[2026-05-23 11:14:38] start mode=optimized model=GraphSAGE_int8.onnx device=CPU warmup=5 iters=100
[2026-05-23 11:14:38] creating session
[2026-05-23 11:14:39] session ready providers=OpenVINOExecutionProvider | CPUExecutionProvider
[2026-05-23 11:14:39] preparing inputs
[2026-05-23 11:14:41] inputs ready
[2026-05-23 11:14:41] warmup start
[2026-05-23 11:14:41] warmup done
[2026-05-23 11:14:41] benchmark iterations start
[2026-05-23 11:14:42] iteration 25/100 elapsed_s=1.0
[2026-05-23 11:14:43] iteration 50/100 elapsed_s=2.0
[2026-05-23 11:14:44] iteration 75/100 elapsed_s=3.0
[2026-05-23 11:14:45] iteration 100/100 elapsed_s=4.0
[2026-05-23 11:14:45] benchmark iterations done
[2026-05-23 11:14:45] mode complete mode=optimized mean_ms=40.123 std_ms=3.279 p95_ms=44.586
[2026-05-23 11:16:01] start mode=baseline model=GraphSAGE_int8.onnx device=CPU warmup=5 iters=100
[2026-05-23 11:16:01] creating session
[2026-05-23 11:16:02] session ready providers=OpenVINOExecutionProvider | CPUExecutionProvider
[2026-05-23 11:16:02] preparing inputs
[2026-05-23 11:16:04] inputs ready
[2026-05-23 11:16:04] warmup start
[2026-05-23 11:16:04] warmup done
[2026-05-23 11:16:04] benchmark iterations start
[2026-05-23 11:16:05] iteration 25/100 elapsed_s=1.0
[2026-05-23 11:16:06] iteration 50/100 elapsed_s=1.9
[2026-05-23 11:16:07] iteration 75/100 elapsed_s=2.9
[2026-05-23 11:16:08] iteration 100/100 elapsed_s=3.8
[2026-05-23 11:16:08] benchmark iterations done
[2026-05-23 11:16:08] mode complete mode=baseline mean_ms=38.397 std_ms=1.414 p95_ms=40.599
[2026-05-23 11:16:08] start mode=optimized model=GraphSAGE_int8.onnx device=CPU warmup=5 iters=100
[2026-05-23 11:16:08] creating session
[2026-05-23 11:16:09] session ready providers=OpenVINOExecutionProvider | CPUExecutionProvider
[2026-05-23 11:16:09] preparing inputs
[2026-05-23 11:16:11] inputs ready
[2026-05-23 11:16:11] warmup start
[2026-05-23 11:16:11] warmup done
[2026-05-23 11:16:11] benchmark iterations start
[2026-05-23 11:16:12] iteration 25/100 elapsed_s=1.0
[2026-05-23 11:16:13] iteration 50/100 elapsed_s=2.0
[2026-05-23 11:16:14] iteration 75/100 elapsed_s=2.9
[2026-05-23 11:16:15] iteration 100/100 elapsed_s=3.9
[2026-05-23 11:16:15] benchmark iterations done
[2026-05-23 11:16:15] mode complete mode=optimized mean_ms=38.817 std_ms=2.443 p95_ms=42.581
