[2026-05-23 11:03:15] start mode=baseline model=GraphSAGE_fp32.onnx device=NPU warmup=5 iters=100
[2026-05-23 11:03:15] creating session
[2026-05-23 11:03:16] session ready providers=OpenVINOExecutionProvider | CPUExecutionProvider
[2026-05-23 11:03:16] preparing inputs
[2026-05-23 11:03:16] inputs ready
[2026-05-23 11:03:16] warmup start
[2026-05-23 11:03:16] warmup done
[2026-05-23 11:03:16] benchmark iterations start
[2026-05-23 11:03:18] iteration 25/100 elapsed_s=1.1
[2026-05-23 11:03:19] iteration 50/100 elapsed_s=2.2
[2026-05-23 11:03:20] iteration 75/100 elapsed_s=3.4
[2026-05-23 11:03:21] iteration 100/100 elapsed_s=4.5
[2026-05-23 11:03:21] benchmark iterations done
[2026-05-23 11:03:21] mode complete mode=baseline mean_ms=45.249 std_ms=2.995 p95_ms=49.454
[2026-05-23 11:03:21] start mode=optimized model=GraphSAGE_fp32.onnx device=NPU warmup=5 iters=100
[2026-05-23 11:03:21] creating session
[2026-05-23 11:03:22] session ready providers=OpenVINOExecutionProvider | CPUExecutionProvider
[2026-05-23 11:03:22] preparing inputs
[2026-05-23 11:03:22] inputs ready
[2026-05-23 11:03:22] warmup start
[2026-05-23 11:03:22] warmup done
[2026-05-23 11:03:22] benchmark iterations start
[2026-05-23 11:03:23] iteration 25/100 elapsed_s=1.1
[2026-05-23 11:03:24] iteration 50/100 elapsed_s=2.2
[2026-05-23 11:03:25] iteration 75/100 elapsed_s=3.3
[2026-05-23 11:03:27] iteration 100/100 elapsed_s=4.5
[2026-05-23 11:03:27] benchmark iterations done
[2026-05-23 11:03:27] mode complete mode=optimized mean_ms=45.336 std_ms=3.292 p95_ms=51.287
[2026-05-23 11:04:35] start mode=baseline model=GraphSAGE_fp32.onnx device=NPU warmup=5 iters=100
[2026-05-23 11:04:35] creating session
[2026-05-23 11:04:35] session ready providers=OpenVINOExecutionProvider | CPUExecutionProvider
[2026-05-23 11:04:35] preparing inputs
[2026-05-23 11:04:37] inputs ready
[2026-05-23 11:04:37] warmup start
[2026-05-23 11:04:37] warmup done
[2026-05-23 11:04:37] benchmark iterations start
[2026-05-23 11:04:39] iteration 25/100 elapsed_s=1.1
[2026-05-23 11:04:40] iteration 50/100 elapsed_s=2.2
[2026-05-23 11:04:41] iteration 75/100 elapsed_s=3.4
[2026-05-23 11:04:42] iteration 100/100 elapsed_s=4.6
[2026-05-23 11:04:42] benchmark iterations done
[2026-05-23 11:04:42] mode complete mode=baseline mean_ms=45.550 std_ms=2.484 p95_ms=50.632
[2026-05-23 11:04:42] start mode=optimized model=GraphSAGE_fp32.onnx device=NPU warmup=5 iters=100
[2026-05-23 11:04:42] creating session
[2026-05-23 11:04:43] session ready providers=OpenVINOExecutionProvider | CPUExecutionProvider
[2026-05-23 11:04:43] preparing inputs
[2026-05-23 11:04:44] inputs ready
[2026-05-23 11:04:44] warmup start
[2026-05-23 11:04:45] warmup done
[2026-05-23 11:04:45] benchmark iterations start
[2026-05-23 11:04:46] iteration 25/100 elapsed_s=1.1
[2026-05-23 11:04:47] iteration 50/100 elapsed_s=2.2
[2026-05-23 11:04:48] iteration 75/100 elapsed_s=3.3
[2026-05-23 11:04:49] iteration 100/100 elapsed_s=4.5
[2026-05-23 11:04:49] benchmark iterations done
[2026-05-23 11:04:49] mode complete mode=optimized mean_ms=44.804 std_ms=2.978 p95_ms=51.324
[2026-05-23 11:06:09] start mode=baseline model=GraphSAGE_fp32.onnx device=NPU warmup=5 iters=100
[2026-05-23 11:06:09] creating session
[2026-05-23 11:06:10] session ready providers=OpenVINOExecutionProvider | CPUExecutionProvider
[2026-05-23 11:06:10] preparing inputs
[2026-05-23 11:06:12] inputs ready
[2026-05-23 11:06:12] warmup start
[2026-05-23 11:06:13] warmup done
[2026-05-23 11:06:13] benchmark iterations start
[2026-05-23 11:06:14] iteration 25/100 elapsed_s=1.0
[2026-05-23 11:06:15] iteration 50/100 elapsed_s=2.1
[2026-05-23 11:06:16] iteration 75/100 elapsed_s=3.2
[2026-05-23 11:06:17] iteration 100/100 elapsed_s=4.2
[2026-05-23 11:06:17] benchmark iterations done
[2026-05-23 11:06:17] mode complete mode=baseline mean_ms=42.109 std_ms=1.982 p95_ms=45.722
[2026-05-23 11:06:17] start mode=optimized model=GraphSAGE_fp32.onnx device=NPU warmup=5 iters=100
[2026-05-23 11:06:17] creating session
[2026-05-23 11:06:18] session ready providers=OpenVINOExecutionProvider | CPUExecutionProvider
[2026-05-23 11:06:18] preparing inputs
[2026-05-23 11:06:20] inputs ready
[2026-05-23 11:06:20] warmup start
[2026-05-23 11:06:20] warmup done
[2026-05-23 11:06:20] benchmark iterations start
[2026-05-23 11:06:21] iteration 25/100 elapsed_s=1.0
[2026-05-23 11:06:22] iteration 50/100 elapsed_s=2.1
[2026-05-23 11:06:23] iteration 75/100 elapsed_s=3.1
[2026-05-23 11:06:24] iteration 100/100 elapsed_s=4.2
[2026-05-23 11:06:24] benchmark iterations done
[2026-05-23 11:06:24] mode complete mode=optimized mean_ms=42.089 std_ms=3.001 p95_ms=47.463
[2026-05-23 11:07:45] start mode=baseline model=GraphSAGE_fp32.onnx device=GPU warmup=5 iters=100
[2026-05-23 11:07:45] creating session
[2026-05-23 11:07:46] session ready providers=OpenVINOExecutionProvider | CPUExecutionProvider
[2026-05-23 11:07:46] preparing inputs
[2026-05-23 11:07:46] inputs ready
[2026-05-23 11:07:46] warmup start
[2026-05-23 11:07:46] warmup done
[2026-05-23 11:07:46] benchmark iterations start
[2026-05-23 11:07:48] iteration 25/100 elapsed_s=1.3
[2026-05-23 11:07:49] iteration 50/100 elapsed_s=2.7
[2026-05-23 11:07:50] iteration 75/100 elapsed_s=4.0
[2026-05-23 11:07:52] iteration 100/100 elapsed_s=5.3
[2026-05-23 11:07:52] benchmark iterations done
[2026-05-23 11:07:52] mode complete mode=baseline mean_ms=53.346 std_ms=1.163 p95_ms=54.956
[2026-05-23 11:07:52] start mode=optimized model=GraphSAGE_fp32.onnx device=GPU warmup=5 iters=100
[2026-05-23 11:07:52] creating session
[2026-05-23 11:07:53] session ready providers=OpenVINOExecutionProvider | CPUExecutionProvider
[2026-05-23 11:07:53] preparing inputs
[2026-05-23 11:07:53] inputs ready
[2026-05-23 11:07:53] warmup start
[2026-05-23 11:07:54] warmup done
[2026-05-23 11:07:54] benchmark iterations start
[2026-05-23 11:07:55] iteration 25/100 elapsed_s=1.3
[2026-05-23 11:07:56] iteration 50/100 elapsed_s=2.6
[2026-05-23 11:07:58] iteration 75/100 elapsed_s=4.0
[2026-05-23 11:07:59] iteration 100/100 elapsed_s=5.3
[2026-05-23 11:07:59] benchmark iterations done
[2026-05-23 11:07:59] mode complete mode=optimized mean_ms=52.604 std_ms=1.202 p95_ms=54.110
[2026-05-23 11:09:15] start mode=baseline model=GraphSAGE_fp32.onnx device=GPU warmup=5 iters=100
[2026-05-23 11:09:15] creating session
[2026-05-23 11:09:16] session ready providers=OpenVINOExecutionProvider | CPUExecutionProvider
[2026-05-23 11:09:16] preparing inputs
[2026-05-23 11:09:18] inputs ready
[2026-05-23 11:09:18] warmup start
[2026-05-23 11:09:18] warmup done
[2026-05-23 11:09:18] benchmark iterations start
[2026-05-23 11:09:19] iteration 25/100 elapsed_s=1.3
[2026-05-23 11:09:21] iteration 50/100 elapsed_s=2.6
[2026-05-23 11:09:22] iteration 75/100 elapsed_s=4.0
[2026-05-23 11:09:23] iteration 100/100 elapsed_s=5.3
[2026-05-23 11:09:23] benchmark iterations done
[2026-05-23 11:09:23] mode complete mode=baseline mean_ms=52.772 std_ms=1.030 p95_ms=54.201
[2026-05-23 11:09:23] start mode=optimized model=GraphSAGE_fp32.onnx device=GPU warmup=5 iters=100
[2026-05-23 11:09:23] creating session
[2026-05-23 11:09:25] session ready providers=OpenVINOExecutionProvider | CPUExecutionProvider
[2026-05-23 11:09:25] preparing inputs
[2026-05-23 11:09:26] inputs ready
[2026-05-23 11:09:26] warmup start
[2026-05-23 11:09:27] warmup done
[2026-05-23 11:09:27] benchmark iterations start
[2026-05-23 11:09:28] iteration 25/100 elapsed_s=1.3
[2026-05-23 11:09:29] iteration 50/100 elapsed_s=2.6
[2026-05-23 11:09:31] iteration 75/100 elapsed_s=4.0
[2026-05-23 11:09:32] iteration 100/100 elapsed_s=5.3
[2026-05-23 11:09:32] benchmark iterations done
[2026-05-23 11:09:32] mode complete mode=optimized mean_ms=52.804 std_ms=0.916 p95_ms=54.187
[2026-05-23 11:10:57] start mode=baseline model=GraphSAGE_fp32.onnx device=GPU warmup=5 iters=100
[2026-05-23 11:10:57] creating session
[2026-05-23 11:10:58] session ready providers=OpenVINOExecutionProvider | CPUExecutionProvider
[2026-05-23 11:10:58] preparing inputs
[2026-05-23 11:11:00] inputs ready
[2026-05-23 11:11:00] warmup start
[2026-05-23 11:11:00] warmup done
[2026-05-23 11:11:00] benchmark iterations start
[2026-05-23 11:11:02] iteration 25/100 elapsed_s=1.3
[2026-05-23 11:11:03] iteration 50/100 elapsed_s=2.5
[2026-05-23 11:11:04] iteration 75/100 elapsed_s=3.8
[2026-05-23 11:11:05] iteration 100/100 elapsed_s=5.0
[2026-05-23 11:11:05] benchmark iterations done
[2026-05-23 11:11:05] mode complete mode=baseline mean_ms=50.252 std_ms=1.032 p95_ms=52.023
[2026-05-23 11:11:06] start mode=optimized model=GraphSAGE_fp32.onnx device=GPU warmup=5 iters=100
[2026-05-23 11:11:06] creating session
[2026-05-23 11:11:07] session ready providers=OpenVINOExecutionProvider | CPUExecutionProvider
[2026-05-23 11:11:07] preparing inputs
[2026-05-23 11:11:09] inputs ready
[2026-05-23 11:11:09] warmup start
[2026-05-23 11:11:09] warmup done
[2026-05-23 11:11:09] benchmark iterations start
[2026-05-23 11:11:11] iteration 25/100 elapsed_s=1.3
[2026-05-23 11:11:12] iteration 50/100 elapsed_s=2.6
[2026-05-23 11:11:13] iteration 75/100 elapsed_s=3.9
[2026-05-23 11:11:15] iteration 100/100 elapsed_s=5.1
[2026-05-23 11:11:15] benchmark iterations done
[2026-05-23 11:11:15] mode complete mode=optimized mean_ms=51.343 std_ms=1.025 p95_ms=52.747
[2026-05-23 11:12:36] start mode=baseline model=GraphSAGE_fp32.onnx device=CPU warmup=5 iters=100
[2026-05-23 11:12:36] creating session
[2026-05-23 11:12:37] session ready providers=OpenVINOExecutionProvider | CPUExecutionProvider
[2026-05-23 11:12:37] preparing inputs
[2026-05-23 11:12:37] inputs ready
[2026-05-23 11:12:37] warmup start
[2026-05-23 11:12:37] warmup done
[2026-05-23 11:12:37] benchmark iterations start
[2026-05-23 11:12:38] iteration 25/100 elapsed_s=1.1
[2026-05-23 11:12:39] iteration 50/100 elapsed_s=2.1
[2026-05-23 11:12:40] iteration 75/100 elapsed_s=3.1
[2026-05-23 11:12:41] iteration 100/100 elapsed_s=4.2
[2026-05-23 11:12:41] benchmark iterations done
[2026-05-23 11:12:41] mode complete mode=baseline mean_ms=42.400 std_ms=3.114 p95_ms=48.020
[2026-05-23 11:12:42] start mode=optimized model=GraphSAGE_fp32.onnx device=CPU warmup=5 iters=100
[2026-05-23 11:12:42] creating session
[2026-05-23 11:12:42] session ready providers=OpenVINOExecutionProvider | CPUExecutionProvider
[2026-05-23 11:12:42] preparing inputs
[2026-05-23 11:12:42] inputs ready
[2026-05-23 11:12:42] warmup start
[2026-05-23 11:12:43] warmup done
[2026-05-23 11:12:43] benchmark iterations start
[2026-05-23 11:12:44] iteration 25/100 elapsed_s=1.1
[2026-05-23 11:12:45] iteration 50/100 elapsed_s=2.2
[2026-05-23 11:12:46] iteration 75/100 elapsed_s=3.2
[2026-05-23 11:12:47] iteration 100/100 elapsed_s=4.3
[2026-05-23 11:12:47] benchmark iterations done
[2026-05-23 11:12:47] mode complete mode=optimized mean_ms=42.671 std_ms=2.311 p95_ms=46.538
[2026-05-23 11:13:49] start mode=baseline model=GraphSAGE_fp32.onnx device=CPU warmup=5 iters=100
[2026-05-23 11:13:49] creating session
[2026-05-23 11:13:49] session ready providers=OpenVINOExecutionProvider | CPUExecutionProvider
[2026-05-23 11:13:49] preparing inputs
[2026-05-23 11:13:51] inputs ready
[2026-05-23 11:13:51] warmup start
[2026-05-23 11:13:51] warmup done
[2026-05-23 11:13:51] benchmark iterations start
[2026-05-23 11:13:53] iteration 25/100 elapsed_s=1.1
[2026-05-23 11:13:54] iteration 50/100 elapsed_s=2.1
[2026-05-23 11:13:55] iteration 75/100 elapsed_s=3.2
[2026-05-23 11:13:56] iteration 100/100 elapsed_s=4.2
[2026-05-23 11:13:56] benchmark iterations done
[2026-05-23 11:13:56] mode complete mode=baseline mean_ms=41.804 std_ms=2.336 p95_ms=46.444
[2026-05-23 11:13:56] start mode=optimized model=GraphSAGE_fp32.onnx device=CPU warmup=5 iters=100
[2026-05-23 11:13:56] creating session
[2026-05-23 11:13:56] session ready providers=OpenVINOExecutionProvider | CPUExecutionProvider
[2026-05-23 11:13:56] preparing inputs
[2026-05-23 11:13:58] inputs ready
[2026-05-23 11:13:58] warmup start
[2026-05-23 11:13:58] warmup done
[2026-05-23 11:13:58] benchmark iterations start
[2026-05-23 11:13:59] iteration 25/100 elapsed_s=1.2
[2026-05-23 11:14:00] iteration 50/100 elapsed_s=2.2
[2026-05-23 11:14:01] iteration 75/100 elapsed_s=3.3
[2026-05-23 11:14:03] iteration 100/100 elapsed_s=4.3
[2026-05-23 11:14:03] benchmark iterations done
[2026-05-23 11:14:03] mode complete mode=optimized mean_ms=43.113 std_ms=5.484 p95_ms=51.616
[2026-05-23 11:15:15] start mode=baseline model=GraphSAGE_fp32.onnx device=CPU warmup=5 iters=100
[2026-05-23 11:15:15] creating session
[2026-05-23 11:15:15] session ready providers=OpenVINOExecutionProvider | CPUExecutionProvider
[2026-05-23 11:15:15] preparing inputs
[2026-05-23 11:15:18] inputs ready
[2026-05-23 11:15:18] warmup start
[2026-05-23 11:15:18] warmup done
[2026-05-23 11:15:18] benchmark iterations start
[2026-05-23 11:15:19] iteration 25/100 elapsed_s=1.0
[2026-05-23 11:15:20] iteration 50/100 elapsed_s=2.0
[2026-05-23 11:15:21] iteration 75/100 elapsed_s=3.1
[2026-05-23 11:15:22] iteration 100/100 elapsed_s=4.2
[2026-05-23 11:15:22] benchmark iterations done
[2026-05-23 11:15:22] mode complete mode=baseline mean_ms=41.686 std_ms=3.688 p95_ms=47.370
[2026-05-23 11:15:22] start mode=optimized model=GraphSAGE_fp32.onnx device=CPU warmup=5 iters=100
[2026-05-23 11:15:22] creating session
[2026-05-23 11:15:23] session ready providers=OpenVINOExecutionProvider | CPUExecutionProvider
[2026-05-23 11:15:23] preparing inputs
[2026-05-23 11:15:25] inputs ready
[2026-05-23 11:15:25] warmup start
[2026-05-23 11:15:26] warmup done
[2026-05-23 11:15:26] benchmark iterations start
[2026-05-23 11:15:27] iteration 25/100 elapsed_s=1.0
[2026-05-23 11:15:28] iteration 50/100 elapsed_s=2.1
[2026-05-23 11:15:29] iteration 75/100 elapsed_s=3.2
[2026-05-23 11:15:30] iteration 100/100 elapsed_s=4.2
[2026-05-23 11:15:30] benchmark iterations done
[2026-05-23 11:15:30] mode complete mode=optimized mean_ms=41.952 std_ms=4.181 p95_ms=49.011
