[2026-05-23 15:30:17] start mode=baseline model=GraphSAGE_fp32.onnx device=NPU warmup=5 iters=100
[2026-05-23 15:30:17] creating session
[2026-05-23 15:30:18] session ready providers=OpenVINOExecutionProvider | CPUExecutionProvider
[2026-05-23 15:30:18] preparing inputs
[2026-05-23 15:30:18] inputs ready
[2026-05-23 15:30:18] warmup start
[2026-05-23 15:30:19] warmup done
[2026-05-23 15:30:19] benchmark iterations start
[2026-05-23 15:30:22] iteration 25/100 elapsed_s=2.8
[2026-05-23 15:30:25] iteration 50/100 elapsed_s=5.8
[2026-05-23 15:30:27] iteration 75/100 elapsed_s=8.5
[2026-05-23 15:30:30] iteration 100/100 elapsed_s=11.4
[2026-05-23 15:30:30] benchmark iterations done
[2026-05-23 15:30:30] mode complete mode=baseline mean_ms=114.026 std_ms=7.729 p95_ms=128.742
[2026-05-23 15:30:30] start mode=optimized model=GraphSAGE_fp32.onnx device=NPU warmup=5 iters=100
[2026-05-23 15:30:30] creating session
[2026-05-23 15:30:31] session ready providers=OpenVINOExecutionProvider | CPUExecutionProvider
[2026-05-23 15:30:31] preparing inputs
[2026-05-23 15:30:31] inputs ready
[2026-05-23 15:30:31] warmup start
[2026-05-23 15:30:32] warmup done
[2026-05-23 15:30:32] benchmark iterations start
[2026-05-23 15:30:35] iteration 25/100 elapsed_s=2.8
[2026-05-23 15:30:37] iteration 50/100 elapsed_s=5.6
[2026-05-23 15:30:40] iteration 75/100 elapsed_s=8.7
[2026-05-23 15:30:43] iteration 100/100 elapsed_s=11.6
[2026-05-23 15:30:43] benchmark iterations done
[2026-05-23 15:30:43] mode complete mode=optimized mean_ms=115.861 std_ms=8.812 p95_ms=134.671
[2026-05-23 15:41:06] start mode=baseline model=GraphSAGE_fp32.onnx device=GPU warmup=5 iters=100
[2026-05-23 15:41:06] creating session
[2026-05-23 15:41:08] session ready providers=OpenVINOExecutionProvider | CPUExecutionProvider
[2026-05-23 15:41:08] preparing inputs
[2026-05-23 15:41:08] inputs ready
[2026-05-23 15:41:08] warmup start
[2026-05-23 15:41:08] warmup done
[2026-05-23 15:41:08] benchmark iterations start
[2026-05-23 15:41:10] iteration 25/100 elapsed_s=1.7
[2026-05-23 15:41:11] iteration 50/100 elapsed_s=3.4
[2026-05-23 15:41:13] iteration 75/100 elapsed_s=5.1
[2026-05-23 15:41:15] iteration 100/100 elapsed_s=6.9
[2026-05-23 15:41:15] benchmark iterations done
[2026-05-23 15:41:15] mode complete mode=baseline mean_ms=68.488 std_ms=0.874 p95_ms=70.017
[2026-05-23 15:41:15] start mode=optimized model=GraphSAGE_fp32.onnx device=GPU warmup=5 iters=100
[2026-05-23 15:41:15] creating session
[2026-05-23 15:41:17] session ready providers=OpenVINOExecutionProvider | CPUExecutionProvider
[2026-05-23 15:41:17] preparing inputs
[2026-05-23 15:41:17] inputs ready
[2026-05-23 15:41:17] warmup start
[2026-05-23 15:41:17] warmup done
[2026-05-23 15:41:17] benchmark iterations start
[2026-05-23 15:41:19] iteration 25/100 elapsed_s=1.7
[2026-05-23 15:41:21] iteration 50/100 elapsed_s=3.4
[2026-05-23 15:41:22] iteration 75/100 elapsed_s=5.2
[2026-05-23 15:41:24] iteration 100/100 elapsed_s=6.9
[2026-05-23 15:41:24] benchmark iterations done
[2026-05-23 15:41:24] mode complete mode=optimized mean_ms=68.824 std_ms=0.971 p95_ms=70.322
[2026-05-23 15:49:04] start mode=baseline model=GraphSAGE_fp32.onnx device=CPU warmup=5 iters=100
[2026-05-23 15:49:04] creating session
[2026-05-23 15:49:04] session ready providers=OpenVINOExecutionProvider | CPUExecutionProvider
[2026-05-23 15:49:04] preparing inputs
[2026-05-23 15:49:05] inputs ready
[2026-05-23 15:49:05] warmup start
[2026-05-23 15:49:05] warmup done
[2026-05-23 15:49:05] benchmark iterations start
[2026-05-23 15:49:08] iteration 25/100 elapsed_s=2.8
[2026-05-23 15:49:11] iteration 50/100 elapsed_s=5.8
[2026-05-23 15:49:14] iteration 75/100 elapsed_s=8.7
[2026-05-23 15:49:17] iteration 100/100 elapsed_s=11.4
[2026-05-23 15:49:17] benchmark iterations done
[2026-05-23 15:49:17] mode complete mode=baseline mean_ms=113.835 std_ms=8.113 p95_ms=129.361
[2026-05-23 15:49:17] start mode=optimized model=GraphSAGE_fp32.onnx device=CPU warmup=5 iters=100
[2026-05-23 15:49:17] creating session
[2026-05-23 15:49:17] session ready providers=OpenVINOExecutionProvider | CPUExecutionProvider
[2026-05-23 15:49:17] preparing inputs
[2026-05-23 15:49:18] inputs ready
[2026-05-23 15:49:18] warmup start
[2026-05-23 15:49:18] warmup done
[2026-05-23 15:49:18] benchmark iterations start
[2026-05-23 15:49:21] iteration 25/100 elapsed_s=2.9
[2026-05-23 15:49:24] iteration 50/100 elapsed_s=5.7
[2026-05-23 15:49:27] iteration 75/100 elapsed_s=8.7
[2026-05-23 15:49:30] iteration 100/100 elapsed_s=11.5
[2026-05-23 15:49:30] benchmark iterations done
[2026-05-23 15:49:30] mode complete mode=optimized mean_ms=114.898 std_ms=8.006 p95_ms=127.825
