[2026-05-23 15:28:49] start mode=baseline model=GraphSAGE_fp32.onnx device=NPU warmup=5 iters=100
[2026-05-23 15:28:49] creating session
[2026-05-23 15:28:49] session ready providers=OpenVINOExecutionProvider | CPUExecutionProvider
[2026-05-23 15:28:49] preparing inputs
[2026-05-23 15:28:49] inputs ready
[2026-05-23 15:28:49] warmup start
[2026-05-23 15:28:50] warmup done
[2026-05-23 15:28:50] benchmark iterations start
[2026-05-23 15:28:51] iteration 25/100 elapsed_s=1.4
[2026-05-23 15:28:53] iteration 50/100 elapsed_s=3.0
[2026-05-23 15:28:54] iteration 75/100 elapsed_s=4.4
[2026-05-23 15:28:56] iteration 100/100 elapsed_s=5.8
[2026-05-23 15:28:56] benchmark iterations done
[2026-05-23 15:28:56] mode complete mode=baseline mean_ms=57.966 std_ms=4.453 p95_ms=65.432
[2026-05-23 15:28:56] start mode=optimized model=GraphSAGE_fp32.onnx device=NPU warmup=5 iters=100
[2026-05-23 15:28:56] creating session
[2026-05-23 15:28:56] session ready providers=OpenVINOExecutionProvider | CPUExecutionProvider
[2026-05-23 15:28:56] preparing inputs
[2026-05-23 15:28:57] inputs ready
[2026-05-23 15:28:57] warmup start
[2026-05-23 15:28:57] warmup done
[2026-05-23 15:28:57] benchmark iterations start
[2026-05-23 15:28:58] iteration 25/100 elapsed_s=1.4
[2026-05-23 15:29:00] iteration 50/100 elapsed_s=2.9
[2026-05-23 15:29:01] iteration 75/100 elapsed_s=4.4
[2026-05-23 15:29:03] iteration 100/100 elapsed_s=5.9
[2026-05-23 15:29:03] benchmark iterations done
[2026-05-23 15:29:03] mode complete mode=optimized mean_ms=58.456 std_ms=5.285 p95_ms=65.431
[2026-05-23 15:39:58] start mode=baseline model=GraphSAGE_fp32.onnx device=GPU warmup=5 iters=100
[2026-05-23 15:39:58] creating session
[2026-05-23 15:39:59] session ready providers=OpenVINOExecutionProvider | CPUExecutionProvider
[2026-05-23 15:39:59] preparing inputs
[2026-05-23 15:40:00] inputs ready
[2026-05-23 15:40:00] warmup start
[2026-05-23 15:40:00] warmup done
[2026-05-23 15:40:00] benchmark iterations start
[2026-05-23 15:40:01] iteration 25/100 elapsed_s=0.9
[2026-05-23 15:40:02] iteration 50/100 elapsed_s=1.7
[2026-05-23 15:40:02] iteration 75/100 elapsed_s=2.6
[2026-05-23 15:40:03] iteration 100/100 elapsed_s=3.5
[2026-05-23 15:40:03] benchmark iterations done
[2026-05-23 15:40:03] mode complete mode=baseline mean_ms=34.947 std_ms=0.497 p95_ms=35.821
[2026-05-23 15:40:04] start mode=optimized model=GraphSAGE_fp32.onnx device=GPU warmup=5 iters=100
[2026-05-23 15:40:04] creating session
[2026-05-23 15:40:05] session ready providers=OpenVINOExecutionProvider | CPUExecutionProvider
[2026-05-23 15:40:05] preparing inputs
[2026-05-23 15:40:05] inputs ready
[2026-05-23 15:40:05] warmup start
[2026-05-23 15:40:05] warmup done
[2026-05-23 15:40:05] benchmark iterations start
[2026-05-23 15:40:06] iteration 25/100 elapsed_s=0.9
[2026-05-23 15:40:07] iteration 50/100 elapsed_s=1.8
[2026-05-23 15:40:08] iteration 75/100 elapsed_s=2.6
[2026-05-23 15:40:09] iteration 100/100 elapsed_s=3.5
[2026-05-23 15:40:09] benchmark iterations done
[2026-05-23 15:40:09] mode complete mode=optimized mean_ms=35.039 std_ms=0.467 p95_ms=35.950
[2026-05-23 15:47:35] start mode=baseline model=GraphSAGE_fp32.onnx device=CPU warmup=5 iters=100
[2026-05-23 15:47:35] creating session
[2026-05-23 15:47:36] session ready providers=OpenVINOExecutionProvider | CPUExecutionProvider
[2026-05-23 15:47:36] preparing inputs
[2026-05-23 15:47:36] inputs ready
[2026-05-23 15:47:36] warmup start
[2026-05-23 15:47:37] warmup done
[2026-05-23 15:47:37] benchmark iterations start
[2026-05-23 15:47:38] iteration 25/100 elapsed_s=1.4
[2026-05-23 15:47:40] iteration 50/100 elapsed_s=2.9
[2026-05-23 15:47:41] iteration 75/100 elapsed_s=4.4
[2026-05-23 15:47:42] iteration 100/100 elapsed_s=5.8
[2026-05-23 15:47:42] benchmark iterations done
[2026-05-23 15:47:42] mode complete mode=baseline mean_ms=57.907 std_ms=4.522 p95_ms=64.681
[2026-05-23 15:47:43] start mode=optimized model=GraphSAGE_fp32.onnx device=CPU warmup=5 iters=100
[2026-05-23 15:47:43] creating session
[2026-05-23 15:47:43] session ready providers=OpenVINOExecutionProvider | CPUExecutionProvider
[2026-05-23 15:47:43] preparing inputs
[2026-05-23 15:47:43] inputs ready
[2026-05-23 15:47:43] warmup start
[2026-05-23 15:47:44] warmup done
[2026-05-23 15:47:44] benchmark iterations start
[2026-05-23 15:47:45] iteration 25/100 elapsed_s=1.4
[2026-05-23 15:47:47] iteration 50/100 elapsed_s=2.9
[2026-05-23 15:47:48] iteration 75/100 elapsed_s=4.4
[2026-05-23 15:47:50] iteration 100/100 elapsed_s=5.8
[2026-05-23 15:47:50] benchmark iterations done
[2026-05-23 15:47:50] mode complete mode=optimized mean_ms=58.424 std_ms=5.873 p95_ms=64.735
