[2026-05-23 12:19:11] start mode=baseline model=resnet50_fp32.onnx device=NPU warmup=5 iters=100
[2026-05-23 12:19:11] creating session
[2026-05-23 12:19:12] session ready providers=OpenVINOExecutionProvider | CPUExecutionProvider
[2026-05-23 12:19:12] preparing inputs
[2026-05-23 12:19:12] inputs ready
[2026-05-23 12:19:12] warmup start
[2026-05-23 12:19:16] warmup done
[2026-05-23 12:19:16] benchmark iterations start
[2026-05-23 12:19:16] iteration 25/100 elapsed_s=0.1
[2026-05-23 12:19:17] iteration 50/100 elapsed_s=0.2
[2026-05-23 12:19:17] iteration 75/100 elapsed_s=0.3
[2026-05-23 12:19:17] iteration 100/100 elapsed_s=0.4
[2026-05-23 12:19:17] benchmark iterations done
[2026-05-23 12:19:17] mode complete mode=baseline mean_ms=3.947 std_ms=0.889 p95_ms=6.294
[2026-05-23 12:19:17] start mode=optimized model=resnet50_fp32.onnx device=NPU warmup=5 iters=100
[2026-05-23 12:19:17] creating session
[2026-05-23 12:19:18] session ready providers=OpenVINOExecutionProvider | CPUExecutionProvider
[2026-05-23 12:19:18] preparing inputs
[2026-05-23 12:19:18] inputs ready
[2026-05-23 12:19:18] warmup start
[2026-05-23 12:19:21] warmup done
[2026-05-23 12:19:21] benchmark iterations start
[2026-05-23 12:19:21] iteration 25/100 elapsed_s=0.1
[2026-05-23 12:19:21] iteration 50/100 elapsed_s=0.2
[2026-05-23 12:19:22] iteration 75/100 elapsed_s=0.3
[2026-05-23 12:19:22] iteration 100/100 elapsed_s=0.4
[2026-05-23 12:19:22] benchmark iterations done
[2026-05-23 12:19:22] mode complete mode=optimized mean_ms=3.884 std_ms=1.055 p95_ms=6.799
[2026-05-23 12:20:23] start mode=baseline model=resnet50_fp32.onnx device=NPU warmup=5 iters=100
[2026-05-23 12:20:23] creating session
[2026-05-23 12:20:23] session ready providers=OpenVINOExecutionProvider | CPUExecutionProvider
[2026-05-23 12:20:23] preparing inputs
[2026-05-23 12:20:23] inputs ready
[2026-05-23 12:20:23] warmup start
[2026-05-23 12:20:27] warmup done
[2026-05-23 12:20:27] benchmark iterations start
[2026-05-23 12:20:27] iteration 25/100 elapsed_s=0.1
[2026-05-23 12:20:27] iteration 50/100 elapsed_s=0.2
[2026-05-23 12:20:27] iteration 75/100 elapsed_s=0.3
[2026-05-23 12:20:27] iteration 100/100 elapsed_s=0.4
[2026-05-23 12:20:27] benchmark iterations done
[2026-05-23 12:20:28] mode complete mode=baseline mean_ms=3.966 std_ms=1.095 p95_ms=6.866
[2026-05-23 12:20:28] start mode=optimized model=resnet50_fp32.onnx device=NPU warmup=5 iters=100
[2026-05-23 12:20:28] creating session
[2026-05-23 12:20:28] session ready providers=OpenVINOExecutionProvider | CPUExecutionProvider
[2026-05-23 12:20:28] preparing inputs
[2026-05-23 12:20:28] inputs ready
[2026-05-23 12:20:28] warmup start
[2026-05-23 12:20:32] warmup done
[2026-05-23 12:20:32] benchmark iterations start
[2026-05-23 12:20:32] iteration 25/100 elapsed_s=0.1
[2026-05-23 12:20:32] iteration 50/100 elapsed_s=0.2
[2026-05-23 12:20:32] iteration 75/100 elapsed_s=0.3
[2026-05-23 12:20:32] iteration 100/100 elapsed_s=0.4
[2026-05-23 12:20:32] benchmark iterations done
[2026-05-23 12:20:32] mode complete mode=optimized mean_ms=3.997 std_ms=1.032 p95_ms=6.878
[2026-05-23 12:21:34] start mode=baseline model=resnet50_fp32.onnx device=NPU warmup=5 iters=100
[2026-05-23 12:21:34] creating session
[2026-05-23 12:21:34] session ready providers=OpenVINOExecutionProvider | CPUExecutionProvider
[2026-05-23 12:21:34] preparing inputs
[2026-05-23 12:21:34] inputs ready
[2026-05-23 12:21:34] warmup start
[2026-05-23 12:21:38] warmup done
[2026-05-23 12:21:38] benchmark iterations start
[2026-05-23 12:21:38] iteration 25/100 elapsed_s=0.1
[2026-05-23 12:21:38] iteration 50/100 elapsed_s=0.2
[2026-05-23 12:21:38] iteration 75/100 elapsed_s=0.3
[2026-05-23 12:21:38] iteration 100/100 elapsed_s=0.4
[2026-05-23 12:21:38] benchmark iterations done
[2026-05-23 12:21:38] mode complete mode=baseline mean_ms=4.003 std_ms=1.090 p95_ms=6.970
[2026-05-23 12:21:38] start mode=optimized model=resnet50_fp32.onnx device=NPU warmup=5 iters=100
[2026-05-23 12:21:38] creating session
[2026-05-23 12:21:39] session ready providers=OpenVINOExecutionProvider | CPUExecutionProvider
[2026-05-23 12:21:39] preparing inputs
[2026-05-23 12:21:39] inputs ready
[2026-05-23 12:21:39] warmup start
[2026-05-23 12:21:43] warmup done
[2026-05-23 12:21:43] benchmark iterations start
[2026-05-23 12:21:43] iteration 25/100 elapsed_s=0.1
[2026-05-23 12:21:43] iteration 50/100 elapsed_s=0.2
[2026-05-23 12:21:43] iteration 75/100 elapsed_s=0.3
[2026-05-23 12:21:43] iteration 100/100 elapsed_s=0.4
[2026-05-23 12:21:43] benchmark iterations done
[2026-05-23 12:21:43] mode complete mode=optimized mean_ms=3.988 std_ms=1.038 p95_ms=6.849
[2026-05-23 12:22:44] start mode=baseline model=resnet50_fp32.onnx device=GPU warmup=5 iters=100
[2026-05-23 12:22:44] creating session
[2026-05-23 12:22:47] session ready providers=OpenVINOExecutionProvider | CPUExecutionProvider
[2026-05-23 12:22:47] preparing inputs
[2026-05-23 12:22:47] inputs ready
[2026-05-23 12:22:47] warmup start
[2026-05-23 12:22:47] warmup done
[2026-05-23 12:22:47] benchmark iterations start
[2026-05-23 12:22:48] iteration 25/100 elapsed_s=0.3
[2026-05-23 12:22:48] iteration 50/100 elapsed_s=0.5
[2026-05-23 12:22:48] iteration 75/100 elapsed_s=0.8
[2026-05-23 12:22:48] iteration 100/100 elapsed_s=1.1
[2026-05-23 12:22:48] benchmark iterations done
[2026-05-23 12:22:48] mode complete mode=baseline mean_ms=10.779 std_ms=0.854 p95_ms=11.702
[2026-05-23 12:22:49] start mode=optimized model=resnet50_fp32.onnx device=GPU warmup=5 iters=100
[2026-05-23 12:22:49] creating session
[2026-05-23 12:22:51] session ready providers=OpenVINOExecutionProvider | CPUExecutionProvider
[2026-05-23 12:22:51] preparing inputs
[2026-05-23 12:22:51] inputs ready
[2026-05-23 12:22:51] warmup start
[2026-05-23 12:22:51] warmup done
[2026-05-23 12:22:51] benchmark iterations start
[2026-05-23 12:22:51] iteration 25/100 elapsed_s=0.3
[2026-05-23 12:22:51] iteration 50/100 elapsed_s=0.5
[2026-05-23 12:22:52] iteration 75/100 elapsed_s=0.8
[2026-05-23 12:22:52] iteration 100/100 elapsed_s=1.1
[2026-05-23 12:22:52] benchmark iterations done
[2026-05-23 12:22:52] mode complete mode=optimized mean_ms=10.867 std_ms=0.535 p95_ms=11.559
[2026-05-23 12:23:35] start mode=baseline model=resnet50_fp32.onnx device=GPU warmup=5 iters=100
[2026-05-23 12:23:35] creating session
[2026-05-23 12:23:38] session ready providers=OpenVINOExecutionProvider | CPUExecutionProvider
[2026-05-23 12:23:38] preparing inputs
[2026-05-23 12:23:38] inputs ready
[2026-05-23 12:23:38] warmup start
[2026-05-23 12:23:38] warmup done
[2026-05-23 12:23:38] benchmark iterations start
[2026-05-23 12:23:38] iteration 25/100 elapsed_s=0.3
[2026-05-23 12:23:38] iteration 50/100 elapsed_s=0.6
[2026-05-23 12:23:39] iteration 75/100 elapsed_s=0.8
[2026-05-23 12:23:39] iteration 100/100 elapsed_s=1.1
[2026-05-23 12:23:39] benchmark iterations done
[2026-05-23 12:23:39] mode complete mode=baseline mean_ms=10.953 std_ms=0.501 p95_ms=11.636
[2026-05-23 12:23:39] start mode=optimized model=resnet50_fp32.onnx device=GPU warmup=5 iters=100
[2026-05-23 12:23:39] creating session
[2026-05-23 12:23:42] session ready providers=OpenVINOExecutionProvider | CPUExecutionProvider
[2026-05-23 12:23:42] preparing inputs
[2026-05-23 12:23:42] inputs ready
[2026-05-23 12:23:42] warmup start
[2026-05-23 12:23:42] warmup done
[2026-05-23 12:23:42] benchmark iterations start
[2026-05-23 12:23:42] iteration 25/100 elapsed_s=0.3
[2026-05-23 12:23:42] iteration 50/100 elapsed_s=0.5
[2026-05-23 12:23:43] iteration 75/100 elapsed_s=0.8
[2026-05-23 12:23:43] iteration 100/100 elapsed_s=1.1
[2026-05-23 12:23:43] benchmark iterations done
[2026-05-23 12:23:43] mode complete mode=optimized mean_ms=10.859 std_ms=0.566 p95_ms=11.651
[2026-05-23 12:24:25] start mode=baseline model=resnet50_fp32.onnx device=GPU warmup=5 iters=100
[2026-05-23 12:24:25] creating session
[2026-05-23 12:24:28] session ready providers=OpenVINOExecutionProvider | CPUExecutionProvider
[2026-05-23 12:24:28] preparing inputs
[2026-05-23 12:24:28] inputs ready
[2026-05-23 12:24:28] warmup start
[2026-05-23 12:24:28] warmup done
[2026-05-23 12:24:28] benchmark iterations start
[2026-05-23 12:24:28] iteration 25/100 elapsed_s=0.3
[2026-05-23 12:24:29] iteration 50/100 elapsed_s=0.5
[2026-05-23 12:24:29] iteration 75/100 elapsed_s=0.8
[2026-05-23 12:24:29] iteration 100/100 elapsed_s=1.1
[2026-05-23 12:24:29] benchmark iterations done
[2026-05-23 12:24:29] mode complete mode=baseline mean_ms=10.987 std_ms=0.584 p95_ms=11.762
[2026-05-23 12:24:30] start mode=optimized model=resnet50_fp32.onnx device=GPU warmup=5 iters=100
[2026-05-23 12:24:30] creating session
[2026-05-23 12:24:32] session ready providers=OpenVINOExecutionProvider | CPUExecutionProvider
[2026-05-23 12:24:32] preparing inputs
[2026-05-23 12:24:32] inputs ready
[2026-05-23 12:24:32] warmup start
[2026-05-23 12:24:32] warmup done
[2026-05-23 12:24:32] benchmark iterations start
[2026-05-23 12:24:32] iteration 25/100 elapsed_s=0.3
[2026-05-23 12:24:33] iteration 50/100 elapsed_s=0.5
[2026-05-23 12:24:33] iteration 75/100 elapsed_s=0.8
[2026-05-23 12:24:33] iteration 100/100 elapsed_s=1.1
[2026-05-23 12:24:33] benchmark iterations done
[2026-05-23 12:24:33] mode complete mode=optimized mean_ms=10.830 std_ms=0.560 p95_ms=11.604
[2026-05-23 12:25:16] start mode=baseline model=resnet50_fp32.onnx device=CPU warmup=5 iters=100
[2026-05-23 12:25:16] creating session
[2026-05-23 12:25:17] session ready providers=OpenVINOExecutionProvider | CPUExecutionProvider
[2026-05-23 12:25:17] preparing inputs
[2026-05-23 12:25:17] inputs ready
[2026-05-23 12:25:17] warmup start
[2026-05-23 12:25:17] warmup done
[2026-05-23 12:25:17] benchmark iterations start
[2026-05-23 12:25:18] iteration 25/100 elapsed_s=1.0
[2026-05-23 12:25:19] iteration 50/100 elapsed_s=1.8
[2026-05-23 12:25:20] iteration 75/100 elapsed_s=2.6
[2026-05-23 12:25:21] iteration 100/100 elapsed_s=3.4
[2026-05-23 12:25:21] benchmark iterations done
[2026-05-23 12:25:21] mode complete mode=baseline mean_ms=34.163 std_ms=4.272 p95_ms=41.704
[2026-05-23 12:25:21] start mode=optimized model=resnet50_fp32.onnx device=CPU warmup=5 iters=100
[2026-05-23 12:25:21] creating session
[2026-05-23 12:25:22] session ready providers=OpenVINOExecutionProvider | CPUExecutionProvider
[2026-05-23 12:25:22] preparing inputs
[2026-05-23 12:25:22] inputs ready
[2026-05-23 12:25:22] warmup start
[2026-05-23 12:25:22] warmup done
[2026-05-23 12:25:22] benchmark iterations start
[2026-05-23 12:25:23] iteration 25/100 elapsed_s=0.9
[2026-05-23 12:25:24] iteration 50/100 elapsed_s=1.6
[2026-05-23 12:25:24] iteration 75/100 elapsed_s=2.3
[2026-05-23 12:25:25] iteration 100/100 elapsed_s=3.0
[2026-05-23 12:25:25] benchmark iterations done
[2026-05-23 12:25:25] mode complete mode=optimized mean_ms=29.979 std_ms=3.346 p95_ms=37.575
[2026-05-23 12:26:10] start mode=baseline model=resnet50_fp32.onnx device=CPU warmup=5 iters=100
[2026-05-23 12:26:10] creating session
[2026-05-23 12:26:11] session ready providers=OpenVINOExecutionProvider | CPUExecutionProvider
[2026-05-23 12:26:11] preparing inputs
[2026-05-23 12:26:11] inputs ready
[2026-05-23 12:26:11] warmup start
[2026-05-23 12:26:11] warmup done
[2026-05-23 12:26:11] benchmark iterations start
[2026-05-23 12:26:12] iteration 25/100 elapsed_s=0.9
[2026-05-23 12:26:13] iteration 50/100 elapsed_s=1.7
[2026-05-23 12:26:13] iteration 75/100 elapsed_s=2.5
[2026-05-23 12:26:14] iteration 100/100 elapsed_s=3.2
[2026-05-23 12:26:14] benchmark iterations done
[2026-05-23 12:26:14] mode complete mode=baseline mean_ms=32.109 std_ms=4.280 p95_ms=36.838
[2026-05-23 12:26:14] start mode=optimized model=resnet50_fp32.onnx device=CPU warmup=5 iters=100
[2026-05-23 12:26:14] creating session
[2026-05-23 12:26:16] session ready providers=OpenVINOExecutionProvider | CPUExecutionProvider
[2026-05-23 12:26:16] preparing inputs
[2026-05-23 12:26:16] inputs ready
[2026-05-23 12:26:16] warmup start
[2026-05-23 12:26:16] warmup done
[2026-05-23 12:26:16] benchmark iterations start
[2026-05-23 12:26:17] iteration 25/100 elapsed_s=0.8
[2026-05-23 12:26:17] iteration 50/100 elapsed_s=1.6
[2026-05-23 12:26:18] iteration 75/100 elapsed_s=2.3
[2026-05-23 12:26:19] iteration 100/100 elapsed_s=3.1
[2026-05-23 12:26:19] benchmark iterations done
[2026-05-23 12:26:19] mode complete mode=optimized mean_ms=30.961 std_ms=3.134 p95_ms=35.653
[2026-05-23 12:27:02] start mode=baseline model=resnet50_fp32.onnx device=CPU warmup=5 iters=100
[2026-05-23 12:27:02] creating session
[2026-05-23 12:27:03] session ready providers=OpenVINOExecutionProvider | CPUExecutionProvider
[2026-05-23 12:27:03] preparing inputs
[2026-05-23 12:27:03] inputs ready
[2026-05-23 12:27:03] warmup start
[2026-05-23 12:27:04] warmup done
[2026-05-23 12:27:04] benchmark iterations start
[2026-05-23 12:27:05] iteration 25/100 elapsed_s=0.9
[2026-05-23 12:27:05] iteration 50/100 elapsed_s=1.7
[2026-05-23 12:27:06] iteration 75/100 elapsed_s=2.5
[2026-05-23 12:27:07] iteration 100/100 elapsed_s=3.2
[2026-05-23 12:27:07] benchmark iterations done
[2026-05-23 12:27:07] mode complete mode=baseline mean_ms=31.529 std_ms=3.828 p95_ms=36.702
[2026-05-23 12:27:07] start mode=optimized model=resnet50_fp32.onnx device=CPU warmup=5 iters=100
[2026-05-23 12:27:07] creating session
[2026-05-23 12:27:08] session ready providers=OpenVINOExecutionProvider | CPUExecutionProvider
[2026-05-23 12:27:08] preparing inputs
[2026-05-23 12:27:08] inputs ready
[2026-05-23 12:27:08] warmup start
[2026-05-23 12:27:08] warmup done
[2026-05-23 12:27:08] benchmark iterations start
[2026-05-23 12:27:09] iteration 25/100 elapsed_s=0.9
[2026-05-23 12:27:10] iteration 50/100 elapsed_s=1.8
[2026-05-23 12:27:11] iteration 75/100 elapsed_s=2.6
[2026-05-23 12:27:12] iteration 100/100 elapsed_s=3.4
[2026-05-23 12:27:12] benchmark iterations done
[2026-05-23 12:27:12] mode complete mode=optimized mean_ms=33.658 std_ms=4.701 p95_ms=39.283
