[2026-05-23 16:16:21] start mode=baseline model=SGC_int8.onnx device=NPU warmup=5 iters=100
[2026-05-23 16:16:21] creating session
[2026-05-23 16:16:22] session ready providers=OpenVINOExecutionProvider | CPUExecutionProvider
[2026-05-23 16:16:22] preparing inputs
[2026-05-23 16:16:22] inputs ready
[2026-05-23 16:16:22] warmup start
[2026-05-23 16:16:22] warmup done
[2026-05-23 16:16:22] benchmark iterations start
[2026-05-23 16:16:24] iteration 25/100 elapsed_s=1.4
[2026-05-23 16:16:25] iteration 50/100 elapsed_s=2.6
[2026-05-23 16:16:26] iteration 75/100 elapsed_s=3.9
[2026-05-23 16:16:28] iteration 100/100 elapsed_s=5.2
[2026-05-23 16:16:28] benchmark iterations done
[2026-05-23 16:16:28] mode complete mode=baseline mean_ms=51.898 std_ms=4.776 p95_ms=58.687
[2026-05-23 16:16:28] start mode=optimized model=SGC_int8.onnx device=NPU warmup=5 iters=100
[2026-05-23 16:16:28] creating session
[2026-05-23 16:16:28] session ready providers=OpenVINOExecutionProvider | CPUExecutionProvider
[2026-05-23 16:16:28] preparing inputs
[2026-05-23 16:16:29] inputs ready
[2026-05-23 16:16:29] warmup start
[2026-05-23 16:16:29] warmup done
[2026-05-23 16:16:29] benchmark iterations start
[2026-05-23 16:16:30] iteration 25/100 elapsed_s=1.3
[2026-05-23 16:16:32] iteration 50/100 elapsed_s=2.6
[2026-05-23 16:16:33] iteration 75/100 elapsed_s=3.9
[2026-05-23 16:16:34] iteration 100/100 elapsed_s=5.2
[2026-05-23 16:16:34] benchmark iterations done
[2026-05-23 16:16:34] mode complete mode=optimized mean_ms=52.005 std_ms=4.040 p95_ms=56.542
[2026-05-23 16:45:43] start mode=baseline model=SGC_int8.onnx device=GPU warmup=5 iters=100
[2026-05-23 16:45:43] creating session
[2026-05-23 16:45:44] session ready providers=OpenVINOExecutionProvider | CPUExecutionProvider
[2026-05-23 16:45:44] preparing inputs
[2026-05-23 16:45:44] inputs ready
[2026-05-23 16:45:44] warmup start
[2026-05-23 16:45:44] warmup done
[2026-05-23 16:45:44] benchmark iterations start
[2026-05-23 16:45:46] iteration 25/100 elapsed_s=1.1
[2026-05-23 16:45:47] iteration 50/100 elapsed_s=2.2
[2026-05-23 16:45:48] iteration 75/100 elapsed_s=3.4
[2026-05-23 16:45:49] iteration 100/100 elapsed_s=4.5
[2026-05-23 16:45:49] benchmark iterations done
[2026-05-23 16:45:49] mode complete mode=baseline mean_ms=44.826 std_ms=1.130 p95_ms=46.162
[2026-05-23 16:45:49] start mode=optimized model=SGC_int8.onnx device=GPU warmup=5 iters=100
[2026-05-23 16:45:49] creating session
[2026-05-23 16:45:51] session ready providers=OpenVINOExecutionProvider | CPUExecutionProvider
[2026-05-23 16:45:51] preparing inputs
[2026-05-23 16:45:51] inputs ready
[2026-05-23 16:45:51] warmup start
[2026-05-23 16:45:51] warmup done
[2026-05-23 16:45:51] benchmark iterations start
[2026-05-23 16:45:52] iteration 25/100 elapsed_s=1.1
[2026-05-23 16:45:53] iteration 50/100 elapsed_s=2.3
[2026-05-23 16:45:55] iteration 75/100 elapsed_s=3.4
[2026-05-23 16:45:56] iteration 100/100 elapsed_s=4.5
[2026-05-23 16:45:56] benchmark iterations done
[2026-05-23 16:45:56] mode complete mode=optimized mean_ms=44.974 std_ms=0.986 p95_ms=46.398
[2026-05-23 17:21:45] start mode=baseline model=SGC_int8.onnx device=CPU warmup=5 iters=100
[2026-05-23 17:21:45] creating session
[2026-05-23 17:21:46] session ready providers=OpenVINOExecutionProvider | CPUExecutionProvider
[2026-05-23 17:21:46] preparing inputs
[2026-05-23 17:21:46] inputs ready
[2026-05-23 17:21:46] warmup start
[2026-05-23 17:21:46] warmup done
[2026-05-23 17:21:46] benchmark iterations start
[2026-05-23 17:21:48] iteration 25/100 elapsed_s=1.3
[2026-05-23 17:21:49] iteration 50/100 elapsed_s=2.5
[2026-05-23 17:21:50] iteration 75/100 elapsed_s=3.8
[2026-05-23 17:21:51] iteration 100/100 elapsed_s=5.0
[2026-05-23 17:21:51] benchmark iterations done
[2026-05-23 17:21:51] mode complete mode=baseline mean_ms=49.818 std_ms=3.119 p95_ms=55.017
[2026-05-23 17:21:52] start mode=optimized model=SGC_int8.onnx device=CPU warmup=5 iters=100
[2026-05-23 17:21:52] creating session
[2026-05-23 17:21:52] session ready providers=OpenVINOExecutionProvider | CPUExecutionProvider
[2026-05-23 17:21:52] preparing inputs
[2026-05-23 17:21:52] inputs ready
[2026-05-23 17:21:52] warmup start
[2026-05-23 17:21:53] warmup done
[2026-05-23 17:21:53] benchmark iterations start
[2026-05-23 17:21:54] iteration 25/100 elapsed_s=1.3
[2026-05-23 17:21:55] iteration 50/100 elapsed_s=2.6
[2026-05-23 17:21:56] iteration 75/100 elapsed_s=3.9
[2026-05-23 17:21:58] iteration 100/100 elapsed_s=5.2
[2026-05-23 17:21:58] benchmark iterations done
[2026-05-23 17:21:58] mode complete mode=optimized mean_ms=51.772 std_ms=4.439 p95_ms=59.662
