[2026-05-23 16:15:30] start mode=baseline model=SGC_fp32.onnx device=NPU warmup=5 iters=100
[2026-05-23 16:15:30] creating session
[2026-05-23 16:15:30] session ready providers=OpenVINOExecutionProvider | CPUExecutionProvider
[2026-05-23 16:15:30] preparing inputs
[2026-05-23 16:15:31] inputs ready
[2026-05-23 16:15:31] warmup start
[2026-05-23 16:15:31] warmup done
[2026-05-23 16:15:31] benchmark iterations start
[2026-05-23 16:15:32] iteration 25/100 elapsed_s=0.6
[2026-05-23 16:15:32] iteration 50/100 elapsed_s=1.3
[2026-05-23 16:15:33] iteration 75/100 elapsed_s=1.9
[2026-05-23 16:15:34] iteration 100/100 elapsed_s=2.5
[2026-05-23 16:15:34] benchmark iterations done
[2026-05-23 16:15:34] mode complete mode=baseline mean_ms=25.073 std_ms=1.494 p95_ms=27.885
[2026-05-23 16:15:34] start mode=optimized model=SGC_fp32.onnx device=NPU warmup=5 iters=100
[2026-05-23 16:15:34] creating session
[2026-05-23 16:15:34] session ready providers=OpenVINOExecutionProvider | CPUExecutionProvider
[2026-05-23 16:15:34] preparing inputs
[2026-05-23 16:15:35] inputs ready
[2026-05-23 16:15:35] warmup start
[2026-05-23 16:15:35] warmup done
[2026-05-23 16:15:35] benchmark iterations start
[2026-05-23 16:15:36] iteration 25/100 elapsed_s=0.6
[2026-05-23 16:15:36] iteration 50/100 elapsed_s=1.3
[2026-05-23 16:15:37] iteration 75/100 elapsed_s=1.9
[2026-05-23 16:15:37] iteration 100/100 elapsed_s=2.5
[2026-05-23 16:15:37] benchmark iterations done
[2026-05-23 16:15:37] mode complete mode=optimized mean_ms=25.232 std_ms=1.287 p95_ms=27.557
[2026-05-23 16:44:25] start mode=baseline model=SGC_fp32.onnx device=GPU warmup=5 iters=100
[2026-05-23 16:44:25] creating session
[2026-05-23 16:44:26] session ready providers=OpenVINOExecutionProvider | CPUExecutionProvider
[2026-05-23 16:44:26] preparing inputs
[2026-05-23 16:44:27] inputs ready
[2026-05-23 16:44:27] warmup start
[2026-05-23 16:44:27] warmup done
[2026-05-23 16:44:27] benchmark iterations start
[2026-05-23 16:44:28] iteration 25/100 elapsed_s=1.1
[2026-05-23 16:44:29] iteration 50/100 elapsed_s=2.2
[2026-05-23 16:44:30] iteration 75/100 elapsed_s=3.3
[2026-05-23 16:44:31] iteration 100/100 elapsed_s=4.5
[2026-05-23 16:44:31] benchmark iterations done
[2026-05-23 16:44:31] mode complete mode=baseline mean_ms=44.518 std_ms=0.843 p95_ms=45.630
[2026-05-23 16:44:32] start mode=optimized model=SGC_fp32.onnx device=GPU warmup=5 iters=100
[2026-05-23 16:44:32] creating session
[2026-05-23 16:44:33] session ready providers=OpenVINOExecutionProvider | CPUExecutionProvider
[2026-05-23 16:44:33] preparing inputs
[2026-05-23 16:44:33] inputs ready
[2026-05-23 16:44:33] warmup start
[2026-05-23 16:44:33] warmup done
[2026-05-23 16:44:33] benchmark iterations start
[2026-05-23 16:44:35] iteration 25/100 elapsed_s=1.1
[2026-05-23 16:44:36] iteration 50/100 elapsed_s=2.2
[2026-05-23 16:44:37] iteration 75/100 elapsed_s=3.4
[2026-05-23 16:44:38] iteration 100/100 elapsed_s=4.5
[2026-05-23 16:44:38] benchmark iterations done
[2026-05-23 16:44:38] mode complete mode=optimized mean_ms=44.619 std_ms=0.977 p95_ms=45.983
[2026-05-23 17:20:55] start mode=baseline model=SGC_fp32.onnx device=CPU warmup=5 iters=100
[2026-05-23 17:20:55] creating session
[2026-05-23 17:20:56] session ready providers=OpenVINOExecutionProvider | CPUExecutionProvider
[2026-05-23 17:20:56] preparing inputs
[2026-05-23 17:20:56] inputs ready
[2026-05-23 17:20:56] warmup start
[2026-05-23 17:20:57] warmup done
[2026-05-23 17:20:57] benchmark iterations start
[2026-05-23 17:20:57] iteration 25/100 elapsed_s=0.6
[2026-05-23 17:20:58] iteration 50/100 elapsed_s=1.2
[2026-05-23 17:20:58] iteration 75/100 elapsed_s=1.9
[2026-05-23 17:20:59] iteration 100/100 elapsed_s=2.5
[2026-05-23 17:20:59] benchmark iterations done
[2026-05-23 17:20:59] mode complete mode=baseline mean_ms=24.829 std_ms=1.164 p95_ms=27.116
[2026-05-23 17:20:59] start mode=optimized model=SGC_fp32.onnx device=CPU warmup=5 iters=100
[2026-05-23 17:20:59] creating session
[2026-05-23 17:21:00] session ready providers=OpenVINOExecutionProvider | CPUExecutionProvider
[2026-05-23 17:21:00] preparing inputs
[2026-05-23 17:21:00] inputs ready
[2026-05-23 17:21:00] warmup start
[2026-05-23 17:21:00] warmup done
[2026-05-23 17:21:00] benchmark iterations start
[2026-05-23 17:21:01] iteration 25/100 elapsed_s=0.6
[2026-05-23 17:21:01] iteration 50/100 elapsed_s=1.3
[2026-05-23 17:21:02] iteration 75/100 elapsed_s=1.9
[2026-05-23 17:21:03] iteration 100/100 elapsed_s=2.5
[2026-05-23 17:21:03] benchmark iterations done
[2026-05-23 17:21:03] mode complete mode=optimized mean_ms=24.915 std_ms=1.178 p95_ms=27.018
