[2026-05-23 12:10:02] start mode=baseline model=efficientnet-b0_fp32.onnx device=NPU warmup=5 iters=100
[2026-05-23 12:10:02] creating session
[2026-05-23 12:10:07] session ready providers=OpenVINOExecutionProvider | CPUExecutionProvider
[2026-05-23 12:10:07] preparing inputs
[2026-05-23 12:10:07] inputs ready
[2026-05-23 12:10:07] warmup start
[2026-05-23 12:10:07] warmup done
[2026-05-23 12:10:07] benchmark iterations start
[2026-05-23 12:10:07] iteration 25/100 elapsed_s=0.1
[2026-05-23 12:10:07] iteration 50/100 elapsed_s=0.2
[2026-05-23 12:10:07] iteration 75/100 elapsed_s=0.3
[2026-05-23 12:10:07] iteration 100/100 elapsed_s=0.4
[2026-05-23 12:10:07] benchmark iterations done
[2026-05-23 12:10:07] mode complete mode=baseline mean_ms=4.204 std_ms=1.233 p95_ms=6.944
[2026-05-23 12:10:08] start mode=optimized model=efficientnet-b0_fp32.onnx device=NPU warmup=5 iters=100
[2026-05-23 12:10:08] creating session
[2026-05-23 12:10:11] session ready providers=OpenVINOExecutionProvider | CPUExecutionProvider
[2026-05-23 12:10:11] preparing inputs
[2026-05-23 12:10:11] inputs ready
[2026-05-23 12:10:11] warmup start
[2026-05-23 12:10:11] warmup done
[2026-05-23 12:10:11] benchmark iterations start
[2026-05-23 12:10:11] iteration 25/100 elapsed_s=0.1
[2026-05-23 12:10:11] iteration 50/100 elapsed_s=0.2
[2026-05-23 12:10:11] iteration 75/100 elapsed_s=0.3
[2026-05-23 12:10:11] iteration 100/100 elapsed_s=0.4
[2026-05-23 12:10:11] benchmark iterations done
[2026-05-23 12:10:11] mode complete mode=optimized mean_ms=4.007 std_ms=0.978 p95_ms=6.938
[2026-05-23 12:10:30] start mode=baseline model=efficientnet-b0_fp32.onnx device=NPU warmup=5 iters=100
[2026-05-23 12:10:30] creating session
[2026-05-23 12:10:33] session ready providers=OpenVINOExecutionProvider | CPUExecutionProvider
[2026-05-23 12:10:33] preparing inputs
[2026-05-23 12:10:33] inputs ready
[2026-05-23 12:10:33] warmup start
[2026-05-23 12:10:33] warmup done
[2026-05-23 12:10:33] benchmark iterations start
[2026-05-23 12:10:33] iteration 25/100 elapsed_s=0.1
[2026-05-23 12:10:33] iteration 50/100 elapsed_s=0.2
[2026-05-23 12:10:33] iteration 75/100 elapsed_s=0.3
[2026-05-23 12:10:33] iteration 100/100 elapsed_s=0.4
[2026-05-23 12:10:33] benchmark iterations done
[2026-05-23 12:10:33] mode complete mode=baseline mean_ms=4.150 std_ms=1.076 p95_ms=7.071
[2026-05-23 12:10:33] start mode=optimized model=efficientnet-b0_fp32.onnx device=NPU warmup=5 iters=100
[2026-05-23 12:10:33] creating session
[2026-05-23 12:10:36] session ready providers=OpenVINOExecutionProvider | CPUExecutionProvider
[2026-05-23 12:10:36] preparing inputs
[2026-05-23 12:10:36] inputs ready
[2026-05-23 12:10:36] warmup start
[2026-05-23 12:10:36] warmup done
[2026-05-23 12:10:36] benchmark iterations start
[2026-05-23 12:10:36] iteration 25/100 elapsed_s=0.1
[2026-05-23 12:10:37] iteration 50/100 elapsed_s=0.2
[2026-05-23 12:10:37] iteration 75/100 elapsed_s=0.3
[2026-05-23 12:10:37] iteration 100/100 elapsed_s=0.4
[2026-05-23 12:10:37] benchmark iterations done
[2026-05-23 12:10:37] mode complete mode=optimized mean_ms=3.965 std_ms=1.036 p95_ms=6.946
[2026-05-23 12:10:54] start mode=baseline model=efficientnet-b0_fp32.onnx device=NPU warmup=5 iters=100
[2026-05-23 12:10:54] creating session
[2026-05-23 12:10:58] session ready providers=OpenVINOExecutionProvider | CPUExecutionProvider
[2026-05-23 12:10:58] preparing inputs
[2026-05-23 12:10:58] inputs ready
[2026-05-23 12:10:58] warmup start
[2026-05-23 12:10:58] warmup done
[2026-05-23 12:10:58] benchmark iterations start
[2026-05-23 12:10:58] iteration 25/100 elapsed_s=0.2
[2026-05-23 12:10:58] iteration 50/100 elapsed_s=0.3
[2026-05-23 12:10:58] iteration 75/100 elapsed_s=0.5
[2026-05-23 12:10:58] iteration 100/100 elapsed_s=0.7
[2026-05-23 12:10:58] benchmark iterations done
[2026-05-23 12:10:58] mode complete mode=baseline mean_ms=6.514 std_ms=0.346 p95_ms=7.128
[2026-05-23 12:10:59] start mode=optimized model=efficientnet-b0_fp32.onnx device=NPU warmup=5 iters=100
[2026-05-23 12:10:59] creating session
[2026-05-23 12:11:02] session ready providers=OpenVINOExecutionProvider | CPUExecutionProvider
[2026-05-23 12:11:02] preparing inputs
[2026-05-23 12:11:02] inputs ready
[2026-05-23 12:11:02] warmup start
[2026-05-23 12:11:02] warmup done
[2026-05-23 12:11:02] benchmark iterations start
[2026-05-23 12:11:02] iteration 25/100 elapsed_s=0.2
[2026-05-23 12:11:02] iteration 50/100 elapsed_s=0.3
[2026-05-23 12:11:02] iteration 75/100 elapsed_s=0.5
[2026-05-23 12:11:02] iteration 100/100 elapsed_s=0.7
[2026-05-23 12:11:02] benchmark iterations done
[2026-05-23 12:11:02] mode complete mode=optimized mean_ms=6.604 std_ms=0.415 p95_ms=7.148
[2026-05-23 12:11:20] start mode=baseline model=efficientnet-b0_fp32.onnx device=GPU warmup=5 iters=100
[2026-05-23 12:11:20] creating session
[2026-05-23 12:11:22] session ready providers=OpenVINOExecutionProvider | CPUExecutionProvider
[2026-05-23 12:11:22] preparing inputs
[2026-05-23 12:11:22] inputs ready
[2026-05-23 12:11:22] warmup start
[2026-05-23 12:11:22] warmup done
[2026-05-23 12:11:22] benchmark iterations start
[2026-05-23 12:11:22] iteration 25/100 elapsed_s=0.1
[2026-05-23 12:11:22] iteration 50/100 elapsed_s=0.2
[2026-05-23 12:11:23] iteration 75/100 elapsed_s=0.2
[2026-05-23 12:11:23] iteration 100/100 elapsed_s=0.3
[2026-05-23 12:11:23] benchmark iterations done
[2026-05-23 12:11:23] mode complete mode=baseline mean_ms=3.029 std_ms=0.469 p95_ms=4.026
[2026-05-23 12:11:23] start mode=optimized model=efficientnet-b0_fp32.onnx device=GPU warmup=5 iters=100
[2026-05-23 12:11:23] creating session
[2026-05-23 12:11:25] session ready providers=OpenVINOExecutionProvider | CPUExecutionProvider
[2026-05-23 12:11:25] preparing inputs
[2026-05-23 12:11:25] inputs ready
[2026-05-23 12:11:25] warmup start
[2026-05-23 12:11:25] warmup done
[2026-05-23 12:11:25] benchmark iterations start
[2026-05-23 12:11:25] iteration 25/100 elapsed_s=0.1
[2026-05-23 12:11:25] iteration 50/100 elapsed_s=0.1
[2026-05-23 12:11:25] iteration 75/100 elapsed_s=0.2
[2026-05-23 12:11:25] iteration 100/100 elapsed_s=0.3
[2026-05-23 12:11:25] benchmark iterations done
[2026-05-23 12:11:25] mode complete mode=optimized mean_ms=2.961 std_ms=0.431 p95_ms=3.833
[2026-05-23 12:11:37] start mode=baseline model=efficientnet-b0_fp32.onnx device=GPU warmup=5 iters=100
[2026-05-23 12:11:37] creating session
[2026-05-23 12:11:39] session ready providers=OpenVINOExecutionProvider | CPUExecutionProvider
[2026-05-23 12:11:39] preparing inputs
[2026-05-23 12:11:39] inputs ready
[2026-05-23 12:11:39] warmup start
[2026-05-23 12:11:39] warmup done
[2026-05-23 12:11:39] benchmark iterations start
[2026-05-23 12:11:39] iteration 25/100 elapsed_s=0.1
[2026-05-23 12:11:39] iteration 50/100 elapsed_s=0.2
[2026-05-23 12:11:39] iteration 75/100 elapsed_s=0.2
[2026-05-23 12:11:39] iteration 100/100 elapsed_s=0.3
[2026-05-23 12:11:39] benchmark iterations done
[2026-05-23 12:11:39] mode complete mode=baseline mean_ms=3.162 std_ms=0.385 p95_ms=3.973
[2026-05-23 12:11:39] start mode=optimized model=efficientnet-b0_fp32.onnx device=GPU warmup=5 iters=100
[2026-05-23 12:11:39] creating session
[2026-05-23 12:11:41] session ready providers=OpenVINOExecutionProvider | CPUExecutionProvider
[2026-05-23 12:11:41] preparing inputs
[2026-05-23 12:11:41] inputs ready
[2026-05-23 12:11:41] warmup start
[2026-05-23 12:11:41] warmup done
[2026-05-23 12:11:41] benchmark iterations start
[2026-05-23 12:11:41] iteration 25/100 elapsed_s=0.1
[2026-05-23 12:11:41] iteration 50/100 elapsed_s=0.2
[2026-05-23 12:11:41] iteration 75/100 elapsed_s=0.2
[2026-05-23 12:11:41] iteration 100/100 elapsed_s=0.3
[2026-05-23 12:11:41] benchmark iterations done
[2026-05-23 12:11:41] mode complete mode=optimized mean_ms=3.166 std_ms=0.383 p95_ms=3.967
[2026-05-23 12:11:53] start mode=baseline model=efficientnet-b0_fp32.onnx device=GPU warmup=5 iters=100
[2026-05-23 12:11:53] creating session
[2026-05-23 12:11:55] session ready providers=OpenVINOExecutionProvider | CPUExecutionProvider
[2026-05-23 12:11:55] preparing inputs
[2026-05-23 12:11:55] inputs ready
[2026-05-23 12:11:55] warmup start
[2026-05-23 12:11:55] warmup done
[2026-05-23 12:11:55] benchmark iterations start
[2026-05-23 12:11:55] iteration 25/100 elapsed_s=0.1
[2026-05-23 12:11:55] iteration 50/100 elapsed_s=0.2
[2026-05-23 12:11:55] iteration 75/100 elapsed_s=0.2
[2026-05-23 12:11:56] iteration 100/100 elapsed_s=0.3
[2026-05-23 12:11:56] benchmark iterations done
[2026-05-23 12:11:56] mode complete mode=baseline mean_ms=3.153 std_ms=0.370 p95_ms=3.964
[2026-05-23 12:11:56] start mode=optimized model=efficientnet-b0_fp32.onnx device=GPU warmup=5 iters=100
[2026-05-23 12:11:56] creating session
[2026-05-23 12:11:58] session ready providers=OpenVINOExecutionProvider | CPUExecutionProvider
[2026-05-23 12:11:58] preparing inputs
[2026-05-23 12:11:58] inputs ready
[2026-05-23 12:11:58] warmup start
[2026-05-23 12:11:58] warmup done
[2026-05-23 12:11:58] benchmark iterations start
[2026-05-23 12:11:58] iteration 25/100 elapsed_s=0.1
[2026-05-23 12:11:58] iteration 50/100 elapsed_s=0.2
[2026-05-23 12:11:58] iteration 75/100 elapsed_s=0.2
[2026-05-23 12:11:58] iteration 100/100 elapsed_s=0.3
[2026-05-23 12:11:58] benchmark iterations done
[2026-05-23 12:11:58] mode complete mode=optimized mean_ms=3.100 std_ms=0.376 p95_ms=3.947
[2026-05-23 12:12:10] start mode=baseline model=efficientnet-b0_fp32.onnx device=CPU warmup=5 iters=100
[2026-05-23 12:12:10] creating session
[2026-05-23 12:12:10] session ready providers=OpenVINOExecutionProvider | CPUExecutionProvider
[2026-05-23 12:12:10] preparing inputs
[2026-05-23 12:12:10] inputs ready
[2026-05-23 12:12:10] warmup start
[2026-05-23 12:12:10] warmup done
[2026-05-23 12:12:10] benchmark iterations start
[2026-05-23 12:12:11] iteration 25/100 elapsed_s=0.4
[2026-05-23 12:12:11] iteration 50/100 elapsed_s=0.7
[2026-05-23 12:12:12] iteration 75/100 elapsed_s=1.1
[2026-05-23 12:12:12] iteration 100/100 elapsed_s=1.6
[2026-05-23 12:12:12] benchmark iterations done
[2026-05-23 12:12:12] mode complete mode=baseline mean_ms=15.478 std_ms=2.560 p95_ms=18.886
[2026-05-23 12:12:12] start mode=optimized model=efficientnet-b0_fp32.onnx device=CPU warmup=5 iters=100
[2026-05-23 12:12:12] creating session
[2026-05-23 12:12:13] session ready providers=OpenVINOExecutionProvider | CPUExecutionProvider
[2026-05-23 12:12:13] preparing inputs
[2026-05-23 12:12:13] inputs ready
[2026-05-23 12:12:13] warmup start
[2026-05-23 12:12:13] warmup done
[2026-05-23 12:12:13] benchmark iterations start
[2026-05-23 12:12:13] iteration 25/100 elapsed_s=0.4
[2026-05-23 12:12:13] iteration 50/100 elapsed_s=0.8
[2026-05-23 12:12:14] iteration 75/100 elapsed_s=1.1
[2026-05-23 12:12:14] iteration 100/100 elapsed_s=1.5
[2026-05-23 12:12:14] benchmark iterations done
[2026-05-23 12:12:14] mode complete mode=optimized mean_ms=14.795 std_ms=1.234 p95_ms=16.865
[2026-05-23 12:12:26] start mode=baseline model=efficientnet-b0_fp32.onnx device=CPU warmup=5 iters=100
[2026-05-23 12:12:26] creating session
[2026-05-23 12:12:26] session ready providers=OpenVINOExecutionProvider | CPUExecutionProvider
[2026-05-23 12:12:26] preparing inputs
[2026-05-23 12:12:26] inputs ready
[2026-05-23 12:12:26] warmup start
[2026-05-23 12:12:26] warmup done
[2026-05-23 12:12:26] benchmark iterations start
[2026-05-23 12:12:27] iteration 25/100 elapsed_s=0.3
[2026-05-23 12:12:27] iteration 50/100 elapsed_s=0.7
[2026-05-23 12:12:28] iteration 75/100 elapsed_s=1.1
[2026-05-23 12:12:28] iteration 100/100 elapsed_s=1.4
[2026-05-23 12:12:28] benchmark iterations done
[2026-05-23 12:12:28] mode complete mode=baseline mean_ms=13.978 std_ms=0.792 p95_ms=15.116
[2026-05-23 12:12:28] start mode=optimized model=efficientnet-b0_fp32.onnx device=CPU warmup=5 iters=100
[2026-05-23 12:12:28] creating session
[2026-05-23 12:12:29] session ready providers=OpenVINOExecutionProvider | CPUExecutionProvider
[2026-05-23 12:12:29] preparing inputs
[2026-05-23 12:12:29] inputs ready
[2026-05-23 12:12:29] warmup start
[2026-05-23 12:12:29] warmup done
[2026-05-23 12:12:29] benchmark iterations start
[2026-05-23 12:12:29] iteration 25/100 elapsed_s=0.3
[2026-05-23 12:12:29] iteration 50/100 elapsed_s=0.7
[2026-05-23 12:12:30] iteration 75/100 elapsed_s=1.0
[2026-05-23 12:12:30] iteration 100/100 elapsed_s=1.4
[2026-05-23 12:12:30] benchmark iterations done
[2026-05-23 12:12:30] mode complete mode=optimized mean_ms=13.820 std_ms=0.914 p95_ms=15.229
[2026-05-23 12:12:41] start mode=baseline model=efficientnet-b0_fp32.onnx device=CPU warmup=5 iters=100
[2026-05-23 12:12:41] creating session
[2026-05-23 12:12:42] session ready providers=OpenVINOExecutionProvider | CPUExecutionProvider
[2026-05-23 12:12:42] preparing inputs
[2026-05-23 12:12:42] inputs ready
[2026-05-23 12:12:42] warmup start
[2026-05-23 12:12:42] warmup done
[2026-05-23 12:12:42] benchmark iterations start
[2026-05-23 12:12:42] iteration 25/100 elapsed_s=0.3
[2026-05-23 12:12:42] iteration 50/100 elapsed_s=0.7
[2026-05-23 12:12:43] iteration 75/100 elapsed_s=1.1
[2026-05-23 12:12:43] iteration 100/100 elapsed_s=1.4
[2026-05-23 12:12:43] benchmark iterations done
[2026-05-23 12:12:43] mode complete mode=baseline mean_ms=14.016 std_ms=1.044 p95_ms=15.673
[2026-05-23 12:12:43] start mode=optimized model=efficientnet-b0_fp32.onnx device=CPU warmup=5 iters=100
[2026-05-23 12:12:43] creating session
[2026-05-23 12:12:44] session ready providers=OpenVINOExecutionProvider | CPUExecutionProvider
[2026-05-23 12:12:44] preparing inputs
[2026-05-23 12:12:44] inputs ready
[2026-05-23 12:12:44] warmup start
[2026-05-23 12:12:44] warmup done
[2026-05-23 12:12:44] benchmark iterations start
[2026-05-23 12:12:44] iteration 25/100 elapsed_s=0.3
[2026-05-23 12:12:45] iteration 50/100 elapsed_s=0.7
[2026-05-23 12:12:45] iteration 75/100 elapsed_s=1.0
[2026-05-23 12:12:45] iteration 100/100 elapsed_s=1.4
[2026-05-23 12:12:45] benchmark iterations done
[2026-05-23 12:12:45] mode complete mode=optimized mean_ms=13.809 std_ms=1.067 p95_ms=16.015
