[2026-05-23 11:02:56] start mode=baseline model=GraphSAGE_fp32.onnx device=NPU warmup=5 iters=100
[2026-05-23 11:02:56] creating session
[2026-05-23 11:02:57] session ready providers=OpenVINOExecutionProvider | CPUExecutionProvider
[2026-05-23 11:02:57] preparing inputs
[2026-05-23 11:03:04] inputs ready
[2026-05-23 11:03:04] warmup start
[2026-05-23 11:03:04] warmup done
[2026-05-23 11:03:04] benchmark iterations start
[2026-05-23 11:03:05] iteration 25/100 elapsed_s=1.1
[2026-05-23 11:03:06] iteration 50/100 elapsed_s=2.4
[2026-05-23 11:03:08] iteration 75/100 elapsed_s=3.6
[2026-05-23 11:03:09] iteration 100/100 elapsed_s=4.7
[2026-05-23 11:03:09] benchmark iterations done
[2026-05-23 11:03:09] mode complete mode=baseline mean_ms=47.040 std_ms=4.504 p95_ms=54.116
[2026-05-23 11:03:09] start mode=optimized model=GraphSAGE_fp32.onnx device=NPU warmup=5 iters=100
[2026-05-23 11:03:09] creating session
[2026-05-23 11:03:09] session ready providers=OpenVINOExecutionProvider | CPUExecutionProvider
[2026-05-23 11:03:09] preparing inputs
[2026-05-23 11:03:10] inputs ready
[2026-05-23 11:03:10] warmup start
[2026-05-23 11:03:10] warmup done
[2026-05-23 11:03:10] benchmark iterations start
[2026-05-23 11:03:11] iteration 25/100 elapsed_s=1.1
[2026-05-23 11:03:12] iteration 50/100 elapsed_s=2.3
[2026-05-23 11:03:13] iteration 75/100 elapsed_s=3.5
[2026-05-23 11:03:15] iteration 100/100 elapsed_s=4.7
[2026-05-23 11:03:15] benchmark iterations done
[2026-05-23 11:03:15] mode complete mode=optimized mean_ms=46.808 std_ms=3.759 p95_ms=52.741
[2026-05-23 11:04:16] start mode=baseline model=GraphSAGE_fp32.onnx device=NPU warmup=5 iters=100
[2026-05-23 11:04:16] creating session
[2026-05-23 11:04:16] session ready providers=OpenVINOExecutionProvider | CPUExecutionProvider
[2026-05-23 11:04:16] preparing inputs
[2026-05-23 11:04:22] inputs ready
[2026-05-23 11:04:22] warmup start
[2026-05-23 11:04:22] warmup done
[2026-05-23 11:04:22] benchmark iterations start
[2026-05-23 11:04:23] iteration 25/100 elapsed_s=1.1
[2026-05-23 11:04:24] iteration 50/100 elapsed_s=2.3
[2026-05-23 11:04:26] iteration 75/100 elapsed_s=3.4
[2026-05-23 11:04:27] iteration 100/100 elapsed_s=4.5
[2026-05-23 11:04:27] benchmark iterations done
[2026-05-23 11:04:27] mode complete mode=baseline mean_ms=45.106 std_ms=3.024 p95_ms=49.909
[2026-05-23 11:04:27] start mode=optimized model=GraphSAGE_fp32.onnx device=NPU warmup=5 iters=100
[2026-05-23 11:04:27] creating session
[2026-05-23 11:04:27] session ready providers=OpenVINOExecutionProvider | CPUExecutionProvider
[2026-05-23 11:04:27] preparing inputs
[2026-05-23 11:04:29] inputs ready
[2026-05-23 11:04:29] warmup start
[2026-05-23 11:04:29] warmup done
[2026-05-23 11:04:29] benchmark iterations start
[2026-05-23 11:04:31] iteration 25/100 elapsed_s=1.2
[2026-05-23 11:04:32] iteration 50/100 elapsed_s=2.4
[2026-05-23 11:04:33] iteration 75/100 elapsed_s=3.7
[2026-05-23 11:04:34] iteration 100/100 elapsed_s=4.9
[2026-05-23 11:04:34] benchmark iterations done
[2026-05-23 11:04:34] mode complete mode=optimized mean_ms=49.104 std_ms=2.683 p95_ms=54.863
[2026-05-23 11:05:49] start mode=baseline model=GraphSAGE_fp32.onnx device=NPU warmup=5 iters=100
[2026-05-23 11:05:49] creating session
[2026-05-23 11:05:49] session ready providers=OpenVINOExecutionProvider | CPUExecutionProvider
[2026-05-23 11:05:49] preparing inputs
[2026-05-23 11:05:56] inputs ready
[2026-05-23 11:05:56] warmup start
[2026-05-23 11:05:56] warmup done
[2026-05-23 11:05:56] benchmark iterations start
[2026-05-23 11:05:57] iteration 25/100 elapsed_s=1.2
[2026-05-23 11:05:59] iteration 50/100 elapsed_s=2.4
[2026-05-23 11:06:00] iteration 75/100 elapsed_s=3.5
[2026-05-23 11:06:01] iteration 100/100 elapsed_s=4.5
[2026-05-23 11:06:01] benchmark iterations done
[2026-05-23 11:06:01] mode complete mode=baseline mean_ms=45.058 std_ms=6.352 p95_ms=54.372
[2026-05-23 11:06:01] start mode=optimized model=GraphSAGE_fp32.onnx device=NPU warmup=5 iters=100
[2026-05-23 11:06:01] creating session
[2026-05-23 11:06:01] session ready providers=OpenVINOExecutionProvider | CPUExecutionProvider
[2026-05-23 11:06:01] preparing inputs
[2026-05-23 11:06:04] inputs ready
[2026-05-23 11:06:04] warmup start
[2026-05-23 11:06:04] warmup done
[2026-05-23 11:06:04] benchmark iterations start
[2026-05-23 11:06:06] iteration 25/100 elapsed_s=1.2
[2026-05-23 11:06:07] iteration 50/100 elapsed_s=2.3
[2026-05-23 11:06:08] iteration 75/100 elapsed_s=3.3
[2026-05-23 11:06:09] iteration 100/100 elapsed_s=4.4
[2026-05-23 11:06:09] benchmark iterations done
[2026-05-23 11:06:09] mode complete mode=optimized mean_ms=43.851 std_ms=4.231 p95_ms=48.691
[2026-05-23 11:07:28] start mode=baseline model=GraphSAGE_fp32.onnx device=GPU warmup=5 iters=100
[2026-05-23 11:07:28] creating session
[2026-05-23 11:07:31] session ready providers=OpenVINOExecutionProvider | CPUExecutionProvider
[2026-05-23 11:07:31] preparing inputs
[2026-05-23 11:07:31] inputs ready
[2026-05-23 11:07:31] warmup start
[2026-05-23 11:07:31] warmup done
[2026-05-23 11:07:31] benchmark iterations start
[2026-05-23 11:07:32] iteration 25/100 elapsed_s=1.3
[2026-05-23 11:07:34] iteration 50/100 elapsed_s=2.7
[2026-05-23 11:07:35] iteration 75/100 elapsed_s=4.0
[2026-05-23 11:07:36] iteration 100/100 elapsed_s=5.3
[2026-05-23 11:07:36] benchmark iterations done
[2026-05-23 11:07:36] mode complete mode=baseline mean_ms=53.247 std_ms=1.124 p95_ms=54.686
[2026-05-23 11:07:37] start mode=optimized model=GraphSAGE_fp32.onnx device=GPU warmup=5 iters=100
[2026-05-23 11:07:37] creating session
[2026-05-23 11:07:38] session ready providers=OpenVINOExecutionProvider | CPUExecutionProvider
[2026-05-23 11:07:38] preparing inputs
[2026-05-23 11:07:38] inputs ready
[2026-05-23 11:07:38] warmup start
[2026-05-23 11:07:39] warmup done
[2026-05-23 11:07:39] benchmark iterations start
[2026-05-23 11:07:40] iteration 25/100 elapsed_s=1.3
[2026-05-23 11:07:41] iteration 50/100 elapsed_s=2.7
[2026-05-23 11:07:43] iteration 75/100 elapsed_s=4.0
[2026-05-23 11:07:44] iteration 100/100 elapsed_s=5.3
[2026-05-23 11:07:44] benchmark iterations done
[2026-05-23 11:07:44] mode complete mode=optimized mean_ms=52.933 std_ms=1.343 p95_ms=54.764
[2026-05-23 11:08:56] start mode=baseline model=GraphSAGE_fp32.onnx device=GPU warmup=5 iters=100
[2026-05-23 11:08:56] creating session
[2026-05-23 11:08:58] session ready providers=OpenVINOExecutionProvider | CPUExecutionProvider
[2026-05-23 11:08:58] preparing inputs
[2026-05-23 11:08:59] inputs ready
[2026-05-23 11:08:59] warmup start
[2026-05-23 11:09:00] warmup done
[2026-05-23 11:09:00] benchmark iterations start
[2026-05-23 11:09:01] iteration 25/100 elapsed_s=1.3
[2026-05-23 11:09:02] iteration 50/100 elapsed_s=2.6
[2026-05-23 11:09:04] iteration 75/100 elapsed_s=3.9
[2026-05-23 11:09:05] iteration 100/100 elapsed_s=5.2
[2026-05-23 11:09:05] benchmark iterations done
[2026-05-23 11:09:05] mode complete mode=baseline mean_ms=52.054 std_ms=1.049 p95_ms=53.544
[2026-05-23 11:09:05] start mode=optimized model=GraphSAGE_fp32.onnx device=GPU warmup=5 iters=100
[2026-05-23 11:09:05] creating session
[2026-05-23 11:09:07] session ready providers=OpenVINOExecutionProvider | CPUExecutionProvider
[2026-05-23 11:09:07] preparing inputs
[2026-05-23 11:09:08] inputs ready
[2026-05-23 11:09:08] warmup start
[2026-05-23 11:09:09] warmup done
[2026-05-23 11:09:09] benchmark iterations start
[2026-05-23 11:09:10] iteration 25/100 elapsed_s=1.3
[2026-05-23 11:09:11] iteration 50/100 elapsed_s=2.6
[2026-05-23 11:09:13] iteration 75/100 elapsed_s=4.0
[2026-05-23 11:09:14] iteration 100/100 elapsed_s=5.3
[2026-05-23 11:09:14] benchmark iterations done
[2026-05-23 11:09:14] mode complete mode=optimized mean_ms=52.758 std_ms=0.975 p95_ms=54.076
[2026-05-23 11:10:37] start mode=baseline model=GraphSAGE_fp32.onnx device=GPU warmup=5 iters=100
[2026-05-23 11:10:37] creating session
[2026-05-23 11:10:38] session ready providers=OpenVINOExecutionProvider | CPUExecutionProvider
[2026-05-23 11:10:38] preparing inputs
[2026-05-23 11:10:41] inputs ready
[2026-05-23 11:10:41] warmup start
[2026-05-23 11:10:41] warmup done
[2026-05-23 11:10:41] benchmark iterations start
[2026-05-23 11:10:42] iteration 25/100 elapsed_s=1.3
[2026-05-23 11:10:44] iteration 50/100 elapsed_s=2.6
[2026-05-23 11:10:45] iteration 75/100 elapsed_s=3.8
[2026-05-23 11:10:46] iteration 100/100 elapsed_s=5.1
[2026-05-23 11:10:46] benchmark iterations done
[2026-05-23 11:10:46] mode complete mode=baseline mean_ms=51.148 std_ms=0.907 p95_ms=52.340
[2026-05-23 11:10:47] start mode=optimized model=GraphSAGE_fp32.onnx device=GPU warmup=5 iters=100
[2026-05-23 11:10:47] creating session
[2026-05-23 11:10:48] session ready providers=OpenVINOExecutionProvider | CPUExecutionProvider
[2026-05-23 11:10:48] preparing inputs
[2026-05-23 11:10:50] inputs ready
[2026-05-23 11:10:50] warmup start
[2026-05-23 11:10:51] warmup done
[2026-05-23 11:10:51] benchmark iterations start
[2026-05-23 11:10:52] iteration 25/100 elapsed_s=1.3
[2026-05-23 11:10:53] iteration 50/100 elapsed_s=2.6
[2026-05-23 11:10:54] iteration 75/100 elapsed_s=3.8
[2026-05-23 11:10:56] iteration 100/100 elapsed_s=5.1
[2026-05-23 11:10:56] benchmark iterations done
[2026-05-23 11:10:56] mode complete mode=optimized mean_ms=51.137 std_ms=1.014 p95_ms=52.743
[2026-05-23 11:12:25] start mode=baseline model=GraphSAGE_fp32.onnx device=CPU warmup=5 iters=100
[2026-05-23 11:12:25] creating session
[2026-05-23 11:12:25] session ready providers=OpenVINOExecutionProvider | CPUExecutionProvider
[2026-05-23 11:12:25] preparing inputs
[2026-05-23 11:12:25] inputs ready
[2026-05-23 11:12:25] warmup start
[2026-05-23 11:12:26] warmup done
[2026-05-23 11:12:26] benchmark iterations start
[2026-05-23 11:12:27] iteration 25/100 elapsed_s=1.1
[2026-05-23 11:12:28] iteration 50/100 elapsed_s=2.1
[2026-05-23 11:12:29] iteration 75/100 elapsed_s=3.3
[2026-05-23 11:12:30] iteration 100/100 elapsed_s=4.5
[2026-05-23 11:12:30] benchmark iterations done
[2026-05-23 11:12:30] mode complete mode=baseline mean_ms=44.516 std_ms=3.941 p95_ms=50.681
[2026-05-23 11:12:30] start mode=optimized model=GraphSAGE_fp32.onnx device=CPU warmup=5 iters=100
[2026-05-23 11:12:30] creating session
[2026-05-23 11:12:31] session ready providers=OpenVINOExecutionProvider | CPUExecutionProvider
[2026-05-23 11:12:31] preparing inputs
[2026-05-23 11:12:31] inputs ready
[2026-05-23 11:12:31] warmup start
[2026-05-23 11:12:31] warmup done
[2026-05-23 11:12:31] benchmark iterations start
[2026-05-23 11:12:32] iteration 25/100 elapsed_s=1.1
[2026-05-23 11:12:33] iteration 50/100 elapsed_s=2.1
[2026-05-23 11:12:35] iteration 75/100 elapsed_s=3.2
[2026-05-23 11:12:36] iteration 100/100 elapsed_s=4.3
[2026-05-23 11:12:36] benchmark iterations done
[2026-05-23 11:12:36] mode complete mode=optimized mean_ms=43.309 std_ms=2.567 p95_ms=48.451
[2026-05-23 11:13:35] start mode=baseline model=GraphSAGE_fp32.onnx device=CPU warmup=5 iters=100
[2026-05-23 11:13:35] creating session
[2026-05-23 11:13:35] session ready providers=OpenVINOExecutionProvider | CPUExecutionProvider
[2026-05-23 11:13:35] preparing inputs
[2026-05-23 11:13:37] inputs ready
[2026-05-23 11:13:37] warmup start
[2026-05-23 11:13:37] warmup done
[2026-05-23 11:13:37] benchmark iterations start
[2026-05-23 11:13:38] iteration 25/100 elapsed_s=1.2
[2026-05-23 11:13:39] iteration 50/100 elapsed_s=2.2
[2026-05-23 11:13:40] iteration 75/100 elapsed_s=3.2
[2026-05-23 11:13:41] iteration 100/100 elapsed_s=4.3
[2026-05-23 11:13:41] benchmark iterations done
[2026-05-23 11:13:41] mode complete mode=baseline mean_ms=42.479 std_ms=4.928 p95_ms=47.417
[2026-05-23 11:13:42] start mode=optimized model=GraphSAGE_fp32.onnx device=CPU warmup=5 iters=100
[2026-05-23 11:13:42] creating session
[2026-05-23 11:13:42] session ready providers=OpenVINOExecutionProvider | CPUExecutionProvider
[2026-05-23 11:13:42] preparing inputs
[2026-05-23 11:13:44] inputs ready
[2026-05-23 11:13:44] warmup start
[2026-05-23 11:13:44] warmup done
[2026-05-23 11:13:44] benchmark iterations start
[2026-05-23 11:13:45] iteration 25/100 elapsed_s=1.2
[2026-05-23 11:13:46] iteration 50/100 elapsed_s=2.2
[2026-05-23 11:13:47] iteration 75/100 elapsed_s=3.2
[2026-05-23 11:13:48] iteration 100/100 elapsed_s=4.2
[2026-05-23 11:13:48] benchmark iterations done
[2026-05-23 11:13:48] mode complete mode=optimized mean_ms=42.392 std_ms=4.746 p95_ms=45.992
[2026-05-23 11:15:00] start mode=baseline model=GraphSAGE_fp32.onnx device=CPU warmup=5 iters=100
[2026-05-23 11:15:00] creating session
[2026-05-23 11:15:00] session ready providers=OpenVINOExecutionProvider | CPUExecutionProvider
[2026-05-23 11:15:00] preparing inputs
[2026-05-23 11:15:02] inputs ready
[2026-05-23 11:15:02] warmup start
[2026-05-23 11:15:03] warmup done
[2026-05-23 11:15:03] benchmark iterations start
[2026-05-23 11:15:04] iteration 25/100 elapsed_s=1.0
[2026-05-23 11:15:05] iteration 50/100 elapsed_s=2.0
[2026-05-23 11:15:06] iteration 75/100 elapsed_s=3.0
[2026-05-23 11:15:07] iteration 100/100 elapsed_s=4.0
[2026-05-23 11:15:07] benchmark iterations done
[2026-05-23 11:15:07] mode complete mode=baseline mean_ms=39.498 std_ms=1.414 p95_ms=41.353
[2026-05-23 11:15:07] start mode=optimized model=GraphSAGE_fp32.onnx device=CPU warmup=5 iters=100
[2026-05-23 11:15:07] creating session
[2026-05-23 11:15:07] session ready providers=OpenVINOExecutionProvider | CPUExecutionProvider
[2026-05-23 11:15:07] preparing inputs
[2026-05-23 11:15:10] inputs ready
[2026-05-23 11:15:10] warmup start
[2026-05-23 11:15:10] warmup done
[2026-05-23 11:15:10] benchmark iterations start
[2026-05-23 11:15:11] iteration 25/100 elapsed_s=1.0
[2026-05-23 11:15:12] iteration 50/100 elapsed_s=2.0
[2026-05-23 11:15:13] iteration 75/100 elapsed_s=3.0
[2026-05-23 11:15:14] iteration 100/100 elapsed_s=4.0
[2026-05-23 11:15:14] benchmark iterations done
[2026-05-23 11:15:14] mode complete mode=optimized mean_ms=40.102 std_ms=2.562 p95_ms=45.252
