[2026-05-23 15:57:23] start mode=baseline model=GraphTransformer_fp32.onnx device=NPU warmup=5 iters=100
[2026-05-23 15:57:23] creating session
[2026-05-23 15:57:23] session ready providers=OpenVINOExecutionProvider | CPUExecutionProvider
[2026-05-23 15:57:23] preparing inputs
[2026-05-23 15:57:23] inputs ready
[2026-05-23 15:57:23] warmup start
[2026-05-23 15:57:23] warmup done
[2026-05-23 15:57:23] benchmark iterations start
[2026-05-23 15:57:24] iteration 25/100 elapsed_s=0.3
[2026-05-23 15:57:24] iteration 50/100 elapsed_s=0.5
[2026-05-23 15:57:24] iteration 75/100 elapsed_s=0.8
[2026-05-23 15:57:24] iteration 100/100 elapsed_s=1.1
[2026-05-23 15:57:24] benchmark iterations done
[2026-05-23 15:57:24] mode complete mode=baseline mean_ms=10.646 std_ms=1.237 p95_ms=12.610
[2026-05-23 15:57:25] start mode=optimized model=GraphTransformer_fp32.onnx device=NPU warmup=5 iters=100
[2026-05-23 15:57:25] creating session
[2026-05-23 15:57:25] session ready providers=OpenVINOExecutionProvider | CPUExecutionProvider
[2026-05-23 15:57:25] preparing inputs
[2026-05-23 15:57:25] inputs ready
[2026-05-23 15:57:25] warmup start
[2026-05-23 15:57:25] warmup done
[2026-05-23 15:57:25] benchmark iterations start
[2026-05-23 15:57:26] iteration 25/100 elapsed_s=0.3
[2026-05-23 15:57:26] iteration 50/100 elapsed_s=0.6
[2026-05-23 15:57:26] iteration 75/100 elapsed_s=0.8
[2026-05-23 15:57:26] iteration 100/100 elapsed_s=1.1
[2026-05-23 15:57:26] benchmark iterations done
[2026-05-23 15:57:26] mode complete mode=optimized mean_ms=10.691 std_ms=1.278 p95_ms=13.712
[2026-05-23 15:59:45] start mode=baseline model=GraphTransformer_fp32.onnx device=GPU warmup=5 iters=100
[2026-05-23 15:59:45] creating session
[2026-05-23 15:59:46] session ready providers=OpenVINOExecutionProvider | CPUExecutionProvider
[2026-05-23 15:59:46] preparing inputs
[2026-05-23 15:59:46] inputs ready
[2026-05-23 15:59:46] warmup start
[2026-05-23 15:59:47] warmup done
[2026-05-23 15:59:47] benchmark iterations start
[2026-05-23 15:59:47] iteration 25/100 elapsed_s=0.1
[2026-05-23 15:59:47] iteration 50/100 elapsed_s=0.2
[2026-05-23 15:59:47] iteration 75/100 elapsed_s=0.3
[2026-05-23 15:59:47] iteration 100/100 elapsed_s=0.4
[2026-05-23 15:59:47] benchmark iterations done
[2026-05-23 15:59:47] mode complete mode=baseline mean_ms=4.212 std_ms=0.511 p95_ms=5.222
[2026-05-23 15:59:47] start mode=optimized model=GraphTransformer_fp32.onnx device=GPU warmup=5 iters=100
[2026-05-23 15:59:47] creating session
[2026-05-23 15:59:49] session ready providers=OpenVINOExecutionProvider | CPUExecutionProvider
[2026-05-23 15:59:49] preparing inputs
[2026-05-23 15:59:49] inputs ready
[2026-05-23 15:59:49] warmup start
[2026-05-23 15:59:49] warmup done
[2026-05-23 15:59:49] benchmark iterations start
[2026-05-23 15:59:49] iteration 25/100 elapsed_s=0.1
[2026-05-23 15:59:49] iteration 50/100 elapsed_s=0.2
[2026-05-23 15:59:49] iteration 75/100 elapsed_s=0.3
[2026-05-23 15:59:49] iteration 100/100 elapsed_s=0.4
[2026-05-23 15:59:49] benchmark iterations done
[2026-05-23 15:59:49] mode complete mode=optimized mean_ms=3.816 std_ms=0.567 p95_ms=4.790
[2026-05-23 16:01:49] start mode=baseline model=GraphTransformer_fp32.onnx device=CPU warmup=5 iters=100
[2026-05-23 16:01:49] creating session
[2026-05-23 16:01:49] session ready providers=OpenVINOExecutionProvider | CPUExecutionProvider
[2026-05-23 16:01:49] preparing inputs
[2026-05-23 16:01:50] inputs ready
[2026-05-23 16:01:50] warmup start
[2026-05-23 16:01:50] warmup done
[2026-05-23 16:01:50] benchmark iterations start
[2026-05-23 16:01:50] iteration 25/100 elapsed_s=0.3
[2026-05-23 16:01:50] iteration 50/100 elapsed_s=0.5
[2026-05-23 16:01:51] iteration 75/100 elapsed_s=0.8
[2026-05-23 16:01:51] iteration 100/100 elapsed_s=1.1
[2026-05-23 16:01:51] benchmark iterations done
[2026-05-23 16:01:51] mode complete mode=baseline mean_ms=10.582 std_ms=1.385 p95_ms=13.175
[2026-05-23 16:01:51] start mode=optimized model=GraphTransformer_fp32.onnx device=CPU warmup=5 iters=100
[2026-05-23 16:01:51] creating session
[2026-05-23 16:01:51] session ready providers=OpenVINOExecutionProvider | CPUExecutionProvider
[2026-05-23 16:01:51] preparing inputs
[2026-05-23 16:01:52] inputs ready
[2026-05-23 16:01:52] warmup start
[2026-05-23 16:01:52] warmup done
[2026-05-23 16:01:52] benchmark iterations start
[2026-05-23 16:01:52] iteration 25/100 elapsed_s=0.3
[2026-05-23 16:01:52] iteration 50/100 elapsed_s=0.5
[2026-05-23 16:01:53] iteration 75/100 elapsed_s=0.8
[2026-05-23 16:01:53] iteration 100/100 elapsed_s=1.1
[2026-05-23 16:01:53] benchmark iterations done
[2026-05-23 16:01:53] mode complete mode=optimized mean_ms=10.607 std_ms=1.302 p95_ms=13.253
