[2026-05-23 12:14:01] start mode=baseline model=mobilenetv2_int8.onnx device=NPU warmup=5 iters=100
[2026-05-23 12:14:01] creating session
[2026-05-23 12:14:03] session ready providers=OpenVINOExecutionProvider | CPUExecutionProvider
[2026-05-23 12:14:03] preparing inputs
[2026-05-23 12:14:03] inputs ready
[2026-05-23 12:14:03] warmup start
[2026-05-23 12:14:03] warmup done
[2026-05-23 12:14:03] benchmark iterations start
[2026-05-23 12:14:04] iteration 25/100 elapsed_s=0.1
[2026-05-23 12:14:04] iteration 50/100 elapsed_s=0.3
[2026-05-23 12:14:04] iteration 75/100 elapsed_s=0.4
[2026-05-23 12:14:04] iteration 100/100 elapsed_s=0.6
[2026-05-23 12:14:04] benchmark iterations done
[2026-05-23 12:14:04] mode complete mode=baseline mean_ms=5.540 std_ms=0.834 p95_ms=6.680
[2026-05-23 12:14:04] start mode=optimized model=mobilenetv2_int8.onnx device=NPU warmup=5 iters=100
[2026-05-23 12:14:04] creating session
[2026-05-23 12:14:06] session ready providers=OpenVINOExecutionProvider | CPUExecutionProvider
[2026-05-23 12:14:06] preparing inputs
[2026-05-23 12:14:06] inputs ready
[2026-05-23 12:14:06] warmup start
[2026-05-23 12:14:06] warmup done
[2026-05-23 12:14:06] benchmark iterations start
[2026-05-23 12:14:06] iteration 25/100 elapsed_s=0.1
[2026-05-23 12:14:06] iteration 50/100 elapsed_s=0.3
[2026-05-23 12:14:07] iteration 75/100 elapsed_s=0.4
[2026-05-23 12:14:07] iteration 100/100 elapsed_s=0.5
[2026-05-23 12:14:07] benchmark iterations done
[2026-05-23 12:14:07] mode complete mode=optimized mean_ms=5.142 std_ms=0.689 p95_ms=6.368
[2026-05-23 12:14:35] start mode=baseline model=mobilenetv2_int8.onnx device=NPU warmup=5 iters=100
[2026-05-23 12:14:35] creating session
[2026-05-23 12:14:37] session ready providers=OpenVINOExecutionProvider | CPUExecutionProvider
[2026-05-23 12:14:37] preparing inputs
[2026-05-23 12:14:37] inputs ready
[2026-05-23 12:14:37] warmup start
[2026-05-23 12:14:37] warmup done
[2026-05-23 12:14:37] benchmark iterations start
[2026-05-23 12:14:37] iteration 25/100 elapsed_s=0.1
[2026-05-23 12:14:37] iteration 50/100 elapsed_s=0.2
[2026-05-23 12:14:37] iteration 75/100 elapsed_s=0.4
[2026-05-23 12:14:37] iteration 100/100 elapsed_s=0.5
[2026-05-23 12:14:37] benchmark iterations done
[2026-05-23 12:14:37] mode complete mode=baseline mean_ms=4.961 std_ms=0.711 p95_ms=6.255
[2026-05-23 12:14:37] start mode=optimized model=mobilenetv2_int8.onnx device=NPU warmup=5 iters=100
[2026-05-23 12:14:37] creating session
[2026-05-23 12:14:40] session ready providers=OpenVINOExecutionProvider | CPUExecutionProvider
[2026-05-23 12:14:40] preparing inputs
[2026-05-23 12:14:40] inputs ready
[2026-05-23 12:14:40] warmup start
[2026-05-23 12:14:40] warmup done
[2026-05-23 12:14:40] benchmark iterations start
[2026-05-23 12:14:40] iteration 25/100 elapsed_s=0.1
[2026-05-23 12:14:40] iteration 50/100 elapsed_s=0.3
[2026-05-23 12:14:40] iteration 75/100 elapsed_s=0.4
[2026-05-23 12:14:40] iteration 100/100 elapsed_s=0.5
[2026-05-23 12:14:40] benchmark iterations done
[2026-05-23 12:14:40] mode complete mode=optimized mean_ms=5.405 std_ms=0.936 p95_ms=7.013
[2026-05-23 12:15:08] start mode=baseline model=mobilenetv2_int8.onnx device=NPU warmup=5 iters=100
[2026-05-23 12:15:08] creating session
[2026-05-23 12:15:10] session ready providers=OpenVINOExecutionProvider | CPUExecutionProvider
[2026-05-23 12:15:10] preparing inputs
[2026-05-23 12:15:10] inputs ready
[2026-05-23 12:15:10] warmup start
[2026-05-23 12:15:10] warmup done
[2026-05-23 12:15:10] benchmark iterations start
[2026-05-23 12:15:10] iteration 25/100 elapsed_s=0.1
[2026-05-23 12:15:10] iteration 50/100 elapsed_s=0.3
[2026-05-23 12:15:11] iteration 75/100 elapsed_s=0.4
[2026-05-23 12:15:11] iteration 100/100 elapsed_s=0.5
[2026-05-23 12:15:11] benchmark iterations done
[2026-05-23 12:15:11] mode complete mode=baseline mean_ms=5.364 std_ms=0.850 p95_ms=6.706
[2026-05-23 12:15:11] start mode=optimized model=mobilenetv2_int8.onnx device=NPU warmup=5 iters=100
[2026-05-23 12:15:11] creating session
[2026-05-23 12:15:13] session ready providers=OpenVINOExecutionProvider | CPUExecutionProvider
[2026-05-23 12:15:13] preparing inputs
[2026-05-23 12:15:13] inputs ready
[2026-05-23 12:15:13] warmup start
[2026-05-23 12:15:13] warmup done
[2026-05-23 12:15:13] benchmark iterations start
[2026-05-23 12:15:13] iteration 25/100 elapsed_s=0.2
[2026-05-23 12:15:13] iteration 50/100 elapsed_s=0.3
[2026-05-23 12:15:13] iteration 75/100 elapsed_s=0.5
[2026-05-23 12:15:14] iteration 100/100 elapsed_s=0.7
[2026-05-23 12:15:14] benchmark iterations done
[2026-05-23 12:15:14] mode complete mode=optimized mean_ms=6.486 std_ms=2.028 p95_ms=9.029
[2026-05-23 12:15:39] start mode=baseline model=mobilenetv2_int8.onnx device=GPU warmup=5 iters=100
[2026-05-23 12:15:39] creating session
[2026-05-23 12:15:41] session ready providers=OpenVINOExecutionProvider | CPUExecutionProvider
[2026-05-23 12:15:41] preparing inputs
[2026-05-23 12:15:41] inputs ready
[2026-05-23 12:15:41] warmup start
[2026-05-23 12:15:41] warmup done
[2026-05-23 12:15:41] benchmark iterations start
[2026-05-23 12:15:41] iteration 25/100 elapsed_s=0.0
[2026-05-23 12:15:41] iteration 50/100 elapsed_s=0.1
[2026-05-23 12:15:41] iteration 75/100 elapsed_s=0.1
[2026-05-23 12:15:41] iteration 100/100 elapsed_s=0.2
[2026-05-23 12:15:41] benchmark iterations done
[2026-05-23 12:15:41] mode complete mode=baseline mean_ms=1.974 std_ms=0.344 p95_ms=2.897
[2026-05-23 12:15:41] start mode=optimized model=mobilenetv2_int8.onnx device=GPU warmup=5 iters=100
[2026-05-23 12:15:41] creating session
[2026-05-23 12:15:43] session ready providers=OpenVINOExecutionProvider | CPUExecutionProvider
[2026-05-23 12:15:43] preparing inputs
[2026-05-23 12:15:43] inputs ready
[2026-05-23 12:15:43] warmup start
[2026-05-23 12:15:43] warmup done
[2026-05-23 12:15:43] benchmark iterations start
[2026-05-23 12:15:43] iteration 25/100 elapsed_s=0.1
[2026-05-23 12:15:43] iteration 50/100 elapsed_s=0.1
[2026-05-23 12:15:43] iteration 75/100 elapsed_s=0.2
[2026-05-23 12:15:43] iteration 100/100 elapsed_s=0.2
[2026-05-23 12:15:43] benchmark iterations done
[2026-05-23 12:15:43] mode complete mode=optimized mean_ms=2.018 std_ms=0.292 p95_ms=2.810
[2026-05-23 12:16:08] start mode=baseline model=mobilenetv2_int8.onnx device=GPU warmup=5 iters=100
[2026-05-23 12:16:08] creating session
[2026-05-23 12:16:10] session ready providers=OpenVINOExecutionProvider | CPUExecutionProvider
[2026-05-23 12:16:10] preparing inputs
[2026-05-23 12:16:10] inputs ready
[2026-05-23 12:16:10] warmup start
[2026-05-23 12:16:10] warmup done
[2026-05-23 12:16:10] benchmark iterations start
[2026-05-23 12:16:10] iteration 25/100 elapsed_s=0.1
[2026-05-23 12:16:10] iteration 50/100 elapsed_s=0.1
[2026-05-23 12:16:10] iteration 75/100 elapsed_s=0.2
[2026-05-23 12:16:11] iteration 100/100 elapsed_s=0.2
[2026-05-23 12:16:11] benchmark iterations done
[2026-05-23 12:16:11] mode complete mode=baseline mean_ms=2.035 std_ms=0.353 p95_ms=2.827
[2026-05-23 12:16:11] start mode=optimized model=mobilenetv2_int8.onnx device=GPU warmup=5 iters=100
[2026-05-23 12:16:11] creating session
[2026-05-23 12:16:13] session ready providers=OpenVINOExecutionProvider | CPUExecutionProvider
[2026-05-23 12:16:13] preparing inputs
[2026-05-23 12:16:13] inputs ready
[2026-05-23 12:16:13] warmup start
[2026-05-23 12:16:13] warmup done
[2026-05-23 12:16:13] benchmark iterations start
[2026-05-23 12:16:13] iteration 25/100 elapsed_s=0.0
[2026-05-23 12:16:13] iteration 50/100 elapsed_s=0.1
[2026-05-23 12:16:13] iteration 75/100 elapsed_s=0.1
[2026-05-23 12:16:13] iteration 100/100 elapsed_s=0.2
[2026-05-23 12:16:13] benchmark iterations done
[2026-05-23 12:16:13] mode complete mode=optimized mean_ms=2.002 std_ms=0.911 p95_ms=2.631
[2026-05-23 12:16:38] start mode=baseline model=mobilenetv2_int8.onnx device=GPU warmup=5 iters=100
[2026-05-23 12:16:38] creating session
[2026-05-23 12:16:40] session ready providers=OpenVINOExecutionProvider | CPUExecutionProvider
[2026-05-23 12:16:40] preparing inputs
[2026-05-23 12:16:40] inputs ready
[2026-05-23 12:16:40] warmup start
[2026-05-23 12:16:40] warmup done
[2026-05-23 12:16:40] benchmark iterations start
[2026-05-23 12:16:40] iteration 25/100 elapsed_s=0.1
[2026-05-23 12:16:40] iteration 50/100 elapsed_s=0.1
[2026-05-23 12:16:40] iteration 75/100 elapsed_s=0.2
[2026-05-23 12:16:40] iteration 100/100 elapsed_s=0.2
[2026-05-23 12:16:40] benchmark iterations done
[2026-05-23 12:16:40] mode complete mode=baseline mean_ms=2.004 std_ms=0.293 p95_ms=2.849
[2026-05-23 12:16:40] start mode=optimized model=mobilenetv2_int8.onnx device=GPU warmup=5 iters=100
[2026-05-23 12:16:40] creating session
[2026-05-23 12:16:42] session ready providers=OpenVINOExecutionProvider | CPUExecutionProvider
[2026-05-23 12:16:42] preparing inputs
[2026-05-23 12:16:42] inputs ready
[2026-05-23 12:16:42] warmup start
[2026-05-23 12:16:42] warmup done
[2026-05-23 12:16:42] benchmark iterations start
[2026-05-23 12:16:42] iteration 25/100 elapsed_s=0.0
[2026-05-23 12:16:43] iteration 50/100 elapsed_s=0.1
[2026-05-23 12:16:43] iteration 75/100 elapsed_s=0.1
[2026-05-23 12:16:43] iteration 100/100 elapsed_s=0.2
[2026-05-23 12:16:43] benchmark iterations done
[2026-05-23 12:16:43] mode complete mode=optimized mean_ms=1.954 std_ms=0.322 p95_ms=2.776
[2026-05-23 12:17:03] start mode=baseline model=mobilenetv2_int8.onnx device=CPU warmup=5 iters=100
[2026-05-23 12:17:03] creating session
[2026-05-23 12:17:04] session ready providers=OpenVINOExecutionProvider | CPUExecutionProvider
[2026-05-23 12:17:04] preparing inputs
[2026-05-23 12:17:04] inputs ready
[2026-05-23 12:17:04] warmup start
[2026-05-23 12:17:04] warmup done
[2026-05-23 12:17:04] benchmark iterations start
[2026-05-23 12:17:04] iteration 25/100 elapsed_s=0.2
[2026-05-23 12:17:05] iteration 50/100 elapsed_s=0.3
[2026-05-23 12:17:05] iteration 75/100 elapsed_s=0.4
[2026-05-23 12:17:05] iteration 100/100 elapsed_s=0.5
[2026-05-23 12:17:05] benchmark iterations done
[2026-05-23 12:17:05] mode complete mode=baseline mean_ms=5.286 std_ms=0.995 p95_ms=6.745
[2026-05-23 12:17:05] start mode=optimized model=mobilenetv2_int8.onnx device=CPU warmup=5 iters=100
[2026-05-23 12:17:05] creating session
[2026-05-23 12:17:06] session ready providers=OpenVINOExecutionProvider | CPUExecutionProvider
[2026-05-23 12:17:06] preparing inputs
[2026-05-23 12:17:06] inputs ready
[2026-05-23 12:17:06] warmup start
[2026-05-23 12:17:06] warmup done
[2026-05-23 12:17:06] benchmark iterations start
[2026-05-23 12:17:06] iteration 25/100 elapsed_s=0.1
[2026-05-23 12:17:06] iteration 50/100 elapsed_s=0.3
[2026-05-23 12:17:06] iteration 75/100 elapsed_s=0.4
[2026-05-23 12:17:07] iteration 100/100 elapsed_s=0.5
[2026-05-23 12:17:07] benchmark iterations done
[2026-05-23 12:17:07] mode complete mode=optimized mean_ms=5.174 std_ms=0.807 p95_ms=6.526
[2026-05-23 12:17:27] start mode=baseline model=mobilenetv2_int8.onnx device=CPU warmup=5 iters=100
[2026-05-23 12:17:27] creating session
[2026-05-23 12:17:28] session ready providers=OpenVINOExecutionProvider | CPUExecutionProvider
[2026-05-23 12:17:28] preparing inputs
[2026-05-23 12:17:28] inputs ready
[2026-05-23 12:17:28] warmup start
[2026-05-23 12:17:28] warmup done
[2026-05-23 12:17:28] benchmark iterations start
[2026-05-23 12:17:28] iteration 25/100 elapsed_s=0.1
[2026-05-23 12:17:28] iteration 50/100 elapsed_s=0.3
[2026-05-23 12:17:29] iteration 75/100 elapsed_s=0.4
[2026-05-23 12:17:29] iteration 100/100 elapsed_s=0.6
[2026-05-23 12:17:29] benchmark iterations done
[2026-05-23 12:17:29] mode complete mode=baseline mean_ms=5.500 std_ms=1.014 p95_ms=7.459
[2026-05-23 12:17:29] start mode=optimized model=mobilenetv2_int8.onnx device=CPU warmup=5 iters=100
[2026-05-23 12:17:29] creating session
[2026-05-23 12:17:30] session ready providers=OpenVINOExecutionProvider | CPUExecutionProvider
[2026-05-23 12:17:30] preparing inputs
[2026-05-23 12:17:30] inputs ready
[2026-05-23 12:17:30] warmup start
[2026-05-23 12:17:30] warmup done
[2026-05-23 12:17:30] benchmark iterations start
[2026-05-23 12:17:30] iteration 25/100 elapsed_s=0.1
[2026-05-23 12:17:30] iteration 50/100 elapsed_s=0.3
[2026-05-23 12:17:30] iteration 75/100 elapsed_s=0.4
[2026-05-23 12:17:31] iteration 100/100 elapsed_s=0.6
[2026-05-23 12:17:31] benchmark iterations done
[2026-05-23 12:17:31] mode complete mode=optimized mean_ms=5.678 std_ms=0.704 p95_ms=6.679
[2026-05-23 12:17:51] start mode=baseline model=mobilenetv2_int8.onnx device=CPU warmup=5 iters=100
[2026-05-23 12:17:51] creating session
[2026-05-23 12:17:52] session ready providers=OpenVINOExecutionProvider | CPUExecutionProvider
[2026-05-23 12:17:52] preparing inputs
[2026-05-23 12:17:52] inputs ready
[2026-05-23 12:17:52] warmup start
[2026-05-23 12:17:52] warmup done
[2026-05-23 12:17:52] benchmark iterations start
[2026-05-23 12:17:52] iteration 25/100 elapsed_s=0.1
[2026-05-23 12:17:52] iteration 50/100 elapsed_s=0.3
[2026-05-23 12:17:52] iteration 75/100 elapsed_s=0.4
[2026-05-23 12:17:52] iteration 100/100 elapsed_s=0.5
[2026-05-23 12:17:52] benchmark iterations done
[2026-05-23 12:17:52] mode complete mode=baseline mean_ms=5.150 std_ms=0.785 p95_ms=6.456
[2026-05-23 12:17:53] start mode=optimized model=mobilenetv2_int8.onnx device=CPU warmup=5 iters=100
[2026-05-23 12:17:53] creating session
[2026-05-23 12:17:54] session ready providers=OpenVINOExecutionProvider | CPUExecutionProvider
[2026-05-23 12:17:54] preparing inputs
[2026-05-23 12:17:54] inputs ready
[2026-05-23 12:17:54] warmup start
[2026-05-23 12:17:54] warmup done
[2026-05-23 12:17:54] benchmark iterations start
[2026-05-23 12:17:54] iteration 25/100 elapsed_s=0.1
[2026-05-23 12:17:54] iteration 50/100 elapsed_s=0.3
[2026-05-23 12:17:54] iteration 75/100 elapsed_s=0.4
[2026-05-23 12:17:54] iteration 100/100 elapsed_s=0.5
[2026-05-23 12:17:54] benchmark iterations done
[2026-05-23 12:17:54] mode complete mode=optimized mean_ms=5.361 std_ms=0.843 p95_ms=6.686
