[2026-05-23 16:03:47] start mode=baseline model=MPNN_fp32.onnx device=GPU warmup=5 iters=100
[2026-05-23 16:03:47] creating session
[2026-05-23 16:03:47] session ready providers=CPUExecutionProvider
[2026-05-23 16:03:47] preparing inputs
[2026-05-23 16:03:47] inputs ready
[2026-05-23 16:03:47] warmup start
[2026-05-23 16:03:48] warmup done
[2026-05-23 16:03:48] benchmark iterations start
[2026-05-23 16:03:48] iteration 25/100 elapsed_s=0.2
[2026-05-23 16:03:48] iteration 50/100 elapsed_s=0.3
[2026-05-23 16:03:48] iteration 75/100 elapsed_s=0.4
[2026-05-23 16:03:48] iteration 100/100 elapsed_s=0.5
[2026-05-23 16:03:48] benchmark iterations done
[2026-05-23 16:03:48] mode complete mode=baseline mean_ms=5.205 std_ms=4.882 p95_ms=10.820
[2026-05-23 16:03:48] start mode=optimized model=MPNN_fp32.onnx device=GPU warmup=5 iters=100
[2026-05-23 16:03:48] creating session
[2026-05-23 16:03:49] session ready providers=CPUExecutionProvider
[2026-05-23 16:03:49] preparing inputs
[2026-05-23 16:03:49] inputs ready
[2026-05-23 16:03:49] warmup start
[2026-05-23 16:03:49] warmup done
[2026-05-23 16:03:49] benchmark iterations start
[2026-05-23 16:03:49] iteration 25/100 elapsed_s=0.2
[2026-05-23 16:03:50] iteration 50/100 elapsed_s=0.3
[2026-05-23 16:03:50] iteration 75/100 elapsed_s=0.4
[2026-05-23 16:03:50] iteration 100/100 elapsed_s=0.6
[2026-05-23 16:03:50] benchmark iterations done
[2026-05-23 16:03:50] mode complete mode=optimized mean_ms=6.253 std_ms=4.921 p95_ms=13.817
[2026-05-23 16:09:45] start mode=baseline model=MPNN_fp32.onnx device=CPU warmup=5 iters=100
[2026-05-23 16:09:45] creating session
[2026-05-23 16:09:45] session ready providers=CPUExecutionProvider
[2026-05-23 16:09:45] preparing inputs
[2026-05-23 16:09:45] inputs ready
[2026-05-23 16:09:45] warmup start
[2026-05-23 16:09:46] warmup done
[2026-05-23 16:09:46] benchmark iterations start
[2026-05-23 16:09:46] iteration 25/100 elapsed_s=0.1
[2026-05-23 16:09:46] iteration 50/100 elapsed_s=0.2
[2026-05-23 16:09:46] iteration 75/100 elapsed_s=0.3
[2026-05-23 16:09:46] iteration 100/100 elapsed_s=0.4
[2026-05-23 16:09:46] benchmark iterations done
[2026-05-23 16:09:46] mode complete mode=baseline mean_ms=4.445 std_ms=1.758 p95_ms=6.314
[2026-05-23 16:09:46] start mode=optimized model=MPNN_fp32.onnx device=CPU warmup=5 iters=100
[2026-05-23 16:09:46] creating session
[2026-05-23 16:09:47] session ready providers=CPUExecutionProvider
[2026-05-23 16:09:47] preparing inputs
[2026-05-23 16:09:47] inputs ready
[2026-05-23 16:09:47] warmup start
[2026-05-23 16:09:47] warmup done
[2026-05-23 16:09:47] benchmark iterations start
[2026-05-23 16:09:47] iteration 25/100 elapsed_s=0.1
[2026-05-23 16:09:48] iteration 50/100 elapsed_s=0.3
[2026-05-23 16:09:48] iteration 75/100 elapsed_s=0.4
[2026-05-23 16:09:48] iteration 100/100 elapsed_s=0.5
[2026-05-23 16:09:48] benchmark iterations done
[2026-05-23 16:09:48] mode complete mode=optimized mean_ms=5.044 std_ms=2.516 p95_ms=8.948
