[2026-05-23 11:27:32] start mode=baseline model=MPNN_fp32.onnx device=GPU warmup=5 iters=100
[2026-05-23 11:27:32] creating session
[2026-05-23 11:27:32] session ready providers=CPUExecutionProvider
[2026-05-23 11:27:32] preparing inputs
[2026-05-23 11:27:33] inputs ready
[2026-05-23 11:27:33] warmup start
[2026-05-23 11:27:33] warmup done
[2026-05-23 11:27:33] benchmark iterations start
[2026-05-23 11:27:33] iteration 25/100 elapsed_s=0.6
[2026-05-23 11:27:34] iteration 50/100 elapsed_s=1.1
[2026-05-23 11:27:34] iteration 75/100 elapsed_s=1.6
[2026-05-23 11:27:35] iteration 100/100 elapsed_s=2.1
[2026-05-23 11:27:35] benchmark iterations done
[2026-05-23 11:27:35] mode complete mode=baseline mean_ms=20.922 std_ms=4.356 p95_ms=31.006
[2026-05-23 11:27:35] start mode=optimized model=MPNN_fp32.onnx device=GPU warmup=5 iters=100
[2026-05-23 11:27:35] creating session
[2026-05-23 11:27:35] session ready providers=CPUExecutionProvider
[2026-05-23 11:27:35] preparing inputs
[2026-05-23 11:27:36] inputs ready
[2026-05-23 11:27:36] warmup start
[2026-05-23 11:27:36] warmup done
[2026-05-23 11:27:36] benchmark iterations start
[2026-05-23 11:27:37] iteration 25/100 elapsed_s=0.5
[2026-05-23 11:27:37] iteration 50/100 elapsed_s=0.9
[2026-05-23 11:27:38] iteration 75/100 elapsed_s=1.4
[2026-05-23 11:27:38] iteration 100/100 elapsed_s=1.8
[2026-05-23 11:27:38] benchmark iterations done
[2026-05-23 11:27:38] mode complete mode=optimized mean_ms=18.057 std_ms=3.286 p95_ms=23.537
[2026-05-23 11:28:01] start mode=baseline model=MPNN_fp32.onnx device=GPU warmup=5 iters=100
[2026-05-23 11:28:01] creating session
[2026-05-23 11:28:01] session ready providers=CPUExecutionProvider
[2026-05-23 11:28:01] preparing inputs
[2026-05-23 11:28:04] inputs ready
[2026-05-23 11:28:04] warmup start
[2026-05-23 11:28:04] warmup done
[2026-05-23 11:28:04] benchmark iterations start
[2026-05-23 11:28:04] iteration 25/100 elapsed_s=0.6
[2026-05-23 11:28:05] iteration 50/100 elapsed_s=1.3
[2026-05-23 11:28:06] iteration 75/100 elapsed_s=2.1
[2026-05-23 11:28:07] iteration 100/100 elapsed_s=2.8
[2026-05-23 11:28:07] benchmark iterations done
[2026-05-23 11:28:07] mode complete mode=baseline mean_ms=28.171 std_ms=11.372 p95_ms=48.392
[2026-05-23 11:28:07] start mode=optimized model=MPNN_fp32.onnx device=GPU warmup=5 iters=100
[2026-05-23 11:28:07] creating session
[2026-05-23 11:28:07] session ready providers=CPUExecutionProvider
[2026-05-23 11:28:07] preparing inputs
[2026-05-23 11:28:09] inputs ready
[2026-05-23 11:28:09] warmup start
[2026-05-23 11:28:09] warmup done
[2026-05-23 11:28:09] benchmark iterations start
[2026-05-23 11:28:10] iteration 25/100 elapsed_s=0.4
[2026-05-23 11:28:10] iteration 50/100 elapsed_s=0.8
[2026-05-23 11:28:11] iteration 75/100 elapsed_s=1.3
[2026-05-23 11:28:11] iteration 100/100 elapsed_s=1.7
[2026-05-23 11:28:11] benchmark iterations done
[2026-05-23 11:28:11] mode complete mode=optimized mean_ms=16.717 std_ms=1.645 p95_ms=19.633
[2026-05-23 11:28:38] start mode=baseline model=MPNN_fp32.onnx device=GPU warmup=5 iters=100
[2026-05-23 11:28:38] creating session
[2026-05-23 11:28:38] session ready providers=CPUExecutionProvider
[2026-05-23 11:28:38] preparing inputs
[2026-05-23 11:28:41] inputs ready
[2026-05-23 11:28:41] warmup start
[2026-05-23 11:28:41] warmup done
[2026-05-23 11:28:41] benchmark iterations start
[2026-05-23 11:28:42] iteration 25/100 elapsed_s=0.5
[2026-05-23 11:28:42] iteration 50/100 elapsed_s=1.0
[2026-05-23 11:28:43] iteration 75/100 elapsed_s=1.5
[2026-05-23 11:28:44] iteration 100/100 elapsed_s=2.3
[2026-05-23 11:28:44] benchmark iterations done
[2026-05-23 11:28:44] mode complete mode=baseline mean_ms=22.495 std_ms=8.495 p95_ms=41.750
[2026-05-23 11:28:44] start mode=optimized model=MPNN_fp32.onnx device=GPU warmup=5 iters=100
[2026-05-23 11:28:44] creating session
[2026-05-23 11:28:44] session ready providers=CPUExecutionProvider
[2026-05-23 11:28:44] preparing inputs
[2026-05-23 11:28:47] inputs ready
[2026-05-23 11:28:47] warmup start
[2026-05-23 11:28:47] warmup done
[2026-05-23 11:28:47] benchmark iterations start
[2026-05-23 11:28:47] iteration 25/100 elapsed_s=0.5
[2026-05-23 11:28:48] iteration 50/100 elapsed_s=0.9
[2026-05-23 11:28:48] iteration 75/100 elapsed_s=1.3
[2026-05-23 11:28:49] iteration 100/100 elapsed_s=1.8
[2026-05-23 11:28:49] benchmark iterations done
[2026-05-23 11:28:49] mode complete mode=optimized mean_ms=18.094 std_ms=5.495 p95_ms=24.839
[2026-05-23 11:31:46] start mode=baseline model=MPNN_fp32.onnx device=CPU warmup=5 iters=100
[2026-05-23 11:31:46] creating session
[2026-05-23 11:31:47] session ready providers=CPUExecutionProvider
[2026-05-23 11:31:47] preparing inputs
[2026-05-23 11:31:47] inputs ready
[2026-05-23 11:31:47] warmup start
[2026-05-23 11:31:47] warmup done
[2026-05-23 11:31:47] benchmark iterations start
[2026-05-23 11:31:48] iteration 25/100 elapsed_s=0.5
[2026-05-23 11:31:48] iteration 50/100 elapsed_s=1.0
[2026-05-23 11:31:49] iteration 75/100 elapsed_s=1.6
[2026-05-23 11:31:50] iteration 100/100 elapsed_s=2.1
[2026-05-23 11:31:50] benchmark iterations done
[2026-05-23 11:31:50] mode complete mode=baseline mean_ms=20.972 std_ms=2.999 p95_ms=26.646
[2026-05-23 11:31:50] start mode=optimized model=MPNN_fp32.onnx device=CPU warmup=5 iters=100
[2026-05-23 11:31:50] creating session
[2026-05-23 11:31:50] session ready providers=CPUExecutionProvider
[2026-05-23 11:31:50] preparing inputs
[2026-05-23 11:31:51] inputs ready
[2026-05-23 11:31:51] warmup start
[2026-05-23 11:31:51] warmup done
[2026-05-23 11:31:51] benchmark iterations start
[2026-05-23 11:31:51] iteration 25/100 elapsed_s=0.4
[2026-05-23 11:31:52] iteration 50/100 elapsed_s=0.9
[2026-05-23 11:31:52] iteration 75/100 elapsed_s=1.4
[2026-05-23 11:31:53] iteration 100/100 elapsed_s=1.8
[2026-05-23 11:31:53] benchmark iterations done
[2026-05-23 11:31:53] mode complete mode=optimized mean_ms=17.884 std_ms=3.471 p95_ms=23.508
[2026-05-23 11:32:16] start mode=baseline model=MPNN_fp32.onnx device=CPU warmup=5 iters=100
[2026-05-23 11:32:16] creating session
[2026-05-23 11:32:16] session ready providers=CPUExecutionProvider
[2026-05-23 11:32:16] preparing inputs
[2026-05-23 11:32:18] inputs ready
[2026-05-23 11:32:18] warmup start
[2026-05-23 11:32:18] warmup done
[2026-05-23 11:32:18] benchmark iterations start
[2026-05-23 11:32:19] iteration 25/100 elapsed_s=0.6
[2026-05-23 11:32:19] iteration 50/100 elapsed_s=1.4
[2026-05-23 11:32:20] iteration 75/100 elapsed_s=2.1
[2026-05-23 11:32:21] iteration 100/100 elapsed_s=2.9
[2026-05-23 11:32:21] benchmark iterations done
[2026-05-23 11:32:21] mode complete mode=baseline mean_ms=28.478 std_ms=10.000 p95_ms=47.774
[2026-05-23 11:32:21] start mode=optimized model=MPNN_fp32.onnx device=CPU warmup=5 iters=100
[2026-05-23 11:32:21] creating session
[2026-05-23 11:32:21] session ready providers=CPUExecutionProvider
[2026-05-23 11:32:21] preparing inputs
[2026-05-23 11:32:24] inputs ready
[2026-05-23 11:32:24] warmup start
[2026-05-23 11:32:24] warmup done
[2026-05-23 11:32:24] benchmark iterations start
[2026-05-23 11:32:24] iteration 25/100 elapsed_s=0.4
[2026-05-23 11:32:25] iteration 50/100 elapsed_s=0.8
[2026-05-23 11:32:25] iteration 75/100 elapsed_s=1.2
[2026-05-23 11:32:25] iteration 100/100 elapsed_s=1.6
[2026-05-23 11:32:25] benchmark iterations done
[2026-05-23 11:32:25] mode complete mode=optimized mean_ms=15.755 std_ms=4.037 p95_ms=22.111
[2026-05-23 11:32:55] start mode=baseline model=MPNN_fp32.onnx device=CPU warmup=5 iters=100
[2026-05-23 11:32:55] creating session
[2026-05-23 11:32:55] session ready providers=CPUExecutionProvider
[2026-05-23 11:32:55] preparing inputs
[2026-05-23 11:32:57] inputs ready
[2026-05-23 11:32:57] warmup start
[2026-05-23 11:32:58] warmup done
[2026-05-23 11:32:58] benchmark iterations start
[2026-05-23 11:32:58] iteration 25/100 elapsed_s=0.5
[2026-05-23 11:32:59] iteration 50/100 elapsed_s=1.0
[2026-05-23 11:32:59] iteration 75/100 elapsed_s=1.5
[2026-05-23 11:33:00] iteration 100/100 elapsed_s=2.3
[2026-05-23 11:33:00] benchmark iterations done
[2026-05-23 11:33:00] mode complete mode=baseline mean_ms=22.643 std_ms=8.207 p95_ms=41.641
[2026-05-23 11:33:00] start mode=optimized model=MPNN_fp32.onnx device=CPU warmup=5 iters=100
[2026-05-23 11:33:00] creating session
[2026-05-23 11:33:00] session ready providers=CPUExecutionProvider
[2026-05-23 11:33:00] preparing inputs
[2026-05-23 11:33:03] inputs ready
[2026-05-23 11:33:03] warmup start
[2026-05-23 11:33:03] warmup done
[2026-05-23 11:33:03] benchmark iterations start
[2026-05-23 11:33:03] iteration 25/100 elapsed_s=0.5
[2026-05-23 11:33:04] iteration 50/100 elapsed_s=0.9
[2026-05-23 11:33:04] iteration 75/100 elapsed_s=1.3
[2026-05-23 11:33:05] iteration 100/100 elapsed_s=1.7
[2026-05-23 11:33:05] benchmark iterations done
[2026-05-23 11:33:05] mode complete mode=optimized mean_ms=16.905 std_ms=2.336 p95_ms=22.299
