[2026-05-23 16:06:24] start mode=baseline model=MPNN_int8.onnx device=GPU warmup=5 iters=100
[2026-05-23 16:06:24] creating session
[2026-05-23 16:06:24] session ready providers=CPUExecutionProvider
[2026-05-23 16:06:24] preparing inputs
[2026-05-23 16:06:25] inputs ready
[2026-05-23 16:06:25] warmup start
[2026-05-23 16:06:25] warmup done
[2026-05-23 16:06:25] benchmark iterations start
[2026-05-23 16:06:27] iteration 25/100 elapsed_s=1.5
[2026-05-23 16:06:28] iteration 50/100 elapsed_s=3.1
[2026-05-23 16:06:31] iteration 75/100 elapsed_s=6.2
[2026-05-23 16:06:33] iteration 100/100 elapsed_s=8.3
[2026-05-23 16:06:33] benchmark iterations done
[2026-05-23 16:06:33] mode complete mode=baseline mean_ms=82.458 std_ms=33.355 p95_ms=148.200
[2026-05-23 16:06:34] start mode=optimized model=MPNN_int8.onnx device=GPU warmup=5 iters=100
[2026-05-23 16:06:34] creating session
[2026-05-23 16:06:34] session ready providers=CPUExecutionProvider
[2026-05-23 16:06:34] preparing inputs
[2026-05-23 16:06:35] inputs ready
[2026-05-23 16:06:35] warmup start
[2026-05-23 16:06:35] warmup done
[2026-05-23 16:06:35] benchmark iterations start
[2026-05-23 16:06:36] iteration 25/100 elapsed_s=1.3
[2026-05-23 16:06:38] iteration 50/100 elapsed_s=2.8
[2026-05-23 16:06:40] iteration 75/100 elapsed_s=4.6
[2026-05-23 16:06:41] iteration 100/100 elapsed_s=6.3
[2026-05-23 16:06:41] benchmark iterations done
[2026-05-23 16:06:41] mode complete mode=optimized mean_ms=62.837 std_ms=13.157 p95_ms=89.743
[2026-05-23 16:12:17] start mode=baseline model=MPNN_int8.onnx device=CPU warmup=5 iters=100
[2026-05-23 16:12:17] creating session
[2026-05-23 16:12:17] session ready providers=CPUExecutionProvider
[2026-05-23 16:12:17] preparing inputs
[2026-05-23 16:12:18] inputs ready
[2026-05-23 16:12:18] warmup start
[2026-05-23 16:12:19] warmup done
[2026-05-23 16:12:19] benchmark iterations start
[2026-05-23 16:12:20] iteration 25/100 elapsed_s=1.5
[2026-05-23 16:12:21] iteration 50/100 elapsed_s=2.9
[2026-05-23 16:12:23] iteration 75/100 elapsed_s=4.9
[2026-05-23 16:12:25] iteration 100/100 elapsed_s=6.8
[2026-05-23 16:12:25] benchmark iterations done
[2026-05-23 16:12:25] mode complete mode=baseline mean_ms=68.119 std_ms=15.283 p95_ms=95.666
[2026-05-23 16:12:26] start mode=optimized model=MPNN_int8.onnx device=CPU warmup=5 iters=100
[2026-05-23 16:12:26] creating session
[2026-05-23 16:12:26] session ready providers=CPUExecutionProvider
[2026-05-23 16:12:26] preparing inputs
[2026-05-23 16:12:27] inputs ready
[2026-05-23 16:12:27] warmup start
[2026-05-23 16:12:27] warmup done
[2026-05-23 16:12:27] benchmark iterations start
[2026-05-23 16:12:28] iteration 25/100 elapsed_s=1.1
[2026-05-23 16:12:29] iteration 50/100 elapsed_s=2.2
[2026-05-23 16:12:30] iteration 75/100 elapsed_s=3.3
[2026-05-23 16:12:32] iteration 100/100 elapsed_s=4.8
[2026-05-23 16:12:32] benchmark iterations done
[2026-05-23 16:12:32] mode complete mode=optimized mean_ms=48.069 std_ms=11.602 p95_ms=67.936
