[2026-05-23 15:57:19] start mode=baseline model=GraphTransformer_fp32.onnx device=NPU warmup=5 iters=100
[2026-05-23 15:57:19] creating session
[2026-05-23 15:57:19] session ready providers=OpenVINOExecutionProvider | CPUExecutionProvider
[2026-05-23 15:57:19] preparing inputs
[2026-05-23 15:57:19] inputs ready
[2026-05-23 15:57:19] warmup start
[2026-05-23 15:57:19] warmup done
[2026-05-23 15:57:19] benchmark iterations start
[2026-05-23 15:57:19] iteration 25/100 elapsed_s=0.2
[2026-05-23 15:57:20] iteration 50/100 elapsed_s=0.3
[2026-05-23 15:57:20] iteration 75/100 elapsed_s=0.5
[2026-05-23 15:57:20] iteration 100/100 elapsed_s=0.6
[2026-05-23 15:57:20] benchmark iterations done
[2026-05-23 15:57:20] mode complete mode=baseline mean_ms=6.365 std_ms=1.360 p95_ms=8.677
[2026-05-23 15:57:20] start mode=optimized model=GraphTransformer_fp32.onnx device=NPU warmup=5 iters=100
[2026-05-23 15:57:20] creating session
[2026-05-23 15:57:20] session ready providers=OpenVINOExecutionProvider | CPUExecutionProvider
[2026-05-23 15:57:20] preparing inputs
[2026-05-23 15:57:21] inputs ready
[2026-05-23 15:57:21] warmup start
[2026-05-23 15:57:21] warmup done
[2026-05-23 15:57:21] benchmark iterations start
[2026-05-23 15:57:21] iteration 25/100 elapsed_s=0.2
[2026-05-23 15:57:21] iteration 50/100 elapsed_s=0.3
[2026-05-23 15:57:21] iteration 75/100 elapsed_s=0.5
[2026-05-23 15:57:21] iteration 100/100 elapsed_s=0.6
[2026-05-23 15:57:21] benchmark iterations done
[2026-05-23 15:57:21] mode complete mode=optimized mean_ms=6.313 std_ms=1.155 p95_ms=8.772
[2026-05-23 15:59:40] start mode=baseline model=GraphTransformer_fp32.onnx device=GPU warmup=5 iters=100
[2026-05-23 15:59:40] creating session
[2026-05-23 15:59:41] session ready providers=OpenVINOExecutionProvider | CPUExecutionProvider
[2026-05-23 15:59:41] preparing inputs
[2026-05-23 15:59:41] inputs ready
[2026-05-23 15:59:41] warmup start
[2026-05-23 15:59:41] warmup done
[2026-05-23 15:59:41] benchmark iterations start
[2026-05-23 15:59:41] iteration 25/100 elapsed_s=0.1
[2026-05-23 15:59:41] iteration 50/100 elapsed_s=0.1
[2026-05-23 15:59:41] iteration 75/100 elapsed_s=0.2
[2026-05-23 15:59:41] iteration 100/100 elapsed_s=0.2
[2026-05-23 15:59:41] benchmark iterations done
[2026-05-23 15:59:41] mode complete mode=baseline mean_ms=2.380 std_ms=0.319 p95_ms=3.113
[2026-05-23 15:59:42] start mode=optimized model=GraphTransformer_fp32.onnx device=GPU warmup=5 iters=100
[2026-05-23 15:59:42] creating session
[2026-05-23 15:59:43] session ready providers=OpenVINOExecutionProvider | CPUExecutionProvider
[2026-05-23 15:59:43] preparing inputs
[2026-05-23 15:59:43] inputs ready
[2026-05-23 15:59:43] warmup start
[2026-05-23 15:59:43] warmup done
[2026-05-23 15:59:43] benchmark iterations start
[2026-05-23 15:59:43] iteration 25/100 elapsed_s=0.1
[2026-05-23 15:59:43] iteration 50/100 elapsed_s=0.1
[2026-05-23 15:59:43] iteration 75/100 elapsed_s=0.2
[2026-05-23 15:59:44] iteration 100/100 elapsed_s=0.2
[2026-05-23 15:59:44] benchmark iterations done
[2026-05-23 15:59:44] mode complete mode=optimized mean_ms=2.282 std_ms=0.385 p95_ms=3.147
[2026-05-23 16:01:45] start mode=baseline model=GraphTransformer_fp32.onnx device=CPU warmup=5 iters=100
[2026-05-23 16:01:45] creating session
[2026-05-23 16:01:45] session ready providers=OpenVINOExecutionProvider | CPUExecutionProvider
[2026-05-23 16:01:45] preparing inputs
[2026-05-23 16:01:46] inputs ready
[2026-05-23 16:01:46] warmup start
[2026-05-23 16:01:46] warmup done
[2026-05-23 16:01:46] benchmark iterations start
[2026-05-23 16:01:46] iteration 25/100 elapsed_s=0.2
[2026-05-23 16:01:46] iteration 50/100 elapsed_s=0.3
[2026-05-23 16:01:46] iteration 75/100 elapsed_s=0.5
[2026-05-23 16:01:46] iteration 100/100 elapsed_s=0.6
[2026-05-23 16:01:46] benchmark iterations done
[2026-05-23 16:01:46] mode complete mode=baseline mean_ms=6.385 std_ms=1.103 p95_ms=8.879
[2026-05-23 16:01:47] start mode=optimized model=GraphTransformer_fp32.onnx device=CPU warmup=5 iters=100
[2026-05-23 16:01:47] creating session
[2026-05-23 16:01:47] session ready providers=OpenVINOExecutionProvider | CPUExecutionProvider
[2026-05-23 16:01:47] preparing inputs
[2026-05-23 16:01:47] inputs ready
[2026-05-23 16:01:47] warmup start
[2026-05-23 16:01:47] warmup done
[2026-05-23 16:01:47] benchmark iterations start
[2026-05-23 16:01:48] iteration 25/100 elapsed_s=0.2
[2026-05-23 16:01:48] iteration 50/100 elapsed_s=0.3
[2026-05-23 16:01:48] iteration 75/100 elapsed_s=0.5
[2026-05-23 16:01:48] iteration 100/100 elapsed_s=0.6
[2026-05-23 16:01:48] benchmark iterations done
[2026-05-23 16:01:48] mode complete mode=optimized mean_ms=6.250 std_ms=1.098 p95_ms=8.331
