[2026-05-23 15:27:26] start mode=baseline model=GraphSAGE_fp32.onnx device=NPU warmup=5 iters=100
[2026-05-23 15:27:26] creating session
[2026-05-23 15:27:27] session ready providers=OpenVINOExecutionProvider | CPUExecutionProvider
[2026-05-23 15:27:27] preparing inputs
[2026-05-23 15:27:27] inputs ready
[2026-05-23 15:27:27] warmup start
[2026-05-23 15:27:27] warmup done
[2026-05-23 15:27:27] benchmark iterations start
[2026-05-23 15:27:28] iteration 25/100 elapsed_s=0.4
[2026-05-23 15:27:28] iteration 50/100 elapsed_s=0.9
[2026-05-23 15:27:29] iteration 75/100 elapsed_s=1.4
[2026-05-23 15:27:29] iteration 100/100 elapsed_s=1.8
[2026-05-23 15:27:29] benchmark iterations done
[2026-05-23 15:27:29] mode complete mode=baseline mean_ms=18.022 std_ms=3.894 p95_ms=24.542
[2026-05-23 15:27:29] start mode=optimized model=GraphSAGE_fp32.onnx device=NPU warmup=5 iters=100
[2026-05-23 15:27:29] creating session
[2026-05-23 15:27:30] session ready providers=OpenVINOExecutionProvider | CPUExecutionProvider
[2026-05-23 15:27:30] preparing inputs
[2026-05-23 15:27:30] inputs ready
[2026-05-23 15:27:30] warmup start
[2026-05-23 15:27:30] warmup done
[2026-05-23 15:27:30] benchmark iterations start
[2026-05-23 15:27:31] iteration 25/100 elapsed_s=0.4
[2026-05-23 15:27:31] iteration 50/100 elapsed_s=0.8
[2026-05-23 15:27:31] iteration 75/100 elapsed_s=1.2
[2026-05-23 15:27:32] iteration 100/100 elapsed_s=1.6
[2026-05-23 15:27:32] benchmark iterations done
[2026-05-23 15:27:32] mode complete mode=optimized mean_ms=15.892 std_ms=1.621 p95_ms=17.778
[2026-05-23 15:38:35] start mode=baseline model=GraphSAGE_fp32.onnx device=GPU warmup=5 iters=100
[2026-05-23 15:38:35] creating session
[2026-05-23 15:38:36] session ready providers=OpenVINOExecutionProvider | CPUExecutionProvider
[2026-05-23 15:38:36] preparing inputs
[2026-05-23 15:38:36] inputs ready
[2026-05-23 15:38:36] warmup start
[2026-05-23 15:38:36] warmup done
[2026-05-23 15:38:36] benchmark iterations start
[2026-05-23 15:38:36] iteration 25/100 elapsed_s=0.2
[2026-05-23 15:38:37] iteration 50/100 elapsed_s=0.5
[2026-05-23 15:38:37] iteration 75/100 elapsed_s=0.7
[2026-05-23 15:38:37] iteration 100/100 elapsed_s=0.9
[2026-05-23 15:38:37] benchmark iterations done
[2026-05-23 15:38:37] mode complete mode=baseline mean_ms=9.341 std_ms=0.710 p95_ms=10.452
[2026-05-23 15:38:37] start mode=optimized model=GraphSAGE_fp32.onnx device=GPU warmup=5 iters=100
[2026-05-23 15:38:37] creating session
[2026-05-23 15:38:39] session ready providers=OpenVINOExecutionProvider | CPUExecutionProvider
[2026-05-23 15:38:39] preparing inputs
[2026-05-23 15:38:39] inputs ready
[2026-05-23 15:38:39] warmup start
[2026-05-23 15:38:39] warmup done
[2026-05-23 15:38:39] benchmark iterations start
[2026-05-23 15:38:39] iteration 25/100 elapsed_s=0.2
[2026-05-23 15:38:39] iteration 50/100 elapsed_s=0.5
[2026-05-23 15:38:40] iteration 75/100 elapsed_s=0.7
[2026-05-23 15:38:40] iteration 100/100 elapsed_s=0.9
[2026-05-23 15:38:40] benchmark iterations done
[2026-05-23 15:38:40] mode complete mode=optimized mean_ms=9.423 std_ms=0.612 p95_ms=10.346
[2026-05-23 15:46:14] start mode=baseline model=GraphSAGE_fp32.onnx device=CPU warmup=5 iters=100
[2026-05-23 15:46:14] creating session
[2026-05-23 15:46:14] session ready providers=OpenVINOExecutionProvider | CPUExecutionProvider
[2026-05-23 15:46:14] preparing inputs
[2026-05-23 15:46:14] inputs ready
[2026-05-23 15:46:14] warmup start
[2026-05-23 15:46:15] warmup done
[2026-05-23 15:46:15] benchmark iterations start
[2026-05-23 15:46:15] iteration 25/100 elapsed_s=0.4
[2026-05-23 15:46:15] iteration 50/100 elapsed_s=0.8
[2026-05-23 15:46:16] iteration 75/100 elapsed_s=1.2
[2026-05-23 15:46:16] iteration 100/100 elapsed_s=1.6
[2026-05-23 15:46:16] benchmark iterations done
[2026-05-23 15:46:16] mode complete mode=baseline mean_ms=15.735 std_ms=1.036 p95_ms=17.620
[2026-05-23 15:46:17] start mode=optimized model=GraphSAGE_fp32.onnx device=CPU warmup=5 iters=100
[2026-05-23 15:46:17] creating session
[2026-05-23 15:46:17] session ready providers=OpenVINOExecutionProvider | CPUExecutionProvider
[2026-05-23 15:46:17] preparing inputs
[2026-05-23 15:46:17] inputs ready
[2026-05-23 15:46:17] warmup start
[2026-05-23 15:46:17] warmup done
[2026-05-23 15:46:17] benchmark iterations start
[2026-05-23 15:46:18] iteration 25/100 elapsed_s=0.4
[2026-05-23 15:46:18] iteration 50/100 elapsed_s=0.8
[2026-05-23 15:46:19] iteration 75/100 elapsed_s=1.2
[2026-05-23 15:46:19] iteration 100/100 elapsed_s=1.6
[2026-05-23 15:46:19] benchmark iterations done
[2026-05-23 15:46:19] mode complete mode=optimized mean_ms=15.754 std_ms=0.775 p95_ms=17.225
