[2026-05-23 14:41:27] start mode=baseline model=GAT_fp32.onnx device=NPU warmup=5 iters=100
[2026-05-23 14:41:27] creating session
[2026-05-23 14:41:28] session ready providers=OpenVINOExecutionProvider | CPUExecutionProvider
[2026-05-23 14:41:28] preparing inputs
[2026-05-23 14:41:28] inputs ready
[2026-05-23 14:41:28] warmup start
[2026-05-23 14:41:28] warmup done
[2026-05-23 14:41:28] benchmark iterations start
[2026-05-23 14:41:28] iteration 25/100 elapsed_s=0.1
[2026-05-23 14:41:28] iteration 50/100 elapsed_s=0.2
[2026-05-23 14:41:28] iteration 75/100 elapsed_s=0.3
[2026-05-23 14:41:28] iteration 100/100 elapsed_s=0.4
[2026-05-23 14:41:28] benchmark iterations done
[2026-05-23 14:41:28] mode complete mode=baseline mean_ms=4.174 std_ms=0.753 p95_ms=5.435
[2026-05-23 14:41:29] start mode=optimized model=GAT_fp32.onnx device=NPU warmup=5 iters=100
[2026-05-23 14:41:29] creating session
[2026-05-23 14:41:29] session ready providers=OpenVINOExecutionProvider | CPUExecutionProvider
[2026-05-23 14:41:29] preparing inputs
[2026-05-23 14:41:29] inputs ready
[2026-05-23 14:41:29] warmup start
[2026-05-23 14:41:29] warmup done
[2026-05-23 14:41:29] benchmark iterations start
[2026-05-23 14:41:29] iteration 25/100 elapsed_s=0.1
[2026-05-23 14:41:30] iteration 50/100 elapsed_s=0.2
[2026-05-23 14:41:30] iteration 75/100 elapsed_s=0.3
[2026-05-23 14:41:30] iteration 100/100 elapsed_s=0.4
[2026-05-23 14:41:30] benchmark iterations done
[2026-05-23 14:41:30] mode complete mode=optimized mean_ms=4.076 std_ms=1.055 p95_ms=5.483
[2026-05-23 14:44:58] start mode=baseline model=GAT_fp32.onnx device=GPU warmup=5 iters=100
[2026-05-23 14:44:58] creating session
[2026-05-23 14:44:59] session ready providers=OpenVINOExecutionProvider | CPUExecutionProvider
[2026-05-23 14:44:59] preparing inputs
[2026-05-23 14:44:59] inputs ready
[2026-05-23 14:45:00] warmup start
[2026-05-23 14:45:00] warmup done
[2026-05-23 14:45:00] benchmark iterations start
[2026-05-23 14:45:00] iteration 25/100 elapsed_s=0.1
[2026-05-23 14:45:00] iteration 50/100 elapsed_s=0.2
[2026-05-23 14:45:00] iteration 75/100 elapsed_s=0.2
[2026-05-23 14:45:00] iteration 100/100 elapsed_s=0.3
[2026-05-23 14:45:00] benchmark iterations done
[2026-05-23 14:45:00] mode complete mode=baseline mean_ms=2.968 std_ms=0.651 p95_ms=3.972
[2026-05-23 14:45:00] start mode=optimized model=GAT_fp32.onnx device=GPU warmup=5 iters=100
[2026-05-23 14:45:00] creating session
[2026-05-23 14:45:02] session ready providers=OpenVINOExecutionProvider | CPUExecutionProvider
[2026-05-23 14:45:02] preparing inputs
[2026-05-23 14:45:02] inputs ready
[2026-05-23 14:45:02] warmup start
[2026-05-23 14:45:02] warmup done
[2026-05-23 14:45:02] benchmark iterations start
[2026-05-23 14:45:02] iteration 25/100 elapsed_s=0.1
[2026-05-23 14:45:02] iteration 50/100 elapsed_s=0.2
[2026-05-23 14:45:02] iteration 75/100 elapsed_s=0.2
[2026-05-23 14:45:03] iteration 100/100 elapsed_s=0.3
[2026-05-23 14:45:03] benchmark iterations done
[2026-05-23 14:45:03] mode complete mode=optimized mean_ms=3.009 std_ms=0.605 p95_ms=3.997
[2026-05-23 14:48:41] start mode=baseline model=GAT_fp32.onnx device=CPU warmup=5 iters=100
[2026-05-23 14:48:41] creating session
[2026-05-23 14:48:41] session ready providers=OpenVINOExecutionProvider | CPUExecutionProvider
[2026-05-23 14:48:41] preparing inputs
[2026-05-23 14:48:42] inputs ready
[2026-05-23 14:48:42] warmup start
[2026-05-23 14:48:42] warmup done
[2026-05-23 14:48:42] benchmark iterations start
[2026-05-23 14:48:42] iteration 25/100 elapsed_s=0.1
[2026-05-23 14:48:42] iteration 50/100 elapsed_s=0.2
[2026-05-23 14:48:42] iteration 75/100 elapsed_s=0.3
[2026-05-23 14:48:42] iteration 100/100 elapsed_s=0.4
[2026-05-23 14:48:42] benchmark iterations done
[2026-05-23 14:48:42] mode complete mode=baseline mean_ms=4.000 std_ms=0.763 p95_ms=5.658
[2026-05-23 14:48:42] start mode=optimized model=GAT_fp32.onnx device=CPU warmup=5 iters=100
[2026-05-23 14:48:42] creating session
[2026-05-23 14:48:43] session ready providers=OpenVINOExecutionProvider | CPUExecutionProvider
[2026-05-23 14:48:43] preparing inputs
[2026-05-23 14:48:43] inputs ready
[2026-05-23 14:48:43] warmup start
[2026-05-23 14:48:43] warmup done
[2026-05-23 14:48:43] benchmark iterations start
[2026-05-23 14:48:43] iteration 25/100 elapsed_s=0.1
[2026-05-23 14:48:43] iteration 50/100 elapsed_s=0.2
[2026-05-23 14:48:43] iteration 75/100 elapsed_s=0.3
[2026-05-23 14:48:43] iteration 100/100 elapsed_s=0.4
[2026-05-23 14:48:43] benchmark iterations done
[2026-05-23 14:48:43] mode complete mode=optimized mean_ms=3.827 std_ms=0.695 p95_ms=5.173
