[2026-05-23 14:42:47] start mode=baseline model=GAT_fp32.onnx device=NPU warmup=5 iters=100
[2026-05-23 14:42:47] creating session
[2026-05-23 14:42:47] session ready providers=OpenVINOExecutionProvider | CPUExecutionProvider
[2026-05-23 14:42:47] preparing inputs
[2026-05-23 14:42:48] inputs ready
[2026-05-23 14:42:48] warmup start
[2026-05-23 14:42:48] warmup done
[2026-05-23 14:42:48] benchmark iterations start
[2026-05-23 14:42:48] iteration 25/100 elapsed_s=0.5
[2026-05-23 14:42:49] iteration 50/100 elapsed_s=0.9
[2026-05-23 14:42:49] iteration 75/100 elapsed_s=1.4
[2026-05-23 14:42:50] iteration 100/100 elapsed_s=1.9
[2026-05-23 14:42:50] benchmark iterations done
[2026-05-23 14:42:50] mode complete mode=baseline mean_ms=18.848 std_ms=1.104 p95_ms=20.807
[2026-05-23 14:42:50] start mode=optimized model=GAT_fp32.onnx device=NPU warmup=5 iters=100
[2026-05-23 14:42:50] creating session
[2026-05-23 14:42:50] session ready providers=OpenVINOExecutionProvider | CPUExecutionProvider
[2026-05-23 14:42:50] preparing inputs
[2026-05-23 14:42:51] inputs ready
[2026-05-23 14:42:51] warmup start
[2026-05-23 14:42:51] warmup done
[2026-05-23 14:42:51] benchmark iterations start
[2026-05-23 14:42:51] iteration 25/100 elapsed_s=0.5
[2026-05-23 14:42:52] iteration 50/100 elapsed_s=0.9
[2026-05-23 14:42:52] iteration 75/100 elapsed_s=1.4
[2026-05-23 14:42:53] iteration 100/100 elapsed_s=1.9
[2026-05-23 14:42:53] benchmark iterations done
[2026-05-23 14:42:53] mode complete mode=optimized mean_ms=18.671 std_ms=1.086 p95_ms=20.137
[2026-05-23 14:46:42] start mode=baseline model=GAT_fp32.onnx device=GPU warmup=5 iters=100
[2026-05-23 14:46:42] creating session
[2026-05-23 14:46:44] session ready providers=OpenVINOExecutionProvider | CPUExecutionProvider
[2026-05-23 14:46:44] preparing inputs
[2026-05-23 14:46:44] inputs ready
[2026-05-23 14:46:44] warmup start
[2026-05-23 14:46:44] warmup done
[2026-05-23 14:46:44] benchmark iterations start
[2026-05-23 14:46:44] iteration 25/100 elapsed_s=0.4
[2026-05-23 14:46:45] iteration 50/100 elapsed_s=0.9
[2026-05-23 14:46:45] iteration 75/100 elapsed_s=1.3
[2026-05-23 14:46:46] iteration 100/100 elapsed_s=1.7
[2026-05-23 14:46:46] benchmark iterations done
[2026-05-23 14:46:46] mode complete mode=baseline mean_ms=17.287 std_ms=0.544 p95_ms=18.253
[2026-05-23 14:46:46] start mode=optimized model=GAT_fp32.onnx device=GPU warmup=5 iters=100
[2026-05-23 14:46:46] creating session
[2026-05-23 14:46:48] session ready providers=OpenVINOExecutionProvider | CPUExecutionProvider
[2026-05-23 14:46:48] preparing inputs
[2026-05-23 14:46:48] inputs ready
[2026-05-23 14:46:48] warmup start
[2026-05-23 14:46:48] warmup done
[2026-05-23 14:46:48] benchmark iterations start
[2026-05-23 14:46:48] iteration 25/100 elapsed_s=0.4
[2026-05-23 14:46:49] iteration 50/100 elapsed_s=0.9
[2026-05-23 14:46:49] iteration 75/100 elapsed_s=1.3
[2026-05-23 14:46:50] iteration 100/100 elapsed_s=1.7
[2026-05-23 14:46:50] benchmark iterations done
[2026-05-23 14:46:50] mode complete mode=optimized mean_ms=17.326 std_ms=0.688 p95_ms=18.515
[2026-05-23 14:49:59] start mode=baseline model=GAT_fp32.onnx device=CPU warmup=5 iters=100
[2026-05-23 14:49:59] creating session
[2026-05-23 14:49:59] session ready providers=OpenVINOExecutionProvider | CPUExecutionProvider
[2026-05-23 14:49:59] preparing inputs
[2026-05-23 14:50:00] inputs ready
[2026-05-23 14:50:00] warmup start
[2026-05-23 14:50:00] warmup done
[2026-05-23 14:50:00] benchmark iterations start
[2026-05-23 14:50:00] iteration 25/100 elapsed_s=0.5
[2026-05-23 14:50:01] iteration 50/100 elapsed_s=1.0
[2026-05-23 14:50:01] iteration 75/100 elapsed_s=1.4
[2026-05-23 14:50:02] iteration 100/100 elapsed_s=1.9
[2026-05-23 14:50:02] benchmark iterations done
[2026-05-23 14:50:02] mode complete mode=baseline mean_ms=19.066 std_ms=3.286 p95_ms=22.706
[2026-05-23 14:50:02] start mode=optimized model=GAT_fp32.onnx device=CPU warmup=5 iters=100
[2026-05-23 14:50:02] creating session
[2026-05-23 14:50:03] session ready providers=OpenVINOExecutionProvider | CPUExecutionProvider
[2026-05-23 14:50:03] preparing inputs
[2026-05-23 14:50:03] inputs ready
[2026-05-23 14:50:03] warmup start
[2026-05-23 14:50:03] warmup done
[2026-05-23 14:50:03] benchmark iterations start
[2026-05-23 14:50:04] iteration 25/100 elapsed_s=0.5
[2026-05-23 14:50:04] iteration 50/100 elapsed_s=1.0
[2026-05-23 14:50:04] iteration 75/100 elapsed_s=1.4
[2026-05-23 14:50:05] iteration 100/100 elapsed_s=1.9
[2026-05-23 14:50:05] benchmark iterations done
[2026-05-23 14:50:05] mode complete mode=optimized mean_ms=18.634 std_ms=1.243 p95_ms=20.555
