[2026-05-23 12:13:55] start mode=baseline model=mobilenetv2_int8.onnx device=NPU warmup=5 iters=100
[2026-05-23 12:13:55] creating session
[2026-05-23 12:13:57] session ready providers=OpenVINOExecutionProvider | CPUExecutionProvider
[2026-05-23 12:13:57] preparing inputs
[2026-05-23 12:13:57] inputs ready
[2026-05-23 12:13:57] warmup start
[2026-05-23 12:13:57] warmup done
[2026-05-23 12:13:57] benchmark iterations start
[2026-05-23 12:13:57] iteration 25/100 elapsed_s=0.1
[2026-05-23 12:13:57] iteration 50/100 elapsed_s=0.3
[2026-05-23 12:13:58] iteration 75/100 elapsed_s=0.5
[2026-05-23 12:13:58] iteration 100/100 elapsed_s=0.7
[2026-05-23 12:13:58] benchmark iterations done
[2026-05-23 12:13:58] mode complete mode=baseline mean_ms=6.793 std_ms=2.954 p95_ms=9.618
[2026-05-23 12:13:58] start mode=optimized model=mobilenetv2_int8.onnx device=NPU warmup=5 iters=100
[2026-05-23 12:13:58] creating session
[2026-05-23 12:14:00] session ready providers=OpenVINOExecutionProvider | CPUExecutionProvider
[2026-05-23 12:14:00] preparing inputs
[2026-05-23 12:14:00] inputs ready
[2026-05-23 12:14:00] warmup start
[2026-05-23 12:14:00] warmup done
[2026-05-23 12:14:00] benchmark iterations start
[2026-05-23 12:14:00] iteration 25/100 elapsed_s=0.1
[2026-05-23 12:14:00] iteration 50/100 elapsed_s=0.2
[2026-05-23 12:14:00] iteration 75/100 elapsed_s=0.4
[2026-05-23 12:14:01] iteration 100/100 elapsed_s=0.5
[2026-05-23 12:14:01] benchmark iterations done
[2026-05-23 12:14:01] mode complete mode=optimized mean_ms=4.940 std_ms=0.754 p95_ms=6.139
[2026-05-23 12:14:28] start mode=baseline model=mobilenetv2_int8.onnx device=NPU warmup=5 iters=100
[2026-05-23 12:14:28] creating session
[2026-05-23 12:14:30] session ready providers=OpenVINOExecutionProvider | CPUExecutionProvider
[2026-05-23 12:14:30] preparing inputs
[2026-05-23 12:14:30] inputs ready
[2026-05-23 12:14:30] warmup start
[2026-05-23 12:14:31] warmup done
[2026-05-23 12:14:31] benchmark iterations start
[2026-05-23 12:14:31] iteration 25/100 elapsed_s=0.2
[2026-05-23 12:14:31] iteration 50/100 elapsed_s=0.4
[2026-05-23 12:14:31] iteration 75/100 elapsed_s=0.5
[2026-05-23 12:14:31] iteration 100/100 elapsed_s=0.6
[2026-05-23 12:14:31] benchmark iterations done
[2026-05-23 12:14:31] mode complete mode=baseline mean_ms=6.264 std_ms=1.431 p95_ms=8.975
[2026-05-23 12:14:31] start mode=optimized model=mobilenetv2_int8.onnx device=NPU warmup=5 iters=100
[2026-05-23 12:14:31] creating session
[2026-05-23 12:14:33] session ready providers=OpenVINOExecutionProvider | CPUExecutionProvider
[2026-05-23 12:14:33] preparing inputs
[2026-05-23 12:14:33] inputs ready
[2026-05-23 12:14:33] warmup start
[2026-05-23 12:14:33] warmup done
[2026-05-23 12:14:33] benchmark iterations start
[2026-05-23 12:14:34] iteration 25/100 elapsed_s=0.1
[2026-05-23 12:14:34] iteration 50/100 elapsed_s=0.3
[2026-05-23 12:14:34] iteration 75/100 elapsed_s=0.4
[2026-05-23 12:14:34] iteration 100/100 elapsed_s=0.5
[2026-05-23 12:14:34] benchmark iterations done
[2026-05-23 12:14:34] mode complete mode=optimized mean_ms=5.113 std_ms=0.765 p95_ms=6.418
[2026-05-23 12:15:02] start mode=baseline model=mobilenetv2_int8.onnx device=NPU warmup=5 iters=100
[2026-05-23 12:15:02] creating session
[2026-05-23 12:15:04] session ready providers=OpenVINOExecutionProvider | CPUExecutionProvider
[2026-05-23 12:15:04] preparing inputs
[2026-05-23 12:15:04] inputs ready
[2026-05-23 12:15:04] warmup start
[2026-05-23 12:15:04] warmup done
[2026-05-23 12:15:04] benchmark iterations start
[2026-05-23 12:15:04] iteration 25/100 elapsed_s=0.1
[2026-05-23 12:15:04] iteration 50/100 elapsed_s=0.3
[2026-05-23 12:15:04] iteration 75/100 elapsed_s=0.4
[2026-05-23 12:15:05] iteration 100/100 elapsed_s=0.5
[2026-05-23 12:15:05] benchmark iterations done
[2026-05-23 12:15:05] mode complete mode=baseline mean_ms=5.058 std_ms=0.750 p95_ms=6.185
[2026-05-23 12:15:05] start mode=optimized model=mobilenetv2_int8.onnx device=NPU warmup=5 iters=100
[2026-05-23 12:15:05] creating session
[2026-05-23 12:15:07] session ready providers=OpenVINOExecutionProvider | CPUExecutionProvider
[2026-05-23 12:15:07] preparing inputs
[2026-05-23 12:15:07] inputs ready
[2026-05-23 12:15:07] warmup start
[2026-05-23 12:15:07] warmup done
[2026-05-23 12:15:07] benchmark iterations start
[2026-05-23 12:15:07] iteration 25/100 elapsed_s=0.1
[2026-05-23 12:15:07] iteration 50/100 elapsed_s=0.3
[2026-05-23 12:15:07] iteration 75/100 elapsed_s=0.4
[2026-05-23 12:15:07] iteration 100/100 elapsed_s=0.6
[2026-05-23 12:15:07] benchmark iterations done
[2026-05-23 12:15:07] mode complete mode=optimized mean_ms=5.621 std_ms=0.578 p95_ms=6.599
[2026-05-23 12:15:33] start mode=baseline model=mobilenetv2_int8.onnx device=GPU warmup=5 iters=100
[2026-05-23 12:15:33] creating session
[2026-05-23 12:15:35] session ready providers=OpenVINOExecutionProvider | CPUExecutionProvider
[2026-05-23 12:15:35] preparing inputs
[2026-05-23 12:15:35] inputs ready
[2026-05-23 12:15:35] warmup start
[2026-05-23 12:15:35] warmup done
[2026-05-23 12:15:35] benchmark iterations start
[2026-05-23 12:15:35] iteration 25/100 elapsed_s=0.1
[2026-05-23 12:15:35] iteration 50/100 elapsed_s=0.1
[2026-05-23 12:15:35] iteration 75/100 elapsed_s=0.2
[2026-05-23 12:15:35] iteration 100/100 elapsed_s=0.2
[2026-05-23 12:15:35] benchmark iterations done
[2026-05-23 12:15:35] mode complete mode=baseline mean_ms=2.015 std_ms=0.294 p95_ms=2.794
[2026-05-23 12:15:36] start mode=optimized model=mobilenetv2_int8.onnx device=GPU warmup=5 iters=100
[2026-05-23 12:15:36] creating session
[2026-05-23 12:15:38] session ready providers=OpenVINOExecutionProvider | CPUExecutionProvider
[2026-05-23 12:15:38] preparing inputs
[2026-05-23 12:15:38] inputs ready
[2026-05-23 12:15:38] warmup start
[2026-05-23 12:15:38] warmup done
[2026-05-23 12:15:38] benchmark iterations start
[2026-05-23 12:15:38] iteration 25/100 elapsed_s=0.0
[2026-05-23 12:15:38] iteration 50/100 elapsed_s=0.1
[2026-05-23 12:15:38] iteration 75/100 elapsed_s=0.1
[2026-05-23 12:15:38] iteration 100/100 elapsed_s=0.2
[2026-05-23 12:15:38] benchmark iterations done
[2026-05-23 12:15:38] mode complete mode=optimized mean_ms=1.958 std_ms=0.301 p95_ms=2.725
[2026-05-23 12:16:03] start mode=baseline model=mobilenetv2_int8.onnx device=GPU warmup=5 iters=100
[2026-05-23 12:16:03] creating session
[2026-05-23 12:16:05] session ready providers=OpenVINOExecutionProvider | CPUExecutionProvider
[2026-05-23 12:16:05] preparing inputs
[2026-05-23 12:16:05] inputs ready
[2026-05-23 12:16:05] warmup start
[2026-05-23 12:16:05] warmup done
[2026-05-23 12:16:05] benchmark iterations start
[2026-05-23 12:16:05] iteration 25/100 elapsed_s=0.1
[2026-05-23 12:16:05] iteration 50/100 elapsed_s=0.1
[2026-05-23 12:16:05] iteration 75/100 elapsed_s=0.2
[2026-05-23 12:16:05] iteration 100/100 elapsed_s=0.2
[2026-05-23 12:16:05] benchmark iterations done
[2026-05-23 12:16:05] mode complete mode=baseline mean_ms=2.070 std_ms=0.312 p95_ms=2.863
[2026-05-23 12:16:05] start mode=optimized model=mobilenetv2_int8.onnx device=GPU warmup=5 iters=100
[2026-05-23 12:16:05] creating session
[2026-05-23 12:16:07] session ready providers=OpenVINOExecutionProvider | CPUExecutionProvider
[2026-05-23 12:16:07] preparing inputs
[2026-05-23 12:16:07] inputs ready
[2026-05-23 12:16:07] warmup start
[2026-05-23 12:16:07] warmup done
[2026-05-23 12:16:07] benchmark iterations start
[2026-05-23 12:16:07] iteration 25/100 elapsed_s=0.1
[2026-05-23 12:16:07] iteration 50/100 elapsed_s=0.1
[2026-05-23 12:16:08] iteration 75/100 elapsed_s=0.1
[2026-05-23 12:16:08] iteration 100/100 elapsed_s=0.2
[2026-05-23 12:16:08] benchmark iterations done
[2026-05-23 12:16:08] mode complete mode=optimized mean_ms=1.966 std_ms=0.326 p95_ms=2.816
[2026-05-23 12:16:32] start mode=baseline model=mobilenetv2_int8.onnx device=GPU warmup=5 iters=100
[2026-05-23 12:16:32] creating session
[2026-05-23 12:16:34] session ready providers=OpenVINOExecutionProvider | CPUExecutionProvider
[2026-05-23 12:16:34] preparing inputs
[2026-05-23 12:16:34] inputs ready
[2026-05-23 12:16:34] warmup start
[2026-05-23 12:16:35] warmup done
[2026-05-23 12:16:35] benchmark iterations start
[2026-05-23 12:16:35] iteration 25/100 elapsed_s=0.0
[2026-05-23 12:16:35] iteration 50/100 elapsed_s=0.1
[2026-05-23 12:16:35] iteration 75/100 elapsed_s=0.1
[2026-05-23 12:16:35] iteration 100/100 elapsed_s=0.2
[2026-05-23 12:16:35] benchmark iterations done
[2026-05-23 12:16:35] mode complete mode=baseline mean_ms=1.967 std_ms=0.320 p95_ms=2.816
[2026-05-23 12:16:35] start mode=optimized model=mobilenetv2_int8.onnx device=GPU warmup=5 iters=100
[2026-05-23 12:16:35] creating session
[2026-05-23 12:16:37] session ready providers=OpenVINOExecutionProvider | CPUExecutionProvider
[2026-05-23 12:16:37] preparing inputs
[2026-05-23 12:16:37] inputs ready
[2026-05-23 12:16:37] warmup start
[2026-05-23 12:16:37] warmup done
[2026-05-23 12:16:37] benchmark iterations start
[2026-05-23 12:16:37] iteration 25/100 elapsed_s=0.0
[2026-05-23 12:16:37] iteration 50/100 elapsed_s=0.1
[2026-05-23 12:16:37] iteration 75/100 elapsed_s=0.1
[2026-05-23 12:16:37] iteration 100/100 elapsed_s=0.2
[2026-05-23 12:16:37] benchmark iterations done
[2026-05-23 12:16:37] mode complete mode=optimized mean_ms=1.966 std_ms=0.351 p95_ms=2.851
[2026-05-23 12:16:59] start mode=baseline model=mobilenetv2_int8.onnx device=CPU warmup=5 iters=100
[2026-05-23 12:16:59] creating session
[2026-05-23 12:17:00] session ready providers=OpenVINOExecutionProvider | CPUExecutionProvider
[2026-05-23 12:17:00] preparing inputs
[2026-05-23 12:17:00] inputs ready
[2026-05-23 12:17:00] warmup start
[2026-05-23 12:17:00] warmup done
[2026-05-23 12:17:00] benchmark iterations start
[2026-05-23 12:17:00] iteration 25/100 elapsed_s=0.1
[2026-05-23 12:17:01] iteration 50/100 elapsed_s=0.3
[2026-05-23 12:17:01] iteration 75/100 elapsed_s=0.4
[2026-05-23 12:17:01] iteration 100/100 elapsed_s=0.6
[2026-05-23 12:17:01] benchmark iterations done
[2026-05-23 12:17:01] mode complete mode=baseline mean_ms=5.641 std_ms=1.386 p95_ms=8.480
[2026-05-23 12:17:01] start mode=optimized model=mobilenetv2_int8.onnx device=CPU warmup=5 iters=100
[2026-05-23 12:17:01] creating session
[2026-05-23 12:17:02] session ready providers=OpenVINOExecutionProvider | CPUExecutionProvider
[2026-05-23 12:17:02] preparing inputs
[2026-05-23 12:17:02] inputs ready
[2026-05-23 12:17:02] warmup start
[2026-05-23 12:17:02] warmup done
[2026-05-23 12:17:02] benchmark iterations start
[2026-05-23 12:17:02] iteration 25/100 elapsed_s=0.1
[2026-05-23 12:17:02] iteration 50/100 elapsed_s=0.3
[2026-05-23 12:17:03] iteration 75/100 elapsed_s=0.4
[2026-05-23 12:17:03] iteration 100/100 elapsed_s=0.5
[2026-05-23 12:17:03] benchmark iterations done
[2026-05-23 12:17:03] mode complete mode=optimized mean_ms=5.334 std_ms=0.737 p95_ms=6.623
[2026-05-23 12:17:23] start mode=baseline model=mobilenetv2_int8.onnx device=CPU warmup=5 iters=100
[2026-05-23 12:17:23] creating session
[2026-05-23 12:17:24] session ready providers=OpenVINOExecutionProvider | CPUExecutionProvider
[2026-05-23 12:17:24] preparing inputs
[2026-05-23 12:17:24] inputs ready
[2026-05-23 12:17:24] warmup start
[2026-05-23 12:17:24] warmup done
[2026-05-23 12:17:24] benchmark iterations start
[2026-05-23 12:17:24] iteration 25/100 elapsed_s=0.1
[2026-05-23 12:17:24] iteration 50/100 elapsed_s=0.3
[2026-05-23 12:17:25] iteration 75/100 elapsed_s=0.4
[2026-05-23 12:17:25] iteration 100/100 elapsed_s=0.5
[2026-05-23 12:17:25] benchmark iterations done
[2026-05-23 12:17:25] mode complete mode=baseline mean_ms=5.183 std_ms=0.857 p95_ms=6.560
[2026-05-23 12:17:25] start mode=optimized model=mobilenetv2_int8.onnx device=CPU warmup=5 iters=100
[2026-05-23 12:17:25] creating session
[2026-05-23 12:17:26] session ready providers=OpenVINOExecutionProvider | CPUExecutionProvider
[2026-05-23 12:17:26] preparing inputs
[2026-05-23 12:17:26] inputs ready
[2026-05-23 12:17:26] warmup start
[2026-05-23 12:17:26] warmup done
[2026-05-23 12:17:26] benchmark iterations start
[2026-05-23 12:17:26] iteration 25/100 elapsed_s=0.2
[2026-05-23 12:17:26] iteration 50/100 elapsed_s=0.4
[2026-05-23 12:17:26] iteration 75/100 elapsed_s=0.5
[2026-05-23 12:17:27] iteration 100/100 elapsed_s=0.7
[2026-05-23 12:17:27] benchmark iterations done
[2026-05-23 12:17:27] mode complete mode=optimized mean_ms=6.633 std_ms=4.629 p95_ms=11.190
[2026-05-23 12:17:47] start mode=baseline model=mobilenetv2_int8.onnx device=CPU warmup=5 iters=100
[2026-05-23 12:17:47] creating session
[2026-05-23 12:17:48] session ready providers=OpenVINOExecutionProvider | CPUExecutionProvider
[2026-05-23 12:17:48] preparing inputs
[2026-05-23 12:17:48] inputs ready
[2026-05-23 12:17:48] warmup start
[2026-05-23 12:17:48] warmup done
[2026-05-23 12:17:48] benchmark iterations start
[2026-05-23 12:17:48] iteration 25/100 elapsed_s=0.2
[2026-05-23 12:17:48] iteration 50/100 elapsed_s=0.3
[2026-05-23 12:17:48] iteration 75/100 elapsed_s=0.4
[2026-05-23 12:17:49] iteration 100/100 elapsed_s=0.6
[2026-05-23 12:17:49] benchmark iterations done
[2026-05-23 12:17:49] mode complete mode=baseline mean_ms=5.639 std_ms=2.189 p95_ms=7.887
[2026-05-23 12:17:49] start mode=optimized model=mobilenetv2_int8.onnx device=CPU warmup=5 iters=100
[2026-05-23 12:17:49] creating session
[2026-05-23 12:17:50] session ready providers=OpenVINOExecutionProvider | CPUExecutionProvider
[2026-05-23 12:17:50] preparing inputs
[2026-05-23 12:17:50] inputs ready
[2026-05-23 12:17:50] warmup start
[2026-05-23 12:17:50] warmup done
[2026-05-23 12:17:50] benchmark iterations start
[2026-05-23 12:17:50] iteration 25/100 elapsed_s=0.1
[2026-05-23 12:17:50] iteration 50/100 elapsed_s=0.3
[2026-05-23 12:17:50] iteration 75/100 elapsed_s=0.4
[2026-05-23 12:17:50] iteration 100/100 elapsed_s=0.5
[2026-05-23 12:17:50] benchmark iterations done
[2026-05-23 12:17:50] mode complete mode=optimized mean_ms=5.066 std_ms=0.757 p95_ms=6.192
