[2026-05-23 15:29:48] start mode=baseline model=GraphSAGE_int8.onnx device=NPU warmup=5 iters=100
[2026-05-23 15:29:48] creating session
[2026-05-23 15:29:48] session ready providers=OpenVINOExecutionProvider | CPUExecutionProvider
[2026-05-23 15:29:48] preparing inputs
[2026-05-23 15:29:48] inputs ready
[2026-05-23 15:29:48] warmup start
[2026-05-23 15:29:49] warmup done
[2026-05-23 15:29:49] benchmark iterations start
[2026-05-23 15:29:50] iteration 25/100 elapsed_s=1.3
[2026-05-23 15:29:52] iteration 50/100 elapsed_s=2.7
[2026-05-23 15:29:53] iteration 75/100 elapsed_s=4.2
[2026-05-23 15:29:55] iteration 100/100 elapsed_s=5.7
[2026-05-23 15:29:55] benchmark iterations done
[2026-05-23 15:29:55] mode complete mode=baseline mean_ms=56.852 std_ms=4.339 p95_ms=63.642
[2026-05-23 15:29:55] start mode=optimized model=GraphSAGE_int8.onnx device=NPU warmup=5 iters=100
[2026-05-23 15:29:55] creating session
[2026-05-23 15:29:55] session ready providers=OpenVINOExecutionProvider | CPUExecutionProvider
[2026-05-23 15:29:55] preparing inputs
[2026-05-23 15:29:56] inputs ready
[2026-05-23 15:29:56] warmup start
[2026-05-23 15:29:56] warmup done
[2026-05-23 15:29:56] benchmark iterations start
[2026-05-23 15:29:57] iteration 25/100 elapsed_s=1.4
[2026-05-23 15:29:59] iteration 50/100 elapsed_s=2.7
[2026-05-23 15:30:00] iteration 75/100 elapsed_s=4.2
[2026-05-23 15:30:02] iteration 100/100 elapsed_s=5.8
[2026-05-23 15:30:02] benchmark iterations done
[2026-05-23 15:30:02] mode complete mode=optimized mean_ms=57.746 std_ms=4.729 p95_ms=66.016
[2026-05-23 15:40:46] start mode=baseline model=GraphSAGE_int8.onnx device=GPU warmup=5 iters=100
[2026-05-23 15:40:46] creating session
[2026-05-23 15:40:48] session ready providers=OpenVINOExecutionProvider | CPUExecutionProvider
[2026-05-23 15:40:48] preparing inputs
[2026-05-23 15:40:48] inputs ready
[2026-05-23 15:40:48] warmup start
[2026-05-23 15:40:48] warmup done
[2026-05-23 15:40:48] benchmark iterations start
[2026-05-23 15:40:49] iteration 25/100 elapsed_s=0.7
[2026-05-23 15:40:49] iteration 50/100 elapsed_s=1.4
[2026-05-23 15:40:50] iteration 75/100 elapsed_s=2.0
[2026-05-23 15:40:51] iteration 100/100 elapsed_s=2.7
[2026-05-23 15:40:51] benchmark iterations done
[2026-05-23 15:40:51] mode complete mode=baseline mean_ms=26.826 std_ms=1.030 p95_ms=28.084
[2026-05-23 15:40:51] start mode=optimized model=GraphSAGE_int8.onnx device=GPU warmup=5 iters=100
[2026-05-23 15:40:51] creating session
[2026-05-23 15:40:52] session ready providers=OpenVINOExecutionProvider | CPUExecutionProvider
[2026-05-23 15:40:52] preparing inputs
[2026-05-23 15:40:52] inputs ready
[2026-05-23 15:40:52] warmup start
[2026-05-23 15:40:53] warmup done
[2026-05-23 15:40:53] benchmark iterations start
[2026-05-23 15:40:53] iteration 25/100 elapsed_s=0.7
[2026-05-23 15:40:54] iteration 50/100 elapsed_s=1.4
[2026-05-23 15:40:55] iteration 75/100 elapsed_s=2.0
[2026-05-23 15:40:55] iteration 100/100 elapsed_s=2.7
[2026-05-23 15:40:55] benchmark iterations done
[2026-05-23 15:40:55] mode complete mode=optimized mean_ms=26.919 std_ms=1.096 p95_ms=28.275
[2026-05-23 15:48:35] start mode=baseline model=GraphSAGE_int8.onnx device=CPU warmup=5 iters=100
[2026-05-23 15:48:35] creating session
[2026-05-23 15:48:35] session ready providers=OpenVINOExecutionProvider | CPUExecutionProvider
[2026-05-23 15:48:35] preparing inputs
[2026-05-23 15:48:36] inputs ready
[2026-05-23 15:48:36] warmup start
[2026-05-23 15:48:36] warmup done
[2026-05-23 15:48:36] benchmark iterations start
[2026-05-23 15:48:37] iteration 25/100 elapsed_s=1.4
[2026-05-23 15:48:39] iteration 50/100 elapsed_s=2.7
[2026-05-23 15:48:40] iteration 75/100 elapsed_s=4.2
[2026-05-23 15:48:42] iteration 100/100 elapsed_s=5.7
[2026-05-23 15:48:42] benchmark iterations done
[2026-05-23 15:48:42] mode complete mode=baseline mean_ms=57.003 std_ms=4.798 p95_ms=67.132
[2026-05-23 15:48:42] start mode=optimized model=GraphSAGE_int8.onnx device=CPU warmup=5 iters=100
[2026-05-23 15:48:42] creating session
[2026-05-23 15:48:42] session ready providers=OpenVINOExecutionProvider | CPUExecutionProvider
[2026-05-23 15:48:42] preparing inputs
[2026-05-23 15:48:43] inputs ready
[2026-05-23 15:48:43] warmup start
[2026-05-23 15:48:43] warmup done
[2026-05-23 15:48:43] benchmark iterations start
[2026-05-23 15:48:45] iteration 25/100 elapsed_s=1.4
[2026-05-23 15:48:46] iteration 50/100 elapsed_s=2.7
[2026-05-23 15:48:47] iteration 75/100 elapsed_s=4.1
[2026-05-23 15:48:49] iteration 100/100 elapsed_s=5.7
[2026-05-23 15:48:49] benchmark iterations done
[2026-05-23 15:48:49] mode complete mode=optimized mean_ms=56.545 std_ms=4.491 p95_ms=64.124
