[2026-05-23 13:32:33] start mode=baseline model=APPNP_fp32.onnx device=NPU warmup=5 iters=100
[2026-05-23 13:32:33] creating session
[2026-05-23 13:32:33] session ready providers=OpenVINOExecutionProvider | CPUExecutionProvider
[2026-05-23 13:32:33] preparing inputs
[2026-05-23 13:32:33] inputs ready
[2026-05-23 13:32:33] warmup start
[2026-05-23 13:32:33] warmup done
[2026-05-23 13:32:33] benchmark iterations start
[2026-05-23 13:32:34] iteration 25/100 elapsed_s=0.5
[2026-05-23 13:32:34] iteration 50/100 elapsed_s=1.0
[2026-05-23 13:32:35] iteration 75/100 elapsed_s=1.5
[2026-05-23 13:32:35] iteration 100/100 elapsed_s=2.0
[2026-05-23 13:32:35] benchmark iterations done
[2026-05-23 13:32:35] mode complete mode=baseline mean_ms=20.003 std_ms=1.300 p95_ms=21.602
[2026-05-23 13:32:36] start mode=optimized model=APPNP_fp32.onnx device=NPU warmup=5 iters=100
[2026-05-23 13:32:36] creating session
[2026-05-23 13:32:36] session ready providers=OpenVINOExecutionProvider | CPUExecutionProvider
[2026-05-23 13:32:36] preparing inputs
[2026-05-23 13:32:37] inputs ready
[2026-05-23 13:32:37] warmup start
[2026-05-23 13:32:37] warmup done
[2026-05-23 13:32:37] benchmark iterations start
[2026-05-23 13:32:37] iteration 25/100 elapsed_s=0.5
[2026-05-23 13:32:38] iteration 50/100 elapsed_s=1.1
[2026-05-23 13:32:38] iteration 75/100 elapsed_s=1.6
[2026-05-23 13:32:39] iteration 100/100 elapsed_s=2.1
[2026-05-23 13:32:39] benchmark iterations done
[2026-05-23 13:32:39] mode complete mode=optimized mean_ms=21.177 std_ms=1.239 p95_ms=23.676
[2026-05-23 14:35:24] start mode=baseline model=APPNP_fp32.onnx device=GPU warmup=5 iters=100
[2026-05-23 14:35:24] creating session
[2026-05-23 14:35:26] session ready providers=OpenVINOExecutionProvider | CPUExecutionProvider
[2026-05-23 14:35:26] preparing inputs
[2026-05-23 14:35:26] inputs ready
[2026-05-23 14:35:26] warmup start
[2026-05-23 14:35:26] warmup done
[2026-05-23 14:35:26] benchmark iterations start
[2026-05-23 14:35:27] iteration 25/100 elapsed_s=0.3
[2026-05-23 14:35:27] iteration 50/100 elapsed_s=0.6
[2026-05-23 14:35:27] iteration 75/100 elapsed_s=0.9
[2026-05-23 14:35:27] iteration 100/100 elapsed_s=1.2
[2026-05-23 14:35:27] benchmark iterations done
[2026-05-23 14:35:27] mode complete mode=baseline mean_ms=11.946 std_ms=0.727 p95_ms=13.043
[2026-05-23 14:35:28] start mode=optimized model=APPNP_fp32.onnx device=GPU warmup=5 iters=100
[2026-05-23 14:35:28] creating session
[2026-05-23 14:35:29] session ready providers=OpenVINOExecutionProvider | CPUExecutionProvider
[2026-05-23 14:35:29] preparing inputs
[2026-05-23 14:35:29] inputs ready
[2026-05-23 14:35:29] warmup start
[2026-05-23 14:35:30] warmup done
[2026-05-23 14:35:30] benchmark iterations start
[2026-05-23 14:35:30] iteration 25/100 elapsed_s=0.3
[2026-05-23 14:35:30] iteration 50/100 elapsed_s=0.6
[2026-05-23 14:35:30] iteration 75/100 elapsed_s=0.9
[2026-05-23 14:35:31] iteration 100/100 elapsed_s=1.2
[2026-05-23 14:35:31] benchmark iterations done
[2026-05-23 14:35:31] mode complete mode=optimized mean_ms=12.241 std_ms=1.019 p95_ms=13.913
[2026-05-23 14:39:14] start mode=baseline model=APPNP_fp32.onnx device=CPU warmup=5 iters=100
[2026-05-23 14:39:14] creating session
[2026-05-23 14:39:14] session ready providers=OpenVINOExecutionProvider | CPUExecutionProvider
[2026-05-23 14:39:14] preparing inputs
[2026-05-23 14:39:15] inputs ready
[2026-05-23 14:39:15] warmup start
[2026-05-23 14:39:15] warmup done
[2026-05-23 14:39:15] benchmark iterations start
[2026-05-23 14:39:15] iteration 25/100 elapsed_s=0.5
[2026-05-23 14:39:16] iteration 50/100 elapsed_s=1.0
[2026-05-23 14:39:16] iteration 75/100 elapsed_s=1.6
[2026-05-23 14:39:17] iteration 100/100 elapsed_s=2.1
[2026-05-23 14:39:17] benchmark iterations done
[2026-05-23 14:39:17] mode complete mode=baseline mean_ms=21.064 std_ms=1.095 p95_ms=22.388
[2026-05-23 14:39:17] start mode=optimized model=APPNP_fp32.onnx device=CPU warmup=5 iters=100
[2026-05-23 14:39:17] creating session
[2026-05-23 14:39:18] session ready providers=OpenVINOExecutionProvider | CPUExecutionProvider
[2026-05-23 14:39:18] preparing inputs
[2026-05-23 14:39:18] inputs ready
[2026-05-23 14:39:18] warmup start
[2026-05-23 14:39:18] warmup done
[2026-05-23 14:39:18] benchmark iterations start
[2026-05-23 14:39:19] iteration 25/100 elapsed_s=0.6
[2026-05-23 14:39:19] iteration 50/100 elapsed_s=1.1
[2026-05-23 14:39:20] iteration 75/100 elapsed_s=1.7
[2026-05-23 14:39:20] iteration 100/100 elapsed_s=2.2
[2026-05-23 14:39:20] benchmark iterations done
[2026-05-23 14:39:20] mode complete mode=optimized mean_ms=21.701 std_ms=1.663 p95_ms=23.405
