[2026-05-23 14:41:37] start mode=baseline model=GATv2_fp32.onnx device=NPU warmup=5 iters=100
[2026-05-23 14:41:37] creating session
[2026-05-23 14:41:38] session ready providers=OpenVINOExecutionProvider | CPUExecutionProvider
[2026-05-23 14:41:38] preparing inputs
[2026-05-23 14:41:38] inputs ready
[2026-05-23 14:41:38] warmup start
[2026-05-23 14:41:38] warmup done
[2026-05-23 14:41:38] benchmark iterations start
[2026-05-23 14:41:38] iteration 25/100 elapsed_s=0.2
[2026-05-23 14:41:38] iteration 50/100 elapsed_s=0.3
[2026-05-23 14:41:39] iteration 75/100 elapsed_s=0.4
[2026-05-23 14:41:39] iteration 100/100 elapsed_s=0.5
[2026-05-23 14:41:39] benchmark iterations done
[2026-05-23 14:41:39] mode complete mode=baseline mean_ms=5.010 std_ms=1.214 p95_ms=6.661
[2026-05-23 14:41:39] start mode=optimized model=GATv2_fp32.onnx device=NPU warmup=5 iters=100
[2026-05-23 14:41:39] creating session
[2026-05-23 14:41:39] session ready providers=OpenVINOExecutionProvider | CPUExecutionProvider
[2026-05-23 14:41:39] preparing inputs
[2026-05-23 14:41:40] inputs ready
[2026-05-23 14:41:40] warmup start
[2026-05-23 14:41:40] warmup done
[2026-05-23 14:41:40] benchmark iterations start
[2026-05-23 14:41:40] iteration 25/100 elapsed_s=0.1
[2026-05-23 14:41:40] iteration 50/100 elapsed_s=0.3
[2026-05-23 14:41:40] iteration 75/100 elapsed_s=0.4
[2026-05-23 14:41:40] iteration 100/100 elapsed_s=0.5
[2026-05-23 14:41:40] benchmark iterations done
[2026-05-23 14:41:40] mode complete mode=optimized mean_ms=4.869 std_ms=0.989 p95_ms=6.549
[2026-05-23 14:45:14] start mode=baseline model=GATv2_fp32.onnx device=GPU warmup=5 iters=100
[2026-05-23 14:45:14] creating session
[2026-05-23 14:45:15] session ready providers=OpenVINOExecutionProvider | CPUExecutionProvider
[2026-05-23 14:45:15] preparing inputs
[2026-05-23 14:45:15] inputs ready
[2026-05-23 14:45:15] warmup start
[2026-05-23 14:45:15] warmup done
[2026-05-23 14:45:15] benchmark iterations start
[2026-05-23 14:45:15] iteration 25/100 elapsed_s=0.1
[2026-05-23 14:45:15] iteration 50/100 elapsed_s=0.1
[2026-05-23 14:45:15] iteration 75/100 elapsed_s=0.2
[2026-05-23 14:45:16] iteration 100/100 elapsed_s=0.3
[2026-05-23 14:45:16] benchmark iterations done
[2026-05-23 14:45:16] mode complete mode=baseline mean_ms=2.718 std_ms=0.417 p95_ms=3.604
[2026-05-23 14:45:16] start mode=optimized model=GATv2_fp32.onnx device=GPU warmup=5 iters=100
[2026-05-23 14:45:16] creating session
[2026-05-23 14:45:17] session ready providers=OpenVINOExecutionProvider | CPUExecutionProvider
[2026-05-23 14:45:17] preparing inputs
[2026-05-23 14:45:18] inputs ready
[2026-05-23 14:45:18] warmup start
[2026-05-23 14:45:18] warmup done
[2026-05-23 14:45:18] benchmark iterations start
[2026-05-23 14:45:18] iteration 25/100 elapsed_s=0.1
[2026-05-23 14:45:18] iteration 50/100 elapsed_s=0.2
[2026-05-23 14:45:18] iteration 75/100 elapsed_s=0.2
[2026-05-23 14:45:18] iteration 100/100 elapsed_s=0.3
[2026-05-23 14:45:18] benchmark iterations done
[2026-05-23 14:45:18] mode complete mode=optimized mean_ms=2.831 std_ms=0.547 p95_ms=3.668
[2026-05-23 14:48:51] start mode=baseline model=GATv2_fp32.onnx device=CPU warmup=5 iters=100
[2026-05-23 14:48:51] creating session
[2026-05-23 14:48:51] session ready providers=OpenVINOExecutionProvider | CPUExecutionProvider
[2026-05-23 14:48:51] preparing inputs
[2026-05-23 14:48:52] inputs ready
[2026-05-23 14:48:52] warmup start
[2026-05-23 14:48:52] warmup done
[2026-05-23 14:48:52] benchmark iterations start
[2026-05-23 14:48:52] iteration 25/100 elapsed_s=0.1
[2026-05-23 14:48:52] iteration 50/100 elapsed_s=0.3
[2026-05-23 14:48:52] iteration 75/100 elapsed_s=0.4
[2026-05-23 14:48:52] iteration 100/100 elapsed_s=0.5
[2026-05-23 14:48:52] benchmark iterations done
[2026-05-23 14:48:52] mode complete mode=baseline mean_ms=4.735 std_ms=0.850 p95_ms=6.270
[2026-05-23 14:48:53] start mode=optimized model=GATv2_fp32.onnx device=CPU warmup=5 iters=100
[2026-05-23 14:48:53] creating session
[2026-05-23 14:48:53] session ready providers=OpenVINOExecutionProvider | CPUExecutionProvider
[2026-05-23 14:48:53] preparing inputs
[2026-05-23 14:48:53] inputs ready
[2026-05-23 14:48:53] warmup start
[2026-05-23 14:48:53] warmup done
[2026-05-23 14:48:53] benchmark iterations start
[2026-05-23 14:48:53] iteration 25/100 elapsed_s=0.1
[2026-05-23 14:48:53] iteration 50/100 elapsed_s=0.2
[2026-05-23 14:48:54] iteration 75/100 elapsed_s=0.4
[2026-05-23 14:48:54] iteration 100/100 elapsed_s=0.5
[2026-05-23 14:48:54] benchmark iterations done
[2026-05-23 14:48:54] mode complete mode=optimized mean_ms=4.686 std_ms=0.752 p95_ms=6.234
