[2026-05-23 16:06:42] start mode=baseline model=MPNN_int8.onnx device=GPU warmup=5 iters=100
[2026-05-23 16:06:42] creating session
[2026-05-23 16:06:42] session ready providers=CPUExecutionProvider
[2026-05-23 16:06:42] preparing inputs
[2026-05-23 16:06:43] inputs ready
[2026-05-23 16:06:43] warmup start
[2026-05-23 16:06:43] warmup done
[2026-05-23 16:06:43] benchmark iterations start
[2026-05-23 16:06:45] iteration 25/100 elapsed_s=1.5
[2026-05-23 16:06:46] iteration 50/100 elapsed_s=3.1
[2026-05-23 16:06:48] iteration 75/100 elapsed_s=5.2
[2026-05-23 16:06:50] iteration 100/100 elapsed_s=7.0
[2026-05-23 16:06:50] benchmark iterations done
[2026-05-23 16:06:50] mode complete mode=baseline mean_ms=70.207 std_ms=16.447 p95_ms=104.102
[2026-05-23 16:06:51] start mode=optimized model=MPNN_int8.onnx device=GPU warmup=5 iters=100
[2026-05-23 16:06:51] creating session
[2026-05-23 16:06:51] session ready providers=CPUExecutionProvider
[2026-05-23 16:06:51] preparing inputs
[2026-05-23 16:06:52] inputs ready
[2026-05-23 16:06:52] warmup start
[2026-05-23 16:06:52] warmup done
[2026-05-23 16:06:52] benchmark iterations start
[2026-05-23 16:06:53] iteration 25/100 elapsed_s=1.3
[2026-05-23 16:06:55] iteration 50/100 elapsed_s=2.7
[2026-05-23 16:06:56] iteration 75/100 elapsed_s=4.0
[2026-05-23 16:06:58] iteration 100/100 elapsed_s=6.0
[2026-05-23 16:06:58] benchmark iterations done
[2026-05-23 16:06:58] mode complete mode=optimized mean_ms=59.982 std_ms=16.213 p95_ms=88.630
[2026-05-23 16:12:32] start mode=baseline model=MPNN_int8.onnx device=CPU warmup=5 iters=100
[2026-05-23 16:12:32] creating session
[2026-05-23 16:12:33] session ready providers=CPUExecutionProvider
[2026-05-23 16:12:33] preparing inputs
[2026-05-23 16:12:33] inputs ready
[2026-05-23 16:12:33] warmup start
[2026-05-23 16:12:34] warmup done
[2026-05-23 16:12:34] benchmark iterations start
[2026-05-23 16:12:35] iteration 25/100 elapsed_s=1.5
[2026-05-23 16:12:37] iteration 50/100 elapsed_s=3.0
[2026-05-23 16:12:38] iteration 75/100 elapsed_s=4.5
[2026-05-23 16:12:40] iteration 100/100 elapsed_s=6.7
[2026-05-23 16:12:40] benchmark iterations done
[2026-05-23 16:12:40] mode complete mode=baseline mean_ms=67.016 std_ms=17.433 p95_ms=102.752
[2026-05-23 16:12:41] start mode=optimized model=MPNN_int8.onnx device=CPU warmup=5 iters=100
[2026-05-23 16:12:41] creating session
[2026-05-23 16:12:41] session ready providers=CPUExecutionProvider
[2026-05-23 16:12:41] preparing inputs
[2026-05-23 16:12:42] inputs ready
[2026-05-23 16:12:42] warmup start
[2026-05-23 16:12:42] warmup done
[2026-05-23 16:12:42] benchmark iterations start
[2026-05-23 16:12:44] iteration 25/100 elapsed_s=1.7
[2026-05-23 16:12:45] iteration 50/100 elapsed_s=3.0
[2026-05-23 16:12:47] iteration 75/100 elapsed_s=4.4
[2026-05-23 16:12:48] iteration 100/100 elapsed_s=5.7
[2026-05-23 16:12:48] benchmark iterations done
[2026-05-23 16:12:48] mode complete mode=optimized mean_ms=56.682 std_ms=11.946 p95_ms=82.303
