[2026-05-23 14:53:12] start mode=baseline model=GCN_int8.onnx device=NPU warmup=5 iters=100
[2026-05-23 14:53:12] creating session
[2026-05-23 14:53:13] session ready providers=OpenVINOExecutionProvider | CPUExecutionProvider
[2026-05-23 14:53:13] preparing inputs
[2026-05-23 14:53:13] inputs ready
[2026-05-23 14:53:13] warmup start
[2026-05-23 14:53:13] warmup done
[2026-05-23 14:53:13] benchmark iterations start
[2026-05-23 14:53:13] iteration 25/100 elapsed_s=0.2
[2026-05-23 14:53:13] iteration 50/100 elapsed_s=0.3
[2026-05-23 14:53:14] iteration 75/100 elapsed_s=0.4
[2026-05-23 14:53:14] iteration 100/100 elapsed_s=0.5
[2026-05-23 14:53:14] benchmark iterations done
[2026-05-23 14:53:14] mode complete mode=baseline mean_ms=4.863 std_ms=0.974 p95_ms=6.974
[2026-05-23 14:53:14] start mode=optimized model=GCN_int8.onnx device=NPU warmup=5 iters=100
[2026-05-23 14:53:14] creating session
[2026-05-23 14:53:14] session ready providers=OpenVINOExecutionProvider | CPUExecutionProvider
[2026-05-23 14:53:14] preparing inputs
[2026-05-23 14:53:15] inputs ready
[2026-05-23 14:53:15] warmup start
[2026-05-23 14:53:15] warmup done
[2026-05-23 14:53:15] benchmark iterations start
[2026-05-23 14:53:15] iteration 25/100 elapsed_s=0.1
[2026-05-23 14:53:15] iteration 50/100 elapsed_s=0.3
[2026-05-23 14:53:15] iteration 75/100 elapsed_s=0.4
[2026-05-23 14:53:15] iteration 100/100 elapsed_s=0.5
[2026-05-23 14:53:15] benchmark iterations done
[2026-05-23 14:53:15] mode complete mode=optimized mean_ms=4.858 std_ms=0.873 p95_ms=6.637
[2026-05-23 14:56:50] start mode=baseline model=GCN_int8.onnx device=CPU warmup=5 iters=100
[2026-05-23 14:56:50] creating session
[2026-05-23 14:56:50] session ready providers=OpenVINOExecutionProvider | CPUExecutionProvider
[2026-05-23 14:56:50] preparing inputs
[2026-05-23 14:56:50] inputs ready
[2026-05-23 14:56:50] warmup start
[2026-05-23 14:56:50] warmup done
[2026-05-23 14:56:50] benchmark iterations start
[2026-05-23 14:56:50] iteration 25/100 elapsed_s=0.1
[2026-05-23 14:56:51] iteration 50/100 elapsed_s=0.3
[2026-05-23 14:56:51] iteration 75/100 elapsed_s=0.4
[2026-05-23 14:56:51] iteration 100/100 elapsed_s=0.5
[2026-05-23 14:56:51] benchmark iterations done
[2026-05-23 14:56:51] mode complete mode=baseline mean_ms=4.802 std_ms=1.168 p95_ms=6.277
[2026-05-23 14:56:51] start mode=optimized model=GCN_int8.onnx device=CPU warmup=5 iters=100
[2026-05-23 14:56:51] creating session
[2026-05-23 14:56:51] session ready providers=OpenVINOExecutionProvider | CPUExecutionProvider
[2026-05-23 14:56:51] preparing inputs
[2026-05-23 14:56:52] inputs ready
[2026-05-23 14:56:52] warmup start
[2026-05-23 14:56:52] warmup done
[2026-05-23 14:56:52] benchmark iterations start
[2026-05-23 14:56:52] iteration 25/100 elapsed_s=0.1
[2026-05-23 14:56:52] iteration 50/100 elapsed_s=0.2
[2026-05-23 14:56:52] iteration 75/100 elapsed_s=0.4
[2026-05-23 14:56:52] iteration 100/100 elapsed_s=0.5
[2026-05-23 14:56:52] benchmark iterations done
[2026-05-23 14:56:52] mode complete mode=optimized mean_ms=4.679 std_ms=0.637 p95_ms=5.602
