[2026-05-23 16:04:48] start mode=baseline model=MPNN_fp32.onnx device=GPU warmup=5 iters=100
[2026-05-23 16:04:48] creating session
[2026-05-23 16:04:48] session ready providers=CPUExecutionProvider
[2026-05-23 16:04:48] preparing inputs
[2026-05-23 16:04:49] inputs ready
[2026-05-23 16:04:49] warmup start
[2026-05-23 16:04:49] warmup done
[2026-05-23 16:04:49] benchmark iterations start
[2026-05-23 16:04:49] iteration 25/100 elapsed_s=0.5
[2026-05-23 16:04:50] iteration 50/100 elapsed_s=1.1
[2026-05-23 16:04:50] iteration 75/100 elapsed_s=1.6
[2026-05-23 16:04:51] iteration 100/100 elapsed_s=2.1
[2026-05-23 16:04:51] benchmark iterations done
[2026-05-23 16:04:51] mode complete mode=baseline mean_ms=20.860 std_ms=4.656 p95_ms=30.126
[2026-05-23 16:04:51] start mode=optimized model=MPNN_fp32.onnx device=GPU warmup=5 iters=100
[2026-05-23 16:04:51] creating session
[2026-05-23 16:04:51] session ready providers=CPUExecutionProvider
[2026-05-23 16:04:51] preparing inputs
[2026-05-23 16:04:52] inputs ready
[2026-05-23 16:04:52] warmup start
[2026-05-23 16:04:52] warmup done
[2026-05-23 16:04:52] benchmark iterations start
[2026-05-23 16:04:53] iteration 25/100 elapsed_s=0.5
[2026-05-23 16:04:53] iteration 50/100 elapsed_s=0.9
[2026-05-23 16:04:54] iteration 75/100 elapsed_s=1.3
[2026-05-23 16:04:54] iteration 100/100 elapsed_s=1.8
[2026-05-23 16:04:54] benchmark iterations done
[2026-05-23 16:04:54] mode complete mode=optimized mean_ms=17.857 std_ms=5.603 p95_ms=26.951
[2026-05-23 16:10:45] start mode=baseline model=MPNN_fp32.onnx device=CPU warmup=5 iters=100
[2026-05-23 16:10:45] creating session
[2026-05-23 16:10:45] session ready providers=CPUExecutionProvider
[2026-05-23 16:10:45] preparing inputs
[2026-05-23 16:10:46] inputs ready
[2026-05-23 16:10:46] warmup start
[2026-05-23 16:10:46] warmup done
[2026-05-23 16:10:46] benchmark iterations start
[2026-05-23 16:10:46] iteration 25/100 elapsed_s=0.5
[2026-05-23 16:10:47] iteration 50/100 elapsed_s=1.0
[2026-05-23 16:10:47] iteration 75/100 elapsed_s=1.5
[2026-05-23 16:10:48] iteration 100/100 elapsed_s=2.0
[2026-05-23 16:10:48] benchmark iterations done
[2026-05-23 16:10:48] mode complete mode=baseline mean_ms=20.043 std_ms=4.541 p95_ms=29.134
[2026-05-23 16:10:48] start mode=optimized model=MPNN_fp32.onnx device=CPU warmup=5 iters=100
[2026-05-23 16:10:48] creating session
[2026-05-23 16:10:48] session ready providers=CPUExecutionProvider
[2026-05-23 16:10:48] preparing inputs
[2026-05-23 16:10:49] inputs ready
[2026-05-23 16:10:49] warmup start
[2026-05-23 16:10:49] warmup done
[2026-05-23 16:10:49] benchmark iterations start
[2026-05-23 16:10:50] iteration 25/100 elapsed_s=0.4
[2026-05-23 16:10:50] iteration 50/100 elapsed_s=0.9
[2026-05-23 16:10:50] iteration 75/100 elapsed_s=1.4
[2026-05-23 16:10:51] iteration 100/100 elapsed_s=1.8
[2026-05-23 16:10:51] benchmark iterations done
[2026-05-23 16:10:51] mode complete mode=optimized mean_ms=18.355 std_ms=3.340 p95_ms=25.100
