[2026-05-23 16:06:06] start mode=baseline model=MPNN_int8.onnx device=GPU warmup=5 iters=100
[2026-05-23 16:06:06] creating session
[2026-05-23 16:06:06] session ready providers=CPUExecutionProvider
[2026-05-23 16:06:06] preparing inputs
[2026-05-23 16:06:06] inputs ready
[2026-05-23 16:06:06] warmup start
[2026-05-23 16:06:07] warmup done
[2026-05-23 16:06:07] benchmark iterations start
[2026-05-23 16:06:08] iteration 25/100 elapsed_s=1.6
[2026-05-23 16:06:11] iteration 50/100 elapsed_s=4.0
[2026-05-23 16:06:13] iteration 75/100 elapsed_s=6.2
[2026-05-23 16:06:15] iteration 100/100 elapsed_s=8.0
[2026-05-23 16:06:15] benchmark iterations done
[2026-05-23 16:06:15] mode complete mode=baseline mean_ms=79.697 std_ms=21.297 p95_ms=112.695
[2026-05-23 16:06:15] start mode=optimized model=MPNN_int8.onnx device=GPU warmup=5 iters=100
[2026-05-23 16:06:15] creating session
[2026-05-23 16:06:15] session ready providers=CPUExecutionProvider
[2026-05-23 16:06:15] preparing inputs
[2026-05-23 16:06:16] inputs ready
[2026-05-23 16:06:16] warmup start
[2026-05-23 16:06:17] warmup done
[2026-05-23 16:06:17] benchmark iterations start
[2026-05-23 16:06:18] iteration 25/100 elapsed_s=1.4
[2026-05-23 16:06:20] iteration 50/100 elapsed_s=3.0
[2026-05-23 16:06:21] iteration 75/100 elapsed_s=4.7
[2026-05-23 16:06:23] iteration 100/100 elapsed_s=6.4
[2026-05-23 16:06:23] benchmark iterations done
[2026-05-23 16:06:23] mode complete mode=optimized mean_ms=64.292 std_ms=15.964 p95_ms=92.925
[2026-05-23 16:12:00] start mode=baseline model=MPNN_int8.onnx device=CPU warmup=5 iters=100
[2026-05-23 16:12:00] creating session
[2026-05-23 16:12:00] session ready providers=CPUExecutionProvider
[2026-05-23 16:12:00] preparing inputs
[2026-05-23 16:12:00] inputs ready
[2026-05-23 16:12:00] warmup start
[2026-05-23 16:12:01] warmup done
[2026-05-23 16:12:01] benchmark iterations start
[2026-05-23 16:12:02] iteration 25/100 elapsed_s=1.5
[2026-05-23 16:12:04] iteration 50/100 elapsed_s=3.6
[2026-05-23 16:12:06] iteration 75/100 elapsed_s=5.5
[2026-05-23 16:12:08] iteration 100/100 elapsed_s=7.0
[2026-05-23 16:12:08] benchmark iterations done
[2026-05-23 16:12:08] mode complete mode=baseline mean_ms=69.512 std_ms=16.484 p95_ms=101.888
[2026-05-23 16:12:08] start mode=optimized model=MPNN_int8.onnx device=CPU warmup=5 iters=100
[2026-05-23 16:12:08] creating session
[2026-05-23 16:12:08] session ready providers=CPUExecutionProvider
[2026-05-23 16:12:08] preparing inputs
[2026-05-23 16:12:09] inputs ready
[2026-05-23 16:12:09] warmup start
[2026-05-23 16:12:09] warmup done
[2026-05-23 16:12:09] benchmark iterations start
[2026-05-23 16:12:11] iteration 25/100 elapsed_s=1.3
[2026-05-23 16:12:12] iteration 50/100 elapsed_s=3.2
[2026-05-23 16:12:14] iteration 75/100 elapsed_s=5.2
[2026-05-23 16:12:17] iteration 100/100 elapsed_s=7.3
[2026-05-23 16:12:17] benchmark iterations done
[2026-05-23 16:12:17] mode complete mode=optimized mean_ms=73.114 std_ms=18.551 p95_ms=103.167
