[2026-05-23 14:59:14] start mode=baseline model=GIN_int8.onnx device=NPU warmup=5 iters=100
[2026-05-23 14:59:14] creating session
[2026-05-23 14:59:15] session ready providers=OpenVINOExecutionProvider | CPUExecutionProvider
[2026-05-23 14:59:15] preparing inputs
[2026-05-23 14:59:15] inputs ready
[2026-05-23 14:59:15] warmup start
[2026-05-23 14:59:15] warmup done
[2026-05-23 14:59:15] benchmark iterations start
[2026-05-23 14:59:16] iteration 25/100 elapsed_s=0.4
[2026-05-23 14:59:16] iteration 50/100 elapsed_s=0.8
[2026-05-23 14:59:16] iteration 75/100 elapsed_s=1.2
[2026-05-23 14:59:17] iteration 100/100 elapsed_s=1.6
[2026-05-23 14:59:17] benchmark iterations done
[2026-05-23 14:59:17] mode complete mode=baseline mean_ms=15.910 std_ms=2.205 p95_ms=17.887
[2026-05-23 14:59:17] start mode=optimized model=GIN_int8.onnx device=NPU warmup=5 iters=100
[2026-05-23 14:59:17] creating session
[2026-05-23 14:59:17] session ready providers=OpenVINOExecutionProvider | CPUExecutionProvider
[2026-05-23 14:59:17] preparing inputs
[2026-05-23 14:59:18] inputs ready
[2026-05-23 14:59:18] warmup start
[2026-05-23 14:59:18] warmup done
[2026-05-23 14:59:18] benchmark iterations start
[2026-05-23 14:59:18] iteration 25/100 elapsed_s=0.4
[2026-05-23 14:59:19] iteration 50/100 elapsed_s=0.8
[2026-05-23 14:59:19] iteration 75/100 elapsed_s=1.2
[2026-05-23 14:59:19] iteration 100/100 elapsed_s=1.6
[2026-05-23 14:59:19] benchmark iterations done
[2026-05-23 14:59:19] mode complete mode=optimized mean_ms=15.592 std_ms=2.199 p95_ms=17.118
[2026-05-23 15:10:07] start mode=baseline model=GIN_int8.onnx device=GPU warmup=5 iters=100
[2026-05-23 15:10:07] creating session
[2026-05-23 15:10:12] session ready providers=OpenVINOExecutionProvider | CPUExecutionProvider
[2026-05-23 15:10:12] preparing inputs
[2026-05-23 15:10:12] inputs ready
[2026-05-23 15:10:12] warmup start
[2026-05-23 15:10:12] warmup done
[2026-05-23 15:10:12] benchmark iterations start
[2026-05-23 15:10:12] iteration 25/100 elapsed_s=0.2
[2026-05-23 15:10:12] iteration 50/100 elapsed_s=0.4
[2026-05-23 15:10:12] iteration 75/100 elapsed_s=0.5
[2026-05-23 15:10:13] iteration 100/100 elapsed_s=0.7
[2026-05-23 15:10:13] benchmark iterations done
[2026-05-23 15:10:13] mode complete mode=baseline mean_ms=6.984 std_ms=0.505 p95_ms=7.949
[2026-05-23 15:10:13] start mode=optimized model=GIN_int8.onnx device=GPU warmup=5 iters=100
[2026-05-23 15:10:13] creating session
[2026-05-23 15:10:14] session ready providers=OpenVINOExecutionProvider | CPUExecutionProvider
[2026-05-23 15:10:14] preparing inputs
[2026-05-23 15:10:15] inputs ready
[2026-05-23 15:10:15] warmup start
[2026-05-23 15:10:15] warmup done
[2026-05-23 15:10:15] benchmark iterations start
[2026-05-23 15:10:15] iteration 25/100 elapsed_s=0.2
[2026-05-23 15:10:15] iteration 50/100 elapsed_s=0.4
[2026-05-23 15:10:15] iteration 75/100 elapsed_s=0.5
[2026-05-23 15:10:15] iteration 100/100 elapsed_s=0.7
[2026-05-23 15:10:15] benchmark iterations done
[2026-05-23 15:10:15] mode complete mode=optimized mean_ms=7.150 std_ms=0.520 p95_ms=8.034
[2026-05-23 15:16:51] start mode=baseline model=GIN_int8.onnx device=CPU warmup=5 iters=100
[2026-05-23 15:16:51] creating session
[2026-05-23 15:16:52] session ready providers=OpenVINOExecutionProvider | CPUExecutionProvider
[2026-05-23 15:16:52] preparing inputs
[2026-05-23 15:16:52] inputs ready
[2026-05-23 15:16:52] warmup start
[2026-05-23 15:16:52] warmup done
[2026-05-23 15:16:52] benchmark iterations start
[2026-05-23 15:16:52] iteration 25/100 elapsed_s=0.4
[2026-05-23 15:16:53] iteration 50/100 elapsed_s=0.8
[2026-05-23 15:16:53] iteration 75/100 elapsed_s=1.2
[2026-05-23 15:16:54] iteration 100/100 elapsed_s=1.6
[2026-05-23 15:16:54] benchmark iterations done
[2026-05-23 15:16:54] mode complete mode=baseline mean_ms=15.999 std_ms=2.914 p95_ms=17.843
[2026-05-23 15:16:54] start mode=optimized model=GIN_int8.onnx device=CPU warmup=5 iters=100
[2026-05-23 15:16:54] creating session
[2026-05-23 15:16:54] session ready providers=OpenVINOExecutionProvider | CPUExecutionProvider
[2026-05-23 15:16:54] preparing inputs
[2026-05-23 15:16:55] inputs ready
[2026-05-23 15:16:55] warmup start
[2026-05-23 15:16:55] warmup done
[2026-05-23 15:16:55] benchmark iterations start
[2026-05-23 15:16:55] iteration 25/100 elapsed_s=0.4
[2026-05-23 15:16:56] iteration 50/100 elapsed_s=0.8
[2026-05-23 15:16:56] iteration 75/100 elapsed_s=1.2
[2026-05-23 15:16:56] iteration 100/100 elapsed_s=1.6
[2026-05-23 15:16:56] benchmark iterations done
[2026-05-23 15:16:56] mode complete mode=optimized mean_ms=15.658 std_ms=2.355 p95_ms=17.349
