[2026-05-23 14:54:27] start mode=baseline model=GCN_fp32.onnx device=NPU warmup=5 iters=100
[2026-05-23 14:54:27] creating session
[2026-05-23 14:54:27] session ready providers=OpenVINOExecutionProvider | CPUExecutionProvider
[2026-05-23 14:54:27] preparing inputs
[2026-05-23 14:54:27] inputs ready
[2026-05-23 14:54:27] warmup start
[2026-05-23 14:54:28] warmup done
[2026-05-23 14:54:28] benchmark iterations start
[2026-05-23 14:54:28] iteration 25/100 elapsed_s=0.6
[2026-05-23 14:54:29] iteration 50/100 elapsed_s=1.2
[2026-05-23 14:54:29] iteration 75/100 elapsed_s=1.9
[2026-05-23 14:54:30] iteration 100/100 elapsed_s=2.5
[2026-05-23 14:54:30] benchmark iterations done
[2026-05-23 14:54:30] mode complete mode=baseline mean_ms=24.673 std_ms=1.129 p95_ms=26.517
[2026-05-23 14:54:30] start mode=optimized model=GCN_fp32.onnx device=NPU warmup=5 iters=100
[2026-05-23 14:54:30] creating session
[2026-05-23 14:54:31] session ready providers=OpenVINOExecutionProvider | CPUExecutionProvider
[2026-05-23 14:54:31] preparing inputs
[2026-05-23 14:54:31] inputs ready
[2026-05-23 14:54:31] warmup start
[2026-05-23 14:54:31] warmup done
[2026-05-23 14:54:31] benchmark iterations start
[2026-05-23 14:54:32] iteration 25/100 elapsed_s=0.6
[2026-05-23 14:54:33] iteration 50/100 elapsed_s=1.2
[2026-05-23 14:54:33] iteration 75/100 elapsed_s=1.8
[2026-05-23 14:54:34] iteration 100/100 elapsed_s=2.4
[2026-05-23 14:54:34] benchmark iterations done
[2026-05-23 14:54:34] mode complete mode=optimized mean_ms=24.405 std_ms=1.071 p95_ms=26.521
[2026-05-23 14:58:03] start mode=baseline model=GCN_fp32.onnx device=CPU warmup=5 iters=100
[2026-05-23 14:58:03] creating session
[2026-05-23 14:58:03] session ready providers=OpenVINOExecutionProvider | CPUExecutionProvider
[2026-05-23 14:58:03] preparing inputs
[2026-05-23 14:58:03] inputs ready
[2026-05-23 14:58:03] warmup start
[2026-05-23 14:58:04] warmup done
[2026-05-23 14:58:04] benchmark iterations start
[2026-05-23 14:58:04] iteration 25/100 elapsed_s=0.6
[2026-05-23 14:58:05] iteration 50/100 elapsed_s=1.2
[2026-05-23 14:58:06] iteration 75/100 elapsed_s=1.8
[2026-05-23 14:58:06] iteration 100/100 elapsed_s=2.5
[2026-05-23 14:58:06] benchmark iterations done
[2026-05-23 14:58:06] mode complete mode=baseline mean_ms=24.476 std_ms=1.157 p95_ms=26.662
[2026-05-23 14:58:06] start mode=optimized model=GCN_fp32.onnx device=CPU warmup=5 iters=100
[2026-05-23 14:58:06] creating session
[2026-05-23 14:58:07] session ready providers=OpenVINOExecutionProvider | CPUExecutionProvider
[2026-05-23 14:58:07] preparing inputs
[2026-05-23 14:58:07] inputs ready
[2026-05-23 14:58:07] warmup start
[2026-05-23 14:58:07] warmup done
[2026-05-23 14:58:07] benchmark iterations start
[2026-05-23 14:58:08] iteration 25/100 elapsed_s=0.6
[2026-05-23 14:58:09] iteration 50/100 elapsed_s=1.2
[2026-05-23 14:58:09] iteration 75/100 elapsed_s=1.8
[2026-05-23 14:58:10] iteration 100/100 elapsed_s=2.5
[2026-05-23 14:58:10] benchmark iterations done
[2026-05-23 14:58:10] mode complete mode=optimized mean_ms=24.609 std_ms=1.332 p95_ms=27.258
