[2026-05-23 15:58:41] start mode=baseline model=GraphTransformer_int8.onnx device=NPU warmup=5 iters=100
[2026-05-23 15:58:41] creating session
[2026-05-23 15:58:41] session ready providers=OpenVINOExecutionProvider | CPUExecutionProvider
[2026-05-23 15:58:41] preparing inputs
[2026-05-23 15:58:41] inputs ready
[2026-05-23 15:58:41] warmup start
[2026-05-23 15:58:42] warmup done
[2026-05-23 15:58:42] benchmark iterations start
[2026-05-23 15:58:42] iteration 25/100 elapsed_s=0.7
[2026-05-23 15:58:43] iteration 50/100 elapsed_s=1.4
[2026-05-23 15:58:44] iteration 75/100 elapsed_s=2.1
[2026-05-23 15:58:44] iteration 100/100 elapsed_s=2.7
[2026-05-23 15:58:44] benchmark iterations done
[2026-05-23 15:58:44] mode complete mode=baseline mean_ms=27.228 std_ms=1.389 p95_ms=30.165
[2026-05-23 15:58:45] start mode=optimized model=GraphTransformer_int8.onnx device=NPU warmup=5 iters=100
[2026-05-23 15:58:45] creating session
[2026-05-23 15:58:45] session ready providers=OpenVINOExecutionProvider | CPUExecutionProvider
[2026-05-23 15:58:45] preparing inputs
[2026-05-23 15:58:45] inputs ready
[2026-05-23 15:58:45] warmup start
[2026-05-23 15:58:45] warmup done
[2026-05-23 15:58:45] benchmark iterations start
[2026-05-23 15:58:46] iteration 25/100 elapsed_s=0.7
[2026-05-23 15:58:47] iteration 50/100 elapsed_s=1.4
[2026-05-23 15:58:48] iteration 75/100 elapsed_s=2.1
[2026-05-23 15:58:48] iteration 100/100 elapsed_s=2.7
[2026-05-23 15:58:48] benchmark iterations done
[2026-05-23 15:58:48] mode complete mode=optimized mean_ms=27.089 std_ms=1.121 p95_ms=28.933
[2026-05-23 16:01:04] start mode=baseline model=GraphTransformer_int8.onnx device=GPU warmup=5 iters=100
[2026-05-23 16:01:04] creating session
[2026-05-23 16:01:06] session ready providers=OpenVINOExecutionProvider | CPUExecutionProvider
[2026-05-23 16:01:06] preparing inputs
[2026-05-23 16:01:06] inputs ready
[2026-05-23 16:01:06] warmup start
[2026-05-23 16:01:06] warmup done
[2026-05-23 16:01:06] benchmark iterations start
[2026-05-23 16:01:07] iteration 25/100 elapsed_s=0.3
[2026-05-23 16:01:07] iteration 50/100 elapsed_s=0.6
[2026-05-23 16:01:07] iteration 75/100 elapsed_s=0.9
[2026-05-23 16:01:07] iteration 100/100 elapsed_s=1.2
[2026-05-23 16:01:07] benchmark iterations done
[2026-05-23 16:01:07] mode complete mode=baseline mean_ms=12.223 std_ms=1.151 p95_ms=13.704
[2026-05-23 16:01:08] start mode=optimized model=GraphTransformer_int8.onnx device=GPU warmup=5 iters=100
[2026-05-23 16:01:08] creating session
[2026-05-23 16:01:10] session ready providers=OpenVINOExecutionProvider | CPUExecutionProvider
[2026-05-23 16:01:10] preparing inputs
[2026-05-23 16:01:10] inputs ready
[2026-05-23 16:01:10] warmup start
[2026-05-23 16:01:10] warmup done
[2026-05-23 16:01:10] benchmark iterations start
[2026-05-23 16:01:10] iteration 25/100 elapsed_s=0.3
[2026-05-23 16:01:11] iteration 50/100 elapsed_s=0.6
[2026-05-23 16:01:11] iteration 75/100 elapsed_s=0.9
[2026-05-23 16:01:11] iteration 100/100 elapsed_s=1.2
[2026-05-23 16:01:11] benchmark iterations done
[2026-05-23 16:01:11] mode complete mode=optimized mean_ms=12.315 std_ms=1.713 p95_ms=13.687
[2026-05-23 16:03:06] start mode=baseline model=GraphTransformer_int8.onnx device=CPU warmup=5 iters=100
[2026-05-23 16:03:06] creating session
[2026-05-23 16:03:07] session ready providers=OpenVINOExecutionProvider | CPUExecutionProvider
[2026-05-23 16:03:07] preparing inputs
[2026-05-23 16:03:07] inputs ready
[2026-05-23 16:03:07] warmup start
[2026-05-23 16:03:07] warmup done
[2026-05-23 16:03:07] benchmark iterations start
[2026-05-23 16:03:08] iteration 25/100 elapsed_s=0.7
[2026-05-23 16:03:09] iteration 50/100 elapsed_s=1.4
[2026-05-23 16:03:09] iteration 75/100 elapsed_s=2.0
[2026-05-23 16:03:10] iteration 100/100 elapsed_s=2.7
[2026-05-23 16:03:10] benchmark iterations done
[2026-05-23 16:03:10] mode complete mode=baseline mean_ms=26.998 std_ms=1.177 p95_ms=28.947
[2026-05-23 16:03:10] start mode=optimized model=GraphTransformer_int8.onnx device=CPU warmup=5 iters=100
[2026-05-23 16:03:10] creating session
[2026-05-23 16:03:11] session ready providers=OpenVINOExecutionProvider | CPUExecutionProvider
[2026-05-23 16:03:11] preparing inputs
[2026-05-23 16:03:11] inputs ready
[2026-05-23 16:03:11] warmup start
[2026-05-23 16:03:11] warmup done
[2026-05-23 16:03:11] benchmark iterations start
[2026-05-23 16:03:12] iteration 25/100 elapsed_s=0.7
[2026-05-23 16:03:13] iteration 50/100 elapsed_s=1.4
[2026-05-23 16:03:13] iteration 75/100 elapsed_s=2.1
[2026-05-23 16:03:14] iteration 100/100 elapsed_s=2.8
[2026-05-23 16:03:14] benchmark iterations done
[2026-05-23 16:03:14] mode complete mode=optimized mean_ms=27.668 std_ms=1.521 p95_ms=30.074
