[2026-05-23 14:41:45] start mode=baseline model=GAT_fp32.onnx device=NPU warmup=5 iters=100
[2026-05-23 14:41:45] creating session
[2026-05-23 14:41:45] session ready providers=OpenVINOExecutionProvider | CPUExecutionProvider
[2026-05-23 14:41:45] preparing inputs
[2026-05-23 14:41:45] inputs ready
[2026-05-23 14:41:45] warmup start
[2026-05-23 14:41:45] warmup done
[2026-05-23 14:41:45] benchmark iterations start
[2026-05-23 14:41:45] iteration 25/100 elapsed_s=0.2
[2026-05-23 14:41:46] iteration 50/100 elapsed_s=0.4
[2026-05-23 14:41:46] iteration 75/100 elapsed_s=0.5
[2026-05-23 14:41:46] iteration 100/100 elapsed_s=0.7
[2026-05-23 14:41:46] benchmark iterations done
[2026-05-23 14:41:46] mode complete mode=baseline mean_ms=6.797 std_ms=1.272 p95_ms=8.505
[2026-05-23 14:41:46] start mode=optimized model=GAT_fp32.onnx device=NPU warmup=5 iters=100
[2026-05-23 14:41:46] creating session
[2026-05-23 14:41:47] session ready providers=OpenVINOExecutionProvider | CPUExecutionProvider
[2026-05-23 14:41:47] preparing inputs
[2026-05-23 14:41:47] inputs ready
[2026-05-23 14:41:47] warmup start
[2026-05-23 14:41:47] warmup done
[2026-05-23 14:41:47] benchmark iterations start
[2026-05-23 14:41:47] iteration 25/100 elapsed_s=0.2
[2026-05-23 14:41:47] iteration 50/100 elapsed_s=0.4
[2026-05-23 14:41:47] iteration 75/100 elapsed_s=0.5
[2026-05-23 14:41:48] iteration 100/100 elapsed_s=0.7
[2026-05-23 14:41:48] benchmark iterations done
[2026-05-23 14:41:48] mode complete mode=optimized mean_ms=6.685 std_ms=0.946 p95_ms=8.334
[2026-05-23 14:45:24] start mode=baseline model=GAT_fp32.onnx device=GPU warmup=5 iters=100
[2026-05-23 14:45:24] creating session
[2026-05-23 14:45:26] session ready providers=OpenVINOExecutionProvider | CPUExecutionProvider
[2026-05-23 14:45:26] preparing inputs
[2026-05-23 14:45:26] inputs ready
[2026-05-23 14:45:26] warmup start
[2026-05-23 14:45:26] warmup done
[2026-05-23 14:45:26] benchmark iterations start
[2026-05-23 14:45:26] iteration 25/100 elapsed_s=0.1
[2026-05-23 14:45:26] iteration 50/100 elapsed_s=0.3
[2026-05-23 14:45:26] iteration 75/100 elapsed_s=0.4
[2026-05-23 14:45:26] iteration 100/100 elapsed_s=0.5
[2026-05-23 14:45:26] benchmark iterations done
[2026-05-23 14:45:26] mode complete mode=baseline mean_ms=4.926 std_ms=0.456 p95_ms=5.678
[2026-05-23 14:45:27] start mode=optimized model=GAT_fp32.onnx device=GPU warmup=5 iters=100
[2026-05-23 14:45:27] creating session
[2026-05-23 14:45:28] session ready providers=OpenVINOExecutionProvider | CPUExecutionProvider
[2026-05-23 14:45:28] preparing inputs
[2026-05-23 14:45:28] inputs ready
[2026-05-23 14:45:28] warmup start
[2026-05-23 14:45:28] warmup done
[2026-05-23 14:45:28] benchmark iterations start
[2026-05-23 14:45:28] iteration 25/100 elapsed_s=0.1
[2026-05-23 14:45:28] iteration 50/100 elapsed_s=0.3
[2026-05-23 14:45:29] iteration 75/100 elapsed_s=0.4
[2026-05-23 14:45:29] iteration 100/100 elapsed_s=0.5
[2026-05-23 14:45:29] benchmark iterations done
[2026-05-23 14:45:29] mode complete mode=optimized mean_ms=5.079 std_ms=0.537 p95_ms=6.066
[2026-05-23 14:48:58] start mode=baseline model=GAT_fp32.onnx device=CPU warmup=5 iters=100
[2026-05-23 14:48:58] creating session
[2026-05-23 14:48:58] session ready providers=OpenVINOExecutionProvider | CPUExecutionProvider
[2026-05-23 14:48:58] preparing inputs
[2026-05-23 14:48:59] inputs ready
[2026-05-23 14:48:59] warmup start
[2026-05-23 14:48:59] warmup done
[2026-05-23 14:48:59] benchmark iterations start
[2026-05-23 14:48:59] iteration 25/100 elapsed_s=0.2
[2026-05-23 14:48:59] iteration 50/100 elapsed_s=0.3
[2026-05-23 14:48:59] iteration 75/100 elapsed_s=0.5
[2026-05-23 14:48:59] iteration 100/100 elapsed_s=0.7
[2026-05-23 14:48:59] benchmark iterations done
[2026-05-23 14:48:59] mode complete mode=baseline mean_ms=6.575 std_ms=0.845 p95_ms=8.099
[2026-05-23 14:49:00] start mode=optimized model=GAT_fp32.onnx device=CPU warmup=5 iters=100
[2026-05-23 14:49:00] creating session
[2026-05-23 14:49:00] session ready providers=OpenVINOExecutionProvider | CPUExecutionProvider
[2026-05-23 14:49:00] preparing inputs
[2026-05-23 14:49:00] inputs ready
[2026-05-23 14:49:00] warmup start
[2026-05-23 14:49:00] warmup done
[2026-05-23 14:49:00] benchmark iterations start
[2026-05-23 14:49:01] iteration 25/100 elapsed_s=0.2
[2026-05-23 14:49:01] iteration 50/100 elapsed_s=0.4
[2026-05-23 14:49:01] iteration 75/100 elapsed_s=0.5
[2026-05-23 14:49:01] iteration 100/100 elapsed_s=0.7
[2026-05-23 14:49:01] benchmark iterations done
[2026-05-23 14:49:01] mode complete mode=optimized mean_ms=6.908 std_ms=0.939 p95_ms=8.707
