[2026-05-23 11:18:26] start mode=baseline model=GraphTransformer_fp32.onnx device=NPU warmup=5 iters=100
[2026-05-23 11:18:26] creating session
[2026-05-23 11:18:26] session ready providers=OpenVINOExecutionProvider | CPUExecutionProvider
[2026-05-23 11:18:26] preparing inputs
[2026-05-23 11:18:27] inputs ready
[2026-05-23 11:18:27] warmup start
[2026-05-23 11:18:27] warmup done
[2026-05-23 11:18:27] benchmark iterations start
[2026-05-23 11:18:27] iteration 25/100 elapsed_s=0.3
[2026-05-23 11:18:27] iteration 50/100 elapsed_s=0.5
[2026-05-23 11:18:27] iteration 75/100 elapsed_s=0.8
[2026-05-23 11:18:28] iteration 100/100 elapsed_s=1.0
[2026-05-23 11:18:28] benchmark iterations done
[2026-05-23 11:18:28] mode complete mode=baseline mean_ms=10.452 std_ms=1.318 p95_ms=13.786
[2026-05-23 11:18:28] start mode=optimized model=GraphTransformer_fp32.onnx device=NPU warmup=5 iters=100
[2026-05-23 11:18:28] creating session
[2026-05-23 11:18:28] session ready providers=OpenVINOExecutionProvider | CPUExecutionProvider
[2026-05-23 11:18:28] preparing inputs
[2026-05-23 11:18:29] inputs ready
[2026-05-23 11:18:29] warmup start
[2026-05-23 11:18:29] warmup done
[2026-05-23 11:18:29] benchmark iterations start
[2026-05-23 11:18:29] iteration 25/100 elapsed_s=0.3
[2026-05-23 11:18:29] iteration 50/100 elapsed_s=0.5
[2026-05-23 11:18:30] iteration 75/100 elapsed_s=0.8
[2026-05-23 11:18:30] iteration 100/100 elapsed_s=1.1
[2026-05-23 11:18:30] benchmark iterations done
[2026-05-23 11:18:30] mode complete mode=optimized mean_ms=10.487 std_ms=1.786 p95_ms=12.464
[2026-05-23 11:19:04] start mode=baseline model=GraphTransformer_fp32.onnx device=NPU warmup=5 iters=100
[2026-05-23 11:19:04] creating session
[2026-05-23 11:19:04] session ready providers=OpenVINOExecutionProvider | CPUExecutionProvider
[2026-05-23 11:19:04] preparing inputs
[2026-05-23 11:19:06] inputs ready
[2026-05-23 11:19:06] warmup start
[2026-05-23 11:19:06] warmup done
[2026-05-23 11:19:06] benchmark iterations start
[2026-05-23 11:19:07] iteration 25/100 elapsed_s=0.3
[2026-05-23 11:19:07] iteration 50/100 elapsed_s=0.5
[2026-05-23 11:19:07] iteration 75/100 elapsed_s=0.8
[2026-05-23 11:19:07] iteration 100/100 elapsed_s=1.1
[2026-05-23 11:19:07] benchmark iterations done
[2026-05-23 11:19:07] mode complete mode=baseline mean_ms=11.372 std_ms=1.803 p95_ms=15.660
[2026-05-23 11:19:08] start mode=optimized model=GraphTransformer_fp32.onnx device=NPU warmup=5 iters=100
[2026-05-23 11:19:08] creating session
[2026-05-23 11:19:08] session ready providers=OpenVINOExecutionProvider | CPUExecutionProvider
[2026-05-23 11:19:08] preparing inputs
[2026-05-23 11:19:10] inputs ready
[2026-05-23 11:19:10] warmup start
[2026-05-23 11:19:10] warmup done
[2026-05-23 11:19:10] benchmark iterations start
[2026-05-23 11:19:10] iteration 25/100 elapsed_s=0.3
[2026-05-23 11:19:11] iteration 50/100 elapsed_s=0.6
[2026-05-23 11:19:11] iteration 75/100 elapsed_s=0.8
[2026-05-23 11:19:11] iteration 100/100 elapsed_s=1.1
[2026-05-23 11:19:11] benchmark iterations done
[2026-05-23 11:19:11] mode complete mode=optimized mean_ms=10.790 std_ms=1.439 p95_ms=12.315
[2026-05-23 11:19:59] start mode=baseline model=GraphTransformer_fp32.onnx device=NPU warmup=5 iters=100
[2026-05-23 11:19:59] creating session
[2026-05-23 11:19:59] session ready providers=OpenVINOExecutionProvider | CPUExecutionProvider
[2026-05-23 11:19:59] preparing inputs
[2026-05-23 11:20:01] inputs ready
[2026-05-23 11:20:01] warmup start
[2026-05-23 11:20:01] warmup done
[2026-05-23 11:20:01] benchmark iterations start
[2026-05-23 11:20:02] iteration 25/100 elapsed_s=0.3
[2026-05-23 11:20:02] iteration 50/100 elapsed_s=0.5
[2026-05-23 11:20:02] iteration 75/100 elapsed_s=0.8
[2026-05-23 11:20:02] iteration 100/100 elapsed_s=1.1
[2026-05-23 11:20:02] benchmark iterations done
[2026-05-23 11:20:03] mode complete mode=baseline mean_ms=10.700 std_ms=1.507 p95_ms=13.554
[2026-05-23 11:20:03] start mode=optimized model=GraphTransformer_fp32.onnx device=NPU warmup=5 iters=100
[2026-05-23 11:20:03] creating session
[2026-05-23 11:20:03] session ready providers=OpenVINOExecutionProvider | CPUExecutionProvider
[2026-05-23 11:20:03] preparing inputs
[2026-05-23 11:20:06] inputs ready
[2026-05-23 11:20:06] warmup start
[2026-05-23 11:20:06] warmup done
[2026-05-23 11:20:06] benchmark iterations start
[2026-05-23 11:20:06] iteration 25/100 elapsed_s=0.3
[2026-05-23 11:20:06] iteration 50/100 elapsed_s=0.6
[2026-05-23 11:20:06] iteration 75/100 elapsed_s=0.8
[2026-05-23 11:20:07] iteration 100/100 elapsed_s=1.1
[2026-05-23 11:20:07] benchmark iterations done
[2026-05-23 11:20:07] mode complete mode=optimized mean_ms=10.748 std_ms=1.530 p95_ms=13.000
[2026-05-23 11:20:46] start mode=baseline model=GraphTransformer_fp32.onnx device=GPU warmup=5 iters=100
[2026-05-23 11:20:46] creating session
[2026-05-23 11:20:47] session ready providers=OpenVINOExecutionProvider | CPUExecutionProvider
[2026-05-23 11:20:47] preparing inputs
[2026-05-23 11:20:47] inputs ready
[2026-05-23 11:20:47] warmup start
[2026-05-23 11:20:47] warmup done
[2026-05-23 11:20:47] benchmark iterations start
[2026-05-23 11:20:47] iteration 25/100 elapsed_s=0.2
[2026-05-23 11:20:47] iteration 50/100 elapsed_s=0.3
[2026-05-23 11:20:47] iteration 75/100 elapsed_s=0.5
[2026-05-23 11:20:48] iteration 100/100 elapsed_s=0.7
[2026-05-23 11:20:48] benchmark iterations done
[2026-05-23 11:20:48] mode complete mode=baseline mean_ms=6.562 std_ms=0.652 p95_ms=7.684
[2026-05-23 11:20:48] start mode=optimized model=GraphTransformer_fp32.onnx device=GPU warmup=5 iters=100
[2026-05-23 11:20:48] creating session
[2026-05-23 11:20:49] session ready providers=OpenVINOExecutionProvider | CPUExecutionProvider
[2026-05-23 11:20:49] preparing inputs
[2026-05-23 11:20:49] inputs ready
[2026-05-23 11:20:49] warmup start
[2026-05-23 11:20:49] warmup done
[2026-05-23 11:20:49] benchmark iterations start
[2026-05-23 11:20:50] iteration 25/100 elapsed_s=0.2
[2026-05-23 11:20:50] iteration 50/100 elapsed_s=0.3
[2026-05-23 11:20:50] iteration 75/100 elapsed_s=0.5
[2026-05-23 11:20:50] iteration 100/100 elapsed_s=0.6
[2026-05-23 11:20:50] benchmark iterations done
[2026-05-23 11:20:50] mode complete mode=optimized mean_ms=6.063 std_ms=0.696 p95_ms=7.192
[2026-05-23 11:21:31] start mode=baseline model=GraphTransformer_fp32.onnx device=GPU warmup=5 iters=100
[2026-05-23 11:21:31] creating session
[2026-05-23 11:21:32] session ready providers=OpenVINOExecutionProvider | CPUExecutionProvider
[2026-05-23 11:21:32] preparing inputs
[2026-05-23 11:21:34] inputs ready
[2026-05-23 11:21:34] warmup start
[2026-05-23 11:21:34] warmup done
[2026-05-23 11:21:34] benchmark iterations start
[2026-05-23 11:21:34] iteration 25/100 elapsed_s=0.2
[2026-05-23 11:21:35] iteration 50/100 elapsed_s=0.3
[2026-05-23 11:21:35] iteration 75/100 elapsed_s=0.4
[2026-05-23 11:21:35] iteration 100/100 elapsed_s=0.6
[2026-05-23 11:21:35] benchmark iterations done
[2026-05-23 11:21:35] mode complete mode=baseline mean_ms=5.834 std_ms=0.764 p95_ms=7.092
[2026-05-23 11:21:35] start mode=optimized model=GraphTransformer_fp32.onnx device=GPU warmup=5 iters=100
[2026-05-23 11:21:35] creating session
[2026-05-23 11:21:36] session ready providers=OpenVINOExecutionProvider | CPUExecutionProvider
[2026-05-23 11:21:36] preparing inputs
[2026-05-23 11:21:38] inputs ready
[2026-05-23 11:21:38] warmup start
[2026-05-23 11:21:38] warmup done
[2026-05-23 11:21:38] benchmark iterations start
[2026-05-23 11:21:38] iteration 25/100 elapsed_s=0.2
[2026-05-23 11:21:39] iteration 50/100 elapsed_s=0.3
[2026-05-23 11:21:39] iteration 75/100 elapsed_s=0.4
[2026-05-23 11:21:39] iteration 100/100 elapsed_s=0.6
[2026-05-23 11:21:39] benchmark iterations done
[2026-05-23 11:21:39] mode complete mode=optimized mean_ms=5.849 std_ms=0.667 p95_ms=6.944
[2026-05-23 11:22:26] start mode=baseline model=GraphTransformer_fp32.onnx device=GPU warmup=5 iters=100
[2026-05-23 11:22:26] creating session
[2026-05-23 11:22:28] session ready providers=OpenVINOExecutionProvider | CPUExecutionProvider
[2026-05-23 11:22:28] preparing inputs
[2026-05-23 11:22:30] inputs ready
[2026-05-23 11:22:30] warmup start
[2026-05-23 11:22:30] warmup done
[2026-05-23 11:22:30] benchmark iterations start
[2026-05-23 11:22:30] iteration 25/100 elapsed_s=0.2
[2026-05-23 11:22:30] iteration 50/100 elapsed_s=0.3
[2026-05-23 11:22:30] iteration 75/100 elapsed_s=0.5
[2026-05-23 11:22:30] iteration 100/100 elapsed_s=0.6
[2026-05-23 11:22:31] benchmark iterations done
[2026-05-23 11:22:31] mode complete mode=baseline mean_ms=6.149 std_ms=0.701 p95_ms=7.229
[2026-05-23 11:22:31] start mode=optimized model=GraphTransformer_fp32.onnx device=GPU warmup=5 iters=100
[2026-05-23 11:22:31] creating session
[2026-05-23 11:22:32] session ready providers=OpenVINOExecutionProvider | CPUExecutionProvider
[2026-05-23 11:22:32] preparing inputs
[2026-05-23 11:22:35] inputs ready
[2026-05-23 11:22:35] warmup start
[2026-05-23 11:22:35] warmup done
[2026-05-23 11:22:35] benchmark iterations start
[2026-05-23 11:22:35] iteration 25/100 elapsed_s=0.1
[2026-05-23 11:22:35] iteration 50/100 elapsed_s=0.3
[2026-05-23 11:22:35] iteration 75/100 elapsed_s=0.5
[2026-05-23 11:22:35] iteration 100/100 elapsed_s=0.6
[2026-05-23 11:22:35] benchmark iterations done
[2026-05-23 11:22:35] mode complete mode=optimized mean_ms=6.266 std_ms=1.039 p95_ms=7.691
[2026-05-23 11:23:16] start mode=baseline model=GraphTransformer_fp32.onnx device=CPU warmup=5 iters=100
[2026-05-23 11:23:16] creating session
[2026-05-23 11:23:17] session ready providers=OpenVINOExecutionProvider | CPUExecutionProvider
[2026-05-23 11:23:17] preparing inputs
[2026-05-23 11:23:17] inputs ready
[2026-05-23 11:23:17] warmup start
[2026-05-23 11:23:17] warmup done
[2026-05-23 11:23:17] benchmark iterations start
[2026-05-23 11:23:17] iteration 25/100 elapsed_s=0.3
[2026-05-23 11:23:18] iteration 50/100 elapsed_s=0.6
[2026-05-23 11:23:18] iteration 75/100 elapsed_s=0.8
[2026-05-23 11:23:18] iteration 100/100 elapsed_s=1.1
[2026-05-23 11:23:18] benchmark iterations done
[2026-05-23 11:23:18] mode complete mode=baseline mean_ms=10.833 std_ms=1.322 p95_ms=13.423
[2026-05-23 11:23:18] start mode=optimized model=GraphTransformer_fp32.onnx device=CPU warmup=5 iters=100
[2026-05-23 11:23:18] creating session
[2026-05-23 11:23:19] session ready providers=OpenVINOExecutionProvider | CPUExecutionProvider
[2026-05-23 11:23:19] preparing inputs
[2026-05-23 11:23:19] inputs ready
[2026-05-23 11:23:19] warmup start
[2026-05-23 11:23:19] warmup done
[2026-05-23 11:23:19] benchmark iterations start
[2026-05-23 11:23:19] iteration 25/100 elapsed_s=0.3
[2026-05-23 11:23:20] iteration 50/100 elapsed_s=0.5
[2026-05-23 11:23:20] iteration 75/100 elapsed_s=0.8
[2026-05-23 11:23:20] iteration 100/100 elapsed_s=1.1
[2026-05-23 11:23:20] benchmark iterations done
[2026-05-23 11:23:20] mode complete mode=optimized mean_ms=10.573 std_ms=1.337 p95_ms=13.725
[2026-05-23 11:23:49] start mode=baseline model=GraphTransformer_fp32.onnx device=CPU warmup=5 iters=100
[2026-05-23 11:23:49] creating session
[2026-05-23 11:23:50] session ready providers=OpenVINOExecutionProvider | CPUExecutionProvider
[2026-05-23 11:23:50] preparing inputs
[2026-05-23 11:23:51] inputs ready
[2026-05-23 11:23:51] warmup start
[2026-05-23 11:23:52] warmup done
[2026-05-23 11:23:52] benchmark iterations start
[2026-05-23 11:23:52] iteration 25/100 elapsed_s=0.3
[2026-05-23 11:23:52] iteration 50/100 elapsed_s=0.5
[2026-05-23 11:23:52] iteration 75/100 elapsed_s=0.8
[2026-05-23 11:23:53] iteration 100/100 elapsed_s=1.0
[2026-05-23 11:23:53] benchmark iterations done
[2026-05-23 11:23:53] mode complete mode=baseline mean_ms=10.420 std_ms=0.863 p95_ms=11.606
[2026-05-23 11:23:53] start mode=optimized model=GraphTransformer_fp32.onnx device=CPU warmup=5 iters=100
[2026-05-23 11:23:53] creating session
[2026-05-23 11:23:53] session ready providers=OpenVINOExecutionProvider | CPUExecutionProvider
[2026-05-23 11:23:53] preparing inputs
[2026-05-23 11:23:55] inputs ready
[2026-05-23 11:23:55] warmup start
[2026-05-23 11:23:55] warmup done
[2026-05-23 11:23:55] benchmark iterations start
[2026-05-23 11:23:55] iteration 25/100 elapsed_s=0.3
[2026-05-23 11:23:56] iteration 50/100 elapsed_s=0.5
[2026-05-23 11:23:56] iteration 75/100 elapsed_s=0.8
[2026-05-23 11:23:56] iteration 100/100 elapsed_s=1.1
[2026-05-23 11:23:56] benchmark iterations done
[2026-05-23 11:23:56] mode complete mode=optimized mean_ms=10.469 std_ms=1.113 p95_ms=12.587
[2026-05-23 11:24:37] start mode=baseline model=GraphTransformer_fp32.onnx device=CPU warmup=5 iters=100
[2026-05-23 11:24:37] creating session
[2026-05-23 11:24:38] session ready providers=OpenVINOExecutionProvider | CPUExecutionProvider
[2026-05-23 11:24:38] preparing inputs
[2026-05-23 11:24:40] inputs ready
[2026-05-23 11:24:40] warmup start
[2026-05-23 11:24:40] warmup done
[2026-05-23 11:24:40] benchmark iterations start
[2026-05-23 11:24:40] iteration 25/100 elapsed_s=0.3
[2026-05-23 11:24:41] iteration 50/100 elapsed_s=0.5
[2026-05-23 11:24:41] iteration 75/100 elapsed_s=0.8
[2026-05-23 11:24:41] iteration 100/100 elapsed_s=1.1
[2026-05-23 11:24:41] benchmark iterations done
[2026-05-23 11:24:41] mode complete mode=baseline mean_ms=10.473 std_ms=1.274 p95_ms=12.648
[2026-05-23 11:24:42] start mode=optimized model=GraphTransformer_fp32.onnx device=CPU warmup=5 iters=100
[2026-05-23 11:24:42] creating session
[2026-05-23 11:24:42] session ready providers=OpenVINOExecutionProvider | CPUExecutionProvider
[2026-05-23 11:24:42] preparing inputs
[2026-05-23 11:24:44] inputs ready
[2026-05-23 11:24:44] warmup start
[2026-05-23 11:24:44] warmup done
[2026-05-23 11:24:44] benchmark iterations start
[2026-05-23 11:24:45] iteration 25/100 elapsed_s=0.3
[2026-05-23 11:24:45] iteration 50/100 elapsed_s=0.5
[2026-05-23 11:24:45] iteration 75/100 elapsed_s=0.8
[2026-05-23 11:24:45] iteration 100/100 elapsed_s=1.1
[2026-05-23 11:24:45] benchmark iterations done
[2026-05-23 11:24:45] mode complete mode=optimized mean_ms=10.988 std_ms=1.718 p95_ms=14.582
