[2026-05-23 11:36:32] start mode=baseline model=SGC_fp32.onnx device=NPU warmup=5 iters=100
[2026-05-23 11:36:32] creating session
[2026-05-23 11:36:32] session ready providers=OpenVINOExecutionProvider | CPUExecutionProvider
[2026-05-23 11:36:32] preparing inputs
[2026-05-23 11:36:33] inputs ready
[2026-05-23 11:36:33] warmup start
[2026-05-23 11:36:33] warmup done
[2026-05-23 11:36:33] benchmark iterations start
[2026-05-23 11:36:35] iteration 25/100 elapsed_s=2.1
[2026-05-23 11:36:37] iteration 50/100 elapsed_s=4.0
[2026-05-23 11:36:39] iteration 75/100 elapsed_s=5.9
[2026-05-23 11:36:41] iteration 100/100 elapsed_s=8.0
[2026-05-23 11:36:41] benchmark iterations done
[2026-05-23 11:36:41] mode complete mode=baseline mean_ms=80.465 std_ms=4.426 p95_ms=87.840
[2026-05-23 11:36:41] start mode=optimized model=SGC_fp32.onnx device=NPU warmup=5 iters=100
[2026-05-23 11:36:41] creating session
[2026-05-23 11:36:42] session ready providers=OpenVINOExecutionProvider | CPUExecutionProvider
[2026-05-23 11:36:42] preparing inputs
[2026-05-23 11:36:42] inputs ready
[2026-05-23 11:36:42] warmup start
[2026-05-23 11:36:43] warmup done
[2026-05-23 11:36:43] benchmark iterations start
[2026-05-23 11:36:44] iteration 25/100 elapsed_s=1.9
[2026-05-23 11:36:46] iteration 50/100 elapsed_s=3.9
[2026-05-23 11:36:49] iteration 75/100 elapsed_s=6.0
[2026-05-23 11:36:51] iteration 100/100 elapsed_s=8.0
[2026-05-23 11:36:51] benchmark iterations done
[2026-05-23 11:36:51] mode complete mode=optimized mean_ms=80.246 std_ms=5.123 p95_ms=89.419
[2026-05-23 11:39:41] start mode=baseline model=SGC_fp32.onnx device=NPU warmup=5 iters=100
[2026-05-23 11:39:41] creating session
[2026-05-23 11:39:41] session ready providers=OpenVINOExecutionProvider | CPUExecutionProvider
[2026-05-23 11:39:41] preparing inputs
[2026-05-23 11:39:43] inputs ready
[2026-05-23 11:39:43] warmup start
[2026-05-23 11:39:44] warmup done
[2026-05-23 11:39:44] benchmark iterations start
[2026-05-23 11:39:46] iteration 25/100 elapsed_s=2.1
[2026-05-23 11:39:48] iteration 50/100 elapsed_s=4.1
[2026-05-23 11:39:50] iteration 75/100 elapsed_s=6.0
[2026-05-23 11:39:52] iteration 100/100 elapsed_s=8.0
[2026-05-23 11:39:52] benchmark iterations done
[2026-05-23 11:39:52] mode complete mode=baseline mean_ms=79.653 std_ms=5.962 p95_ms=90.174
[2026-05-23 11:39:52] start mode=optimized model=SGC_fp32.onnx device=NPU warmup=5 iters=100
[2026-05-23 11:39:52] creating session
[2026-05-23 11:39:53] session ready providers=OpenVINOExecutionProvider | CPUExecutionProvider
[2026-05-23 11:39:53] preparing inputs
[2026-05-23 11:39:55] inputs ready
[2026-05-23 11:39:55] warmup start
[2026-05-23 11:39:55] warmup done
[2026-05-23 11:39:55] benchmark iterations start
[2026-05-23 11:39:57] iteration 25/100 elapsed_s=1.9
[2026-05-23 11:39:59] iteration 50/100 elapsed_s=3.7
[2026-05-23 11:40:01] iteration 75/100 elapsed_s=5.8
[2026-05-23 11:40:03] iteration 100/100 elapsed_s=7.8
[2026-05-23 11:40:03] benchmark iterations done
[2026-05-23 11:40:03] mode complete mode=optimized mean_ms=77.960 std_ms=5.310 p95_ms=87.217
[2026-05-23 11:43:03] start mode=baseline model=SGC_fp32.onnx device=NPU warmup=5 iters=100
[2026-05-23 11:43:03] creating session
[2026-05-23 11:43:04] session ready providers=OpenVINOExecutionProvider | CPUExecutionProvider
[2026-05-23 11:43:04] preparing inputs
[2026-05-23 11:43:06] inputs ready
[2026-05-23 11:43:06] warmup start
[2026-05-23 11:43:07] warmup done
[2026-05-23 11:43:07] benchmark iterations start
[2026-05-23 11:43:08] iteration 25/100 elapsed_s=1.8
[2026-05-23 11:43:10] iteration 50/100 elapsed_s=3.8
[2026-05-23 11:43:12] iteration 75/100 elapsed_s=5.8
[2026-05-23 11:43:14] iteration 100/100 elapsed_s=7.7
[2026-05-23 11:43:14] benchmark iterations done
[2026-05-23 11:43:14] mode complete mode=baseline mean_ms=76.512 std_ms=5.168 p95_ms=85.566
[2026-05-23 11:43:15] start mode=optimized model=SGC_fp32.onnx device=NPU warmup=5 iters=100
[2026-05-23 11:43:15] creating session
[2026-05-23 11:43:15] session ready providers=OpenVINOExecutionProvider | CPUExecutionProvider
[2026-05-23 11:43:15] preparing inputs
[2026-05-23 11:43:17] inputs ready
[2026-05-23 11:43:17] warmup start
[2026-05-23 11:43:18] warmup done
[2026-05-23 11:43:18] benchmark iterations start
[2026-05-23 11:43:20] iteration 25/100 elapsed_s=2.0
[2026-05-23 11:43:22] iteration 50/100 elapsed_s=3.9
[2026-05-23 11:43:24] iteration 75/100 elapsed_s=5.7
[2026-05-23 11:43:26] iteration 100/100 elapsed_s=7.7
[2026-05-23 11:43:26] benchmark iterations done
[2026-05-23 11:43:26] mode complete mode=optimized mean_ms=77.419 std_ms=5.313 p95_ms=87.847
[2026-05-23 11:46:11] start mode=baseline model=SGC_fp32.onnx device=GPU warmup=5 iters=100
[2026-05-23 11:46:11] creating session
[2026-05-23 11:46:12] session ready providers=OpenVINOExecutionProvider | CPUExecutionProvider
[2026-05-23 11:46:12] preparing inputs
[2026-05-23 11:46:13] inputs ready
[2026-05-23 11:46:13] warmup start
[2026-05-23 11:46:13] warmup done
[2026-05-23 11:46:13] benchmark iterations start
[2026-05-23 11:46:14] iteration 25/100 elapsed_s=1.5
[2026-05-23 11:46:16] iteration 50/100 elapsed_s=3.0
[2026-05-23 11:46:17] iteration 75/100 elapsed_s=4.6
[2026-05-23 11:46:19] iteration 100/100 elapsed_s=6.1
[2026-05-23 11:46:19] benchmark iterations done
[2026-05-23 11:46:19] mode complete mode=baseline mean_ms=60.717 std_ms=3.669 p95_ms=67.170
[2026-05-23 11:46:19] start mode=optimized model=SGC_fp32.onnx device=GPU warmup=5 iters=100
[2026-05-23 11:46:19] creating session
[2026-05-23 11:46:21] session ready providers=OpenVINOExecutionProvider | CPUExecutionProvider
[2026-05-23 11:46:21] preparing inputs
[2026-05-23 11:46:21] inputs ready
[2026-05-23 11:46:21] warmup start
[2026-05-23 11:46:21] warmup done
[2026-05-23 11:46:21] benchmark iterations start
[2026-05-23 11:46:23] iteration 25/100 elapsed_s=1.5
[2026-05-23 11:46:24] iteration 50/100 elapsed_s=3.0
[2026-05-23 11:46:26] iteration 75/100 elapsed_s=4.4
[2026-05-23 11:46:27] iteration 100/100 elapsed_s=5.9
[2026-05-23 11:46:27] benchmark iterations done
[2026-05-23 11:46:27] mode complete mode=optimized mean_ms=59.317 std_ms=3.318 p95_ms=63.851
[2026-05-23 11:48:40] start mode=baseline model=SGC_fp32.onnx device=GPU warmup=5 iters=100
[2026-05-23 11:48:40] creating session
[2026-05-23 11:48:41] session ready providers=OpenVINOExecutionProvider | CPUExecutionProvider
[2026-05-23 11:48:41] preparing inputs
[2026-05-23 11:48:43] inputs ready
[2026-05-23 11:48:43] warmup start
[2026-05-23 11:48:44] warmup done
[2026-05-23 11:48:44] benchmark iterations start
[2026-05-23 11:48:47] iteration 25/100 elapsed_s=3.5
[2026-05-23 11:48:50] iteration 50/100 elapsed_s=6.9
[2026-05-23 11:48:54] iteration 75/100 elapsed_s=10.4
[2026-05-23 11:48:57] iteration 100/100 elapsed_s=13.8
[2026-05-23 11:48:57] benchmark iterations done
[2026-05-23 11:48:57] mode complete mode=baseline mean_ms=138.406 std_ms=2.411 p95_ms=142.348
[2026-05-23 11:48:58] start mode=optimized model=SGC_fp32.onnx device=GPU warmup=5 iters=100
[2026-05-23 11:48:58] creating session
[2026-05-23 11:48:59] session ready providers=OpenVINOExecutionProvider | CPUExecutionProvider
[2026-05-23 11:48:59] preparing inputs
[2026-05-23 11:49:01] inputs ready
[2026-05-23 11:49:01] warmup start
[2026-05-23 11:49:02] warmup done
[2026-05-23 11:49:02] benchmark iterations start
[2026-05-23 11:49:05] iteration 25/100 elapsed_s=3.5
[2026-05-23 11:49:09] iteration 50/100 elapsed_s=6.9
[2026-05-23 11:49:12] iteration 75/100 elapsed_s=10.4
[2026-05-23 11:49:16] iteration 100/100 elapsed_s=13.8
[2026-05-23 11:49:16] benchmark iterations done
[2026-05-23 11:49:16] mode complete mode=optimized mean_ms=138.449 std_ms=2.478 p95_ms=141.874
[2026-05-23 11:52:22] start mode=baseline model=SGC_fp32.onnx device=GPU warmup=5 iters=100
[2026-05-23 11:52:22] creating session
[2026-05-23 11:52:23] session ready providers=OpenVINOExecutionProvider | CPUExecutionProvider
[2026-05-23 11:52:23] preparing inputs
[2026-05-23 11:52:26] inputs ready
[2026-05-23 11:52:26] warmup start
[2026-05-23 11:52:26] warmup done
[2026-05-23 11:52:26] benchmark iterations start
[2026-05-23 11:52:30] iteration 25/100 elapsed_s=3.5
[2026-05-23 11:52:33] iteration 50/100 elapsed_s=7.0
[2026-05-23 11:52:37] iteration 75/100 elapsed_s=10.6
[2026-05-23 11:52:40] iteration 100/100 elapsed_s=14.1
[2026-05-23 11:52:40] benchmark iterations done
[2026-05-23 11:52:40] mode complete mode=baseline mean_ms=140.665 std_ms=2.468 p95_ms=144.465
[2026-05-23 11:52:41] start mode=optimized model=SGC_fp32.onnx device=GPU warmup=5 iters=100
[2026-05-23 11:52:41] creating session
[2026-05-23 11:52:42] session ready providers=OpenVINOExecutionProvider | CPUExecutionProvider
[2026-05-23 11:52:42] preparing inputs
[2026-05-23 11:52:45] inputs ready
[2026-05-23 11:52:45] warmup start
[2026-05-23 11:52:45] warmup done
[2026-05-23 11:52:45] benchmark iterations start
[2026-05-23 11:52:49] iteration 25/100 elapsed_s=3.5
[2026-05-23 11:52:52] iteration 50/100 elapsed_s=7.0
[2026-05-23 11:52:56] iteration 75/100 elapsed_s=10.6
[2026-05-23 11:53:00] iteration 100/100 elapsed_s=14.1
[2026-05-23 11:53:00] benchmark iterations done
[2026-05-23 11:53:00] mode complete mode=optimized mean_ms=141.043 std_ms=1.894 p95_ms=144.028
[2026-05-23 11:55:35] start mode=baseline model=SGC_fp32.onnx device=CPU warmup=5 iters=100
[2026-05-23 11:55:35] creating session
[2026-05-23 11:55:35] session ready providers=OpenVINOExecutionProvider | CPUExecutionProvider
[2026-05-23 11:55:35] preparing inputs
[2026-05-23 11:55:36] inputs ready
[2026-05-23 11:55:36] warmup start
[2026-05-23 11:55:36] warmup done
[2026-05-23 11:55:36] benchmark iterations start
[2026-05-23 11:55:38] iteration 25/100 elapsed_s=2.0
[2026-05-23 11:55:41] iteration 50/100 elapsed_s=4.2
[2026-05-23 11:55:43] iteration 75/100 elapsed_s=6.2
[2026-05-23 11:55:45] iteration 100/100 elapsed_s=8.1
[2026-05-23 11:55:45] benchmark iterations done
[2026-05-23 11:55:45] mode complete mode=baseline mean_ms=81.368 std_ms=4.622 p95_ms=89.285
[2026-05-23 11:55:45] start mode=optimized model=SGC_fp32.onnx device=CPU warmup=5 iters=100
[2026-05-23 11:55:45] creating session
[2026-05-23 11:55:45] session ready providers=OpenVINOExecutionProvider | CPUExecutionProvider
[2026-05-23 11:55:45] preparing inputs
[2026-05-23 11:55:46] inputs ready
[2026-05-23 11:55:46] warmup start
[2026-05-23 11:55:46] warmup done
[2026-05-23 11:55:46] benchmark iterations start
[2026-05-23 11:55:48] iteration 25/100 elapsed_s=2.2
[2026-05-23 11:55:50] iteration 50/100 elapsed_s=4.1
[2026-05-23 11:55:52] iteration 75/100 elapsed_s=6.1
[2026-05-23 11:55:54] iteration 100/100 elapsed_s=8.2
[2026-05-23 11:55:54] benchmark iterations done
[2026-05-23 11:55:54] mode complete mode=optimized mean_ms=81.714 std_ms=5.627 p95_ms=89.621
[2026-05-23 11:58:39] start mode=baseline model=SGC_fp32.onnx device=CPU warmup=5 iters=100
[2026-05-23 11:58:39] creating session
[2026-05-23 11:58:39] session ready providers=OpenVINOExecutionProvider | CPUExecutionProvider
[2026-05-23 11:58:39] preparing inputs
[2026-05-23 11:58:41] inputs ready
[2026-05-23 11:58:41] warmup start
[2026-05-23 11:58:42] warmup done
[2026-05-23 11:58:42] benchmark iterations start
[2026-05-23 11:58:44] iteration 25/100 elapsed_s=1.9
[2026-05-23 11:58:46] iteration 50/100 elapsed_s=3.9
[2026-05-23 11:58:48] iteration 75/100 elapsed_s=6.0
[2026-05-23 11:58:50] iteration 100/100 elapsed_s=7.9
[2026-05-23 11:58:50] benchmark iterations done
[2026-05-23 11:58:50] mode complete mode=baseline mean_ms=78.967 std_ms=5.675 p95_ms=88.429
[2026-05-23 11:58:50] start mode=optimized model=SGC_fp32.onnx device=CPU warmup=5 iters=100
[2026-05-23 11:58:50] creating session
[2026-05-23 11:58:50] session ready providers=OpenVINOExecutionProvider | CPUExecutionProvider
[2026-05-23 11:58:50] preparing inputs
[2026-05-23 11:58:52] inputs ready
[2026-05-23 11:58:52] warmup start
[2026-05-23 11:58:53] warmup done
[2026-05-23 11:58:53] benchmark iterations start
[2026-05-23 11:58:55] iteration 25/100 elapsed_s=2.1
[2026-05-23 11:58:57] iteration 50/100 elapsed_s=4.0
[2026-05-23 11:58:58] iteration 75/100 elapsed_s=5.9
[2026-05-23 11:59:00] iteration 100/100 elapsed_s=7.9
[2026-05-23 11:59:00] benchmark iterations done
[2026-05-23 11:59:01] mode complete mode=optimized mean_ms=79.103 std_ms=4.876 p95_ms=87.512
[2026-05-23 12:01:54] start mode=baseline model=SGC_fp32.onnx device=CPU warmup=5 iters=100
[2026-05-23 12:01:54] creating session
[2026-05-23 12:01:54] session ready providers=OpenVINOExecutionProvider | CPUExecutionProvider
[2026-05-23 12:01:54] preparing inputs
[2026-05-23 12:01:56] inputs ready
[2026-05-23 12:01:56] warmup start
[2026-05-23 12:01:57] warmup done
[2026-05-23 12:01:57] benchmark iterations start
[2026-05-23 12:01:59] iteration 25/100 elapsed_s=2.1
[2026-05-23 12:02:01] iteration 50/100 elapsed_s=4.0
[2026-05-23 12:02:03] iteration 75/100 elapsed_s=5.9
[2026-05-23 12:02:05] iteration 100/100 elapsed_s=7.9
[2026-05-23 12:02:05] benchmark iterations done
[2026-05-23 12:02:05] mode complete mode=baseline mean_ms=78.870 std_ms=5.364 p95_ms=86.855
[2026-05-23 12:02:05] start mode=optimized model=SGC_fp32.onnx device=CPU warmup=5 iters=100
[2026-05-23 12:02:05] creating session
[2026-05-23 12:02:06] session ready providers=OpenVINOExecutionProvider | CPUExecutionProvider
[2026-05-23 12:02:06] preparing inputs
[2026-05-23 12:02:08] inputs ready
[2026-05-23 12:02:08] warmup start
[2026-05-23 12:02:08] warmup done
[2026-05-23 12:02:08] benchmark iterations start
[2026-05-23 12:02:10] iteration 25/100 elapsed_s=1.8
[2026-05-23 12:02:12] iteration 50/100 elapsed_s=3.8
[2026-05-23 12:02:14] iteration 75/100 elapsed_s=5.9
[2026-05-23 12:02:16] iteration 100/100 elapsed_s=7.7
[2026-05-23 12:02:16] benchmark iterations done
[2026-05-23 12:02:16] mode complete mode=optimized mean_ms=77.033 std_ms=5.413 p95_ms=86.977
