[2026-05-23 12:45:06] start mode=baseline model=APPNP_fp32.onnx device=NPU warmup=5 iters=100
[2026-05-23 12:45:06] creating session
[2026-05-23 12:45:06] session ready providers=OpenVINOExecutionProvider | CPUExecutionProvider
[2026-05-23 12:45:06] preparing inputs
[2026-05-23 12:45:06] inputs ready
[2026-05-23 12:45:06] warmup start
[2026-05-23 12:45:06] warmup done
[2026-05-23 12:45:06] benchmark iterations start
[2026-05-23 12:45:07] iteration 25/100 elapsed_s=0.2
[2026-05-23 12:45:07] iteration 50/100 elapsed_s=0.3
[2026-05-23 12:45:07] iteration 75/100 elapsed_s=0.5
[2026-05-23 12:45:07] iteration 100/100 elapsed_s=0.6
[2026-05-23 12:45:07] benchmark iterations done
[2026-05-23 12:45:07] mode complete mode=baseline mean_ms=6.417 std_ms=2.507 p95_ms=9.183
[2026-05-23 12:45:07] start mode=optimized model=APPNP_fp32.onnx device=NPU warmup=5 iters=100
[2026-05-23 12:45:07] creating session
[2026-05-23 12:45:08] session ready providers=OpenVINOExecutionProvider | CPUExecutionProvider
[2026-05-23 12:45:08] preparing inputs
[2026-05-23 12:45:08] inputs ready
[2026-05-23 12:45:08] warmup start
[2026-05-23 12:45:08] warmup done
[2026-05-23 12:45:08] benchmark iterations start
[2026-05-23 12:45:08] iteration 25/100 elapsed_s=0.2
[2026-05-23 12:45:08] iteration 50/100 elapsed_s=0.3
[2026-05-23 12:45:09] iteration 75/100 elapsed_s=0.5
[2026-05-23 12:45:09] iteration 100/100 elapsed_s=0.6
[2026-05-23 12:45:09] benchmark iterations done
[2026-05-23 12:45:09] mode complete mode=optimized mean_ms=5.942 std_ms=2.652 p95_ms=8.289
[2026-05-23 14:32:34] start mode=baseline model=APPNP_fp32.onnx device=GPU warmup=5 iters=100
[2026-05-23 14:32:34] creating session
[2026-05-23 14:32:36] session ready providers=OpenVINOExecutionProvider | CPUExecutionProvider
[2026-05-23 14:32:36] preparing inputs
[2026-05-23 14:32:36] inputs ready
[2026-05-23 14:32:36] warmup start
[2026-05-23 14:32:36] warmup done
[2026-05-23 14:32:36] benchmark iterations start
[2026-05-23 14:32:36] iteration 25/100 elapsed_s=0.1
[2026-05-23 14:32:36] iteration 50/100 elapsed_s=0.2
[2026-05-23 14:32:36] iteration 75/100 elapsed_s=0.2
[2026-05-23 14:32:36] iteration 100/100 elapsed_s=0.3
[2026-05-23 14:32:36] benchmark iterations done
[2026-05-23 14:32:36] mode complete mode=baseline mean_ms=2.923 std_ms=0.663 p95_ms=4.360
[2026-05-23 14:32:36] start mode=optimized model=APPNP_fp32.onnx device=GPU warmup=5 iters=100
[2026-05-23 14:32:36] creating session
[2026-05-23 14:32:38] session ready providers=OpenVINOExecutionProvider | CPUExecutionProvider
[2026-05-23 14:32:38] preparing inputs
[2026-05-23 14:32:38] inputs ready
[2026-05-23 14:32:38] warmup start
[2026-05-23 14:32:38] warmup done
[2026-05-23 14:32:38] benchmark iterations start
[2026-05-23 14:32:38] iteration 25/100 elapsed_s=0.1
[2026-05-23 14:32:38] iteration 50/100 elapsed_s=0.2
[2026-05-23 14:32:38] iteration 75/100 elapsed_s=0.2
[2026-05-23 14:32:38] iteration 100/100 elapsed_s=0.3
[2026-05-23 14:32:38] benchmark iterations done
[2026-05-23 14:32:38] mode complete mode=optimized mean_ms=2.881 std_ms=0.555 p95_ms=3.984
[2026-05-23 14:37:59] start mode=baseline model=APPNP_fp32.onnx device=CPU warmup=5 iters=100
[2026-05-23 14:37:59] creating session
[2026-05-23 14:37:59] session ready providers=OpenVINOExecutionProvider | CPUExecutionProvider
[2026-05-23 14:37:59] preparing inputs
[2026-05-23 14:37:59] inputs ready
[2026-05-23 14:37:59] warmup start
[2026-05-23 14:37:59] warmup done
[2026-05-23 14:37:59] benchmark iterations start
[2026-05-23 14:37:59] iteration 25/100 elapsed_s=0.1
[2026-05-23 14:38:00] iteration 50/100 elapsed_s=0.2
[2026-05-23 14:38:00] iteration 75/100 elapsed_s=0.4
[2026-05-23 14:38:00] iteration 100/100 elapsed_s=0.5
[2026-05-23 14:38:00] benchmark iterations done
[2026-05-23 14:38:00] mode complete mode=baseline mean_ms=4.591 std_ms=1.398 p95_ms=6.185
[2026-05-23 14:38:00] start mode=optimized model=APPNP_fp32.onnx device=CPU warmup=5 iters=100
[2026-05-23 14:38:00] creating session
[2026-05-23 14:38:00] session ready providers=OpenVINOExecutionProvider | CPUExecutionProvider
[2026-05-23 14:38:00] preparing inputs
[2026-05-23 14:38:01] inputs ready
[2026-05-23 14:38:01] warmup start
[2026-05-23 14:38:01] warmup done
[2026-05-23 14:38:01] benchmark iterations start
[2026-05-23 14:38:01] iteration 25/100 elapsed_s=0.1
[2026-05-23 14:38:01] iteration 50/100 elapsed_s=0.2
[2026-05-23 14:38:01] iteration 75/100 elapsed_s=0.3
[2026-05-23 14:38:01] iteration 100/100 elapsed_s=0.4
[2026-05-23 14:38:01] benchmark iterations done
[2026-05-23 14:38:01] mode complete mode=optimized mean_ms=4.361 std_ms=0.516 p95_ms=5.330
