[2026-05-23 12:52:39] start mode=baseline model=APPNP_fp32.onnx device=NPU warmup=5 iters=100
[2026-05-23 12:52:39] creating session
[2026-05-23 12:52:39] session ready providers=OpenVINOExecutionProvider | CPUExecutionProvider
[2026-05-23 12:52:39] preparing inputs
[2026-05-23 12:52:39] inputs ready
[2026-05-23 12:52:39] warmup start
[2026-05-23 12:52:40] warmup done
[2026-05-23 12:52:40] benchmark iterations start
[2026-05-23 12:52:40] iteration 25/100 elapsed_s=0.2
[2026-05-23 12:52:40] iteration 50/100 elapsed_s=0.4
[2026-05-23 12:52:40] iteration 75/100 elapsed_s=0.5
[2026-05-23 12:52:40] iteration 100/100 elapsed_s=0.7
[2026-05-23 12:52:40] benchmark iterations done
[2026-05-23 12:52:40] mode complete mode=baseline mean_ms=6.893 std_ms=0.893 p95_ms=8.853
[2026-05-23 12:52:41] start mode=optimized model=APPNP_fp32.onnx device=NPU warmup=5 iters=100
[2026-05-23 12:52:41] creating session
[2026-05-23 12:52:41] session ready providers=OpenVINOExecutionProvider | CPUExecutionProvider
[2026-05-23 12:52:41] preparing inputs
[2026-05-23 12:52:41] inputs ready
[2026-05-23 12:52:41] warmup start
[2026-05-23 12:52:41] warmup done
[2026-05-23 12:52:41] benchmark iterations start
[2026-05-23 12:52:42] iteration 25/100 elapsed_s=0.2
[2026-05-23 12:52:42] iteration 50/100 elapsed_s=0.4
[2026-05-23 12:52:42] iteration 75/100 elapsed_s=0.6
[2026-05-23 12:52:42] iteration 100/100 elapsed_s=0.7
[2026-05-23 12:52:42] benchmark iterations done
[2026-05-23 12:52:42] mode complete mode=optimized mean_ms=7.105 std_ms=1.340 p95_ms=10.369
[2026-05-23 14:33:39] start mode=baseline model=APPNP_fp32.onnx device=GPU warmup=5 iters=100
[2026-05-23 14:33:39] creating session
[2026-05-23 14:33:40] session ready providers=OpenVINOExecutionProvider | CPUExecutionProvider
[2026-05-23 14:33:40] preparing inputs
[2026-05-23 14:33:40] inputs ready
[2026-05-23 14:33:40] warmup start
[2026-05-23 14:33:40] warmup done
[2026-05-23 14:33:40] benchmark iterations start
[2026-05-23 14:33:41] iteration 25/100 elapsed_s=0.3
[2026-05-23 14:33:41] iteration 50/100 elapsed_s=0.5
[2026-05-23 14:33:41] iteration 75/100 elapsed_s=0.8
[2026-05-23 14:33:41] iteration 100/100 elapsed_s=1.0
[2026-05-23 14:33:41] benchmark iterations done
[2026-05-23 14:33:41] mode complete mode=baseline mean_ms=9.885 std_ms=4.724 p95_ms=10.215
[2026-05-23 14:33:42] start mode=optimized model=APPNP_fp32.onnx device=GPU warmup=5 iters=100
[2026-05-23 14:33:42] creating session
[2026-05-23 14:33:43] session ready providers=OpenVINOExecutionProvider | CPUExecutionProvider
[2026-05-23 14:33:43] preparing inputs
[2026-05-23 14:33:43] inputs ready
[2026-05-23 14:33:43] warmup start
[2026-05-23 14:33:43] warmup done
[2026-05-23 14:33:43] benchmark iterations start
[2026-05-23 14:33:44] iteration 25/100 elapsed_s=0.2
[2026-05-23 14:33:44] iteration 50/100 elapsed_s=0.5
[2026-05-23 14:33:44] iteration 75/100 elapsed_s=0.7
[2026-05-23 14:33:44] iteration 100/100 elapsed_s=0.9
[2026-05-23 14:33:44] benchmark iterations done
[2026-05-23 14:33:44] mode complete mode=optimized mean_ms=9.296 std_ms=0.566 p95_ms=10.129
[2026-05-23 14:38:24] start mode=baseline model=APPNP_fp32.onnx device=CPU warmup=5 iters=100
[2026-05-23 14:38:24] creating session
[2026-05-23 14:38:24] session ready providers=OpenVINOExecutionProvider | CPUExecutionProvider
[2026-05-23 14:38:24] preparing inputs
[2026-05-23 14:38:24] inputs ready
[2026-05-23 14:38:24] warmup start
[2026-05-23 14:38:24] warmup done
[2026-05-23 14:38:24] benchmark iterations start
[2026-05-23 14:38:25] iteration 25/100 elapsed_s=0.2
[2026-05-23 14:38:25] iteration 50/100 elapsed_s=0.4
[2026-05-23 14:38:25] iteration 75/100 elapsed_s=0.5
[2026-05-23 14:38:25] iteration 100/100 elapsed_s=0.7
[2026-05-23 14:38:25] benchmark iterations done
[2026-05-23 14:38:25] mode complete mode=baseline mean_ms=6.933 std_ms=0.634 p95_ms=8.026
[2026-05-23 14:38:25] start mode=optimized model=APPNP_fp32.onnx device=CPU warmup=5 iters=100
[2026-05-23 14:38:25] creating session
[2026-05-23 14:38:26] session ready providers=OpenVINOExecutionProvider | CPUExecutionProvider
[2026-05-23 14:38:26] preparing inputs
[2026-05-23 14:38:26] inputs ready
[2026-05-23 14:38:26] warmup start
[2026-05-23 14:38:26] warmup done
[2026-05-23 14:38:26] benchmark iterations start
[2026-05-23 14:38:26] iteration 25/100 elapsed_s=0.2
[2026-05-23 14:38:26] iteration 50/100 elapsed_s=0.4
[2026-05-23 14:38:27] iteration 75/100 elapsed_s=0.5
[2026-05-23 14:38:27] iteration 100/100 elapsed_s=0.7
[2026-05-23 14:38:27] benchmark iterations done
[2026-05-23 14:38:27] mode complete mode=optimized mean_ms=7.090 std_ms=0.780 p95_ms=8.767
