[2026-05-23 14:52:52] start mode=baseline model=GCN_int8.onnx device=NPU warmup=5 iters=100
[2026-05-23 14:52:52] creating session
[2026-05-23 14:52:53] session ready providers=OpenVINOExecutionProvider | CPUExecutionProvider
[2026-05-23 14:52:53] preparing inputs
[2026-05-23 14:52:53] inputs ready
[2026-05-23 14:52:53] warmup start
[2026-05-23 14:52:53] warmup done
[2026-05-23 14:52:53] benchmark iterations start
[2026-05-23 14:52:53] iteration 25/100 elapsed_s=0.1
[2026-05-23 14:52:53] iteration 50/100 elapsed_s=0.2
[2026-05-23 14:52:53] iteration 75/100 elapsed_s=0.2
[2026-05-23 14:52:53] iteration 100/100 elapsed_s=0.3
[2026-05-23 14:52:53] benchmark iterations done
[2026-05-23 14:52:53] mode complete mode=baseline mean_ms=3.045 std_ms=0.659 p95_ms=4.161
[2026-05-23 14:52:54] start mode=optimized model=GCN_int8.onnx device=NPU warmup=5 iters=100
[2026-05-23 14:52:54] creating session
[2026-05-23 14:52:54] session ready providers=OpenVINOExecutionProvider | CPUExecutionProvider
[2026-05-23 14:52:54] preparing inputs
[2026-05-23 14:52:54] inputs ready
[2026-05-23 14:52:54] warmup start
[2026-05-23 14:52:54] warmup done
[2026-05-23 14:52:54] benchmark iterations start
[2026-05-23 14:52:54] iteration 25/100 elapsed_s=0.1
[2026-05-23 14:52:54] iteration 50/100 elapsed_s=0.2
[2026-05-23 14:52:55] iteration 75/100 elapsed_s=0.3
[2026-05-23 14:52:55] iteration 100/100 elapsed_s=0.3
[2026-05-23 14:52:55] benchmark iterations done
[2026-05-23 14:52:55] mode complete mode=optimized mean_ms=3.209 std_ms=1.011 p95_ms=4.687
[2026-05-23 14:56:30] start mode=baseline model=GCN_int8.onnx device=CPU warmup=5 iters=100
[2026-05-23 14:56:30] creating session
[2026-05-23 14:56:30] session ready providers=OpenVINOExecutionProvider | CPUExecutionProvider
[2026-05-23 14:56:30] preparing inputs
[2026-05-23 14:56:30] inputs ready
[2026-05-23 14:56:30] warmup start
[2026-05-23 14:56:30] warmup done
[2026-05-23 14:56:30] benchmark iterations start
[2026-05-23 14:56:30] iteration 25/100 elapsed_s=0.1
[2026-05-23 14:56:31] iteration 50/100 elapsed_s=0.2
[2026-05-23 14:56:31] iteration 75/100 elapsed_s=0.3
[2026-05-23 14:56:31] iteration 100/100 elapsed_s=0.3
[2026-05-23 14:56:31] benchmark iterations done
[2026-05-23 14:56:31] mode complete mode=baseline mean_ms=3.233 std_ms=1.455 p95_ms=4.482
[2026-05-23 14:56:31] start mode=optimized model=GCN_int8.onnx device=CPU warmup=5 iters=100
[2026-05-23 14:56:31] creating session
[2026-05-23 14:56:31] session ready providers=OpenVINOExecutionProvider | CPUExecutionProvider
[2026-05-23 14:56:31] preparing inputs
[2026-05-23 14:56:32] inputs ready
[2026-05-23 14:56:32] warmup start
[2026-05-23 14:56:32] warmup done
[2026-05-23 14:56:32] benchmark iterations start
[2026-05-23 14:56:32] iteration 25/100 elapsed_s=0.1
[2026-05-23 14:56:32] iteration 50/100 elapsed_s=0.2
[2026-05-23 14:56:32] iteration 75/100 elapsed_s=0.2
[2026-05-23 14:56:32] iteration 100/100 elapsed_s=0.3
[2026-05-23 14:56:32] benchmark iterations done
[2026-05-23 14:56:32] mode complete mode=optimized mean_ms=2.974 std_ms=0.503 p95_ms=4.005
