[2026-05-23 10:48:49] start mode=baseline model=GIN_int8.onnx device=NPU warmup=5 iters=100
[2026-05-23 10:48:49] creating session
[2026-05-23 10:48:49] session ready providers=OpenVINOExecutionProvider | CPUExecutionProvider
[2026-05-23 10:48:49] preparing inputs
[2026-05-23 10:48:49] inputs ready
[2026-05-23 10:48:49] warmup start
[2026-05-23 10:48:50] warmup done
[2026-05-23 10:48:50] benchmark iterations start
[2026-05-23 10:48:51] iteration 25/100 elapsed_s=1.0
[2026-05-23 10:48:52] iteration 50/100 elapsed_s=2.1
[2026-05-23 10:48:53] iteration 75/100 elapsed_s=3.2
[2026-05-23 10:48:54] iteration 100/100 elapsed_s=4.3
[2026-05-23 10:48:54] benchmark iterations done
[2026-05-23 10:48:54] mode complete mode=baseline mean_ms=42.767 std_ms=5.135 p95_ms=47.827
[2026-05-23 10:48:54] start mode=optimized model=GIN_int8.onnx device=NPU warmup=5 iters=100
[2026-05-23 10:48:54] creating session
[2026-05-23 10:48:55] session ready providers=OpenVINOExecutionProvider | CPUExecutionProvider
[2026-05-23 10:48:55] preparing inputs
[2026-05-23 10:48:55] inputs ready
[2026-05-23 10:48:55] warmup start
[2026-05-23 10:48:55] warmup done
[2026-05-23 10:48:55] benchmark iterations start
[2026-05-23 10:48:56] iteration 25/100 elapsed_s=1.0
[2026-05-23 10:48:57] iteration 50/100 elapsed_s=2.0
[2026-05-23 10:48:58] iteration 75/100 elapsed_s=3.1
[2026-05-23 10:48:59] iteration 100/100 elapsed_s=4.2
[2026-05-23 10:48:59] benchmark iterations done
[2026-05-23 10:48:59] mode complete mode=optimized mean_ms=41.651 std_ms=2.786 p95_ms=46.536
[2026-05-23 10:50:12] start mode=baseline model=GIN_int8.onnx device=NPU warmup=5 iters=100
[2026-05-23 10:50:12] creating session
[2026-05-23 10:50:13] session ready providers=OpenVINOExecutionProvider | CPUExecutionProvider
[2026-05-23 10:50:13] preparing inputs
[2026-05-23 10:50:15] inputs ready
[2026-05-23 10:50:15] warmup start
[2026-05-23 10:50:15] warmup done
[2026-05-23 10:50:15] benchmark iterations start
[2026-05-23 10:50:16] iteration 25/100 elapsed_s=1.1
[2026-05-23 10:50:17] iteration 50/100 elapsed_s=2.0
[2026-05-23 10:50:18] iteration 75/100 elapsed_s=3.0
[2026-05-23 10:50:19] iteration 100/100 elapsed_s=4.0
[2026-05-23 10:50:19] benchmark iterations done
[2026-05-23 10:50:19] mode complete mode=baseline mean_ms=39.524 std_ms=4.783 p95_ms=43.402
[2026-05-23 10:50:19] start mode=optimized model=GIN_int8.onnx device=NPU warmup=5 iters=100
[2026-05-23 10:50:19] creating session
[2026-05-23 10:50:19] session ready providers=OpenVINOExecutionProvider | CPUExecutionProvider
[2026-05-23 10:50:19] preparing inputs
[2026-05-23 10:50:21] inputs ready
[2026-05-23 10:50:21] warmup start
[2026-05-23 10:50:22] warmup done
[2026-05-23 10:50:22] benchmark iterations start
[2026-05-23 10:50:23] iteration 25/100 elapsed_s=1.1
[2026-05-23 10:50:24] iteration 50/100 elapsed_s=2.1
[2026-05-23 10:50:25] iteration 75/100 elapsed_s=3.0
[2026-05-23 10:50:26] iteration 100/100 elapsed_s=4.0
[2026-05-23 10:50:26] benchmark iterations done
[2026-05-23 10:50:26] mode complete mode=optimized mean_ms=40.289 std_ms=2.802 p95_ms=44.936
[2026-05-23 10:51:45] start mode=baseline model=GIN_int8.onnx device=NPU warmup=5 iters=100
[2026-05-23 10:51:45] creating session
[2026-05-23 10:51:46] session ready providers=OpenVINOExecutionProvider | CPUExecutionProvider
[2026-05-23 10:51:46] preparing inputs
[2026-05-23 10:51:48] inputs ready
[2026-05-23 10:51:48] warmup start
[2026-05-23 10:51:49] warmup done
[2026-05-23 10:51:49] benchmark iterations start
[2026-05-23 10:51:50] iteration 25/100 elapsed_s=1.0
[2026-05-23 10:51:51] iteration 50/100 elapsed_s=1.9
[2026-05-23 10:51:51] iteration 75/100 elapsed_s=2.9
[2026-05-23 10:51:53] iteration 100/100 elapsed_s=3.9
[2026-05-23 10:51:53] benchmark iterations done
[2026-05-23 10:51:53] mode complete mode=baseline mean_ms=39.026 std_ms=2.581 p95_ms=43.488
[2026-05-23 10:51:53] start mode=optimized model=GIN_int8.onnx device=NPU warmup=5 iters=100
[2026-05-23 10:51:53] creating session
[2026-05-23 10:51:53] session ready providers=OpenVINOExecutionProvider | CPUExecutionProvider
[2026-05-23 10:51:53] preparing inputs
[2026-05-23 10:51:56] inputs ready
[2026-05-23 10:51:56] warmup start
[2026-05-23 10:51:56] warmup done
[2026-05-23 10:51:56] benchmark iterations start
[2026-05-23 10:51:57] iteration 25/100 elapsed_s=0.9
[2026-05-23 10:51:58] iteration 50/100 elapsed_s=1.9
[2026-05-23 10:51:59] iteration 75/100 elapsed_s=2.9
[2026-05-23 10:52:00] iteration 100/100 elapsed_s=3.9
[2026-05-23 10:52:00] benchmark iterations done
[2026-05-23 10:52:00] mode complete mode=optimized mean_ms=39.211 std_ms=3.123 p95_ms=45.247
[2026-05-23 10:53:11] start mode=baseline model=GIN_int8.onnx device=GPU warmup=5 iters=100
[2026-05-23 10:53:11] creating session
[2026-05-23 10:53:16] session ready providers=OpenVINOExecutionProvider | CPUExecutionProvider
[2026-05-23 10:53:16] preparing inputs
[2026-05-23 10:53:16] inputs ready
[2026-05-23 10:53:16] warmup start
[2026-05-23 10:53:16] warmup done
[2026-05-23 10:53:16] benchmark iterations start
[2026-05-23 10:53:17] iteration 25/100 elapsed_s=0.9
[2026-05-23 10:53:18] iteration 50/100 elapsed_s=1.9
[2026-05-23 10:53:19] iteration 75/100 elapsed_s=2.8
[2026-05-23 10:53:20] iteration 100/100 elapsed_s=3.8
[2026-05-23 10:53:20] benchmark iterations done
[2026-05-23 10:53:20] mode complete mode=baseline mean_ms=37.827 std_ms=0.719 p95_ms=38.824
[2026-05-23 10:53:20] start mode=optimized model=GIN_int8.onnx device=GPU warmup=5 iters=100
[2026-05-23 10:53:20] creating session
[2026-05-23 10:53:22] session ready providers=OpenVINOExecutionProvider | CPUExecutionProvider
[2026-05-23 10:53:22] preparing inputs
[2026-05-23 10:53:22] inputs ready
[2026-05-23 10:53:22] warmup start
[2026-05-23 10:53:22] warmup done
[2026-05-23 10:53:22] benchmark iterations start
[2026-05-23 10:53:23] iteration 25/100 elapsed_s=0.9
[2026-05-23 10:53:24] iteration 50/100 elapsed_s=1.9
[2026-05-23 10:53:25] iteration 75/100 elapsed_s=2.8
[2026-05-23 10:53:26] iteration 100/100 elapsed_s=3.8
[2026-05-23 10:53:26] benchmark iterations done
[2026-05-23 10:53:26] mode complete mode=optimized mean_ms=38.084 std_ms=0.780 p95_ms=39.098
[2026-05-23 10:54:36] start mode=baseline model=GIN_int8.onnx device=GPU warmup=5 iters=100
[2026-05-23 10:54:36] creating session
[2026-05-23 10:54:38] session ready providers=OpenVINOExecutionProvider | CPUExecutionProvider
[2026-05-23 10:54:38] preparing inputs
[2026-05-23 10:54:39] inputs ready
[2026-05-23 10:54:39] warmup start
[2026-05-23 10:54:39] warmup done
[2026-05-23 10:54:39] benchmark iterations start
[2026-05-23 10:54:40] iteration 25/100 elapsed_s=0.9
[2026-05-23 10:54:41] iteration 50/100 elapsed_s=1.8
[2026-05-23 10:54:42] iteration 75/100 elapsed_s=2.8
[2026-05-23 10:54:43] iteration 100/100 elapsed_s=3.7
[2026-05-23 10:54:43] benchmark iterations done
[2026-05-23 10:54:43] mode complete mode=baseline mean_ms=36.580 std_ms=0.823 p95_ms=37.894
[2026-05-23 10:54:43] start mode=optimized model=GIN_int8.onnx device=GPU warmup=5 iters=100
[2026-05-23 10:54:43] creating session
[2026-05-23 10:54:45] session ready providers=OpenVINOExecutionProvider | CPUExecutionProvider
[2026-05-23 10:54:45] preparing inputs
[2026-05-23 10:54:46] inputs ready
[2026-05-23 10:54:46] warmup start
[2026-05-23 10:54:46] warmup done
[2026-05-23 10:54:46] benchmark iterations start
[2026-05-23 10:54:47] iteration 25/100 elapsed_s=0.9
[2026-05-23 10:54:48] iteration 50/100 elapsed_s=1.9
[2026-05-23 10:54:49] iteration 75/100 elapsed_s=2.8
[2026-05-23 10:54:50] iteration 100/100 elapsed_s=3.7
[2026-05-23 10:54:50] benchmark iterations done
[2026-05-23 10:54:50] mode complete mode=optimized mean_ms=37.184 std_ms=0.773 p95_ms=38.273
[2026-05-23 10:56:12] start mode=baseline model=GIN_int8.onnx device=GPU warmup=5 iters=100
[2026-05-23 10:56:12] creating session
[2026-05-23 10:56:13] session ready providers=OpenVINOExecutionProvider | CPUExecutionProvider
[2026-05-23 10:56:13] preparing inputs
[2026-05-23 10:56:16] inputs ready
[2026-05-23 10:56:16] warmup start
[2026-05-23 10:56:16] warmup done
[2026-05-23 10:56:16] benchmark iterations start
[2026-05-23 10:56:17] iteration 25/100 elapsed_s=0.9
[2026-05-23 10:56:18] iteration 50/100 elapsed_s=1.9
[2026-05-23 10:56:19] iteration 75/100 elapsed_s=2.8
[2026-05-23 10:56:20] iteration 100/100 elapsed_s=3.8
[2026-05-23 10:56:20] benchmark iterations done
[2026-05-23 10:56:20] mode complete mode=baseline mean_ms=37.710 std_ms=0.736 p95_ms=39.047
[2026-05-23 10:56:20] start mode=optimized model=GIN_int8.onnx device=GPU warmup=5 iters=100
[2026-05-23 10:56:20] creating session
[2026-05-23 10:56:21] session ready providers=OpenVINOExecutionProvider | CPUExecutionProvider
[2026-05-23 10:56:21] preparing inputs
[2026-05-23 10:56:24] inputs ready
[2026-05-23 10:56:24] warmup start
[2026-05-23 10:56:24] warmup done
[2026-05-23 10:56:24] benchmark iterations start
[2026-05-23 10:56:25] iteration 25/100 elapsed_s=0.9
[2026-05-23 10:56:26] iteration 50/100 elapsed_s=1.9
[2026-05-23 10:56:27] iteration 75/100 elapsed_s=2.8
[2026-05-23 10:56:27] iteration 100/100 elapsed_s=3.7
[2026-05-23 10:56:27] benchmark iterations done
[2026-05-23 10:56:27] mode complete mode=optimized mean_ms=37.000 std_ms=0.596 p95_ms=37.997
[2026-05-23 10:57:38] start mode=baseline model=GIN_int8.onnx device=CPU warmup=5 iters=100
[2026-05-23 10:57:38] creating session
[2026-05-23 10:57:38] session ready providers=OpenVINOExecutionProvider | CPUExecutionProvider
[2026-05-23 10:57:38] preparing inputs
[2026-05-23 10:57:38] inputs ready
[2026-05-23 10:57:38] warmup start
[2026-05-23 10:57:39] warmup done
[2026-05-23 10:57:39] benchmark iterations start
[2026-05-23 10:57:40] iteration 25/100 elapsed_s=1.1
[2026-05-23 10:57:41] iteration 50/100 elapsed_s=2.2
[2026-05-23 10:57:42] iteration 75/100 elapsed_s=3.2
[2026-05-23 10:57:43] iteration 100/100 elapsed_s=4.3
[2026-05-23 10:57:43] benchmark iterations done
[2026-05-23 10:57:43] mode complete mode=baseline mean_ms=42.862 std_ms=2.731 p95_ms=47.528
[2026-05-23 10:57:43] start mode=optimized model=GIN_int8.onnx device=CPU warmup=5 iters=100
[2026-05-23 10:57:43] creating session
[2026-05-23 10:57:44] session ready providers=OpenVINOExecutionProvider | CPUExecutionProvider
[2026-05-23 10:57:44] preparing inputs
[2026-05-23 10:57:44] inputs ready
[2026-05-23 10:57:44] warmup start
[2026-05-23 10:57:44] warmup done
[2026-05-23 10:57:44] benchmark iterations start
[2026-05-23 10:57:45] iteration 25/100 elapsed_s=1.1
[2026-05-23 10:57:46] iteration 50/100 elapsed_s=2.2
[2026-05-23 10:57:48] iteration 75/100 elapsed_s=3.4
[2026-05-23 10:57:49] iteration 100/100 elapsed_s=4.4
[2026-05-23 10:57:49] benchmark iterations done
[2026-05-23 10:57:49] mode complete mode=optimized mean_ms=44.317 std_ms=6.946 p95_ms=54.136
[2026-05-23 10:58:56] start mode=baseline model=GIN_int8.onnx device=CPU warmup=5 iters=100
[2026-05-23 10:58:56] creating session
[2026-05-23 10:58:56] session ready providers=OpenVINOExecutionProvider | CPUExecutionProvider
[2026-05-23 10:58:56] preparing inputs
[2026-05-23 10:58:58] inputs ready
[2026-05-23 10:58:58] warmup start
[2026-05-23 10:58:58] warmup done
[2026-05-23 10:58:58] benchmark iterations start
[2026-05-23 10:58:59] iteration 25/100 elapsed_s=1.0
[2026-05-23 10:59:00] iteration 50/100 elapsed_s=2.1
[2026-05-23 10:59:01] iteration 75/100 elapsed_s=3.1
[2026-05-23 10:59:03] iteration 100/100 elapsed_s=4.2
[2026-05-23 10:59:03] benchmark iterations done
[2026-05-23 10:59:03] mode complete mode=baseline mean_ms=42.317 std_ms=3.076 p95_ms=48.180
[2026-05-23 10:59:03] start mode=optimized model=GIN_int8.onnx device=CPU warmup=5 iters=100
[2026-05-23 10:59:03] creating session
[2026-05-23 10:59:03] session ready providers=OpenVINOExecutionProvider | CPUExecutionProvider
[2026-05-23 10:59:03] preparing inputs
[2026-05-23 10:59:05] inputs ready
[2026-05-23 10:59:05] warmup start
[2026-05-23 10:59:05] warmup done
[2026-05-23 10:59:05] benchmark iterations start
[2026-05-23 10:59:06] iteration 25/100 elapsed_s=1.0
[2026-05-23 10:59:07] iteration 50/100 elapsed_s=2.1
[2026-05-23 10:59:08] iteration 75/100 elapsed_s=3.1
[2026-05-23 10:59:09] iteration 100/100 elapsed_s=4.2
[2026-05-23 10:59:09] benchmark iterations done
[2026-05-23 10:59:09] mode complete mode=optimized mean_ms=42.032 std_ms=4.166 p95_ms=47.303
[2026-05-23 11:00:28] start mode=baseline model=GIN_int8.onnx device=CPU warmup=5 iters=100
[2026-05-23 11:00:28] creating session
[2026-05-23 11:00:28] session ready providers=OpenVINOExecutionProvider | CPUExecutionProvider
[2026-05-23 11:00:28] preparing inputs
[2026-05-23 11:00:30] inputs ready
[2026-05-23 11:00:30] warmup start
[2026-05-23 11:00:31] warmup done
[2026-05-23 11:00:31] benchmark iterations start
[2026-05-23 11:00:32] iteration 25/100 elapsed_s=1.1
[2026-05-23 11:00:33] iteration 50/100 elapsed_s=2.2
[2026-05-23 11:00:34] iteration 75/100 elapsed_s=3.3
[2026-05-23 11:00:35] iteration 100/100 elapsed_s=4.2
[2026-05-23 11:00:35] benchmark iterations done
[2026-05-23 11:00:35] mode complete mode=baseline mean_ms=42.448 std_ms=3.835 p95_ms=49.456
[2026-05-23 11:00:35] start mode=optimized model=GIN_int8.onnx device=CPU warmup=5 iters=100
[2026-05-23 11:00:35] creating session
[2026-05-23 11:00:36] session ready providers=OpenVINOExecutionProvider | CPUExecutionProvider
[2026-05-23 11:00:36] preparing inputs
[2026-05-23 11:00:38] inputs ready
[2026-05-23 11:00:38] warmup start
[2026-05-23 11:00:38] warmup done
[2026-05-23 11:00:38] benchmark iterations start
[2026-05-23 11:00:39] iteration 25/100 elapsed_s=1.2
[2026-05-23 11:00:40] iteration 50/100 elapsed_s=2.3
[2026-05-23 11:00:41] iteration 75/100 elapsed_s=3.3
[2026-05-23 11:00:42] iteration 100/100 elapsed_s=4.3
[2026-05-23 11:00:42] benchmark iterations done
[2026-05-23 11:00:43] mode complete mode=optimized mean_ms=42.636 std_ms=5.282 p95_ms=49.590
