[2026-05-23 14:58:56] start mode=baseline model=GIN_fp32.onnx device=NPU warmup=5 iters=100
[2026-05-23 14:58:56] creating session
[2026-05-23 14:58:57] session ready providers=OpenVINOExecutionProvider | CPUExecutionProvider
[2026-05-23 14:58:57] preparing inputs
[2026-05-23 14:58:57] inputs ready
[2026-05-23 14:58:57] warmup start
[2026-05-23 14:58:57] warmup done
[2026-05-23 14:58:57] benchmark iterations start
[2026-05-23 14:58:58] iteration 25/100 elapsed_s=0.4
[2026-05-23 14:58:58] iteration 50/100 elapsed_s=0.8
[2026-05-23 14:58:59] iteration 75/100 elapsed_s=1.2
[2026-05-23 14:58:59] iteration 100/100 elapsed_s=1.6
[2026-05-23 14:58:59] benchmark iterations done
[2026-05-23 14:58:59] mode complete mode=baseline mean_ms=15.858 std_ms=1.577 p95_ms=17.732
[2026-05-23 14:58:59] start mode=optimized model=GIN_fp32.onnx device=NPU warmup=5 iters=100
[2026-05-23 14:58:59] creating session
[2026-05-23 14:58:59] session ready providers=OpenVINOExecutionProvider | CPUExecutionProvider
[2026-05-23 14:58:59] preparing inputs
[2026-05-23 14:59:00] inputs ready
[2026-05-23 14:59:00] warmup start
[2026-05-23 14:59:00] warmup done
[2026-05-23 14:59:00] benchmark iterations start
[2026-05-23 14:59:00] iteration 25/100 elapsed_s=0.4
[2026-05-23 14:59:01] iteration 50/100 elapsed_s=0.8
[2026-05-23 14:59:01] iteration 75/100 elapsed_s=1.2
[2026-05-23 14:59:02] iteration 100/100 elapsed_s=1.6
[2026-05-23 14:59:02] benchmark iterations done
[2026-05-23 14:59:02] mode complete mode=optimized mean_ms=15.891 std_ms=1.962 p95_ms=17.528
[2026-05-23 15:09:50] start mode=baseline model=GIN_fp32.onnx device=GPU warmup=5 iters=100
[2026-05-23 15:09:50] creating session
[2026-05-23 15:09:52] session ready providers=OpenVINOExecutionProvider | CPUExecutionProvider
[2026-05-23 15:09:52] preparing inputs
[2026-05-23 15:09:52] inputs ready
[2026-05-23 15:09:52] warmup start
[2026-05-23 15:09:52] warmup done
[2026-05-23 15:09:52] benchmark iterations start
[2026-05-23 15:09:52] iteration 25/100 elapsed_s=0.2
[2026-05-23 15:09:53] iteration 50/100 elapsed_s=0.4
[2026-05-23 15:09:53] iteration 75/100 elapsed_s=0.5
[2026-05-23 15:09:53] iteration 100/100 elapsed_s=0.7
[2026-05-23 15:09:53] benchmark iterations done
[2026-05-23 15:09:53] mode complete mode=baseline mean_ms=6.884 std_ms=0.725 p95_ms=8.100
[2026-05-23 15:09:53] start mode=optimized model=GIN_fp32.onnx device=GPU warmup=5 iters=100
[2026-05-23 15:09:53] creating session
[2026-05-23 15:09:55] session ready providers=OpenVINOExecutionProvider | CPUExecutionProvider
[2026-05-23 15:09:55] preparing inputs
[2026-05-23 15:09:55] inputs ready
[2026-05-23 15:09:55] warmup start
[2026-05-23 15:09:55] warmup done
[2026-05-23 15:09:55] benchmark iterations start
[2026-05-23 15:09:55] iteration 25/100 elapsed_s=0.2
[2026-05-23 15:09:55] iteration 50/100 elapsed_s=0.4
[2026-05-23 15:09:55] iteration 75/100 elapsed_s=0.5
[2026-05-23 15:09:55] iteration 100/100 elapsed_s=0.7
[2026-05-23 15:09:55] benchmark iterations done
[2026-05-23 15:09:55] mode complete mode=optimized mean_ms=7.115 std_ms=0.774 p95_ms=8.371
[2026-05-23 15:16:33] start mode=baseline model=GIN_fp32.onnx device=CPU warmup=5 iters=100
[2026-05-23 15:16:33] creating session
[2026-05-23 15:16:34] session ready providers=OpenVINOExecutionProvider | CPUExecutionProvider
[2026-05-23 15:16:34] preparing inputs
[2026-05-23 15:16:34] inputs ready
[2026-05-23 15:16:34] warmup start
[2026-05-23 15:16:35] warmup done
[2026-05-23 15:16:35] benchmark iterations start
[2026-05-23 15:16:35] iteration 25/100 elapsed_s=0.4
[2026-05-23 15:16:35] iteration 50/100 elapsed_s=0.8
[2026-05-23 15:16:36] iteration 75/100 elapsed_s=1.2
[2026-05-23 15:16:36] iteration 100/100 elapsed_s=1.6
[2026-05-23 15:16:36] benchmark iterations done
[2026-05-23 15:16:36] mode complete mode=baseline mean_ms=15.662 std_ms=1.585 p95_ms=17.133
[2026-05-23 15:16:36] start mode=optimized model=GIN_fp32.onnx device=CPU warmup=5 iters=100
[2026-05-23 15:16:36] creating session
[2026-05-23 15:16:37] session ready providers=OpenVINOExecutionProvider | CPUExecutionProvider
[2026-05-23 15:16:37] preparing inputs
[2026-05-23 15:16:37] inputs ready
[2026-05-23 15:16:37] warmup start
[2026-05-23 15:16:37] warmup done
[2026-05-23 15:16:37] benchmark iterations start
[2026-05-23 15:16:38] iteration 25/100 elapsed_s=0.4
[2026-05-23 15:16:38] iteration 50/100 elapsed_s=0.8
[2026-05-23 15:16:38] iteration 75/100 elapsed_s=1.2
[2026-05-23 15:16:39] iteration 100/100 elapsed_s=1.6
[2026-05-23 15:16:39] benchmark iterations done
[2026-05-23 15:16:39] mode complete mode=optimized mean_ms=15.689 std_ms=2.100 p95_ms=17.748
