[2026-05-23 14:53:16] start mode=baseline model=GCN_int8.onnx device=NPU warmup=5 iters=100
[2026-05-23 14:53:16] creating session
[2026-05-23 14:53:16] session ready providers=OpenVINOExecutionProvider | CPUExecutionProvider
[2026-05-23 14:53:16] preparing inputs
[2026-05-23 14:53:16] inputs ready
[2026-05-23 14:53:16] warmup start
[2026-05-23 14:53:17] warmup done
[2026-05-23 14:53:17] benchmark iterations start
[2026-05-23 14:53:17] iteration 25/100 elapsed_s=0.1
[2026-05-23 14:53:17] iteration 50/100 elapsed_s=0.3
[2026-05-23 14:53:17] iteration 75/100 elapsed_s=0.4
[2026-05-23 14:53:17] iteration 100/100 elapsed_s=0.5
[2026-05-23 14:53:17] benchmark iterations done
[2026-05-23 14:53:17] mode complete mode=baseline mean_ms=4.761 std_ms=0.867 p95_ms=6.310
[2026-05-23 14:53:17] start mode=optimized model=GCN_int8.onnx device=NPU warmup=5 iters=100
[2026-05-23 14:53:17] creating session
[2026-05-23 14:53:18] session ready providers=OpenVINOExecutionProvider | CPUExecutionProvider
[2026-05-23 14:53:18] preparing inputs
[2026-05-23 14:53:18] inputs ready
[2026-05-23 14:53:18] warmup start
[2026-05-23 14:53:18] warmup done
[2026-05-23 14:53:18] benchmark iterations start
[2026-05-23 14:53:18] iteration 25/100 elapsed_s=0.2
[2026-05-23 14:53:18] iteration 50/100 elapsed_s=0.3
[2026-05-23 14:53:18] iteration 75/100 elapsed_s=0.4
[2026-05-23 14:53:19] iteration 100/100 elapsed_s=0.5
[2026-05-23 14:53:19] benchmark iterations done
[2026-05-23 14:53:19] mode complete mode=optimized mean_ms=5.317 std_ms=0.903 p95_ms=7.346
[2026-05-23 14:56:53] start mode=baseline model=GCN_int8.onnx device=CPU warmup=5 iters=100
[2026-05-23 14:56:53] creating session
[2026-05-23 14:56:53] session ready providers=OpenVINOExecutionProvider | CPUExecutionProvider
[2026-05-23 14:56:53] preparing inputs
[2026-05-23 14:56:54] inputs ready
[2026-05-23 14:56:54] warmup start
[2026-05-23 14:56:54] warmup done
[2026-05-23 14:56:54] benchmark iterations start
[2026-05-23 14:56:54] iteration 25/100 elapsed_s=0.2
[2026-05-23 14:56:54] iteration 50/100 elapsed_s=0.3
[2026-05-23 14:56:54] iteration 75/100 elapsed_s=0.4
[2026-05-23 14:56:54] iteration 100/100 elapsed_s=0.5
[2026-05-23 14:56:54] benchmark iterations done
[2026-05-23 14:56:54] mode complete mode=baseline mean_ms=4.993 std_ms=1.297 p95_ms=7.291
[2026-05-23 14:56:54] start mode=optimized model=GCN_int8.onnx device=CPU warmup=5 iters=100
[2026-05-23 14:56:54] creating session
[2026-05-23 14:56:55] session ready providers=OpenVINOExecutionProvider | CPUExecutionProvider
[2026-05-23 14:56:55] preparing inputs
[2026-05-23 14:56:55] inputs ready
[2026-05-23 14:56:55] warmup start
[2026-05-23 14:56:55] warmup done
[2026-05-23 14:56:55] benchmark iterations start
[2026-05-23 14:56:55] iteration 25/100 elapsed_s=0.1
[2026-05-23 14:56:55] iteration 50/100 elapsed_s=0.3
[2026-05-23 14:56:56] iteration 75/100 elapsed_s=0.4
[2026-05-23 14:56:56] iteration 100/100 elapsed_s=0.5
[2026-05-23 14:56:56] benchmark iterations done
[2026-05-23 14:56:56] mode complete mode=optimized mean_ms=4.900 std_ms=1.080 p95_ms=6.111
