[2026-05-23 15:58:32] start mode=baseline model=GraphTransformer_int8.onnx device=NPU warmup=5 iters=100
[2026-05-23 15:58:32] creating session
[2026-05-23 15:58:33] session ready providers=OpenVINOExecutionProvider | CPUExecutionProvider
[2026-05-23 15:58:33] preparing inputs
[2026-05-23 15:58:33] inputs ready
[2026-05-23 15:58:33] warmup start
[2026-05-23 15:58:33] warmup done
[2026-05-23 15:58:33] benchmark iterations start
[2026-05-23 15:58:34] iteration 25/100 elapsed_s=0.7
[2026-05-23 15:58:35] iteration 50/100 elapsed_s=1.4
[2026-05-23 15:58:35] iteration 75/100 elapsed_s=2.1
[2026-05-23 15:58:36] iteration 100/100 elapsed_s=2.7
[2026-05-23 15:58:36] benchmark iterations done
[2026-05-23 15:58:36] mode complete mode=baseline mean_ms=27.428 std_ms=1.560 p95_ms=30.425
[2026-05-23 15:58:36] start mode=optimized model=GraphTransformer_int8.onnx device=NPU warmup=5 iters=100
[2026-05-23 15:58:36] creating session
[2026-05-23 15:58:37] session ready providers=OpenVINOExecutionProvider | CPUExecutionProvider
[2026-05-23 15:58:37] preparing inputs
[2026-05-23 15:58:37] inputs ready
[2026-05-23 15:58:37] warmup start
[2026-05-23 15:58:37] warmup done
[2026-05-23 15:58:37] benchmark iterations start
[2026-05-23 15:58:38] iteration 25/100 elapsed_s=0.7
[2026-05-23 15:58:39] iteration 50/100 elapsed_s=1.4
[2026-05-23 15:58:39] iteration 75/100 elapsed_s=2.0
[2026-05-23 15:58:40] iteration 100/100 elapsed_s=2.7
[2026-05-23 15:58:40] benchmark iterations done
[2026-05-23 15:58:40] mode complete mode=optimized mean_ms=27.027 std_ms=1.349 p95_ms=28.768
[2026-05-23 16:00:57] start mode=baseline model=GraphTransformer_int8.onnx device=GPU warmup=5 iters=100
[2026-05-23 16:00:57] creating session
[2026-05-23 16:00:58] session ready providers=OpenVINOExecutionProvider | CPUExecutionProvider
[2026-05-23 16:00:58] preparing inputs
[2026-05-23 16:00:58] inputs ready
[2026-05-23 16:00:58] warmup start
[2026-05-23 16:00:58] warmup done
[2026-05-23 16:00:58] benchmark iterations start
[2026-05-23 16:00:59] iteration 25/100 elapsed_s=0.3
[2026-05-23 16:00:59] iteration 50/100 elapsed_s=0.6
[2026-05-23 16:00:59] iteration 75/100 elapsed_s=0.9
[2026-05-23 16:01:00] iteration 100/100 elapsed_s=1.2
[2026-05-23 16:01:00] benchmark iterations done
[2026-05-23 16:01:00] mode complete mode=baseline mean_ms=12.212 std_ms=1.050 p95_ms=13.722
[2026-05-23 16:01:00] start mode=optimized model=GraphTransformer_int8.onnx device=GPU warmup=5 iters=100
[2026-05-23 16:01:00] creating session
[2026-05-23 16:01:02] session ready providers=OpenVINOExecutionProvider | CPUExecutionProvider
[2026-05-23 16:01:02] preparing inputs
[2026-05-23 16:01:02] inputs ready
[2026-05-23 16:01:02] warmup start
[2026-05-23 16:01:02] warmup done
[2026-05-23 16:01:02] benchmark iterations start
[2026-05-23 16:01:02] iteration 25/100 elapsed_s=0.3
[2026-05-23 16:01:03] iteration 50/100 elapsed_s=0.7
[2026-05-23 16:01:03] iteration 75/100 elapsed_s=1.0
[2026-05-23 16:01:03] iteration 100/100 elapsed_s=1.3
[2026-05-23 16:01:03] benchmark iterations done
[2026-05-23 16:01:03] mode complete mode=optimized mean_ms=12.501 std_ms=1.292 p95_ms=14.434
[2026-05-23 16:02:58] start mode=baseline model=GraphTransformer_int8.onnx device=CPU warmup=5 iters=100
[2026-05-23 16:02:58] creating session
[2026-05-23 16:02:59] session ready providers=OpenVINOExecutionProvider | CPUExecutionProvider
[2026-05-23 16:02:59] preparing inputs
[2026-05-23 16:02:59] inputs ready
[2026-05-23 16:02:59] warmup start
[2026-05-23 16:02:59] warmup done
[2026-05-23 16:02:59] benchmark iterations start
[2026-05-23 16:03:00] iteration 25/100 elapsed_s=0.8
[2026-05-23 16:03:00] iteration 50/100 elapsed_s=1.5
[2026-05-23 16:03:01] iteration 75/100 elapsed_s=2.1
[2026-05-23 16:03:02] iteration 100/100 elapsed_s=2.8
[2026-05-23 16:03:02] benchmark iterations done
[2026-05-23 16:03:02] mode complete mode=baseline mean_ms=27.929 std_ms=2.536 p95_ms=31.476
[2026-05-23 16:03:02] start mode=optimized model=GraphTransformer_int8.onnx device=CPU warmup=5 iters=100
[2026-05-23 16:03:02] creating session
[2026-05-23 16:03:03] session ready providers=OpenVINOExecutionProvider | CPUExecutionProvider
[2026-05-23 16:03:03] preparing inputs
[2026-05-23 16:03:03] inputs ready
[2026-05-23 16:03:03] warmup start
[2026-05-23 16:03:03] warmup done
[2026-05-23 16:03:03] benchmark iterations start
[2026-05-23 16:03:04] iteration 25/100 elapsed_s=0.7
[2026-05-23 16:03:04] iteration 50/100 elapsed_s=1.4
[2026-05-23 16:03:05] iteration 75/100 elapsed_s=2.1
[2026-05-23 16:03:06] iteration 100/100 elapsed_s=2.7
[2026-05-23 16:03:06] benchmark iterations done
[2026-05-23 16:03:06] mode complete mode=optimized mean_ms=27.085 std_ms=1.302 p95_ms=29.296
