[2026-05-23 12:29:15] start mode=baseline model=vit-tiny_fp32.onnx device=NPU warmup=5 iters=100
[2026-05-23 12:29:15] creating session
[2026-05-23 12:29:21] session ready providers=OpenVINOExecutionProvider | CPUExecutionProvider
[2026-05-23 12:29:21] preparing inputs
[2026-05-23 12:29:21] inputs ready
[2026-05-23 12:29:21] warmup start
[2026-05-23 12:29:21] warmup done
[2026-05-23 12:29:21] benchmark iterations start
[2026-05-23 12:29:21] iteration 25/100 elapsed_s=0.2
[2026-05-23 12:29:21] iteration 50/100 elapsed_s=0.5
[2026-05-23 12:29:21] iteration 75/100 elapsed_s=0.7
[2026-05-23 12:29:22] iteration 100/100 elapsed_s=0.9
[2026-05-23 12:29:22] benchmark iterations done
[2026-05-23 12:29:22] mode complete mode=baseline mean_ms=9.021 std_ms=0.595 p95_ms=9.779
[2026-05-23 12:29:22] start mode=optimized model=vit-tiny_fp32.onnx device=NPU warmup=5 iters=100
[2026-05-23 12:29:22] creating session
[2026-05-23 12:29:28] session ready providers=OpenVINOExecutionProvider | CPUExecutionProvider
[2026-05-23 12:29:28] preparing inputs
[2026-05-23 12:29:28] inputs ready
[2026-05-23 12:29:28] warmup start
[2026-05-23 12:29:28] warmup done
[2026-05-23 12:29:28] benchmark iterations start
[2026-05-23 12:29:28] iteration 25/100 elapsed_s=0.2
[2026-05-23 12:29:28] iteration 50/100 elapsed_s=0.5
[2026-05-23 12:29:28] iteration 75/100 elapsed_s=0.7
[2026-05-23 12:29:29] iteration 100/100 elapsed_s=0.9
[2026-05-23 12:29:29] benchmark iterations done
[2026-05-23 12:29:29] mode complete mode=optimized mean_ms=9.149 std_ms=0.966 p95_ms=10.524
[2026-05-23 12:30:01] start mode=baseline model=vit-tiny_fp32.onnx device=NPU warmup=5 iters=100
[2026-05-23 12:30:01] creating session
[2026-05-23 12:30:07] session ready providers=OpenVINOExecutionProvider | CPUExecutionProvider
[2026-05-23 12:30:07] preparing inputs
[2026-05-23 12:30:07] inputs ready
[2026-05-23 12:30:07] warmup start
[2026-05-23 12:30:07] warmup done
[2026-05-23 12:30:07] benchmark iterations start
[2026-05-23 12:30:07] iteration 25/100 elapsed_s=0.2
[2026-05-23 12:30:07] iteration 50/100 elapsed_s=0.5
[2026-05-23 12:30:07] iteration 75/100 elapsed_s=0.7
[2026-05-23 12:30:08] iteration 100/100 elapsed_s=0.9
[2026-05-23 12:30:08] benchmark iterations done
[2026-05-23 12:30:08] mode complete mode=baseline mean_ms=9.165 std_ms=0.947 p95_ms=10.487
[2026-05-23 12:30:08] start mode=optimized model=vit-tiny_fp32.onnx device=NPU warmup=5 iters=100
[2026-05-23 12:30:08] creating session
[2026-05-23 12:30:14] session ready providers=OpenVINOExecutionProvider | CPUExecutionProvider
[2026-05-23 12:30:14] preparing inputs
[2026-05-23 12:30:14] inputs ready
[2026-05-23 12:30:14] warmup start
[2026-05-23 12:30:14] warmup done
[2026-05-23 12:30:14] benchmark iterations start
[2026-05-23 12:30:14] iteration 25/100 elapsed_s=0.2
[2026-05-23 12:30:14] iteration 50/100 elapsed_s=0.5
[2026-05-23 12:30:14] iteration 75/100 elapsed_s=0.7
[2026-05-23 12:30:15] iteration 100/100 elapsed_s=0.9
[2026-05-23 12:30:15] benchmark iterations done
[2026-05-23 12:30:15] mode complete mode=optimized mean_ms=9.040 std_ms=0.609 p95_ms=9.739
[2026-05-23 12:30:48] start mode=baseline model=vit-tiny_fp32.onnx device=NPU warmup=5 iters=100
[2026-05-23 12:30:48] creating session
[2026-05-23 12:30:53] session ready providers=OpenVINOExecutionProvider | CPUExecutionProvider
[2026-05-23 12:30:53] preparing inputs
[2026-05-23 12:30:53] inputs ready
[2026-05-23 12:30:53] warmup start
[2026-05-23 12:30:53] warmup done
[2026-05-23 12:30:53] benchmark iterations start
[2026-05-23 12:30:54] iteration 25/100 elapsed_s=0.2
[2026-05-23 12:30:54] iteration 50/100 elapsed_s=0.5
[2026-05-23 12:30:54] iteration 75/100 elapsed_s=0.7
[2026-05-23 12:30:54] iteration 100/100 elapsed_s=0.9
[2026-05-23 12:30:54] benchmark iterations done
[2026-05-23 12:30:54] mode complete mode=baseline mean_ms=9.257 std_ms=1.384 p95_ms=11.023
[2026-05-23 12:30:54] start mode=optimized model=vit-tiny_fp32.onnx device=NPU warmup=5 iters=100
[2026-05-23 12:30:54] creating session
[2026-05-23 12:31:00] session ready providers=OpenVINOExecutionProvider | CPUExecutionProvider
[2026-05-23 12:31:00] preparing inputs
[2026-05-23 12:31:00] inputs ready
[2026-05-23 12:31:00] warmup start
[2026-05-23 12:31:00] warmup done
[2026-05-23 12:31:00] benchmark iterations start
[2026-05-23 12:31:01] iteration 25/100 elapsed_s=0.2
[2026-05-23 12:31:01] iteration 50/100 elapsed_s=0.5
[2026-05-23 12:31:01] iteration 75/100 elapsed_s=0.7
[2026-05-23 12:31:01] iteration 100/100 elapsed_s=0.9
[2026-05-23 12:31:01] benchmark iterations done
[2026-05-23 12:31:01] mode complete mode=optimized mean_ms=9.089 std_ms=0.784 p95_ms=10.026
[2026-05-23 12:31:27] start mode=baseline model=vit-tiny_fp32.onnx device=GPU warmup=5 iters=100
[2026-05-23 12:31:27] creating session
[2026-05-23 12:31:30] session ready providers=OpenVINOExecutionProvider | CPUExecutionProvider
[2026-05-23 12:31:30] preparing inputs
[2026-05-23 12:31:30] inputs ready
[2026-05-23 12:31:30] warmup start
[2026-05-23 12:31:30] warmup done
[2026-05-23 12:31:30] benchmark iterations start
[2026-05-23 12:31:30] iteration 25/100 elapsed_s=0.1
[2026-05-23 12:31:30] iteration 50/100 elapsed_s=0.3
[2026-05-23 12:31:30] iteration 75/100 elapsed_s=0.4
[2026-05-23 12:31:30] iteration 100/100 elapsed_s=0.6
[2026-05-23 12:31:30] benchmark iterations done
[2026-05-23 12:31:30] mode complete mode=baseline mean_ms=5.813 std_ms=0.405 p95_ms=6.526
[2026-05-23 12:31:30] start mode=optimized model=vit-tiny_fp32.onnx device=GPU warmup=5 iters=100
[2026-05-23 12:31:30] creating session
[2026-05-23 12:31:33] session ready providers=OpenVINOExecutionProvider | CPUExecutionProvider
[2026-05-23 12:31:33] preparing inputs
[2026-05-23 12:31:33] inputs ready
[2026-05-23 12:31:33] warmup start
[2026-05-23 12:31:33] warmup done
[2026-05-23 12:31:33] benchmark iterations start
[2026-05-23 12:31:33] iteration 25/100 elapsed_s=0.2
[2026-05-23 12:31:33] iteration 50/100 elapsed_s=0.3
[2026-05-23 12:31:33] iteration 75/100 elapsed_s=0.5
[2026-05-23 12:31:33] iteration 100/100 elapsed_s=0.6
[2026-05-23 12:31:33] benchmark iterations done
[2026-05-23 12:31:33] mode complete mode=optimized mean_ms=6.344 std_ms=0.618 p95_ms=7.330
[2026-05-23 12:31:53] start mode=baseline model=vit-tiny_fp32.onnx device=GPU warmup=5 iters=100
[2026-05-23 12:31:53] creating session
[2026-05-23 12:31:55] session ready providers=OpenVINOExecutionProvider | CPUExecutionProvider
[2026-05-23 12:31:55] preparing inputs
[2026-05-23 12:31:55] inputs ready
[2026-05-23 12:31:55] warmup start
[2026-05-23 12:31:55] warmup done
[2026-05-23 12:31:55] benchmark iterations start
[2026-05-23 12:31:55] iteration 25/100 elapsed_s=0.1
[2026-05-23 12:31:55] iteration 50/100 elapsed_s=0.3
[2026-05-23 12:31:55] iteration 75/100 elapsed_s=0.4
[2026-05-23 12:31:55] iteration 100/100 elapsed_s=0.6
[2026-05-23 12:31:55] benchmark iterations done
[2026-05-23 12:31:55] mode complete mode=baseline mean_ms=5.870 std_ms=0.452 p95_ms=6.744
[2026-05-23 12:31:56] start mode=optimized model=vit-tiny_fp32.onnx device=GPU warmup=5 iters=100
[2026-05-23 12:31:56] creating session
[2026-05-23 12:31:58] session ready providers=OpenVINOExecutionProvider | CPUExecutionProvider
[2026-05-23 12:31:58] preparing inputs
[2026-05-23 12:31:58] inputs ready
[2026-05-23 12:31:58] warmup start
[2026-05-23 12:31:58] warmup done
[2026-05-23 12:31:58] benchmark iterations start
[2026-05-23 12:31:58] iteration 25/100 elapsed_s=0.2
[2026-05-23 12:31:58] iteration 50/100 elapsed_s=0.3
[2026-05-23 12:31:58] iteration 75/100 elapsed_s=0.5
[2026-05-23 12:31:59] iteration 100/100 elapsed_s=0.6
[2026-05-23 12:31:59] benchmark iterations done
[2026-05-23 12:31:59] mode complete mode=optimized mean_ms=6.259 std_ms=0.860 p95_ms=7.118
[2026-05-23 12:32:17] start mode=baseline model=vit-tiny_fp32.onnx device=GPU warmup=5 iters=100
[2026-05-23 12:32:17] creating session
[2026-05-23 12:32:19] session ready providers=OpenVINOExecutionProvider | CPUExecutionProvider
[2026-05-23 12:32:19] preparing inputs
[2026-05-23 12:32:19] inputs ready
[2026-05-23 12:32:19] warmup start
[2026-05-23 12:32:19] warmup done
[2026-05-23 12:32:19] benchmark iterations start
[2026-05-23 12:32:19] iteration 25/100 elapsed_s=0.1
[2026-05-23 12:32:20] iteration 50/100 elapsed_s=0.3
[2026-05-23 12:32:20] iteration 75/100 elapsed_s=0.4
[2026-05-23 12:32:20] iteration 100/100 elapsed_s=0.6
[2026-05-23 12:32:20] benchmark iterations done
[2026-05-23 12:32:20] mode complete mode=baseline mean_ms=5.868 std_ms=0.424 p95_ms=6.583
[2026-05-23 12:32:20] start mode=optimized model=vit-tiny_fp32.onnx device=GPU warmup=5 iters=100
[2026-05-23 12:32:20] creating session
[2026-05-23 12:32:23] session ready providers=OpenVINOExecutionProvider | CPUExecutionProvider
[2026-05-23 12:32:23] preparing inputs
[2026-05-23 12:32:23] inputs ready
[2026-05-23 12:32:23] warmup start
[2026-05-23 12:32:23] warmup done
[2026-05-23 12:32:23] benchmark iterations start
[2026-05-23 12:32:23] iteration 25/100 elapsed_s=0.2
[2026-05-23 12:32:23] iteration 50/100 elapsed_s=0.3
[2026-05-23 12:32:23] iteration 75/100 elapsed_s=0.5
[2026-05-23 12:32:23] iteration 100/100 elapsed_s=0.6
[2026-05-23 12:32:23] benchmark iterations done
[2026-05-23 12:32:23] mode complete mode=optimized mean_ms=6.234 std_ms=0.486 p95_ms=7.084
[2026-05-23 12:32:59] start mode=baseline model=vit-tiny_fp32.onnx device=CPU warmup=5 iters=100
[2026-05-23 12:32:59] creating session
[2026-05-23 12:33:00] session ready providers=OpenVINOExecutionProvider | CPUExecutionProvider
[2026-05-23 12:33:00] preparing inputs
[2026-05-23 12:33:00] inputs ready
[2026-05-23 12:33:00] warmup start
[2026-05-23 12:33:00] warmup done
[2026-05-23 12:33:00] benchmark iterations start
[2026-05-23 12:33:03] iteration 25/100 elapsed_s=2.5
[2026-05-23 12:33:06] iteration 50/100 elapsed_s=5.4
[2026-05-23 12:33:08] iteration 75/100 elapsed_s=7.9
[2026-05-23 12:33:11] iteration 100/100 elapsed_s=10.5
[2026-05-23 12:33:11] benchmark iterations done
[2026-05-23 12:33:11] mode complete mode=baseline mean_ms=104.515 std_ms=11.679 p95_ms=128.032
[2026-05-23 12:33:11] start mode=optimized model=vit-tiny_fp32.onnx device=CPU warmup=5 iters=100
[2026-05-23 12:33:11] creating session
[2026-05-23 12:33:12] session ready providers=OpenVINOExecutionProvider | CPUExecutionProvider
[2026-05-23 12:33:12] preparing inputs
[2026-05-23 12:33:12] inputs ready
[2026-05-23 12:33:12] warmup start
[2026-05-23 12:33:12] warmup done
[2026-05-23 12:33:12] benchmark iterations start
[2026-05-23 12:33:15] iteration 25/100 elapsed_s=2.8
[2026-05-23 12:33:18] iteration 50/100 elapsed_s=5.6
[2026-05-23 12:33:21] iteration 75/100 elapsed_s=8.4
[2026-05-23 12:33:23] iteration 100/100 elapsed_s=10.8
[2026-05-23 12:33:23] benchmark iterations done
[2026-05-23 12:33:23] mode complete mode=optimized mean_ms=108.186 std_ms=10.667 p95_ms=125.225
[2026-05-23 12:34:15] start mode=baseline model=vit-tiny_fp32.onnx device=CPU warmup=5 iters=100
[2026-05-23 12:34:15] creating session
[2026-05-23 12:34:15] session ready providers=OpenVINOExecutionProvider | CPUExecutionProvider
[2026-05-23 12:34:15] preparing inputs
[2026-05-23 12:34:16] inputs ready
[2026-05-23 12:34:16] warmup start
[2026-05-23 12:34:16] warmup done
[2026-05-23 12:34:16] benchmark iterations start
[2026-05-23 12:34:18] iteration 25/100 elapsed_s=2.4
[2026-05-23 12:34:21] iteration 50/100 elapsed_s=5.1
[2026-05-23 12:34:24] iteration 75/100 elapsed_s=7.6
[2026-05-23 12:34:26] iteration 100/100 elapsed_s=10.2
[2026-05-23 12:34:26] benchmark iterations done
[2026-05-23 12:34:26] mode complete mode=baseline mean_ms=101.786 std_ms=10.147 p95_ms=117.339
[2026-05-23 12:34:26] start mode=optimized model=vit-tiny_fp32.onnx device=CPU warmup=5 iters=100
[2026-05-23 12:34:26] creating session
[2026-05-23 12:34:27] session ready providers=OpenVINOExecutionProvider | CPUExecutionProvider
[2026-05-23 12:34:27] preparing inputs
[2026-05-23 12:34:27] inputs ready
[2026-05-23 12:34:27] warmup start
[2026-05-23 12:34:28] warmup done
[2026-05-23 12:34:28] benchmark iterations start
[2026-05-23 12:34:30] iteration 25/100 elapsed_s=2.5
[2026-05-23 12:34:33] iteration 50/100 elapsed_s=5.0
[2026-05-23 12:34:35] iteration 75/100 elapsed_s=7.7
[2026-05-23 12:34:38] iteration 100/100 elapsed_s=10.1
[2026-05-23 12:34:38] benchmark iterations done
[2026-05-23 12:34:38] mode complete mode=optimized mean_ms=100.624 std_ms=9.443 p95_ms=117.069
[2026-05-23 12:35:30] start mode=baseline model=vit-tiny_fp32.onnx device=CPU warmup=5 iters=100
[2026-05-23 12:35:30] creating session
[2026-05-23 12:35:30] session ready providers=OpenVINOExecutionProvider | CPUExecutionProvider
[2026-05-23 12:35:30] preparing inputs
[2026-05-23 12:35:30] inputs ready
[2026-05-23 12:35:30] warmup start
[2026-05-23 12:35:31] warmup done
[2026-05-23 12:35:31] benchmark iterations start
[2026-05-23 12:35:33] iteration 25/100 elapsed_s=2.4
[2026-05-23 12:35:36] iteration 50/100 elapsed_s=5.2
[2026-05-23 12:35:39] iteration 75/100 elapsed_s=7.7
[2026-05-23 12:35:41] iteration 100/100 elapsed_s=10.2
[2026-05-23 12:35:41] benchmark iterations done
[2026-05-23 12:35:41] mode complete mode=baseline mean_ms=102.396 std_ms=9.667 p95_ms=117.869
[2026-05-23 12:35:41] start mode=optimized model=vit-tiny_fp32.onnx device=CPU warmup=5 iters=100
[2026-05-23 12:35:41] creating session
[2026-05-23 12:35:42] session ready providers=OpenVINOExecutionProvider | CPUExecutionProvider
[2026-05-23 12:35:42] preparing inputs
[2026-05-23 12:35:42] inputs ready
[2026-05-23 12:35:42] warmup start
[2026-05-23 12:35:43] warmup done
[2026-05-23 12:35:43] benchmark iterations start
[2026-05-23 12:35:45] iteration 25/100 elapsed_s=2.5
[2026-05-23 12:35:48] iteration 50/100 elapsed_s=4.9
[2026-05-23 12:35:50] iteration 75/100 elapsed_s=7.7
[2026-05-23 12:35:53] iteration 100/100 elapsed_s=10.1
[2026-05-23 12:35:53] benchmark iterations done
[2026-05-23 12:35:53] mode complete mode=optimized mean_ms=100.995 std_ms=8.772 p95_ms=115.860
