[2026-05-23 12:29:00] start mode=baseline model=vit-tiny_fp32.onnx device=NPU warmup=5 iters=100
[2026-05-23 12:29:00] creating session
[2026-05-23 12:29:06] session ready providers=OpenVINOExecutionProvider | CPUExecutionProvider
[2026-05-23 12:29:06] preparing inputs
[2026-05-23 12:29:06] inputs ready
[2026-05-23 12:29:06] warmup start
[2026-05-23 12:29:06] warmup done
[2026-05-23 12:29:06] benchmark iterations start
[2026-05-23 12:29:06] iteration 25/100 elapsed_s=0.2
[2026-05-23 12:29:07] iteration 50/100 elapsed_s=0.5
[2026-05-23 12:29:07] iteration 75/100 elapsed_s=0.7
[2026-05-23 12:29:07] iteration 100/100 elapsed_s=0.9
[2026-05-23 12:29:07] benchmark iterations done
[2026-05-23 12:29:07] mode complete mode=baseline mean_ms=9.022 std_ms=0.719 p95_ms=9.669
[2026-05-23 12:29:07] start mode=optimized model=vit-tiny_fp32.onnx device=NPU warmup=5 iters=100
[2026-05-23 12:29:07] creating session
[2026-05-23 12:29:13] session ready providers=OpenVINOExecutionProvider | CPUExecutionProvider
[2026-05-23 12:29:13] preparing inputs
[2026-05-23 12:29:13] inputs ready
[2026-05-23 12:29:13] warmup start
[2026-05-23 12:29:13] warmup done
[2026-05-23 12:29:13] benchmark iterations start
[2026-05-23 12:29:14] iteration 25/100 elapsed_s=0.2
[2026-05-23 12:29:14] iteration 50/100 elapsed_s=0.5
[2026-05-23 12:29:14] iteration 75/100 elapsed_s=0.7
[2026-05-23 12:29:14] iteration 100/100 elapsed_s=0.9
[2026-05-23 12:29:14] benchmark iterations done
[2026-05-23 12:29:14] mode complete mode=optimized mean_ms=9.036 std_ms=0.673 p95_ms=9.905
[2026-05-23 12:29:47] start mode=baseline model=vit-tiny_fp32.onnx device=NPU warmup=5 iters=100
[2026-05-23 12:29:47] creating session
[2026-05-23 12:29:53] session ready providers=OpenVINOExecutionProvider | CPUExecutionProvider
[2026-05-23 12:29:53] preparing inputs
[2026-05-23 12:29:53] inputs ready
[2026-05-23 12:29:53] warmup start
[2026-05-23 12:29:53] warmup done
[2026-05-23 12:29:53] benchmark iterations start
[2026-05-23 12:29:53] iteration 25/100 elapsed_s=0.2
[2026-05-23 12:29:53] iteration 50/100 elapsed_s=0.5
[2026-05-23 12:29:53] iteration 75/100 elapsed_s=0.7
[2026-05-23 12:29:54] iteration 100/100 elapsed_s=0.9
[2026-05-23 12:29:54] benchmark iterations done
[2026-05-23 12:29:54] mode complete mode=baseline mean_ms=9.054 std_ms=0.804 p95_ms=10.176
[2026-05-23 12:29:54] start mode=optimized model=vit-tiny_fp32.onnx device=NPU warmup=5 iters=100
[2026-05-23 12:29:54] creating session
[2026-05-23 12:29:59] session ready providers=OpenVINOExecutionProvider | CPUExecutionProvider
[2026-05-23 12:29:59] preparing inputs
[2026-05-23 12:29:59] inputs ready
[2026-05-23 12:29:59] warmup start
[2026-05-23 12:29:59] warmup done
[2026-05-23 12:29:59] benchmark iterations start
[2026-05-23 12:30:00] iteration 25/100 elapsed_s=0.2
[2026-05-23 12:30:00] iteration 50/100 elapsed_s=0.5
[2026-05-23 12:30:00] iteration 75/100 elapsed_s=0.7
[2026-05-23 12:30:00] iteration 100/100 elapsed_s=0.9
[2026-05-23 12:30:00] benchmark iterations done
[2026-05-23 12:30:00] mode complete mode=optimized mean_ms=9.039 std_ms=0.784 p95_ms=10.434
[2026-05-23 12:30:33] start mode=baseline model=vit-tiny_fp32.onnx device=NPU warmup=5 iters=100
[2026-05-23 12:30:33] creating session
[2026-05-23 12:30:39] session ready providers=OpenVINOExecutionProvider | CPUExecutionProvider
[2026-05-23 12:30:39] preparing inputs
[2026-05-23 12:30:39] inputs ready
[2026-05-23 12:30:39] warmup start
[2026-05-23 12:30:39] warmup done
[2026-05-23 12:30:39] benchmark iterations start
[2026-05-23 12:30:39] iteration 25/100 elapsed_s=0.2
[2026-05-23 12:30:39] iteration 50/100 elapsed_s=0.5
[2026-05-23 12:30:40] iteration 75/100 elapsed_s=0.7
[2026-05-23 12:30:40] iteration 100/100 elapsed_s=0.9
[2026-05-23 12:30:40] benchmark iterations done
[2026-05-23 12:30:40] mode complete mode=baseline mean_ms=9.185 std_ms=0.941 p95_ms=10.578
[2026-05-23 12:30:40] start mode=optimized model=vit-tiny_fp32.onnx device=NPU warmup=5 iters=100
[2026-05-23 12:30:40] creating session
[2026-05-23 12:30:46] session ready providers=OpenVINOExecutionProvider | CPUExecutionProvider
[2026-05-23 12:30:46] preparing inputs
[2026-05-23 12:30:46] inputs ready
[2026-05-23 12:30:46] warmup start
[2026-05-23 12:30:46] warmup done
[2026-05-23 12:30:46] benchmark iterations start
[2026-05-23 12:30:46] iteration 25/100 elapsed_s=0.2
[2026-05-23 12:30:47] iteration 50/100 elapsed_s=0.5
[2026-05-23 12:30:47] iteration 75/100 elapsed_s=0.7
[2026-05-23 12:30:47] iteration 100/100 elapsed_s=0.9
[2026-05-23 12:30:47] benchmark iterations done
[2026-05-23 12:30:47] mode complete mode=optimized mean_ms=9.158 std_ms=1.031 p95_ms=10.503
[2026-05-23 12:31:20] start mode=baseline model=vit-tiny_fp32.onnx device=GPU warmup=5 iters=100
[2026-05-23 12:31:20] creating session
[2026-05-23 12:31:23] session ready providers=OpenVINOExecutionProvider | CPUExecutionProvider
[2026-05-23 12:31:23] preparing inputs
[2026-05-23 12:31:23] inputs ready
[2026-05-23 12:31:23] warmup start
[2026-05-23 12:31:23] warmup done
[2026-05-23 12:31:23] benchmark iterations start
[2026-05-23 12:31:23] iteration 25/100 elapsed_s=0.1
[2026-05-23 12:31:23] iteration 50/100 elapsed_s=0.3
[2026-05-23 12:31:23] iteration 75/100 elapsed_s=0.4
[2026-05-23 12:31:23] iteration 100/100 elapsed_s=0.6
[2026-05-23 12:31:23] benchmark iterations done
[2026-05-23 12:31:23] mode complete mode=baseline mean_ms=5.889 std_ms=0.427 p95_ms=6.613
[2026-05-23 12:31:24] start mode=optimized model=vit-tiny_fp32.onnx device=GPU warmup=5 iters=100
[2026-05-23 12:31:24] creating session
[2026-05-23 12:31:26] session ready providers=OpenVINOExecutionProvider | CPUExecutionProvider
[2026-05-23 12:31:26] preparing inputs
[2026-05-23 12:31:26] inputs ready
[2026-05-23 12:31:26] warmup start
[2026-05-23 12:31:26] warmup done
[2026-05-23 12:31:26] benchmark iterations start
[2026-05-23 12:31:26] iteration 25/100 elapsed_s=0.2
[2026-05-23 12:31:26] iteration 50/100 elapsed_s=0.3
[2026-05-23 12:31:27] iteration 75/100 elapsed_s=0.5
[2026-05-23 12:31:27] iteration 100/100 elapsed_s=0.6
[2026-05-23 12:31:27] benchmark iterations done
[2026-05-23 12:31:27] mode complete mode=optimized mean_ms=6.219 std_ms=0.485 p95_ms=6.955
[2026-05-23 12:31:46] start mode=baseline model=vit-tiny_fp32.onnx device=GPU warmup=5 iters=100
[2026-05-23 12:31:46] creating session
[2026-05-23 12:31:48] session ready providers=OpenVINOExecutionProvider | CPUExecutionProvider
[2026-05-23 12:31:48] preparing inputs
[2026-05-23 12:31:48] inputs ready
[2026-05-23 12:31:48] warmup start
[2026-05-23 12:31:48] warmup done
[2026-05-23 12:31:48] benchmark iterations start
[2026-05-23 12:31:48] iteration 25/100 elapsed_s=0.1
[2026-05-23 12:31:48] iteration 50/100 elapsed_s=0.3
[2026-05-23 12:31:48] iteration 75/100 elapsed_s=0.4
[2026-05-23 12:31:48] iteration 100/100 elapsed_s=0.6
[2026-05-23 12:31:48] benchmark iterations done
[2026-05-23 12:31:48] mode complete mode=baseline mean_ms=5.895 std_ms=0.433 p95_ms=6.679
[2026-05-23 12:31:49] start mode=optimized model=vit-tiny_fp32.onnx device=GPU warmup=5 iters=100
[2026-05-23 12:31:49] creating session
[2026-05-23 12:31:51] session ready providers=OpenVINOExecutionProvider | CPUExecutionProvider
[2026-05-23 12:31:51] preparing inputs
[2026-05-23 12:31:51] inputs ready
[2026-05-23 12:31:51] warmup start
[2026-05-23 12:31:51] warmup done
[2026-05-23 12:31:51] benchmark iterations start
[2026-05-23 12:31:52] iteration 25/100 elapsed_s=0.2
[2026-05-23 12:31:52] iteration 50/100 elapsed_s=0.3
[2026-05-23 12:31:52] iteration 75/100 elapsed_s=0.5
[2026-05-23 12:31:52] iteration 100/100 elapsed_s=0.6
[2026-05-23 12:31:52] benchmark iterations done
[2026-05-23 12:31:52] mode complete mode=optimized mean_ms=6.100 std_ms=0.464 p95_ms=6.939
[2026-05-23 12:32:11] start mode=baseline model=vit-tiny_fp32.onnx device=GPU warmup=5 iters=100
[2026-05-23 12:32:11] creating session
[2026-05-23 12:32:13] session ready providers=OpenVINOExecutionProvider | CPUExecutionProvider
[2026-05-23 12:32:13] preparing inputs
[2026-05-23 12:32:13] inputs ready
[2026-05-23 12:32:13] warmup start
[2026-05-23 12:32:13] warmup done
[2026-05-23 12:32:13] benchmark iterations start
[2026-05-23 12:32:13] iteration 25/100 elapsed_s=0.1
[2026-05-23 12:32:13] iteration 50/100 elapsed_s=0.3
[2026-05-23 12:32:13] iteration 75/100 elapsed_s=0.4
[2026-05-23 12:32:13] iteration 100/100 elapsed_s=0.6
[2026-05-23 12:32:13] benchmark iterations done
[2026-05-23 12:32:13] mode complete mode=baseline mean_ms=5.924 std_ms=0.430 p95_ms=6.726
[2026-05-23 12:32:14] start mode=optimized model=vit-tiny_fp32.onnx device=GPU warmup=5 iters=100
[2026-05-23 12:32:14] creating session
[2026-05-23 12:32:16] session ready providers=OpenVINOExecutionProvider | CPUExecutionProvider
[2026-05-23 12:32:16] preparing inputs
[2026-05-23 12:32:16] inputs ready
[2026-05-23 12:32:16] warmup start
[2026-05-23 12:32:16] warmup done
[2026-05-23 12:32:16] benchmark iterations start
[2026-05-23 12:32:16] iteration 25/100 elapsed_s=0.2
[2026-05-23 12:32:16] iteration 50/100 elapsed_s=0.3
[2026-05-23 12:32:16] iteration 75/100 elapsed_s=0.5
[2026-05-23 12:32:17] iteration 100/100 elapsed_s=0.6
[2026-05-23 12:32:17] benchmark iterations done
[2026-05-23 12:32:17] mode complete mode=optimized mean_ms=6.189 std_ms=0.433 p95_ms=6.966
[2026-05-23 12:32:35] start mode=baseline model=vit-tiny_fp32.onnx device=CPU warmup=5 iters=100
[2026-05-23 12:32:35] creating session
[2026-05-23 12:32:36] session ready providers=OpenVINOExecutionProvider | CPUExecutionProvider
[2026-05-23 12:32:36] preparing inputs
[2026-05-23 12:32:36] inputs ready
[2026-05-23 12:32:36] warmup start
[2026-05-23 12:32:36] warmup done
[2026-05-23 12:32:36] benchmark iterations start
[2026-05-23 12:32:39] iteration 25/100 elapsed_s=2.8
[2026-05-23 12:32:42] iteration 50/100 elapsed_s=5.3
[2026-05-23 12:32:44] iteration 75/100 elapsed_s=7.9
[2026-05-23 12:32:47] iteration 100/100 elapsed_s=10.5
[2026-05-23 12:32:47] benchmark iterations done
[2026-05-23 12:32:47] mode complete mode=baseline mean_ms=105.049 std_ms=11.291 p95_ms=124.650
[2026-05-23 12:32:47] start mode=optimized model=vit-tiny_fp32.onnx device=CPU warmup=5 iters=100
[2026-05-23 12:32:47] creating session
[2026-05-23 12:32:48] session ready providers=OpenVINOExecutionProvider | CPUExecutionProvider
[2026-05-23 12:32:48] preparing inputs
[2026-05-23 12:32:48] inputs ready
[2026-05-23 12:32:48] warmup start
[2026-05-23 12:32:48] warmup done
[2026-05-23 12:32:48] benchmark iterations start
[2026-05-23 12:32:51] iteration 25/100 elapsed_s=2.6
[2026-05-23 12:32:54] iteration 50/100 elapsed_s=5.2
[2026-05-23 12:32:56] iteration 75/100 elapsed_s=7.6
[2026-05-23 12:32:59] iteration 100/100 elapsed_s=10.3
[2026-05-23 12:32:59] benchmark iterations done
[2026-05-23 12:32:59] mode complete mode=optimized mean_ms=102.930 std_ms=10.712 p95_ms=123.709
[2026-05-23 12:33:51] start mode=baseline model=vit-tiny_fp32.onnx device=CPU warmup=5 iters=100
[2026-05-23 12:33:51] creating session
[2026-05-23 12:33:52] session ready providers=OpenVINOExecutionProvider | CPUExecutionProvider
[2026-05-23 12:33:52] preparing inputs
[2026-05-23 12:33:52] inputs ready
[2026-05-23 12:33:52] warmup start
[2026-05-23 12:33:52] warmup done
[2026-05-23 12:33:52] benchmark iterations start
[2026-05-23 12:33:55] iteration 25/100 elapsed_s=2.7
[2026-05-23 12:33:57] iteration 50/100 elapsed_s=5.1
[2026-05-23 12:34:00] iteration 75/100 elapsed_s=7.8
[2026-05-23 12:34:03] iteration 100/100 elapsed_s=10.4
[2026-05-23 12:34:03] benchmark iterations done
[2026-05-23 12:34:03] mode complete mode=baseline mean_ms=103.520 std_ms=9.564 p95_ms=119.499
[2026-05-23 12:34:03] start mode=optimized model=vit-tiny_fp32.onnx device=CPU warmup=5 iters=100
[2026-05-23 12:34:03] creating session
[2026-05-23 12:34:04] session ready providers=OpenVINOExecutionProvider | CPUExecutionProvider
[2026-05-23 12:34:04] preparing inputs
[2026-05-23 12:34:04] inputs ready
[2026-05-23 12:34:04] warmup start
[2026-05-23 12:34:04] warmup done
[2026-05-23 12:34:04] benchmark iterations start
[2026-05-23 12:34:07] iteration 25/100 elapsed_s=2.6
[2026-05-23 12:34:09] iteration 50/100 elapsed_s=5.1
[2026-05-23 12:34:12] iteration 75/100 elapsed_s=7.6
[2026-05-23 12:34:14] iteration 100/100 elapsed_s=10.3
[2026-05-23 12:34:14] benchmark iterations done
[2026-05-23 12:34:14] mode complete mode=optimized mean_ms=102.830 std_ms=10.031 p95_ms=118.297
[2026-05-23 12:35:05] start mode=baseline model=vit-tiny_fp32.onnx device=CPU warmup=5 iters=100
[2026-05-23 12:35:05] creating session
[2026-05-23 12:35:06] session ready providers=OpenVINOExecutionProvider | CPUExecutionProvider
[2026-05-23 12:35:06] preparing inputs
[2026-05-23 12:35:06] inputs ready
[2026-05-23 12:35:06] warmup start
[2026-05-23 12:35:06] warmup done
[2026-05-23 12:35:06] benchmark iterations start
[2026-05-23 12:35:09] iteration 25/100 elapsed_s=2.9
[2026-05-23 12:35:12] iteration 50/100 elapsed_s=5.4
[2026-05-23 12:35:14] iteration 75/100 elapsed_s=8.0
[2026-05-23 12:35:17] iteration 100/100 elapsed_s=11.0
[2026-05-23 12:35:17] benchmark iterations done
[2026-05-23 12:35:17] mode complete mode=baseline mean_ms=109.985 std_ms=13.234 p95_ms=128.759
[2026-05-23 12:35:17] start mode=optimized model=vit-tiny_fp32.onnx device=CPU warmup=5 iters=100
[2026-05-23 12:35:17] creating session
[2026-05-23 12:35:18] session ready providers=OpenVINOExecutionProvider | CPUExecutionProvider
[2026-05-23 12:35:18] preparing inputs
[2026-05-23 12:35:18] inputs ready
[2026-05-23 12:35:18] warmup start
[2026-05-23 12:35:19] warmup done
[2026-05-23 12:35:19] benchmark iterations start
[2026-05-23 12:35:21] iteration 25/100 elapsed_s=2.7
[2026-05-23 12:35:24] iteration 50/100 elapsed_s=5.3
[2026-05-23 12:35:26] iteration 75/100 elapsed_s=7.8
[2026-05-23 12:35:29] iteration 100/100 elapsed_s=10.6
[2026-05-23 12:35:29] benchmark iterations done
[2026-05-23 12:35:29] mode complete mode=optimized mean_ms=106.105 std_ms=12.936 p95_ms=127.177
