[2026-05-23 10:20:34] start mode=baseline model=APPNP_fp32.onnx device=NPU warmup=5 iters=100
[2026-05-23 10:20:34] creating session
[2026-05-23 10:20:35] session ready providers=OpenVINOExecutionProvider | CPUExecutionProvider
[2026-05-23 10:20:35] preparing inputs
[2026-05-23 10:20:41] inputs ready
[2026-05-23 10:20:41] warmup start
[2026-05-23 10:20:41] warmup done
[2026-05-23 10:20:41] benchmark iterations start
[2026-05-23 10:20:42] iteration 25/100 elapsed_s=0.3
[2026-05-23 10:20:42] iteration 50/100 elapsed_s=0.5
[2026-05-23 10:20:42] iteration 75/100 elapsed_s=0.8
[2026-05-23 10:20:42] iteration 100/100 elapsed_s=1.1
[2026-05-23 10:20:42] benchmark iterations done
[2026-05-23 10:20:42] mode complete mode=baseline mean_ms=10.827 std_ms=1.091 p95_ms=12.008
[2026-05-23 10:20:43] start mode=optimized model=APPNP_fp32.onnx device=NPU warmup=5 iters=100
[2026-05-23 10:20:43] creating session
[2026-05-23 10:20:43] session ready providers=OpenVINOExecutionProvider | CPUExecutionProvider
[2026-05-23 10:20:43] preparing inputs
[2026-05-23 10:20:43] inputs ready
[2026-05-23 10:20:43] warmup start
[2026-05-23 10:20:43] warmup done
[2026-05-23 10:20:43] benchmark iterations start
[2026-05-23 10:20:44] iteration 25/100 elapsed_s=0.3
[2026-05-23 10:20:44] iteration 50/100 elapsed_s=0.6
[2026-05-23 10:20:44] iteration 75/100 elapsed_s=0.8
[2026-05-23 10:20:44] iteration 100/100 elapsed_s=1.1
[2026-05-23 10:20:44] benchmark iterations done
[2026-05-23 10:20:44] mode complete mode=optimized mean_ms=10.578 std_ms=2.010 p95_ms=11.554
[2026-05-23 10:21:12] start mode=baseline model=APPNP_fp32.onnx device=NPU warmup=5 iters=100
[2026-05-23 10:21:12] creating session
[2026-05-23 10:21:12] session ready providers=OpenVINOExecutionProvider | CPUExecutionProvider
[2026-05-23 10:21:12] preparing inputs
[2026-05-23 10:21:19] inputs ready
[2026-05-23 10:21:19] warmup start
[2026-05-23 10:21:19] warmup done
[2026-05-23 10:21:19] benchmark iterations start
[2026-05-23 10:21:20] iteration 25/100 elapsed_s=0.3
[2026-05-23 10:21:20] iteration 50/100 elapsed_s=0.6
[2026-05-23 10:21:20] iteration 75/100 elapsed_s=0.9
[2026-05-23 10:21:21] iteration 100/100 elapsed_s=1.2
[2026-05-23 10:21:21] benchmark iterations done
[2026-05-23 10:21:21] mode complete mode=baseline mean_ms=12.209 std_ms=0.812 p95_ms=13.795
[2026-05-23 10:21:21] start mode=optimized model=APPNP_fp32.onnx device=NPU warmup=5 iters=100
[2026-05-23 10:21:21] creating session
[2026-05-23 10:21:22] session ready providers=OpenVINOExecutionProvider | CPUExecutionProvider
[2026-05-23 10:21:22] preparing inputs
[2026-05-23 10:21:23] inputs ready
[2026-05-23 10:21:23] warmup start
[2026-05-23 10:21:23] warmup done
[2026-05-23 10:21:23] benchmark iterations start
[2026-05-23 10:21:24] iteration 25/100 elapsed_s=0.3
[2026-05-23 10:21:24] iteration 50/100 elapsed_s=0.6
[2026-05-23 10:21:24] iteration 75/100 elapsed_s=0.9
[2026-05-23 10:21:25] iteration 100/100 elapsed_s=1.3
[2026-05-23 10:21:25] benchmark iterations done
[2026-05-23 10:21:25] mode complete mode=optimized mean_ms=13.101 std_ms=4.185 p95_ms=15.282
[2026-05-23 10:22:12] start mode=baseline model=APPNP_fp32.onnx device=NPU warmup=5 iters=100
[2026-05-23 10:22:12] creating session
[2026-05-23 10:22:12] session ready providers=OpenVINOExecutionProvider | CPUExecutionProvider
[2026-05-23 10:22:12] preparing inputs
[2026-05-23 10:22:19] inputs ready
[2026-05-23 10:22:19] warmup start
[2026-05-23 10:22:19] warmup done
[2026-05-23 10:22:19] benchmark iterations start
[2026-05-23 10:22:19] iteration 25/100 elapsed_s=0.3
[2026-05-23 10:22:19] iteration 50/100 elapsed_s=0.6
[2026-05-23 10:22:20] iteration 75/100 elapsed_s=0.9
[2026-05-23 10:22:20] iteration 100/100 elapsed_s=1.2
[2026-05-23 10:22:20] benchmark iterations done
[2026-05-23 10:22:20] mode complete mode=baseline mean_ms=11.605 std_ms=1.113 p95_ms=14.780
[2026-05-23 10:22:20] start mode=optimized model=APPNP_fp32.onnx device=NPU warmup=5 iters=100
[2026-05-23 10:22:20] creating session
[2026-05-23 10:22:21] session ready providers=OpenVINOExecutionProvider | CPUExecutionProvider
[2026-05-23 10:22:21] preparing inputs
[2026-05-23 10:22:23] inputs ready
[2026-05-23 10:22:23] warmup start
[2026-05-23 10:22:23] warmup done
[2026-05-23 10:22:23] benchmark iterations start
[2026-05-23 10:22:24] iteration 25/100 elapsed_s=0.3
[2026-05-23 10:22:24] iteration 50/100 elapsed_s=0.6
[2026-05-23 10:22:24] iteration 75/100 elapsed_s=0.9
[2026-05-23 10:22:25] iteration 100/100 elapsed_s=1.2
[2026-05-23 10:22:25] benchmark iterations done
[2026-05-23 10:22:25] mode complete mode=optimized mean_ms=12.040 std_ms=1.232 p95_ms=14.335
[2026-05-23 10:23:14] start mode=baseline model=APPNP_fp32.onnx device=GPU warmup=5 iters=100
[2026-05-23 10:23:14] creating session
[2026-05-23 10:23:16] session ready providers=OpenVINOExecutionProvider | CPUExecutionProvider
[2026-05-23 10:23:16] preparing inputs
[2026-05-23 10:23:16] inputs ready
[2026-05-23 10:23:16] warmup start
[2026-05-23 10:23:16] warmup done
[2026-05-23 10:23:16] benchmark iterations start
[2026-05-23 10:23:17] iteration 25/100 elapsed_s=0.2
[2026-05-23 10:23:17] iteration 50/100 elapsed_s=0.4
[2026-05-23 10:23:17] iteration 75/100 elapsed_s=0.6
[2026-05-23 10:23:17] iteration 100/100 elapsed_s=0.8
[2026-05-23 10:23:17] benchmark iterations done
[2026-05-23 10:23:17] mode complete mode=baseline mean_ms=8.115 std_ms=0.773 p95_ms=9.311
[2026-05-23 10:23:18] start mode=optimized model=APPNP_fp32.onnx device=GPU warmup=5 iters=100
[2026-05-23 10:23:18] creating session
[2026-05-23 10:23:19] session ready providers=OpenVINOExecutionProvider | CPUExecutionProvider
[2026-05-23 10:23:19] preparing inputs
[2026-05-23 10:23:19] inputs ready
[2026-05-23 10:23:19] warmup start
[2026-05-23 10:23:19] warmup done
[2026-05-23 10:23:19] benchmark iterations start
[2026-05-23 10:23:19] iteration 25/100 elapsed_s=0.2
[2026-05-23 10:23:20] iteration 50/100 elapsed_s=0.3
[2026-05-23 10:23:20] iteration 75/100 elapsed_s=0.5
[2026-05-23 10:23:20] iteration 100/100 elapsed_s=0.7
[2026-05-23 10:23:20] benchmark iterations done
[2026-05-23 10:23:20] mode complete mode=optimized mean_ms=6.926 std_ms=0.710 p95_ms=7.950
[2026-05-23 10:24:05] start mode=baseline model=APPNP_fp32.onnx device=GPU warmup=5 iters=100
[2026-05-23 10:24:05] creating session
[2026-05-23 10:24:06] session ready providers=OpenVINOExecutionProvider | CPUExecutionProvider
[2026-05-23 10:24:06] preparing inputs
[2026-05-23 10:24:08] inputs ready
[2026-05-23 10:24:08] warmup start
[2026-05-23 10:24:08] warmup done
[2026-05-23 10:24:08] benchmark iterations start
[2026-05-23 10:24:08] iteration 25/100 elapsed_s=0.2
[2026-05-23 10:24:09] iteration 50/100 elapsed_s=0.4
[2026-05-23 10:24:09] iteration 75/100 elapsed_s=0.7
[2026-05-23 10:24:09] iteration 100/100 elapsed_s=0.9
[2026-05-23 10:24:09] benchmark iterations done
[2026-05-23 10:24:09] mode complete mode=baseline mean_ms=8.570 std_ms=0.714 p95_ms=9.707
[2026-05-23 10:24:09] start mode=optimized model=APPNP_fp32.onnx device=GPU warmup=5 iters=100
[2026-05-23 10:24:09] creating session
[2026-05-23 10:24:11] session ready providers=OpenVINOExecutionProvider | CPUExecutionProvider
[2026-05-23 10:24:11] preparing inputs
[2026-05-23 10:24:13] inputs ready
[2026-05-23 10:24:13] warmup start
[2026-05-23 10:24:13] warmup done
[2026-05-23 10:24:13] benchmark iterations start
[2026-05-23 10:24:13] iteration 25/100 elapsed_s=0.2
[2026-05-23 10:24:13] iteration 50/100 elapsed_s=0.4
[2026-05-23 10:24:13] iteration 75/100 elapsed_s=0.6
[2026-05-23 10:24:13] iteration 100/100 elapsed_s=0.8
[2026-05-23 10:24:13] benchmark iterations done
[2026-05-23 10:24:13] mode complete mode=optimized mean_ms=8.240 std_ms=0.589 p95_ms=9.058
[2026-05-23 10:25:02] start mode=baseline model=APPNP_fp32.onnx device=GPU warmup=5 iters=100
[2026-05-23 10:25:02] creating session
[2026-05-23 10:25:04] session ready providers=OpenVINOExecutionProvider | CPUExecutionProvider
[2026-05-23 10:25:04] preparing inputs
[2026-05-23 10:25:06] inputs ready
[2026-05-23 10:25:06] warmup start
[2026-05-23 10:25:06] warmup done
[2026-05-23 10:25:06] benchmark iterations start
[2026-05-23 10:25:06] iteration 25/100 elapsed_s=0.2
[2026-05-23 10:25:07] iteration 50/100 elapsed_s=0.4
[2026-05-23 10:25:07] iteration 75/100 elapsed_s=0.6
[2026-05-23 10:25:07] iteration 100/100 elapsed_s=0.8
[2026-05-23 10:25:07] benchmark iterations done
[2026-05-23 10:25:07] mode complete mode=baseline mean_ms=8.437 std_ms=0.823 p95_ms=9.723
[2026-05-23 10:25:07] start mode=optimized model=APPNP_fp32.onnx device=GPU warmup=5 iters=100
[2026-05-23 10:25:07] creating session
[2026-05-23 10:25:09] session ready providers=OpenVINOExecutionProvider | CPUExecutionProvider
[2026-05-23 10:25:09] preparing inputs
[2026-05-23 10:25:11] inputs ready
[2026-05-23 10:25:11] warmup start
[2026-05-23 10:25:11] warmup done
[2026-05-23 10:25:11] benchmark iterations start
[2026-05-23 10:25:11] iteration 25/100 elapsed_s=0.2
[2026-05-23 10:25:12] iteration 50/100 elapsed_s=0.4
[2026-05-23 10:25:12] iteration 75/100 elapsed_s=0.6
[2026-05-23 10:25:12] iteration 100/100 elapsed_s=0.8
[2026-05-23 10:25:12] benchmark iterations done
[2026-05-23 10:25:12] mode complete mode=optimized mean_ms=7.750 std_ms=0.572 p95_ms=8.727
[2026-05-23 10:26:06] start mode=baseline model=APPNP_fp32.onnx device=CPU warmup=5 iters=100
[2026-05-23 10:26:06] creating session
[2026-05-23 10:26:07] session ready providers=OpenVINOExecutionProvider | CPUExecutionProvider
[2026-05-23 10:26:07] preparing inputs
[2026-05-23 10:26:07] inputs ready
[2026-05-23 10:26:07] warmup start
[2026-05-23 10:26:07] warmup done
[2026-05-23 10:26:07] benchmark iterations start
[2026-05-23 10:26:07] iteration 25/100 elapsed_s=0.3
[2026-05-23 10:26:08] iteration 50/100 elapsed_s=0.6
[2026-05-23 10:26:08] iteration 75/100 elapsed_s=0.9
[2026-05-23 10:26:08] iteration 100/100 elapsed_s=1.2
[2026-05-23 10:26:08] benchmark iterations done
[2026-05-23 10:26:08] mode complete mode=baseline mean_ms=11.513 std_ms=2.647 p95_ms=14.261
[2026-05-23 10:26:09] start mode=optimized model=APPNP_fp32.onnx device=CPU warmup=5 iters=100
[2026-05-23 10:26:09] creating session
[2026-05-23 10:26:09] session ready providers=OpenVINOExecutionProvider | CPUExecutionProvider
[2026-05-23 10:26:09] preparing inputs
[2026-05-23 10:26:09] inputs ready
[2026-05-23 10:26:09] warmup start
[2026-05-23 10:26:09] warmup done
[2026-05-23 10:26:09] benchmark iterations start
[2026-05-23 10:26:10] iteration 25/100 elapsed_s=0.3
[2026-05-23 10:26:10] iteration 50/100 elapsed_s=0.6
[2026-05-23 10:26:10] iteration 75/100 elapsed_s=0.9
[2026-05-23 10:26:10] iteration 100/100 elapsed_s=1.1
[2026-05-23 10:26:10] benchmark iterations done
[2026-05-23 10:26:10] mode complete mode=optimized mean_ms=11.165 std_ms=1.484 p95_ms=14.442
[2026-05-23 10:26:38] start mode=baseline model=APPNP_fp32.onnx device=CPU warmup=5 iters=100
[2026-05-23 10:26:38] creating session
[2026-05-23 10:26:38] session ready providers=OpenVINOExecutionProvider | CPUExecutionProvider
[2026-05-23 10:26:38] preparing inputs
[2026-05-23 10:26:40] inputs ready
[2026-05-23 10:26:40] warmup start
[2026-05-23 10:26:40] warmup done
[2026-05-23 10:26:40] benchmark iterations start
[2026-05-23 10:26:41] iteration 25/100 elapsed_s=0.4
[2026-05-23 10:26:41] iteration 50/100 elapsed_s=0.7
[2026-05-23 10:26:41] iteration 75/100 elapsed_s=1.0
[2026-05-23 10:26:42] iteration 100/100 elapsed_s=1.3
[2026-05-23 10:26:42] benchmark iterations done
[2026-05-23 10:26:42] mode complete mode=baseline mean_ms=13.256 std_ms=3.098 p95_ms=15.333
[2026-05-23 10:26:42] start mode=optimized model=APPNP_fp32.onnx device=CPU warmup=5 iters=100
[2026-05-23 10:26:42] creating session
[2026-05-23 10:26:42] session ready providers=OpenVINOExecutionProvider | CPUExecutionProvider
[2026-05-23 10:26:42] preparing inputs
[2026-05-23 10:26:44] inputs ready
[2026-05-23 10:26:44] warmup start
[2026-05-23 10:26:44] warmup done
[2026-05-23 10:26:44] benchmark iterations start
[2026-05-23 10:26:44] iteration 25/100 elapsed_s=0.3
[2026-05-23 10:26:45] iteration 50/100 elapsed_s=0.6
[2026-05-23 10:26:45] iteration 75/100 elapsed_s=0.9
[2026-05-23 10:26:45] iteration 100/100 elapsed_s=1.3
[2026-05-23 10:26:45] benchmark iterations done
[2026-05-23 10:26:45] mode complete mode=optimized mean_ms=12.508 std_ms=1.164 p95_ms=14.881
[2026-05-23 10:27:29] start mode=baseline model=APPNP_fp32.onnx device=CPU warmup=5 iters=100
[2026-05-23 10:27:29] creating session
[2026-05-23 10:27:29] session ready providers=OpenVINOExecutionProvider | CPUExecutionProvider
[2026-05-23 10:27:29] preparing inputs
[2026-05-23 10:27:31] inputs ready
[2026-05-23 10:27:31] warmup start
[2026-05-23 10:27:31] warmup done
[2026-05-23 10:27:31] benchmark iterations start
[2026-05-23 10:27:32] iteration 25/100 elapsed_s=0.3
[2026-05-23 10:27:32] iteration 50/100 elapsed_s=0.6
[2026-05-23 10:27:32] iteration 75/100 elapsed_s=1.0
[2026-05-23 10:27:33] iteration 100/100 elapsed_s=1.2
[2026-05-23 10:27:33] benchmark iterations done
[2026-05-23 10:27:33] mode complete mode=baseline mean_ms=12.300 std_ms=2.428 p95_ms=15.643
[2026-05-23 10:27:33] start mode=optimized model=APPNP_fp32.onnx device=CPU warmup=5 iters=100
[2026-05-23 10:27:33] creating session
[2026-05-23 10:27:33] session ready providers=OpenVINOExecutionProvider | CPUExecutionProvider
[2026-05-23 10:27:33] preparing inputs
[2026-05-23 10:27:36] inputs ready
[2026-05-23 10:27:36] warmup start
[2026-05-23 10:27:36] warmup done
[2026-05-23 10:27:36] benchmark iterations start
[2026-05-23 10:27:36] iteration 25/100 elapsed_s=0.3
[2026-05-23 10:27:36] iteration 50/100 elapsed_s=0.6
[2026-05-23 10:27:37] iteration 75/100 elapsed_s=0.9
[2026-05-23 10:27:37] iteration 100/100 elapsed_s=1.1
[2026-05-23 10:27:37] benchmark iterations done
[2026-05-23 10:27:37] mode complete mode=optimized mean_ms=11.289 std_ms=1.013 p95_ms=13.207
