[2026-05-23 11:29:39] start mode=baseline model=MPNN_int8.onnx device=GPU warmup=5 iters=100
[2026-05-23 11:29:39] creating session
[2026-05-23 11:29:39] session ready providers=CPUExecutionProvider
[2026-05-23 11:29:39] preparing inputs
[2026-05-23 11:29:40] inputs ready
[2026-05-23 11:29:40] warmup start
[2026-05-23 11:29:40] warmup done
[2026-05-23 11:29:40] benchmark iterations start
[2026-05-23 11:29:41] iteration 25/100 elapsed_s=1.0
[2026-05-23 11:29:42] iteration 50/100 elapsed_s=1.8
[2026-05-23 11:29:43] iteration 75/100 elapsed_s=2.9
[2026-05-23 11:29:44] iteration 100/100 elapsed_s=4.4
[2026-05-23 11:29:44] benchmark iterations done
[2026-05-23 11:29:44] mode complete mode=baseline mean_ms=44.346 std_ms=14.789 p95_ms=76.821
[2026-05-23 11:29:45] start mode=optimized model=MPNN_int8.onnx device=GPU warmup=5 iters=100
[2026-05-23 11:29:45] creating session
[2026-05-23 11:29:45] session ready providers=CPUExecutionProvider
[2026-05-23 11:29:45] preparing inputs
[2026-05-23 11:29:46] inputs ready
[2026-05-23 11:29:46] warmup start
[2026-05-23 11:29:46] warmup done
[2026-05-23 11:29:46] benchmark iterations start
[2026-05-23 11:29:47] iteration 25/100 elapsed_s=1.1
[2026-05-23 11:29:48] iteration 50/100 elapsed_s=1.9
[2026-05-23 11:29:49] iteration 75/100 elapsed_s=2.6
[2026-05-23 11:29:49] iteration 100/100 elapsed_s=3.3
[2026-05-23 11:29:49] benchmark iterations done
[2026-05-23 11:29:49] mode complete mode=optimized mean_ms=33.115 std_ms=12.663 p95_ms=53.901
[2026-05-23 11:30:21] start mode=baseline model=MPNN_int8.onnx device=GPU warmup=5 iters=100
[2026-05-23 11:30:21] creating session
[2026-05-23 11:30:21] session ready providers=CPUExecutionProvider
[2026-05-23 11:30:21] preparing inputs
[2026-05-23 11:30:23] inputs ready
[2026-05-23 11:30:23] warmup start
[2026-05-23 11:30:24] warmup done
[2026-05-23 11:30:24] benchmark iterations start
[2026-05-23 11:30:24] iteration 25/100 elapsed_s=0.6
[2026-05-23 11:30:25] iteration 50/100 elapsed_s=1.2
[2026-05-23 11:30:26] iteration 75/100 elapsed_s=2.0
[2026-05-23 11:30:27] iteration 100/100 elapsed_s=3.1
[2026-05-23 11:30:27] benchmark iterations done
[2026-05-23 11:30:27] mode complete mode=baseline mean_ms=31.381 std_ms=14.803 p95_ms=55.560
[2026-05-23 11:30:27] start mode=optimized model=MPNN_int8.onnx device=GPU warmup=5 iters=100
[2026-05-23 11:30:27] creating session
[2026-05-23 11:30:28] session ready providers=CPUExecutionProvider
[2026-05-23 11:30:28] preparing inputs
[2026-05-23 11:30:30] inputs ready
[2026-05-23 11:30:30] warmup start
[2026-05-23 11:30:30] warmup done
[2026-05-23 11:30:30] benchmark iterations start
[2026-05-23 11:30:31] iteration 25/100 elapsed_s=0.7
[2026-05-23 11:30:31] iteration 50/100 elapsed_s=1.4
[2026-05-23 11:30:32] iteration 75/100 elapsed_s=2.1
[2026-05-23 11:30:33] iteration 100/100 elapsed_s=2.8
[2026-05-23 11:30:33] benchmark iterations done
[2026-05-23 11:30:33] mode complete mode=optimized mean_ms=27.793 std_ms=4.709 p95_ms=39.124
[2026-05-23 11:31:09] start mode=baseline model=MPNN_int8.onnx device=GPU warmup=5 iters=100
[2026-05-23 11:31:09] creating session
[2026-05-23 11:31:09] session ready providers=CPUExecutionProvider
[2026-05-23 11:31:09] preparing inputs
[2026-05-23 11:31:12] inputs ready
[2026-05-23 11:31:12] warmup start
[2026-05-23 11:31:12] warmup done
[2026-05-23 11:31:12] benchmark iterations start
[2026-05-23 11:31:13] iteration 25/100 elapsed_s=0.6
[2026-05-23 11:31:13] iteration 50/100 elapsed_s=1.2
[2026-05-23 11:31:14] iteration 75/100 elapsed_s=1.9
[2026-05-23 11:31:14] iteration 100/100 elapsed_s=2.5
[2026-05-23 11:31:14] benchmark iterations done
[2026-05-23 11:31:14] mode complete mode=baseline mean_ms=24.768 std_ms=4.631 p95_ms=30.312
[2026-05-23 11:31:15] start mode=optimized model=MPNN_int8.onnx device=GPU warmup=5 iters=100
[2026-05-23 11:31:15] creating session
[2026-05-23 11:31:15] session ready providers=CPUExecutionProvider
[2026-05-23 11:31:15] preparing inputs
[2026-05-23 11:31:18] inputs ready
[2026-05-23 11:31:18] warmup start
[2026-05-23 11:31:18] warmup done
[2026-05-23 11:31:18] benchmark iterations start
[2026-05-23 11:31:19] iteration 25/100 elapsed_s=0.8
[2026-05-23 11:31:19] iteration 50/100 elapsed_s=1.5
[2026-05-23 11:31:20] iteration 75/100 elapsed_s=2.2
[2026-05-23 11:31:21] iteration 100/100 elapsed_s=2.9
[2026-05-23 11:31:21] benchmark iterations done
[2026-05-23 11:31:21] mode complete mode=optimized mean_ms=28.721 std_ms=5.188 p95_ms=38.392
[2026-05-23 11:33:54] start mode=baseline model=MPNN_int8.onnx device=CPU warmup=5 iters=100
[2026-05-23 11:33:54] creating session
[2026-05-23 11:33:54] session ready providers=CPUExecutionProvider
[2026-05-23 11:33:54] preparing inputs
[2026-05-23 11:33:55] inputs ready
[2026-05-23 11:33:55] warmup start
[2026-05-23 11:33:55] warmup done
[2026-05-23 11:33:55] benchmark iterations start
[2026-05-23 11:33:56] iteration 25/100 elapsed_s=0.8
[2026-05-23 11:33:57] iteration 50/100 elapsed_s=1.7
[2026-05-23 11:33:57] iteration 75/100 elapsed_s=2.4
[2026-05-23 11:33:58] iteration 100/100 elapsed_s=3.2
[2026-05-23 11:33:58] benchmark iterations done
[2026-05-23 11:33:58] mode complete mode=baseline mean_ms=32.400 std_ms=4.283 p95_ms=40.086
[2026-05-23 11:33:59] start mode=optimized model=MPNN_int8.onnx device=CPU warmup=5 iters=100
[2026-05-23 11:33:59] creating session
[2026-05-23 11:33:59] session ready providers=CPUExecutionProvider
[2026-05-23 11:33:59] preparing inputs
[2026-05-23 11:33:59] inputs ready
[2026-05-23 11:33:59] warmup start
[2026-05-23 11:34:00] warmup done
[2026-05-23 11:34:00] benchmark iterations start
[2026-05-23 11:34:01] iteration 25/100 elapsed_s=1.1
[2026-05-23 11:34:02] iteration 50/100 elapsed_s=2.2
[2026-05-23 11:34:03] iteration 75/100 elapsed_s=3.4
[2026-05-23 11:34:04] iteration 100/100 elapsed_s=4.4
[2026-05-23 11:34:04] benchmark iterations done
[2026-05-23 11:34:04] mode complete mode=optimized mean_ms=44.057 std_ms=13.482 p95_ms=74.132
[2026-05-23 11:34:36] start mode=baseline model=MPNN_int8.onnx device=CPU warmup=5 iters=100
[2026-05-23 11:34:36] creating session
[2026-05-23 11:34:36] session ready providers=CPUExecutionProvider
[2026-05-23 11:34:36] preparing inputs
[2026-05-23 11:34:38] inputs ready
[2026-05-23 11:34:38] warmup start
[2026-05-23 11:34:38] warmup done
[2026-05-23 11:34:38] benchmark iterations start
[2026-05-23 11:34:39] iteration 25/100 elapsed_s=0.8
[2026-05-23 11:34:40] iteration 50/100 elapsed_s=1.6
[2026-05-23 11:34:41] iteration 75/100 elapsed_s=2.4
[2026-05-23 11:34:42] iteration 100/100 elapsed_s=3.2
[2026-05-23 11:34:42] benchmark iterations done
[2026-05-23 11:34:42] mode complete mode=baseline mean_ms=31.805 std_ms=3.852 p95_ms=37.464
[2026-05-23 11:34:42] start mode=optimized model=MPNN_int8.onnx device=CPU warmup=5 iters=100
[2026-05-23 11:34:42] creating session
[2026-05-23 11:34:42] session ready providers=CPUExecutionProvider
[2026-05-23 11:34:42] preparing inputs
[2026-05-23 11:34:44] inputs ready
[2026-05-23 11:34:44] warmup start
[2026-05-23 11:34:44] warmup done
[2026-05-23 11:34:44] benchmark iterations start
[2026-05-23 11:34:45] iteration 25/100 elapsed_s=0.9
[2026-05-23 11:34:46] iteration 50/100 elapsed_s=1.6
[2026-05-23 11:34:47] iteration 75/100 elapsed_s=2.4
[2026-05-23 11:34:48] iteration 100/100 elapsed_s=3.1
[2026-05-23 11:34:48] benchmark iterations done
[2026-05-23 11:34:48] mode complete mode=optimized mean_ms=30.648 std_ms=7.552 p95_ms=45.972
[2026-05-23 11:35:22] start mode=baseline model=MPNN_int8.onnx device=CPU warmup=5 iters=100
[2026-05-23 11:35:22] creating session
[2026-05-23 11:35:23] session ready providers=CPUExecutionProvider
[2026-05-23 11:35:23] preparing inputs
[2026-05-23 11:35:25] inputs ready
[2026-05-23 11:35:25] warmup start
[2026-05-23 11:35:26] warmup done
[2026-05-23 11:35:26] benchmark iterations start
[2026-05-23 11:35:27] iteration 25/100 elapsed_s=1.0
[2026-05-23 11:35:27] iteration 50/100 elapsed_s=1.9
[2026-05-23 11:35:28] iteration 75/100 elapsed_s=2.6
[2026-05-23 11:35:29] iteration 100/100 elapsed_s=3.4
[2026-05-23 11:35:29] benchmark iterations done
[2026-05-23 11:35:29] mode complete mode=baseline mean_ms=33.678 std_ms=8.706 p95_ms=54.087
[2026-05-23 11:35:29] start mode=optimized model=MPNN_int8.onnx device=CPU warmup=5 iters=100
[2026-05-23 11:35:29] creating session
[2026-05-23 11:35:29] session ready providers=CPUExecutionProvider
[2026-05-23 11:35:29] preparing inputs
[2026-05-23 11:35:32] inputs ready
[2026-05-23 11:35:32] warmup start
[2026-05-23 11:35:32] warmup done
[2026-05-23 11:35:32] benchmark iterations start
[2026-05-23 11:35:33] iteration 25/100 elapsed_s=1.0
[2026-05-23 11:35:34] iteration 50/100 elapsed_s=2.0
[2026-05-23 11:35:35] iteration 75/100 elapsed_s=2.7
[2026-05-23 11:35:36] iteration 100/100 elapsed_s=3.4
[2026-05-23 11:35:36] benchmark iterations done
[2026-05-23 11:35:36] mode complete mode=optimized mean_ms=33.604 std_ms=11.551 p95_ms=54.555
