[2026-05-23 14:53:56] start mode=baseline model=GCN_fp32.onnx device=NPU warmup=5 iters=100
[2026-05-23 14:53:56] creating session
[2026-05-23 14:53:56] session ready providers=OpenVINOExecutionProvider | CPUExecutionProvider
[2026-05-23 14:53:56] preparing inputs
[2026-05-23 14:53:57] inputs ready
[2026-05-23 14:53:57] warmup start
[2026-05-23 14:53:57] warmup done
[2026-05-23 14:53:57] benchmark iterations start
[2026-05-23 14:53:57] iteration 25/100 elapsed_s=0.3
[2026-05-23 14:53:57] iteration 50/100 elapsed_s=0.7
[2026-05-23 14:53:58] iteration 75/100 elapsed_s=1.0
[2026-05-23 14:53:58] iteration 100/100 elapsed_s=1.3
[2026-05-23 14:53:58] benchmark iterations done
[2026-05-23 14:53:58] mode complete mode=baseline mean_ms=13.224 std_ms=1.546 p95_ms=14.450
[2026-05-23 14:53:58] start mode=optimized model=GCN_fp32.onnx device=NPU warmup=5 iters=100
[2026-05-23 14:53:58] creating session
[2026-05-23 14:53:59] session ready providers=OpenVINOExecutionProvider | CPUExecutionProvider
[2026-05-23 14:53:59] preparing inputs
[2026-05-23 14:53:59] inputs ready
[2026-05-23 14:53:59] warmup start
[2026-05-23 14:53:59] warmup done
[2026-05-23 14:53:59] benchmark iterations start
[2026-05-23 14:53:59] iteration 25/100 elapsed_s=0.4
[2026-05-23 14:54:00] iteration 50/100 elapsed_s=0.7
[2026-05-23 14:54:00] iteration 75/100 elapsed_s=1.0
[2026-05-23 14:54:00] iteration 100/100 elapsed_s=1.3
[2026-05-23 14:54:00] benchmark iterations done
[2026-05-23 14:54:00] mode complete mode=optimized mean_ms=13.261 std_ms=1.832 p95_ms=15.389
[2026-05-23 14:57:32] start mode=baseline model=GCN_fp32.onnx device=CPU warmup=5 iters=100
[2026-05-23 14:57:32] creating session
[2026-05-23 14:57:33] session ready providers=OpenVINOExecutionProvider | CPUExecutionProvider
[2026-05-23 14:57:33] preparing inputs
[2026-05-23 14:57:33] inputs ready
[2026-05-23 14:57:33] warmup start
[2026-05-23 14:57:33] warmup done
[2026-05-23 14:57:33] benchmark iterations start
[2026-05-23 14:57:33] iteration 25/100 elapsed_s=0.4
[2026-05-23 14:57:34] iteration 50/100 elapsed_s=0.7
[2026-05-23 14:57:34] iteration 75/100 elapsed_s=1.0
[2026-05-23 14:57:34] iteration 100/100 elapsed_s=1.3
[2026-05-23 14:57:34] benchmark iterations done
[2026-05-23 14:57:34] mode complete mode=baseline mean_ms=13.139 std_ms=1.668 p95_ms=14.769
[2026-05-23 14:57:35] start mode=optimized model=GCN_fp32.onnx device=CPU warmup=5 iters=100
[2026-05-23 14:57:35] creating session
[2026-05-23 14:57:35] session ready providers=OpenVINOExecutionProvider | CPUExecutionProvider
[2026-05-23 14:57:35] preparing inputs
[2026-05-23 14:57:35] inputs ready
[2026-05-23 14:57:35] warmup start
[2026-05-23 14:57:35] warmup done
[2026-05-23 14:57:35] benchmark iterations start
[2026-05-23 14:57:36] iteration 25/100 elapsed_s=0.3
[2026-05-23 14:57:36] iteration 50/100 elapsed_s=0.7
[2026-05-23 14:57:36] iteration 75/100 elapsed_s=1.0
[2026-05-23 14:57:37] iteration 100/100 elapsed_s=1.3
[2026-05-23 14:57:37] benchmark iterations done
[2026-05-23 14:57:37] mode complete mode=optimized mean_ms=13.140 std_ms=1.573 p95_ms=14.371
