[2026-05-23 12:52:35] start mode=baseline model=APPNP_fp32.onnx device=NPU warmup=5 iters=100
[2026-05-23 12:52:35] creating session
[2026-05-23 12:52:35] session ready providers=OpenVINOExecutionProvider | CPUExecutionProvider
[2026-05-23 12:52:35] preparing inputs
[2026-05-23 12:52:35] inputs ready
[2026-05-23 12:52:35] warmup start
[2026-05-23 12:52:35] warmup done
[2026-05-23 12:52:35] benchmark iterations start
[2026-05-23 12:52:36] iteration 25/100 elapsed_s=0.2
[2026-05-23 12:52:36] iteration 50/100 elapsed_s=0.4
[2026-05-23 12:52:36] iteration 75/100 elapsed_s=0.5
[2026-05-23 12:52:36] iteration 100/100 elapsed_s=0.7
[2026-05-23 12:52:36] benchmark iterations done
[2026-05-23 12:52:36] mode complete mode=baseline mean_ms=6.878 std_ms=0.697 p95_ms=8.181
[2026-05-23 12:52:37] start mode=optimized model=APPNP_fp32.onnx device=NPU warmup=5 iters=100
[2026-05-23 12:52:37] creating session
[2026-05-23 12:52:37] session ready providers=OpenVINOExecutionProvider | CPUExecutionProvider
[2026-05-23 12:52:37] preparing inputs
[2026-05-23 12:52:37] inputs ready
[2026-05-23 12:52:37] warmup start
[2026-05-23 12:52:37] warmup done
[2026-05-23 12:52:37] benchmark iterations start
[2026-05-23 12:52:37] iteration 25/100 elapsed_s=0.2
[2026-05-23 12:52:38] iteration 50/100 elapsed_s=0.4
[2026-05-23 12:52:38] iteration 75/100 elapsed_s=0.5
[2026-05-23 12:52:38] iteration 100/100 elapsed_s=0.7
[2026-05-23 12:52:38] benchmark iterations done
[2026-05-23 12:52:38] mode complete mode=optimized mean_ms=7.015 std_ms=1.114 p95_ms=9.319
[2026-05-23 14:33:32] start mode=baseline model=APPNP_fp32.onnx device=GPU warmup=5 iters=100
[2026-05-23 14:33:32] creating session
[2026-05-23 14:33:34] session ready providers=OpenVINOExecutionProvider | CPUExecutionProvider
[2026-05-23 14:33:34] preparing inputs
[2026-05-23 14:33:34] inputs ready
[2026-05-23 14:33:34] warmup start
[2026-05-23 14:33:34] warmup done
[2026-05-23 14:33:34] benchmark iterations start
[2026-05-23 14:33:34] iteration 25/100 elapsed_s=0.2
[2026-05-23 14:33:34] iteration 50/100 elapsed_s=0.5
[2026-05-23 14:33:35] iteration 75/100 elapsed_s=0.7
[2026-05-23 14:33:35] iteration 100/100 elapsed_s=0.9
[2026-05-23 14:33:35] benchmark iterations done
[2026-05-23 14:33:35] mode complete mode=baseline mean_ms=9.184 std_ms=0.538 p95_ms=9.992
[2026-05-23 14:33:35] start mode=optimized model=APPNP_fp32.onnx device=GPU warmup=5 iters=100
[2026-05-23 14:33:35] creating session
[2026-05-23 14:33:37] session ready providers=OpenVINOExecutionProvider | CPUExecutionProvider
[2026-05-23 14:33:37] preparing inputs
[2026-05-23 14:33:37] inputs ready
[2026-05-23 14:33:37] warmup start
[2026-05-23 14:33:37] warmup done
[2026-05-23 14:33:37] benchmark iterations start
[2026-05-23 14:33:37] iteration 25/100 elapsed_s=0.2
[2026-05-23 14:33:37] iteration 50/100 elapsed_s=0.5
[2026-05-23 14:33:38] iteration 75/100 elapsed_s=0.7
[2026-05-23 14:33:38] iteration 100/100 elapsed_s=0.9
[2026-05-23 14:33:38] benchmark iterations done
[2026-05-23 14:33:38] mode complete mode=optimized mean_ms=9.398 std_ms=1.422 p95_ms=10.018
[2026-05-23 14:38:20] start mode=baseline model=APPNP_fp32.onnx device=CPU warmup=5 iters=100
[2026-05-23 14:38:20] creating session
[2026-05-23 14:38:20] session ready providers=OpenVINOExecutionProvider | CPUExecutionProvider
[2026-05-23 14:38:20] preparing inputs
[2026-05-23 14:38:20] inputs ready
[2026-05-23 14:38:20] warmup start
[2026-05-23 14:38:20] warmup done
[2026-05-23 14:38:20] benchmark iterations start
[2026-05-23 14:38:21] iteration 25/100 elapsed_s=0.2
[2026-05-23 14:38:21] iteration 50/100 elapsed_s=0.4
[2026-05-23 14:38:21] iteration 75/100 elapsed_s=0.6
[2026-05-23 14:38:21] iteration 100/100 elapsed_s=0.7
[2026-05-23 14:38:21] benchmark iterations done
[2026-05-23 14:38:21] mode complete mode=baseline mean_ms=7.449 std_ms=1.179 p95_ms=8.723
[2026-05-23 14:38:22] start mode=optimized model=APPNP_fp32.onnx device=CPU warmup=5 iters=100
[2026-05-23 14:38:22] creating session
[2026-05-23 14:38:22] session ready providers=OpenVINOExecutionProvider | CPUExecutionProvider
[2026-05-23 14:38:22] preparing inputs
[2026-05-23 14:38:22] inputs ready
[2026-05-23 14:38:22] warmup start
[2026-05-23 14:38:22] warmup done
[2026-05-23 14:38:22] benchmark iterations start
[2026-05-23 14:38:22] iteration 25/100 elapsed_s=0.2
[2026-05-23 14:38:23] iteration 50/100 elapsed_s=0.4
[2026-05-23 14:38:23] iteration 75/100 elapsed_s=0.5
[2026-05-23 14:38:23] iteration 100/100 elapsed_s=0.7
[2026-05-23 14:38:23] benchmark iterations done
[2026-05-23 14:38:23] mode complete mode=optimized mean_ms=7.074 std_ms=0.746 p95_ms=8.969
