[2026-05-23 14:41:34] start mode=baseline model=GATv2_fp32.onnx device=NPU warmup=5 iters=100
[2026-05-23 14:41:34] creating session
[2026-05-23 14:41:34] session ready providers=OpenVINOExecutionProvider | CPUExecutionProvider
[2026-05-23 14:41:34] preparing inputs
[2026-05-23 14:41:35] inputs ready
[2026-05-23 14:41:35] warmup start
[2026-05-23 14:41:35] warmup done
[2026-05-23 14:41:35] benchmark iterations start
[2026-05-23 14:41:35] iteration 25/100 elapsed_s=0.2
[2026-05-23 14:41:35] iteration 50/100 elapsed_s=0.3
[2026-05-23 14:41:35] iteration 75/100 elapsed_s=0.4
[2026-05-23 14:41:35] iteration 100/100 elapsed_s=0.5
[2026-05-23 14:41:35] benchmark iterations done
[2026-05-23 14:41:35] mode complete mode=baseline mean_ms=5.166 std_ms=1.445 p95_ms=8.232
[2026-05-23 14:41:36] start mode=optimized model=GATv2_fp32.onnx device=NPU warmup=5 iters=100
[2026-05-23 14:41:36] creating session
[2026-05-23 14:41:36] session ready providers=OpenVINOExecutionProvider | CPUExecutionProvider
[2026-05-23 14:41:36] preparing inputs
[2026-05-23 14:41:36] inputs ready
[2026-05-23 14:41:36] warmup start
[2026-05-23 14:41:36] warmup done
[2026-05-23 14:41:36] benchmark iterations start
[2026-05-23 14:41:36] iteration 25/100 elapsed_s=0.1
[2026-05-23 14:41:37] iteration 50/100 elapsed_s=0.3
[2026-05-23 14:41:37] iteration 75/100 elapsed_s=0.4
[2026-05-23 14:41:37] iteration 100/100 elapsed_s=0.5
[2026-05-23 14:41:37] benchmark iterations done
[2026-05-23 14:41:37] mode complete mode=optimized mean_ms=4.877 std_ms=0.749 p95_ms=6.242
[2026-05-23 14:45:09] start mode=baseline model=GATv2_fp32.onnx device=GPU warmup=5 iters=100
[2026-05-23 14:45:09] creating session
[2026-05-23 14:45:10] session ready providers=OpenVINOExecutionProvider | CPUExecutionProvider
[2026-05-23 14:45:10] preparing inputs
[2026-05-23 14:45:10] inputs ready
[2026-05-23 14:45:10] warmup start
[2026-05-23 14:45:10] warmup done
[2026-05-23 14:45:10] benchmark iterations start
[2026-05-23 14:45:10] iteration 25/100 elapsed_s=0.1
[2026-05-23 14:45:10] iteration 50/100 elapsed_s=0.2
[2026-05-23 14:45:11] iteration 75/100 elapsed_s=0.2
[2026-05-23 14:45:11] iteration 100/100 elapsed_s=0.3
[2026-05-23 14:45:11] benchmark iterations done
[2026-05-23 14:45:11] mode complete mode=baseline mean_ms=2.935 std_ms=0.608 p95_ms=4.058
[2026-05-23 14:45:11] start mode=optimized model=GATv2_fp32.onnx device=GPU warmup=5 iters=100
[2026-05-23 14:45:11] creating session
[2026-05-23 14:45:12] session ready providers=OpenVINOExecutionProvider | CPUExecutionProvider
[2026-05-23 14:45:12] preparing inputs
[2026-05-23 14:45:13] inputs ready
[2026-05-23 14:45:13] warmup start
[2026-05-23 14:45:13] warmup done
[2026-05-23 14:45:13] benchmark iterations start
[2026-05-23 14:45:13] iteration 25/100 elapsed_s=0.1
[2026-05-23 14:45:13] iteration 50/100 elapsed_s=0.2
[2026-05-23 14:45:13] iteration 75/100 elapsed_s=0.2
[2026-05-23 14:45:13] iteration 100/100 elapsed_s=0.3
[2026-05-23 14:45:13] benchmark iterations done
[2026-05-23 14:45:13] mode complete mode=optimized mean_ms=2.817 std_ms=0.499 p95_ms=3.738
[2026-05-23 14:48:48] start mode=baseline model=GATv2_fp32.onnx device=CPU warmup=5 iters=100
[2026-05-23 14:48:48] creating session
[2026-05-23 14:48:48] session ready providers=OpenVINOExecutionProvider | CPUExecutionProvider
[2026-05-23 14:48:48] preparing inputs
[2026-05-23 14:48:48] inputs ready
[2026-05-23 14:48:48] warmup start
[2026-05-23 14:48:48] warmup done
[2026-05-23 14:48:48] benchmark iterations start
[2026-05-23 14:48:49] iteration 25/100 elapsed_s=0.2
[2026-05-23 14:48:49] iteration 50/100 elapsed_s=0.3
[2026-05-23 14:48:49] iteration 75/100 elapsed_s=0.4
[2026-05-23 14:48:49] iteration 100/100 elapsed_s=0.5
[2026-05-23 14:48:49] benchmark iterations done
[2026-05-23 14:48:49] mode complete mode=baseline mean_ms=4.981 std_ms=1.305 p95_ms=7.198
[2026-05-23 14:48:49] start mode=optimized model=GATv2_fp32.onnx device=CPU warmup=5 iters=100
[2026-05-23 14:48:49] creating session
[2026-05-23 14:48:49] session ready providers=OpenVINOExecutionProvider | CPUExecutionProvider
[2026-05-23 14:48:49] preparing inputs
[2026-05-23 14:48:50] inputs ready
[2026-05-23 14:48:50] warmup start
[2026-05-23 14:48:50] warmup done
[2026-05-23 14:48:50] benchmark iterations start
[2026-05-23 14:48:50] iteration 25/100 elapsed_s=0.1
[2026-05-23 14:48:50] iteration 50/100 elapsed_s=0.2
[2026-05-23 14:48:50] iteration 75/100 elapsed_s=0.4
[2026-05-23 14:48:50] iteration 100/100 elapsed_s=0.5
[2026-05-23 14:48:50] benchmark iterations done
[2026-05-23 14:48:50] mode complete mode=optimized mean_ms=4.738 std_ms=1.036 p95_ms=5.938
