[2026-05-23 15:35:31] start mode=baseline model=GraphSAGE_int8.onnx device=NPU warmup=5 iters=100
[2026-05-23 15:35:31] creating session
[2026-05-23 15:35:32] session ready providers=OpenVINOExecutionProvider | CPUExecutionProvider
[2026-05-23 15:35:32] preparing inputs
[2026-05-23 15:35:32] inputs ready
[2026-05-23 15:35:32] warmup start
[2026-05-23 15:35:33] warmup done
[2026-05-23 15:35:33] benchmark iterations start
[2026-05-23 15:35:39] iteration 25/100 elapsed_s=5.6
[2026-05-23 15:35:44] iteration 50/100 elapsed_s=11.2
[2026-05-23 15:35:50] iteration 75/100 elapsed_s=16.8
[2026-05-23 15:35:55] iteration 100/100 elapsed_s=22.2
[2026-05-23 15:35:55] benchmark iterations done
[2026-05-23 15:35:55] mode complete mode=baseline mean_ms=222.129 std_ms=13.740 p95_ms=245.278
[2026-05-23 15:35:56] start mode=optimized model=GraphSAGE_int8.onnx device=NPU warmup=5 iters=100
[2026-05-23 15:35:56] creating session
[2026-05-23 15:35:56] session ready providers=OpenVINOExecutionProvider | CPUExecutionProvider
[2026-05-23 15:35:56] preparing inputs
[2026-05-23 15:35:56] inputs ready
[2026-05-23 15:35:56] warmup start
[2026-05-23 15:35:58] warmup done
[2026-05-23 15:35:58] benchmark iterations start
[2026-05-23 15:36:03] iteration 25/100 elapsed_s=5.7
[2026-05-23 15:36:09] iteration 50/100 elapsed_s=11.3
[2026-05-23 15:36:14] iteration 75/100 elapsed_s=16.9
[2026-05-23 15:36:20] iteration 100/100 elapsed_s=22.4
[2026-05-23 15:36:20] benchmark iterations done
[2026-05-23 15:36:20] mode complete mode=optimized mean_ms=223.762 std_ms=14.169 p95_ms=250.061
[2026-05-23 15:44:30] start mode=baseline model=GraphSAGE_int8.onnx device=GPU warmup=5 iters=100
[2026-05-23 15:44:30] creating session
[2026-05-23 15:44:36] session ready providers=OpenVINOExecutionProvider | CPUExecutionProvider
[2026-05-23 15:44:36] preparing inputs
[2026-05-23 15:44:36] inputs ready
[2026-05-23 15:44:36] warmup start
[2026-05-23 15:44:36] warmup done
[2026-05-23 15:44:36] benchmark iterations start
[2026-05-23 15:44:39] iteration 25/100 elapsed_s=2.4
[2026-05-23 15:44:41] iteration 50/100 elapsed_s=4.8
[2026-05-23 15:44:43] iteration 75/100 elapsed_s=7.2
[2026-05-23 15:44:46] iteration 100/100 elapsed_s=9.6
[2026-05-23 15:44:46] benchmark iterations done
[2026-05-23 15:44:46] mode complete mode=baseline mean_ms=95.569 std_ms=1.449 p95_ms=97.617
[2026-05-23 15:44:46] start mode=optimized model=GraphSAGE_int8.onnx device=GPU warmup=5 iters=100
[2026-05-23 15:44:46] creating session
[2026-05-23 15:44:51] session ready providers=OpenVINOExecutionProvider | CPUExecutionProvider
[2026-05-23 15:44:51] preparing inputs
[2026-05-23 15:44:51] inputs ready
[2026-05-23 15:44:51] warmup start
[2026-05-23 15:44:52] warmup done
[2026-05-23 15:44:52] benchmark iterations start
[2026-05-23 15:44:54] iteration 25/100 elapsed_s=2.4
[2026-05-23 15:44:57] iteration 50/100 elapsed_s=4.8
[2026-05-23 15:44:59] iteration 75/100 elapsed_s=7.2
[2026-05-23 15:45:01] iteration 100/100 elapsed_s=9.5
[2026-05-23 15:45:01] benchmark iterations done
[2026-05-23 15:45:01] mode complete mode=optimized mean_ms=95.428 std_ms=1.323 p95_ms=97.472
[2026-05-23 15:54:17] start mode=baseline model=GraphSAGE_int8.onnx device=CPU warmup=5 iters=100
[2026-05-23 15:54:17] creating session
[2026-05-23 15:54:17] session ready providers=OpenVINOExecutionProvider | CPUExecutionProvider
[2026-05-23 15:54:17] preparing inputs
[2026-05-23 15:54:17] inputs ready
[2026-05-23 15:54:17] warmup start
[2026-05-23 15:54:18] warmup done
[2026-05-23 15:54:18] benchmark iterations start
[2026-05-23 15:54:24] iteration 25/100 elapsed_s=5.6
[2026-05-23 15:54:30] iteration 50/100 elapsed_s=11.3
[2026-05-23 15:54:35] iteration 75/100 elapsed_s=16.9
[2026-05-23 15:54:41] iteration 100/100 elapsed_s=22.3
[2026-05-23 15:54:41] benchmark iterations done
[2026-05-23 15:54:41] mode complete mode=baseline mean_ms=223.383 std_ms=15.479 p95_ms=250.803
[2026-05-23 15:54:41] start mode=optimized model=GraphSAGE_int8.onnx device=CPU warmup=5 iters=100
[2026-05-23 15:54:41] creating session
[2026-05-23 15:54:41] session ready providers=OpenVINOExecutionProvider | CPUExecutionProvider
[2026-05-23 15:54:41] preparing inputs
[2026-05-23 15:54:42] inputs ready
[2026-05-23 15:54:42] warmup start
[2026-05-23 15:54:43] warmup done
[2026-05-23 15:54:43] benchmark iterations start
[2026-05-23 15:54:49] iteration 25/100 elapsed_s=5.7
[2026-05-23 15:54:54] iteration 50/100 elapsed_s=11.4
[2026-05-23 15:55:00] iteration 75/100 elapsed_s=16.9
[2026-05-23 15:55:05] iteration 100/100 elapsed_s=22.3
[2026-05-23 15:55:05] benchmark iterations done
[2026-05-23 15:55:05] mode complete mode=optimized mean_ms=223.149 std_ms=17.265 p95_ms=254.116
