[2026-05-23 13:33:11] start mode=baseline model=APPNP_int8.onnx device=NPU warmup=5 iters=100
[2026-05-23 13:33:11] creating session
[2026-05-23 13:33:12] session ready providers=OpenVINOExecutionProvider | CPUExecutionProvider
[2026-05-23 13:33:12] preparing inputs
[2026-05-23 13:33:12] inputs ready
[2026-05-23 13:33:12] warmup start
[2026-05-23 13:33:12] warmup done
[2026-05-23 13:33:12] benchmark iterations start
[2026-05-23 13:33:13] iteration 25/100 elapsed_s=0.7
[2026-05-23 13:33:14] iteration 50/100 elapsed_s=1.3
[2026-05-23 13:33:14] iteration 75/100 elapsed_s=1.9
[2026-05-23 13:33:15] iteration 100/100 elapsed_s=2.5
[2026-05-23 13:33:15] benchmark iterations done
[2026-05-23 13:33:15] mode complete mode=baseline mean_ms=25.121 std_ms=1.110 p95_ms=26.941
[2026-05-23 13:33:15] start mode=optimized model=APPNP_int8.onnx device=NPU warmup=5 iters=100
[2026-05-23 13:33:15] creating session
[2026-05-23 13:33:16] session ready providers=OpenVINOExecutionProvider | CPUExecutionProvider
[2026-05-23 13:33:16] preparing inputs
[2026-05-23 13:33:16] inputs ready
[2026-05-23 13:33:16] warmup start
[2026-05-23 13:33:16] warmup done
[2026-05-23 13:33:16] benchmark iterations start
[2026-05-23 13:33:17] iteration 25/100 elapsed_s=0.6
[2026-05-23 13:33:18] iteration 50/100 elapsed_s=1.3
[2026-05-23 13:33:18] iteration 75/100 elapsed_s=1.9
[2026-05-23 13:33:19] iteration 100/100 elapsed_s=2.5
[2026-05-23 13:33:19] benchmark iterations done
[2026-05-23 13:33:19] mode complete mode=optimized mean_ms=25.198 std_ms=0.873 p95_ms=26.421
[2026-05-23 14:36:13] start mode=baseline model=APPNP_int8.onnx device=GPU warmup=5 iters=100
[2026-05-23 14:36:13] creating session
[2026-05-23 14:36:15] session ready providers=OpenVINOExecutionProvider | CPUExecutionProvider
[2026-05-23 14:36:15] preparing inputs
[2026-05-23 14:36:15] inputs ready
[2026-05-23 14:36:15] warmup start
[2026-05-23 14:36:16] warmup done
[2026-05-23 14:36:16] benchmark iterations start
[2026-05-23 14:36:16] iteration 25/100 elapsed_s=0.3
[2026-05-23 14:36:16] iteration 50/100 elapsed_s=0.6
[2026-05-23 14:36:16] iteration 75/100 elapsed_s=0.9
[2026-05-23 14:36:17] iteration 100/100 elapsed_s=1.2
[2026-05-23 14:36:17] benchmark iterations done
[2026-05-23 14:36:17] mode complete mode=baseline mean_ms=11.505 std_ms=0.821 p95_ms=12.825
[2026-05-23 14:36:17] start mode=optimized model=APPNP_int8.onnx device=GPU warmup=5 iters=100
[2026-05-23 14:36:17] creating session
[2026-05-23 14:36:19] session ready providers=OpenVINOExecutionProvider | CPUExecutionProvider
[2026-05-23 14:36:19] preparing inputs
[2026-05-23 14:36:19] inputs ready
[2026-05-23 14:36:19] warmup start
[2026-05-23 14:36:19] warmup done
[2026-05-23 14:36:19] benchmark iterations start
[2026-05-23 14:36:19] iteration 25/100 elapsed_s=0.3
[2026-05-23 14:36:19] iteration 50/100 elapsed_s=0.6
[2026-05-23 14:36:20] iteration 75/100 elapsed_s=0.8
[2026-05-23 14:36:20] iteration 100/100 elapsed_s=1.1
[2026-05-23 14:36:20] benchmark iterations done
[2026-05-23 14:36:20] mode complete mode=optimized mean_ms=11.346 std_ms=0.705 p95_ms=12.475
[2026-05-23 14:39:51] start mode=baseline model=APPNP_int8.onnx device=CPU warmup=5 iters=100
[2026-05-23 14:39:51] creating session
[2026-05-23 14:39:52] session ready providers=OpenVINOExecutionProvider | CPUExecutionProvider
[2026-05-23 14:39:52] preparing inputs
[2026-05-23 14:39:52] inputs ready
[2026-05-23 14:39:52] warmup start
[2026-05-23 14:39:52] warmup done
[2026-05-23 14:39:52] benchmark iterations start
[2026-05-23 14:39:53] iteration 25/100 elapsed_s=0.7
[2026-05-23 14:39:53] iteration 50/100 elapsed_s=1.3
[2026-05-23 14:39:54] iteration 75/100 elapsed_s=2.0
[2026-05-23 14:39:55] iteration 100/100 elapsed_s=2.6
[2026-05-23 14:39:55] benchmark iterations done
[2026-05-23 14:39:55] mode complete mode=baseline mean_ms=26.301 std_ms=0.995 p95_ms=28.028
[2026-05-23 14:39:55] start mode=optimized model=APPNP_int8.onnx device=CPU warmup=5 iters=100
[2026-05-23 14:39:55] creating session
[2026-05-23 14:39:56] session ready providers=OpenVINOExecutionProvider | CPUExecutionProvider
[2026-05-23 14:39:56] preparing inputs
[2026-05-23 14:39:56] inputs ready
[2026-05-23 14:39:56] warmup start
[2026-05-23 14:39:56] warmup done
[2026-05-23 14:39:56] benchmark iterations start
[2026-05-23 14:39:57] iteration 25/100 elapsed_s=0.7
[2026-05-23 14:39:57] iteration 50/100 elapsed_s=1.3
[2026-05-23 14:39:58] iteration 75/100 elapsed_s=1.9
[2026-05-23 14:39:58] iteration 100/100 elapsed_s=2.6
[2026-05-23 14:39:58] benchmark iterations done
[2026-05-23 14:39:58] mode complete mode=optimized mean_ms=25.924 std_ms=0.860 p95_ms=27.436
