[2026-05-23 16:32:36] start mode=baseline model=SGC_fp32.onnx device=NPU warmup=5 iters=100
[2026-05-23 16:32:36] creating session
[2026-05-23 16:32:37] session ready providers=OpenVINOExecutionProvider | CPUExecutionProvider
[2026-05-23 16:32:37] preparing inputs
[2026-05-23 16:32:37] inputs ready
[2026-05-23 16:32:37] warmup start
[2026-05-23 16:32:39] warmup done
[2026-05-23 16:32:39] benchmark iterations start
[2026-05-23 16:32:50] iteration 25/100 elapsed_s=10.3
[2026-05-23 16:33:00] iteration 50/100 elapsed_s=20.5
[2026-05-23 16:33:10] iteration 75/100 elapsed_s=31.0
[2026-05-23 16:33:21] iteration 100/100 elapsed_s=41.1
[2026-05-23 16:33:21] benchmark iterations done
[2026-05-23 16:33:21] mode complete mode=baseline mean_ms=411.408 std_ms=20.906 p95_ms=448.926
[2026-05-23 16:33:21] start mode=optimized model=SGC_fp32.onnx device=NPU warmup=5 iters=100
[2026-05-23 16:33:21] creating session
[2026-05-23 16:33:21] session ready providers=OpenVINOExecutionProvider | CPUExecutionProvider
[2026-05-23 16:33:21] preparing inputs
[2026-05-23 16:33:22] inputs ready
[2026-05-23 16:33:22] warmup start
[2026-05-23 16:33:24] warmup done
[2026-05-23 16:33:24] benchmark iterations start
[2026-05-23 16:33:34] iteration 25/100 elapsed_s=10.2
[2026-05-23 16:33:44] iteration 50/100 elapsed_s=20.4
[2026-05-23 16:33:55] iteration 75/100 elapsed_s=30.7
[2026-05-23 16:34:05] iteration 100/100 elapsed_s=40.9
[2026-05-23 16:34:05] benchmark iterations done
[2026-05-23 16:34:05] mode complete mode=optimized mean_ms=408.733 std_ms=16.517 p95_ms=438.060
[2026-05-23 17:09:23] start mode=baseline model=SGC_fp32.onnx device=GPU warmup=5 iters=100
[2026-05-23 17:09:23] creating session
[2026-05-23 17:09:24] session ready providers=OpenVINOExecutionProvider | CPUExecutionProvider
[2026-05-23 17:09:24] preparing inputs
[2026-05-23 17:09:25] inputs ready
[2026-05-23 17:09:25] warmup start
[2026-05-23 17:09:28] warmup done
[2026-05-23 17:09:28] benchmark iterations start
[2026-05-23 17:09:48] iteration 25/100 elapsed_s=19.3
[2026-05-23 17:10:07] iteration 50/100 elapsed_s=38.5
[2026-05-23 17:10:26] iteration 75/100 elapsed_s=57.8
[2026-05-23 17:10:45] iteration 100/100 elapsed_s=77.1
[2026-05-23 17:10:45] benchmark iterations done
[2026-05-23 17:10:45] mode complete mode=baseline mean_ms=770.877 std_ms=3.202 p95_ms=775.404
[2026-05-23 17:10:46] start mode=optimized model=SGC_fp32.onnx device=GPU warmup=5 iters=100
[2026-05-23 17:10:46] creating session
[2026-05-23 17:10:47] session ready providers=OpenVINOExecutionProvider | CPUExecutionProvider
[2026-05-23 17:10:47] preparing inputs
[2026-05-23 17:10:48] inputs ready
[2026-05-23 17:10:48] warmup start
[2026-05-23 17:10:51] warmup done
[2026-05-23 17:10:51] benchmark iterations start
[2026-05-23 17:11:11] iteration 25/100 elapsed_s=19.3
[2026-05-23 17:11:30] iteration 50/100 elapsed_s=38.6
[2026-05-23 17:11:49] iteration 75/100 elapsed_s=57.9
[2026-05-23 17:12:09] iteration 100/100 elapsed_s=77.1
[2026-05-23 17:12:09] benchmark iterations done
[2026-05-23 17:12:09] mode complete mode=optimized mean_ms=771.141 std_ms=3.794 p95_ms=776.283
[2026-05-23 17:37:48] start mode=baseline model=SGC_fp32.onnx device=CPU warmup=5 iters=100
[2026-05-23 17:37:48] creating session
[2026-05-23 17:37:49] session ready providers=OpenVINOExecutionProvider | CPUExecutionProvider
[2026-05-23 17:37:49] preparing inputs
[2026-05-23 17:37:49] inputs ready
[2026-05-23 17:37:49] warmup start
[2026-05-23 17:37:51] warmup done
[2026-05-23 17:37:51] benchmark iterations start
[2026-05-23 17:38:02] iteration 25/100 elapsed_s=10.2
[2026-05-23 17:38:12] iteration 50/100 elapsed_s=20.3
[2026-05-23 17:38:22] iteration 75/100 elapsed_s=30.5
[2026-05-23 17:38:32] iteration 100/100 elapsed_s=40.7
[2026-05-23 17:38:32] benchmark iterations done
[2026-05-23 17:38:32] mode complete mode=baseline mean_ms=406.689 std_ms=14.592 p95_ms=431.576
[2026-05-23 17:38:32] start mode=optimized model=SGC_fp32.onnx device=CPU warmup=5 iters=100
[2026-05-23 17:38:32] creating session
[2026-05-23 17:38:33] session ready providers=OpenVINOExecutionProvider | CPUExecutionProvider
[2026-05-23 17:38:33] preparing inputs
[2026-05-23 17:38:33] inputs ready
[2026-05-23 17:38:33] warmup start
[2026-05-23 17:38:35] warmup done
[2026-05-23 17:38:35] benchmark iterations start
[2026-05-23 17:38:46] iteration 25/100 elapsed_s=10.2
[2026-05-23 17:38:56] iteration 50/100 elapsed_s=20.3
[2026-05-23 17:39:06] iteration 75/100 elapsed_s=30.5
[2026-05-23 17:39:16] iteration 100/100 elapsed_s=40.6
[2026-05-23 17:39:16] benchmark iterations done
[2026-05-23 17:39:16] mode complete mode=optimized mean_ms=406.140 std_ms=14.105 p95_ms=430.961
