[2026-05-23 14:59:08] start mode=baseline model=GIN_fp32.onnx device=NPU warmup=5 iters=100
[2026-05-23 14:59:08] creating session
[2026-05-23 14:59:08] session ready providers=OpenVINOExecutionProvider | CPUExecutionProvider
[2026-05-23 14:59:08] preparing inputs
[2026-05-23 14:59:09] inputs ready
[2026-05-23 14:59:09] warmup start
[2026-05-23 14:59:09] warmup done
[2026-05-23 14:59:09] benchmark iterations start
[2026-05-23 14:59:09] iteration 25/100 elapsed_s=0.4
[2026-05-23 14:59:10] iteration 50/100 elapsed_s=0.8
[2026-05-23 14:59:10] iteration 75/100 elapsed_s=1.2
[2026-05-23 14:59:11] iteration 100/100 elapsed_s=1.6
[2026-05-23 14:59:11] benchmark iterations done
[2026-05-23 14:59:11] mode complete mode=baseline mean_ms=15.874 std_ms=2.403 p95_ms=17.874
[2026-05-23 14:59:11] start mode=optimized model=GIN_fp32.onnx device=NPU warmup=5 iters=100
[2026-05-23 14:59:11] creating session
[2026-05-23 14:59:11] session ready providers=OpenVINOExecutionProvider | CPUExecutionProvider
[2026-05-23 14:59:11] preparing inputs
[2026-05-23 14:59:12] inputs ready
[2026-05-23 14:59:12] warmup start
[2026-05-23 14:59:12] warmup done
[2026-05-23 14:59:12] benchmark iterations start
[2026-05-23 14:59:12] iteration 25/100 elapsed_s=0.4
[2026-05-23 14:59:13] iteration 50/100 elapsed_s=0.8
[2026-05-23 14:59:13] iteration 75/100 elapsed_s=1.2
[2026-05-23 14:59:13] iteration 100/100 elapsed_s=1.6
[2026-05-23 14:59:13] benchmark iterations done
[2026-05-23 14:59:13] mode complete mode=optimized mean_ms=15.703 std_ms=2.093 p95_ms=17.966
[2026-05-23 15:10:02] start mode=baseline model=GIN_fp32.onnx device=GPU warmup=5 iters=100
[2026-05-23 15:10:02] creating session
[2026-05-23 15:10:03] session ready providers=OpenVINOExecutionProvider | CPUExecutionProvider
[2026-05-23 15:10:03] preparing inputs
[2026-05-23 15:10:03] inputs ready
[2026-05-23 15:10:03] warmup start
[2026-05-23 15:10:03] warmup done
[2026-05-23 15:10:03] benchmark iterations start
[2026-05-23 15:10:03] iteration 25/100 elapsed_s=0.2
[2026-05-23 15:10:03] iteration 50/100 elapsed_s=0.4
[2026-05-23 15:10:04] iteration 75/100 elapsed_s=0.5
[2026-05-23 15:10:04] iteration 100/100 elapsed_s=0.7
[2026-05-23 15:10:04] benchmark iterations done
[2026-05-23 15:10:04] mode complete mode=baseline mean_ms=7.055 std_ms=0.735 p95_ms=8.199
[2026-05-23 15:10:04] start mode=optimized model=GIN_fp32.onnx device=GPU warmup=5 iters=100
[2026-05-23 15:10:04] creating session
[2026-05-23 15:10:05] session ready providers=OpenVINOExecutionProvider | CPUExecutionProvider
[2026-05-23 15:10:05] preparing inputs
[2026-05-23 15:10:05] inputs ready
[2026-05-23 15:10:05] warmup start
[2026-05-23 15:10:05] warmup done
[2026-05-23 15:10:05] benchmark iterations start
[2026-05-23 15:10:06] iteration 25/100 elapsed_s=0.2
[2026-05-23 15:10:06] iteration 50/100 elapsed_s=0.4
[2026-05-23 15:10:06] iteration 75/100 elapsed_s=0.5
[2026-05-23 15:10:06] iteration 100/100 elapsed_s=0.7
[2026-05-23 15:10:06] benchmark iterations done
[2026-05-23 15:10:06] mode complete mode=optimized mean_ms=7.302 std_ms=0.735 p95_ms=8.469
[2026-05-23 15:16:45] start mode=baseline model=GIN_fp32.onnx device=CPU warmup=5 iters=100
[2026-05-23 15:16:45] creating session
[2026-05-23 15:16:45] session ready providers=OpenVINOExecutionProvider | CPUExecutionProvider
[2026-05-23 15:16:45] preparing inputs
[2026-05-23 15:16:46] inputs ready
[2026-05-23 15:16:46] warmup start
[2026-05-23 15:16:46] warmup done
[2026-05-23 15:16:46] benchmark iterations start
[2026-05-23 15:16:46] iteration 25/100 elapsed_s=0.4
[2026-05-23 15:16:47] iteration 50/100 elapsed_s=0.8
[2026-05-23 15:16:47] iteration 75/100 elapsed_s=1.2
[2026-05-23 15:16:48] iteration 100/100 elapsed_s=1.6
[2026-05-23 15:16:48] benchmark iterations done
[2026-05-23 15:16:48] mode complete mode=baseline mean_ms=15.926 std_ms=2.615 p95_ms=17.722
[2026-05-23 15:16:48] start mode=optimized model=GIN_fp32.onnx device=CPU warmup=5 iters=100
[2026-05-23 15:16:48] creating session
[2026-05-23 15:16:48] session ready providers=OpenVINOExecutionProvider | CPUExecutionProvider
[2026-05-23 15:16:48] preparing inputs
[2026-05-23 15:16:49] inputs ready
[2026-05-23 15:16:49] warmup start
[2026-05-23 15:16:49] warmup done
[2026-05-23 15:16:49] benchmark iterations start
[2026-05-23 15:16:49] iteration 25/100 elapsed_s=0.4
[2026-05-23 15:16:49] iteration 50/100 elapsed_s=0.8
[2026-05-23 15:16:50] iteration 75/100 elapsed_s=1.2
[2026-05-23 15:16:50] iteration 100/100 elapsed_s=1.6
[2026-05-23 15:16:50] benchmark iterations done
[2026-05-23 15:16:50] mode complete mode=optimized mean_ms=15.726 std_ms=2.256 p95_ms=16.965
