[2026-05-23 14:54:13] start mode=baseline model=GCN_int8.onnx device=NPU warmup=5 iters=100
[2026-05-23 14:54:13] creating session
[2026-05-23 14:54:13] session ready providers=OpenVINOExecutionProvider | CPUExecutionProvider
[2026-05-23 14:54:13] preparing inputs
[2026-05-23 14:54:13] inputs ready
[2026-05-23 14:54:13] warmup start
[2026-05-23 14:54:14] warmup done
[2026-05-23 14:54:14] benchmark iterations start
[2026-05-23 14:54:14] iteration 25/100 elapsed_s=0.4
[2026-05-23 14:54:14] iteration 50/100 elapsed_s=0.8
[2026-05-23 14:54:15] iteration 75/100 elapsed_s=1.2
[2026-05-23 14:54:15] iteration 100/100 elapsed_s=1.7
[2026-05-23 14:54:15] benchmark iterations done
[2026-05-23 14:54:15] mode complete mode=baseline mean_ms=16.678 std_ms=1.284 p95_ms=19.309
[2026-05-23 14:54:16] start mode=optimized model=GCN_int8.onnx device=NPU warmup=5 iters=100
[2026-05-23 14:54:16] creating session
[2026-05-23 14:54:16] session ready providers=OpenVINOExecutionProvider | CPUExecutionProvider
[2026-05-23 14:54:16] preparing inputs
[2026-05-23 14:54:16] inputs ready
[2026-05-23 14:54:16] warmup start
[2026-05-23 14:54:16] warmup done
[2026-05-23 14:54:16] benchmark iterations start
[2026-05-23 14:54:17] iteration 25/100 elapsed_s=0.4
[2026-05-23 14:54:17] iteration 50/100 elapsed_s=0.8
[2026-05-23 14:54:17] iteration 75/100 elapsed_s=1.1
[2026-05-23 14:54:18] iteration 100/100 elapsed_s=1.5
[2026-05-23 14:54:18] benchmark iterations done
[2026-05-23 14:54:18] mode complete mode=optimized mean_ms=15.166 std_ms=2.379 p95_ms=17.858
[2026-05-23 14:57:49] start mode=baseline model=GCN_int8.onnx device=CPU warmup=5 iters=100
[2026-05-23 14:57:49] creating session
[2026-05-23 14:57:49] session ready providers=OpenVINOExecutionProvider | CPUExecutionProvider
[2026-05-23 14:57:49] preparing inputs
[2026-05-23 14:57:50] inputs ready
[2026-05-23 14:57:50] warmup start
[2026-05-23 14:57:50] warmup done
[2026-05-23 14:57:50] benchmark iterations start
[2026-05-23 14:57:50] iteration 25/100 elapsed_s=0.4
[2026-05-23 14:57:51] iteration 50/100 elapsed_s=0.7
[2026-05-23 14:57:51] iteration 75/100 elapsed_s=1.1
[2026-05-23 14:57:51] iteration 100/100 elapsed_s=1.5
[2026-05-23 14:57:51] benchmark iterations done
[2026-05-23 14:57:51] mode complete mode=baseline mean_ms=14.731 std_ms=1.211 p95_ms=17.058
[2026-05-23 14:57:52] start mode=optimized model=GCN_int8.onnx device=CPU warmup=5 iters=100
[2026-05-23 14:57:52] creating session
[2026-05-23 14:57:52] session ready providers=OpenVINOExecutionProvider | CPUExecutionProvider
[2026-05-23 14:57:52] preparing inputs
[2026-05-23 14:57:52] inputs ready
[2026-05-23 14:57:52] warmup start
[2026-05-23 14:57:52] warmup done
[2026-05-23 14:57:52] benchmark iterations start
[2026-05-23 14:57:53] iteration 25/100 elapsed_s=0.4
[2026-05-23 14:57:53] iteration 50/100 elapsed_s=0.8
[2026-05-23 14:57:54] iteration 75/100 elapsed_s=1.1
[2026-05-23 14:57:54] iteration 100/100 elapsed_s=1.5
[2026-05-23 14:57:54] benchmark iterations done
[2026-05-23 14:57:54] mode complete mode=optimized mean_ms=14.939 std_ms=1.209 p95_ms=16.883
