[2026-05-23 12:19:44] start mode=baseline model=resnet50_int8.onnx device=NPU warmup=5 iters=100
[2026-05-23 12:19:44] creating session
[2026-05-23 12:19:44] session ready providers=OpenVINOExecutionProvider | CPUExecutionProvider
[2026-05-23 12:19:44] preparing inputs
[2026-05-23 12:19:44] inputs ready
[2026-05-23 12:19:44] warmup start
[2026-05-23 12:19:49] warmup done
[2026-05-23 12:19:49] benchmark iterations start
[2026-05-23 12:19:50] iteration 25/100 elapsed_s=0.2
[2026-05-23 12:19:50] iteration 50/100 elapsed_s=0.3
[2026-05-23 12:19:50] iteration 75/100 elapsed_s=0.4
[2026-05-23 12:19:50] iteration 100/100 elapsed_s=0.5
[2026-05-23 12:19:50] benchmark iterations done
[2026-05-23 12:19:50] mode complete mode=baseline mean_ms=4.846 std_ms=1.146 p95_ms=8.143
[2026-05-23 12:19:50] start mode=optimized model=resnet50_int8.onnx device=NPU warmup=5 iters=100
[2026-05-23 12:19:50] creating session
[2026-05-23 12:19:50] session ready providers=OpenVINOExecutionProvider | CPUExecutionProvider
[2026-05-23 12:19:50] preparing inputs
[2026-05-23 12:19:50] inputs ready
[2026-05-23 12:19:50] warmup start
[2026-05-23 12:19:56] warmup done
[2026-05-23 12:19:56] benchmark iterations start
[2026-05-23 12:19:56] iteration 25/100 elapsed_s=0.2
[2026-05-23 12:19:56] iteration 50/100 elapsed_s=0.3
[2026-05-23 12:19:56] iteration 75/100 elapsed_s=0.4
[2026-05-23 12:19:56] iteration 100/100 elapsed_s=0.5
[2026-05-23 12:19:56] benchmark iterations done
[2026-05-23 12:19:56] mode complete mode=optimized mean_ms=5.092 std_ms=1.325 p95_ms=8.747
[2026-05-23 12:20:54] start mode=baseline model=resnet50_int8.onnx device=NPU warmup=5 iters=100
[2026-05-23 12:20:54] creating session
[2026-05-23 12:20:54] session ready providers=OpenVINOExecutionProvider | CPUExecutionProvider
[2026-05-23 12:20:54] preparing inputs
[2026-05-23 12:20:54] inputs ready
[2026-05-23 12:20:54] warmup start
[2026-05-23 12:21:00] warmup done
[2026-05-23 12:21:00] benchmark iterations start
[2026-05-23 12:21:00] iteration 25/100 elapsed_s=0.2
[2026-05-23 12:21:00] iteration 50/100 elapsed_s=0.3
[2026-05-23 12:21:00] iteration 75/100 elapsed_s=0.4
[2026-05-23 12:21:00] iteration 100/100 elapsed_s=0.5
[2026-05-23 12:21:00] benchmark iterations done
[2026-05-23 12:21:00] mode complete mode=baseline mean_ms=4.990 std_ms=1.193 p95_ms=8.633
[2026-05-23 12:21:00] start mode=optimized model=resnet50_int8.onnx device=NPU warmup=5 iters=100
[2026-05-23 12:21:00] creating session
[2026-05-23 12:21:01] session ready providers=OpenVINOExecutionProvider | CPUExecutionProvider
[2026-05-23 12:21:01] preparing inputs
[2026-05-23 12:21:01] inputs ready
[2026-05-23 12:21:01] warmup start
[2026-05-23 12:21:06] warmup done
[2026-05-23 12:21:06] benchmark iterations start
[2026-05-23 12:21:06] iteration 25/100 elapsed_s=0.2
[2026-05-23 12:21:06] iteration 50/100 elapsed_s=0.3
[2026-05-23 12:21:06] iteration 75/100 elapsed_s=0.4
[2026-05-23 12:21:07] iteration 100/100 elapsed_s=0.5
[2026-05-23 12:21:07] benchmark iterations done
[2026-05-23 12:21:07] mode complete mode=optimized mean_ms=4.997 std_ms=1.242 p95_ms=8.751
[2026-05-23 12:22:05] start mode=baseline model=resnet50_int8.onnx device=NPU warmup=5 iters=100
[2026-05-23 12:22:05] creating session
[2026-05-23 12:22:05] session ready providers=OpenVINOExecutionProvider | CPUExecutionProvider
[2026-05-23 12:22:05] preparing inputs
[2026-05-23 12:22:05] inputs ready
[2026-05-23 12:22:05] warmup start
[2026-05-23 12:22:11] warmup done
[2026-05-23 12:22:11] benchmark iterations start
[2026-05-23 12:22:11] iteration 25/100 elapsed_s=0.2
[2026-05-23 12:22:11] iteration 50/100 elapsed_s=0.3
[2026-05-23 12:22:11] iteration 75/100 elapsed_s=0.4
[2026-05-23 12:22:11] iteration 100/100 elapsed_s=0.5
[2026-05-23 12:22:11] benchmark iterations done
[2026-05-23 12:22:11] mode complete mode=baseline mean_ms=5.014 std_ms=1.223 p95_ms=8.686
[2026-05-23 12:22:11] start mode=optimized model=resnet50_int8.onnx device=NPU warmup=5 iters=100
[2026-05-23 12:22:11] creating session
[2026-05-23 12:22:11] session ready providers=OpenVINOExecutionProvider | CPUExecutionProvider
[2026-05-23 12:22:11] preparing inputs
[2026-05-23 12:22:11] inputs ready
[2026-05-23 12:22:11] warmup start
[2026-05-23 12:22:17] warmup done
[2026-05-23 12:22:17] benchmark iterations start
[2026-05-23 12:22:17] iteration 25/100 elapsed_s=0.2
[2026-05-23 12:22:17] iteration 50/100 elapsed_s=0.3
[2026-05-23 12:22:17] iteration 75/100 elapsed_s=0.4
[2026-05-23 12:22:17] iteration 100/100 elapsed_s=0.5
[2026-05-23 12:22:17] benchmark iterations done
[2026-05-23 12:22:17] mode complete mode=optimized mean_ms=5.025 std_ms=1.226 p95_ms=8.254
[2026-05-23 12:23:10] start mode=baseline model=resnet50_int8.onnx device=GPU warmup=5 iters=100
[2026-05-23 12:23:10] creating session
[2026-05-23 12:23:12] session ready providers=OpenVINOExecutionProvider | CPUExecutionProvider
[2026-05-23 12:23:12] preparing inputs
[2026-05-23 12:23:12] inputs ready
[2026-05-23 12:23:12] warmup start
[2026-05-23 12:23:13] warmup done
[2026-05-23 12:23:13] benchmark iterations start
[2026-05-23 12:23:13] iteration 25/100 elapsed_s=0.1
[2026-05-23 12:23:13] iteration 50/100 elapsed_s=0.3
[2026-05-23 12:23:14] iteration 75/100 elapsed_s=0.4
[2026-05-23 12:23:14] iteration 100/100 elapsed_s=0.6
[2026-05-23 12:23:14] benchmark iterations done
[2026-05-23 12:23:14] mode complete mode=baseline mean_ms=5.782 std_ms=0.609 p95_ms=6.810
[2026-05-23 12:23:14] start mode=optimized model=resnet50_int8.onnx device=GPU warmup=5 iters=100
[2026-05-23 12:23:14] creating session
[2026-05-23 12:23:17] session ready providers=OpenVINOExecutionProvider | CPUExecutionProvider
[2026-05-23 12:23:17] preparing inputs
[2026-05-23 12:23:17] inputs ready
[2026-05-23 12:23:17] warmup start
[2026-05-23 12:23:17] warmup done
[2026-05-23 12:23:17] benchmark iterations start
[2026-05-23 12:23:17] iteration 25/100 elapsed_s=0.2
[2026-05-23 12:23:17] iteration 50/100 elapsed_s=0.3
[2026-05-23 12:23:17] iteration 75/100 elapsed_s=0.4
[2026-05-23 12:23:18] iteration 100/100 elapsed_s=0.6
[2026-05-23 12:23:18] benchmark iterations done
[2026-05-23 12:23:18] mode complete mode=optimized mean_ms=5.852 std_ms=0.625 p95_ms=7.011
[2026-05-23 12:24:01] start mode=baseline model=resnet50_int8.onnx device=GPU warmup=5 iters=100
[2026-05-23 12:24:01] creating session
[2026-05-23 12:24:03] session ready providers=OpenVINOExecutionProvider | CPUExecutionProvider
[2026-05-23 12:24:03] preparing inputs
[2026-05-23 12:24:03] inputs ready
[2026-05-23 12:24:03] warmup start
[2026-05-23 12:24:04] warmup done
[2026-05-23 12:24:04] benchmark iterations start
[2026-05-23 12:24:04] iteration 25/100 elapsed_s=0.1
[2026-05-23 12:24:04] iteration 50/100 elapsed_s=0.3
[2026-05-23 12:24:04] iteration 75/100 elapsed_s=0.5
[2026-05-23 12:24:04] iteration 100/100 elapsed_s=0.6
[2026-05-23 12:24:04] benchmark iterations done
[2026-05-23 12:24:04] mode complete mode=baseline mean_ms=6.017 std_ms=0.943 p95_ms=7.938
[2026-05-23 12:24:04] start mode=optimized model=resnet50_int8.onnx device=GPU warmup=5 iters=100
[2026-05-23 12:24:04] creating session
[2026-05-23 12:24:07] session ready providers=OpenVINOExecutionProvider | CPUExecutionProvider
[2026-05-23 12:24:07] preparing inputs
[2026-05-23 12:24:07] inputs ready
[2026-05-23 12:24:07] warmup start
[2026-05-23 12:24:07] warmup done
[2026-05-23 12:24:07] benchmark iterations start
[2026-05-23 12:24:08] iteration 25/100 elapsed_s=0.1
[2026-05-23 12:24:08] iteration 50/100 elapsed_s=0.3
[2026-05-23 12:24:08] iteration 75/100 elapsed_s=0.4
[2026-05-23 12:24:08] iteration 100/100 elapsed_s=0.6
[2026-05-23 12:24:08] benchmark iterations done
[2026-05-23 12:24:08] mode complete mode=optimized mean_ms=5.785 std_ms=0.596 p95_ms=7.070
[2026-05-23 12:24:51] start mode=baseline model=resnet50_int8.onnx device=GPU warmup=5 iters=100
[2026-05-23 12:24:51] creating session
[2026-05-23 12:24:54] session ready providers=OpenVINOExecutionProvider | CPUExecutionProvider
[2026-05-23 12:24:54] preparing inputs
[2026-05-23 12:24:54] inputs ready
[2026-05-23 12:24:54] warmup start
[2026-05-23 12:24:54] warmup done
[2026-05-23 12:24:54] benchmark iterations start
[2026-05-23 12:24:54] iteration 25/100 elapsed_s=0.1
[2026-05-23 12:24:54] iteration 50/100 elapsed_s=0.3
[2026-05-23 12:24:54] iteration 75/100 elapsed_s=0.4
[2026-05-23 12:24:55] iteration 100/100 elapsed_s=0.6
[2026-05-23 12:24:55] benchmark iterations done
[2026-05-23 12:24:55] mode complete mode=baseline mean_ms=5.723 std_ms=0.555 p95_ms=6.705
[2026-05-23 12:24:55] start mode=optimized model=resnet50_int8.onnx device=GPU warmup=5 iters=100
[2026-05-23 12:24:55] creating session
[2026-05-23 12:24:58] session ready providers=OpenVINOExecutionProvider | CPUExecutionProvider
[2026-05-23 12:24:58] preparing inputs
[2026-05-23 12:24:58] inputs ready
[2026-05-23 12:24:58] warmup start
[2026-05-23 12:24:58] warmup done
[2026-05-23 12:24:58] benchmark iterations start
[2026-05-23 12:24:58] iteration 25/100 elapsed_s=0.1
[2026-05-23 12:24:58] iteration 50/100 elapsed_s=0.3
[2026-05-23 12:24:58] iteration 75/100 elapsed_s=0.4
[2026-05-23 12:24:58] iteration 100/100 elapsed_s=0.6
[2026-05-23 12:24:58] benchmark iterations done
[2026-05-23 12:24:59] mode complete mode=optimized mean_ms=5.719 std_ms=0.503 p95_ms=6.771
[2026-05-23 12:25:46] start mode=baseline model=resnet50_int8.onnx device=CPU warmup=5 iters=100
[2026-05-23 12:25:46] creating session
[2026-05-23 12:25:47] session ready providers=OpenVINOExecutionProvider | CPUExecutionProvider
[2026-05-23 12:25:47] preparing inputs
[2026-05-23 12:25:47] inputs ready
[2026-05-23 12:25:47] warmup start
[2026-05-23 12:25:48] warmup done
[2026-05-23 12:25:48] benchmark iterations start
[2026-05-23 12:25:48] iteration 25/100 elapsed_s=0.5
[2026-05-23 12:25:49] iteration 50/100 elapsed_s=1.0
[2026-05-23 12:25:49] iteration 75/100 elapsed_s=1.5
[2026-05-23 12:25:50] iteration 100/100 elapsed_s=2.0
[2026-05-23 12:25:50] benchmark iterations done
[2026-05-23 12:25:50] mode complete mode=baseline mean_ms=19.460 std_ms=2.216 p95_ms=23.847
[2026-05-23 12:25:50] start mode=optimized model=resnet50_int8.onnx device=CPU warmup=5 iters=100
[2026-05-23 12:25:50] creating session
[2026-05-23 12:25:51] session ready providers=OpenVINOExecutionProvider | CPUExecutionProvider
[2026-05-23 12:25:51] preparing inputs
[2026-05-23 12:25:51] inputs ready
[2026-05-23 12:25:51] warmup start
[2026-05-23 12:25:51] warmup done
[2026-05-23 12:25:51] benchmark iterations start
[2026-05-23 12:25:52] iteration 25/100 elapsed_s=0.5
[2026-05-23 12:25:52] iteration 50/100 elapsed_s=0.9
[2026-05-23 12:25:53] iteration 75/100 elapsed_s=1.4
[2026-05-23 12:25:53] iteration 100/100 elapsed_s=1.9
[2026-05-23 12:25:53] benchmark iterations done
[2026-05-23 12:25:53] mode complete mode=optimized mean_ms=18.791 std_ms=1.437 p95_ms=21.288
[2026-05-23 12:26:40] start mode=baseline model=resnet50_int8.onnx device=CPU warmup=5 iters=100
[2026-05-23 12:26:40] creating session
[2026-05-23 12:26:41] session ready providers=OpenVINOExecutionProvider | CPUExecutionProvider
[2026-05-23 12:26:41] preparing inputs
[2026-05-23 12:26:41] inputs ready
[2026-05-23 12:26:41] warmup start
[2026-05-23 12:26:41] warmup done
[2026-05-23 12:26:41] benchmark iterations start
[2026-05-23 12:26:42] iteration 25/100 elapsed_s=0.5
[2026-05-23 12:26:42] iteration 50/100 elapsed_s=1.0
[2026-05-23 12:26:43] iteration 75/100 elapsed_s=1.4
[2026-05-23 12:26:43] iteration 100/100 elapsed_s=1.9
[2026-05-23 12:26:43] benchmark iterations done
[2026-05-23 12:26:43] mode complete mode=baseline mean_ms=19.112 std_ms=1.467 p95_ms=22.143
[2026-05-23 12:26:43] start mode=optimized model=resnet50_int8.onnx device=CPU warmup=5 iters=100
[2026-05-23 12:26:43] creating session
[2026-05-23 12:26:44] session ready providers=OpenVINOExecutionProvider | CPUExecutionProvider
[2026-05-23 12:26:44] preparing inputs
[2026-05-23 12:26:44] inputs ready
[2026-05-23 12:26:44] warmup start
[2026-05-23 12:26:45] warmup done
[2026-05-23 12:26:45] benchmark iterations start
[2026-05-23 12:26:45] iteration 25/100 elapsed_s=0.4
[2026-05-23 12:26:45] iteration 50/100 elapsed_s=0.9
[2026-05-23 12:26:46] iteration 75/100 elapsed_s=1.3
[2026-05-23 12:26:46] iteration 100/100 elapsed_s=1.8
[2026-05-23 12:26:46] benchmark iterations done
[2026-05-23 12:26:46] mode complete mode=optimized mean_ms=18.053 std_ms=1.232 p95_ms=20.119
[2026-05-23 12:27:33] start mode=baseline model=resnet50_int8.onnx device=CPU warmup=5 iters=100
[2026-05-23 12:27:33] creating session
[2026-05-23 12:27:34] session ready providers=OpenVINOExecutionProvider | CPUExecutionProvider
[2026-05-23 12:27:34] preparing inputs
[2026-05-23 12:27:34] inputs ready
[2026-05-23 12:27:34] warmup start
[2026-05-23 12:27:35] warmup done
[2026-05-23 12:27:35] benchmark iterations start
[2026-05-23 12:27:35] iteration 25/100 elapsed_s=0.4
[2026-05-23 12:27:36] iteration 50/100 elapsed_s=0.9
[2026-05-23 12:27:36] iteration 75/100 elapsed_s=1.4
[2026-05-23 12:27:36] iteration 100/100 elapsed_s=1.8
[2026-05-23 12:27:36] benchmark iterations done
[2026-05-23 12:27:36] mode complete mode=baseline mean_ms=17.830 std_ms=1.331 p95_ms=19.993
[2026-05-23 12:27:37] start mode=optimized model=resnet50_int8.onnx device=CPU warmup=5 iters=100
[2026-05-23 12:27:37] creating session
[2026-05-23 12:27:38] session ready providers=OpenVINOExecutionProvider | CPUExecutionProvider
[2026-05-23 12:27:38] preparing inputs
[2026-05-23 12:27:38] inputs ready
[2026-05-23 12:27:38] warmup start
[2026-05-23 12:27:38] warmup done
[2026-05-23 12:27:38] benchmark iterations start
[2026-05-23 12:27:38] iteration 25/100 elapsed_s=0.4
[2026-05-23 12:27:39] iteration 50/100 elapsed_s=0.9
[2026-05-23 12:27:39] iteration 75/100 elapsed_s=1.4
[2026-05-23 12:27:40] iteration 100/100 elapsed_s=1.9
[2026-05-23 12:27:40] benchmark iterations done
[2026-05-23 12:27:40] mode complete mode=optimized mean_ms=19.229 std_ms=3.520 p95_ms=25.784
