[2026-05-23 15:57:56] start mode=baseline model=GraphTransformer_fp32.onnx device=NPU warmup=5 iters=100
[2026-05-23 15:57:56] creating session
[2026-05-23 15:57:57] session ready providers=OpenVINOExecutionProvider | CPUExecutionProvider
[2026-05-23 15:57:57] preparing inputs
[2026-05-23 15:57:57] inputs ready
[2026-05-23 15:57:57] warmup start
[2026-05-23 15:57:57] warmup done
[2026-05-23 15:57:57] benchmark iterations start
[2026-05-23 15:57:58] iteration 25/100 elapsed_s=0.8
[2026-05-23 15:57:59] iteration 50/100 elapsed_s=1.6
[2026-05-23 15:58:00] iteration 75/100 elapsed_s=2.4
[2026-05-23 15:58:01] iteration 100/100 elapsed_s=3.1
[2026-05-23 15:58:01] benchmark iterations done
[2026-05-23 15:58:01] mode complete mode=baseline mean_ms=31.119 std_ms=1.838 p95_ms=34.087
[2026-05-23 15:58:01] start mode=optimized model=GraphTransformer_fp32.onnx device=NPU warmup=5 iters=100
[2026-05-23 15:58:01] creating session
[2026-05-23 15:58:01] session ready providers=OpenVINOExecutionProvider | CPUExecutionProvider
[2026-05-23 15:58:01] preparing inputs
[2026-05-23 15:58:02] inputs ready
[2026-05-23 15:58:02] warmup start
[2026-05-23 15:58:02] warmup done
[2026-05-23 15:58:02] benchmark iterations start
[2026-05-23 15:58:03] iteration 25/100 elapsed_s=0.8
[2026-05-23 15:58:03] iteration 50/100 elapsed_s=1.6
[2026-05-23 15:58:04] iteration 75/100 elapsed_s=2.3
[2026-05-23 15:58:05] iteration 100/100 elapsed_s=3.0
[2026-05-23 15:58:05] benchmark iterations done
[2026-05-23 15:58:05] mode complete mode=optimized mean_ms=30.136 std_ms=2.867 p95_ms=34.552
[2026-05-23 16:00:18] start mode=baseline model=GraphTransformer_fp32.onnx device=GPU warmup=5 iters=100
[2026-05-23 16:00:18] creating session
[2026-05-23 16:00:19] session ready providers=OpenVINOExecutionProvider | CPUExecutionProvider
[2026-05-23 16:00:19] preparing inputs
[2026-05-23 16:00:19] inputs ready
[2026-05-23 16:00:19] warmup start
[2026-05-23 16:00:19] warmup done
[2026-05-23 16:00:19] benchmark iterations start
[2026-05-23 16:00:20] iteration 25/100 elapsed_s=0.3
[2026-05-23 16:00:20] iteration 50/100 elapsed_s=0.7
[2026-05-23 16:00:20] iteration 75/100 elapsed_s=1.0
[2026-05-23 16:00:21] iteration 100/100 elapsed_s=1.3
[2026-05-23 16:00:21] benchmark iterations done
[2026-05-23 16:00:21] mode complete mode=baseline mean_ms=13.237 std_ms=0.982 p95_ms=14.811
[2026-05-23 16:00:21] start mode=optimized model=GraphTransformer_fp32.onnx device=GPU warmup=5 iters=100
[2026-05-23 16:00:21] creating session
[2026-05-23 16:00:22] session ready providers=OpenVINOExecutionProvider | CPUExecutionProvider
[2026-05-23 16:00:22] preparing inputs
[2026-05-23 16:00:22] inputs ready
[2026-05-23 16:00:22] warmup start
[2026-05-23 16:00:23] warmup done
[2026-05-23 16:00:23] benchmark iterations start
[2026-05-23 16:00:23] iteration 25/100 elapsed_s=0.3
[2026-05-23 16:00:23] iteration 50/100 elapsed_s=0.7
[2026-05-23 16:00:24] iteration 75/100 elapsed_s=1.0
[2026-05-23 16:00:24] iteration 100/100 elapsed_s=1.3
[2026-05-23 16:00:24] benchmark iterations done
[2026-05-23 16:00:24] mode complete mode=optimized mean_ms=13.225 std_ms=1.067 p95_ms=14.971
[2026-05-23 16:02:22] start mode=baseline model=GraphTransformer_fp32.onnx device=CPU warmup=5 iters=100
[2026-05-23 16:02:22] creating session
[2026-05-23 16:02:23] session ready providers=OpenVINOExecutionProvider | CPUExecutionProvider
[2026-05-23 16:02:23] preparing inputs
[2026-05-23 16:02:23] inputs ready
[2026-05-23 16:02:23] warmup start
[2026-05-23 16:02:23] warmup done
[2026-05-23 16:02:23] benchmark iterations start
[2026-05-23 16:02:24] iteration 25/100 elapsed_s=0.8
[2026-05-23 16:02:25] iteration 50/100 elapsed_s=1.6
[2026-05-23 16:02:26] iteration 75/100 elapsed_s=2.4
[2026-05-23 16:02:26] iteration 100/100 elapsed_s=3.1
[2026-05-23 16:02:26] benchmark iterations done
[2026-05-23 16:02:26] mode complete mode=baseline mean_ms=31.233 std_ms=2.332 p95_ms=36.209
[2026-05-23 16:02:27] start mode=optimized model=GraphTransformer_fp32.onnx device=CPU warmup=5 iters=100
[2026-05-23 16:02:27] creating session
[2026-05-23 16:02:27] session ready providers=OpenVINOExecutionProvider | CPUExecutionProvider
[2026-05-23 16:02:27] preparing inputs
[2026-05-23 16:02:27] inputs ready
[2026-05-23 16:02:27] warmup start
[2026-05-23 16:02:28] warmup done
[2026-05-23 16:02:28] benchmark iterations start
[2026-05-23 16:02:28] iteration 25/100 elapsed_s=0.8
[2026-05-23 16:02:29] iteration 50/100 elapsed_s=1.6
[2026-05-23 16:02:30] iteration 75/100 elapsed_s=2.4
[2026-05-23 16:02:31] iteration 100/100 elapsed_s=3.1
[2026-05-23 16:02:31] benchmark iterations done
[2026-05-23 16:02:31] mode complete mode=optimized mean_ms=31.087 std_ms=1.866 p95_ms=34.253
