[2026-05-23 10:40:39] start mode=baseline model=GCN_int8.onnx device=NPU warmup=5 iters=100
[2026-05-23 10:40:39] creating session
[2026-05-23 10:40:39] session ready providers=OpenVINOExecutionProvider | CPUExecutionProvider
[2026-05-23 10:40:40] preparing inputs
[2026-05-23 10:40:40] inputs ready
[2026-05-23 10:40:40] warmup start
[2026-05-23 10:40:40] warmup done
[2026-05-23 10:40:40] benchmark iterations start
[2026-05-23 10:40:40] iteration 25/100 elapsed_s=0.2
[2026-05-23 10:40:40] iteration 50/100 elapsed_s=0.4
[2026-05-23 10:40:41] iteration 75/100 elapsed_s=0.6
[2026-05-23 10:40:41] iteration 100/100 elapsed_s=0.7
[2026-05-23 10:40:41] benchmark iterations done
[2026-05-23 10:40:41] mode complete mode=baseline mean_ms=7.350 std_ms=1.172 p95_ms=10.255
[2026-05-23 10:40:41] start mode=optimized model=GCN_int8.onnx device=NPU warmup=5 iters=100
[2026-05-23 10:40:41] creating session
[2026-05-23 10:40:41] session ready providers=OpenVINOExecutionProvider | CPUExecutionProvider
[2026-05-23 10:40:41] preparing inputs
[2026-05-23 10:40:42] inputs ready
[2026-05-23 10:40:42] warmup start
[2026-05-23 10:40:42] warmup done
[2026-05-23 10:40:42] benchmark iterations start
[2026-05-23 10:40:42] iteration 25/100 elapsed_s=0.2
[2026-05-23 10:40:42] iteration 50/100 elapsed_s=0.4
[2026-05-23 10:40:42] iteration 75/100 elapsed_s=0.6
[2026-05-23 10:40:42] iteration 100/100 elapsed_s=0.7
[2026-05-23 10:40:42] benchmark iterations done
[2026-05-23 10:40:42] mode complete mode=optimized mean_ms=7.366 std_ms=1.161 p95_ms=10.126
[2026-05-23 10:41:25] start mode=baseline model=GCN_int8.onnx device=NPU warmup=5 iters=100
[2026-05-23 10:41:25] creating session
[2026-05-23 10:41:25] session ready providers=OpenVINOExecutionProvider | CPUExecutionProvider
[2026-05-23 10:41:25] preparing inputs
[2026-05-23 10:41:27] inputs ready
[2026-05-23 10:41:27] warmup start
[2026-05-23 10:41:27] warmup done
[2026-05-23 10:41:27] benchmark iterations start
[2026-05-23 10:41:27] iteration 25/100 elapsed_s=0.2
[2026-05-23 10:41:27] iteration 50/100 elapsed_s=0.4
[2026-05-23 10:41:28] iteration 75/100 elapsed_s=0.6
[2026-05-23 10:41:28] iteration 100/100 elapsed_s=0.8
[2026-05-23 10:41:28] benchmark iterations done
[2026-05-23 10:41:28] mode complete mode=baseline mean_ms=8.325 std_ms=2.563 p95_ms=12.014
[2026-05-23 10:41:28] start mode=optimized model=GCN_int8.onnx device=NPU warmup=5 iters=100
[2026-05-23 10:41:28] creating session
[2026-05-23 10:41:29] session ready providers=OpenVINOExecutionProvider | CPUExecutionProvider
[2026-05-23 10:41:29] preparing inputs
[2026-05-23 10:41:31] inputs ready
[2026-05-23 10:41:31] warmup start
[2026-05-23 10:41:31] warmup done
[2026-05-23 10:41:31] benchmark iterations start
[2026-05-23 10:41:31] iteration 25/100 elapsed_s=0.2
[2026-05-23 10:41:31] iteration 50/100 elapsed_s=0.4
[2026-05-23 10:41:31] iteration 75/100 elapsed_s=0.6
[2026-05-23 10:41:31] iteration 100/100 elapsed_s=0.8
[2026-05-23 10:41:31] benchmark iterations done
[2026-05-23 10:41:31] mode complete mode=optimized mean_ms=7.936 std_ms=1.539 p95_ms=9.494
[2026-05-23 10:42:18] start mode=baseline model=GCN_int8.onnx device=NPU warmup=5 iters=100
[2026-05-23 10:42:18] creating session
[2026-05-23 10:42:18] session ready providers=OpenVINOExecutionProvider | CPUExecutionProvider
[2026-05-23 10:42:18] preparing inputs
[2026-05-23 10:42:21] inputs ready
[2026-05-23 10:42:21] warmup start
[2026-05-23 10:42:21] warmup done
[2026-05-23 10:42:21] benchmark iterations start
[2026-05-23 10:42:21] iteration 25/100 elapsed_s=0.2
[2026-05-23 10:42:21] iteration 50/100 elapsed_s=0.4
[2026-05-23 10:42:21] iteration 75/100 elapsed_s=0.6
[2026-05-23 10:42:22] iteration 100/100 elapsed_s=0.8
[2026-05-23 10:42:22] benchmark iterations done
[2026-05-23 10:42:22] mode complete mode=baseline mean_ms=7.711 std_ms=1.566 p95_ms=11.259
[2026-05-23 10:42:22] start mode=optimized model=GCN_int8.onnx device=NPU warmup=5 iters=100
[2026-05-23 10:42:22] creating session
[2026-05-23 10:42:22] session ready providers=OpenVINOExecutionProvider | CPUExecutionProvider
[2026-05-23 10:42:22] preparing inputs
[2026-05-23 10:42:25] inputs ready
[2026-05-23 10:42:25] warmup start
[2026-05-23 10:42:25] warmup done
[2026-05-23 10:42:25] benchmark iterations start
[2026-05-23 10:42:25] iteration 25/100 elapsed_s=0.2
[2026-05-23 10:42:25] iteration 50/100 elapsed_s=0.4
[2026-05-23 10:42:25] iteration 75/100 elapsed_s=0.6
[2026-05-23 10:42:25] iteration 100/100 elapsed_s=0.7
[2026-05-23 10:42:25] benchmark iterations done
[2026-05-23 10:42:25] mode complete mode=optimized mean_ms=7.364 std_ms=1.212 p95_ms=9.861
[2026-05-23 10:46:57] start mode=baseline model=GCN_int8.onnx device=CPU warmup=5 iters=100
[2026-05-23 10:46:57] creating session
[2026-05-23 10:46:57] session ready providers=OpenVINOExecutionProvider | CPUExecutionProvider
[2026-05-23 10:46:57] preparing inputs
[2026-05-23 10:46:58] inputs ready
[2026-05-23 10:46:58] warmup start
[2026-05-23 10:46:58] warmup done
[2026-05-23 10:46:58] benchmark iterations start
[2026-05-23 10:46:58] iteration 25/100 elapsed_s=0.3
[2026-05-23 10:46:58] iteration 50/100 elapsed_s=0.5
[2026-05-23 10:46:59] iteration 75/100 elapsed_s=0.7
[2026-05-23 10:46:59] iteration 100/100 elapsed_s=0.8
[2026-05-23 10:46:59] benchmark iterations done
[2026-05-23 10:46:59] mode complete mode=baseline mean_ms=8.447 std_ms=2.480 p95_ms=12.663
[2026-05-23 10:46:59] start mode=optimized model=GCN_int8.onnx device=CPU warmup=5 iters=100
[2026-05-23 10:46:59] creating session
[2026-05-23 10:46:59] session ready providers=OpenVINOExecutionProvider | CPUExecutionProvider
[2026-05-23 10:46:59] preparing inputs
[2026-05-23 10:47:00] inputs ready
[2026-05-23 10:47:00] warmup start
[2026-05-23 10:47:00] warmup done
[2026-05-23 10:47:00] benchmark iterations start
[2026-05-23 10:47:00] iteration 25/100 elapsed_s=0.2
[2026-05-23 10:47:00] iteration 50/100 elapsed_s=0.4
[2026-05-23 10:47:00] iteration 75/100 elapsed_s=0.6
[2026-05-23 10:47:01] iteration 100/100 elapsed_s=0.8
[2026-05-23 10:47:01] benchmark iterations done
[2026-05-23 10:47:01] mode complete mode=optimized mean_ms=7.902 std_ms=1.639 p95_ms=12.251
[2026-05-23 10:47:20] start mode=baseline model=GCN_int8.onnx device=CPU warmup=5 iters=100
[2026-05-23 10:47:20] creating session
[2026-05-23 10:47:21] session ready providers=OpenVINOExecutionProvider | CPUExecutionProvider
[2026-05-23 10:47:21] preparing inputs
[2026-05-23 10:47:22] inputs ready
[2026-05-23 10:47:22] warmup start
[2026-05-23 10:47:23] warmup done
[2026-05-23 10:47:23] benchmark iterations start
[2026-05-23 10:47:23] iteration 25/100 elapsed_s=0.2
[2026-05-23 10:47:23] iteration 50/100 elapsed_s=0.4
[2026-05-23 10:47:23] iteration 75/100 elapsed_s=0.6
[2026-05-23 10:47:23] iteration 100/100 elapsed_s=0.8
[2026-05-23 10:47:23] benchmark iterations done
[2026-05-23 10:47:23] mode complete mode=baseline mean_ms=7.772 std_ms=1.269 p95_ms=10.309
[2026-05-23 10:47:24] start mode=optimized model=GCN_int8.onnx device=CPU warmup=5 iters=100
[2026-05-23 10:47:24] creating session
[2026-05-23 10:47:24] session ready providers=OpenVINOExecutionProvider | CPUExecutionProvider
[2026-05-23 10:47:24] preparing inputs
[2026-05-23 10:47:26] inputs ready
[2026-05-23 10:47:26] warmup start
[2026-05-23 10:47:26] warmup done
[2026-05-23 10:47:26] benchmark iterations start
[2026-05-23 10:47:26] iteration 25/100 elapsed_s=0.2
[2026-05-23 10:47:26] iteration 50/100 elapsed_s=0.4
[2026-05-23 10:47:26] iteration 75/100 elapsed_s=0.5
[2026-05-23 10:47:27] iteration 100/100 elapsed_s=0.7
[2026-05-23 10:47:27] benchmark iterations done
[2026-05-23 10:47:27] mode complete mode=optimized mean_ms=7.237 std_ms=0.736 p95_ms=8.658
[2026-05-23 10:47:49] start mode=baseline model=GCN_int8.onnx device=CPU warmup=5 iters=100
[2026-05-23 10:47:49] creating session
[2026-05-23 10:47:49] session ready providers=OpenVINOExecutionProvider | CPUExecutionProvider
[2026-05-23 10:47:49] preparing inputs
[2026-05-23 10:47:52] inputs ready
[2026-05-23 10:47:52] warmup start
[2026-05-23 10:47:52] warmup done
[2026-05-23 10:47:52] benchmark iterations start
[2026-05-23 10:47:52] iteration 25/100 elapsed_s=0.2
[2026-05-23 10:47:52] iteration 50/100 elapsed_s=0.4
[2026-05-23 10:47:52] iteration 75/100 elapsed_s=0.6
[2026-05-23 10:47:52] iteration 100/100 elapsed_s=0.8
[2026-05-23 10:47:52] benchmark iterations done
[2026-05-23 10:47:52] mode complete mode=baseline mean_ms=7.745 std_ms=1.564 p95_ms=11.149
[2026-05-23 10:47:53] start mode=optimized model=GCN_int8.onnx device=CPU warmup=5 iters=100
[2026-05-23 10:47:53] creating session
[2026-05-23 10:47:53] session ready providers=OpenVINOExecutionProvider | CPUExecutionProvider
[2026-05-23 10:47:53] preparing inputs
[2026-05-23 10:47:55] inputs ready
[2026-05-23 10:47:55] warmup start
[2026-05-23 10:47:56] warmup done
[2026-05-23 10:47:56] benchmark iterations start
[2026-05-23 10:47:56] iteration 25/100 elapsed_s=0.2
[2026-05-23 10:47:56] iteration 50/100 elapsed_s=0.4
[2026-05-23 10:47:56] iteration 75/100 elapsed_s=0.6
[2026-05-23 10:47:56] iteration 100/100 elapsed_s=0.8
[2026-05-23 10:47:56] benchmark iterations done
[2026-05-23 10:47:56] mode complete mode=optimized mean_ms=7.724 std_ms=1.484 p95_ms=11.373
