[2026-05-23 14:42:19] start mode=baseline model=GAT_fp32.onnx device=NPU warmup=5 iters=100
[2026-05-23 14:42:19] creating session
[2026-05-23 14:42:19] session ready providers=OpenVINOExecutionProvider | CPUExecutionProvider
[2026-05-23 14:42:19] preparing inputs
[2026-05-23 14:42:19] inputs ready
[2026-05-23 14:42:19] warmup start
[2026-05-23 14:42:20] warmup done
[2026-05-23 14:42:20] benchmark iterations start
[2026-05-23 14:42:20] iteration 25/100 elapsed_s=0.3
[2026-05-23 14:42:20] iteration 50/100 elapsed_s=0.6
[2026-05-23 14:42:20] iteration 75/100 elapsed_s=0.9
[2026-05-23 14:42:21] iteration 100/100 elapsed_s=1.1
[2026-05-23 14:42:21] benchmark iterations done
[2026-05-23 14:42:21] mode complete mode=baseline mean_ms=11.166 std_ms=1.428 p95_ms=13.830
[2026-05-23 14:42:21] start mode=optimized model=GAT_fp32.onnx device=NPU warmup=5 iters=100
[2026-05-23 14:42:21] creating session
[2026-05-23 14:42:21] session ready providers=OpenVINOExecutionProvider | CPUExecutionProvider
[2026-05-23 14:42:21] preparing inputs
[2026-05-23 14:42:22] inputs ready
[2026-05-23 14:42:22] warmup start
[2026-05-23 14:42:22] warmup done
[2026-05-23 14:42:22] benchmark iterations start
[2026-05-23 14:42:22] iteration 25/100 elapsed_s=0.3
[2026-05-23 14:42:22] iteration 50/100 elapsed_s=0.6
[2026-05-23 14:42:23] iteration 75/100 elapsed_s=0.9
[2026-05-23 14:42:23] iteration 100/100 elapsed_s=1.1
[2026-05-23 14:42:23] benchmark iterations done
[2026-05-23 14:42:23] mode complete mode=optimized mean_ms=11.243 std_ms=1.384 p95_ms=14.557
[2026-05-23 14:46:10] start mode=baseline model=GAT_fp32.onnx device=GPU warmup=5 iters=100
[2026-05-23 14:46:10] creating session
[2026-05-23 14:46:11] session ready providers=OpenVINOExecutionProvider | CPUExecutionProvider
[2026-05-23 14:46:11] preparing inputs
[2026-05-23 14:46:11] inputs ready
[2026-05-23 14:46:11] warmup start
[2026-05-23 14:46:11] warmup done
[2026-05-23 14:46:11] benchmark iterations start
[2026-05-23 14:46:12] iteration 25/100 elapsed_s=0.2
[2026-05-23 14:46:12] iteration 50/100 elapsed_s=0.3
[2026-05-23 14:46:12] iteration 75/100 elapsed_s=0.5
[2026-05-23 14:46:12] iteration 100/100 elapsed_s=0.7
[2026-05-23 14:46:12] benchmark iterations done
[2026-05-23 14:46:12] mode complete mode=baseline mean_ms=6.690 std_ms=0.848 p95_ms=7.875
[2026-05-23 14:46:12] start mode=optimized model=GAT_fp32.onnx device=GPU warmup=5 iters=100
[2026-05-23 14:46:12] creating session
[2026-05-23 14:46:14] session ready providers=OpenVINOExecutionProvider | CPUExecutionProvider
[2026-05-23 14:46:14] preparing inputs
[2026-05-23 14:46:14] inputs ready
[2026-05-23 14:46:14] warmup start
[2026-05-23 14:46:14] warmup done
[2026-05-23 14:46:14] benchmark iterations start
[2026-05-23 14:46:14] iteration 25/100 elapsed_s=0.2
[2026-05-23 14:46:15] iteration 50/100 elapsed_s=0.3
[2026-05-23 14:46:15] iteration 75/100 elapsed_s=0.5
[2026-05-23 14:46:15] iteration 100/100 elapsed_s=0.7
[2026-05-23 14:46:15] benchmark iterations done
[2026-05-23 14:46:15] mode complete mode=optimized mean_ms=6.629 std_ms=0.794 p95_ms=7.780
[2026-05-23 14:49:32] start mode=baseline model=GAT_fp32.onnx device=CPU warmup=5 iters=100
[2026-05-23 14:49:32] creating session
[2026-05-23 14:49:32] session ready providers=OpenVINOExecutionProvider | CPUExecutionProvider
[2026-05-23 14:49:32] preparing inputs
[2026-05-23 14:49:32] inputs ready
[2026-05-23 14:49:32] warmup start
[2026-05-23 14:49:33] warmup done
[2026-05-23 14:49:33] benchmark iterations start
[2026-05-23 14:49:33] iteration 25/100 elapsed_s=0.3
[2026-05-23 14:49:33] iteration 50/100 elapsed_s=0.6
[2026-05-23 14:49:33] iteration 75/100 elapsed_s=0.8
[2026-05-23 14:49:34] iteration 100/100 elapsed_s=1.1
[2026-05-23 14:49:34] benchmark iterations done
[2026-05-23 14:49:34] mode complete mode=baseline mean_ms=10.995 std_ms=1.151 p95_ms=13.227
[2026-05-23 14:49:34] start mode=optimized model=GAT_fp32.onnx device=CPU warmup=5 iters=100
[2026-05-23 14:49:34] creating session
[2026-05-23 14:49:34] session ready providers=OpenVINOExecutionProvider | CPUExecutionProvider
[2026-05-23 14:49:34] preparing inputs
[2026-05-23 14:49:35] inputs ready
[2026-05-23 14:49:35] warmup start
[2026-05-23 14:49:35] warmup done
[2026-05-23 14:49:35] benchmark iterations start
[2026-05-23 14:49:35] iteration 25/100 elapsed_s=0.3
[2026-05-23 14:49:35] iteration 50/100 elapsed_s=0.6
[2026-05-23 14:49:35] iteration 75/100 elapsed_s=0.8
[2026-05-23 14:49:36] iteration 100/100 elapsed_s=1.1
[2026-05-23 14:49:36] benchmark iterations done
[2026-05-23 14:49:36] mode complete mode=optimized mean_ms=11.039 std_ms=1.130 p95_ms=12.977
