[2026-05-23 11:03:40] start mode=baseline model=GraphSAGE_int8.onnx device=NPU warmup=5 iters=100
[2026-05-23 11:03:40] creating session
[2026-05-23 11:03:40] session ready providers=OpenVINOExecutionProvider | CPUExecutionProvider
[2026-05-23 11:03:40] preparing inputs
[2026-05-23 11:03:41] inputs ready
[2026-05-23 11:03:41] warmup start
[2026-05-23 11:03:41] warmup done
[2026-05-23 11:03:41] benchmark iterations start
[2026-05-23 11:03:42] iteration 25/100 elapsed_s=1.1
[2026-05-23 11:03:43] iteration 50/100 elapsed_s=2.2
[2026-05-23 11:03:44] iteration 75/100 elapsed_s=3.2
[2026-05-23 11:03:45] iteration 100/100 elapsed_s=4.3
[2026-05-23 11:03:45] benchmark iterations done
[2026-05-23 11:03:45] mode complete mode=baseline mean_ms=42.918 std_ms=5.118 p95_ms=47.783
[2026-05-23 11:03:46] start mode=optimized model=GraphSAGE_int8.onnx device=NPU warmup=5 iters=100
[2026-05-23 11:03:46] creating session
[2026-05-23 11:03:46] session ready providers=OpenVINOExecutionProvider | CPUExecutionProvider
[2026-05-23 11:03:46] preparing inputs
[2026-05-23 11:03:46] inputs ready
[2026-05-23 11:03:46] warmup start
[2026-05-23 11:03:47] warmup done
[2026-05-23 11:03:47] benchmark iterations start
[2026-05-23 11:03:48] iteration 25/100 elapsed_s=1.1
[2026-05-23 11:03:49] iteration 50/100 elapsed_s=2.2
[2026-05-23 11:03:50] iteration 75/100 elapsed_s=3.4
[2026-05-23 11:03:51] iteration 100/100 elapsed_s=4.4
[2026-05-23 11:03:51] benchmark iterations done
[2026-05-23 11:03:51] mode complete mode=optimized mean_ms=44.390 std_ms=3.963 p95_ms=48.999
[2026-05-23 11:05:05] start mode=baseline model=GraphSAGE_int8.onnx device=NPU warmup=5 iters=100
[2026-05-23 11:05:05] creating session
[2026-05-23 11:05:05] session ready providers=OpenVINOExecutionProvider | CPUExecutionProvider
[2026-05-23 11:05:05] preparing inputs
[2026-05-23 11:05:07] inputs ready
[2026-05-23 11:05:07] warmup start
[2026-05-23 11:05:07] warmup done
[2026-05-23 11:05:07] benchmark iterations start
[2026-05-23 11:05:09] iteration 25/100 elapsed_s=1.0
[2026-05-23 11:05:10] iteration 50/100 elapsed_s=2.2
[2026-05-23 11:05:11] iteration 75/100 elapsed_s=3.3
[2026-05-23 11:05:12] iteration 100/100 elapsed_s=4.4
[2026-05-23 11:05:12] benchmark iterations done
[2026-05-23 11:05:12] mode complete mode=baseline mean_ms=43.667 std_ms=4.864 p95_ms=50.008
[2026-05-23 11:05:12] start mode=optimized model=GraphSAGE_int8.onnx device=NPU warmup=5 iters=100
[2026-05-23 11:05:12] creating session
[2026-05-23 11:05:13] session ready providers=OpenVINOExecutionProvider | CPUExecutionProvider
[2026-05-23 11:05:13] preparing inputs
[2026-05-23 11:05:14] inputs ready
[2026-05-23 11:05:14] warmup start
[2026-05-23 11:05:15] warmup done
[2026-05-23 11:05:15] benchmark iterations start
[2026-05-23 11:05:16] iteration 25/100 elapsed_s=1.1
[2026-05-23 11:05:17] iteration 50/100 elapsed_s=2.2
[2026-05-23 11:05:18] iteration 75/100 elapsed_s=3.3
[2026-05-23 11:05:19] iteration 100/100 elapsed_s=4.3
[2026-05-23 11:05:19] benchmark iterations done
[2026-05-23 11:05:19] mode complete mode=optimized mean_ms=43.153 std_ms=3.612 p95_ms=50.172
[2026-05-23 11:06:41] start mode=baseline model=GraphSAGE_int8.onnx device=NPU warmup=5 iters=100
[2026-05-23 11:06:41] creating session
[2026-05-23 11:06:41] session ready providers=OpenVINOExecutionProvider | CPUExecutionProvider
[2026-05-23 11:06:41] preparing inputs
[2026-05-23 11:06:44] inputs ready
[2026-05-23 11:06:44] warmup start
[2026-05-23 11:06:44] warmup done
[2026-05-23 11:06:44] benchmark iterations start
[2026-05-23 11:06:45] iteration 25/100 elapsed_s=1.1
[2026-05-23 11:06:46] iteration 50/100 elapsed_s=2.2
[2026-05-23 11:06:47] iteration 75/100 elapsed_s=3.3
[2026-05-23 11:06:48] iteration 100/100 elapsed_s=4.3
[2026-05-23 11:06:48] benchmark iterations done
[2026-05-23 11:06:48] mode complete mode=baseline mean_ms=42.709 std_ms=4.594 p95_ms=49.266
[2026-05-23 11:06:49] start mode=optimized model=GraphSAGE_int8.onnx device=NPU warmup=5 iters=100
[2026-05-23 11:06:49] creating session
[2026-05-23 11:06:49] session ready providers=OpenVINOExecutionProvider | CPUExecutionProvider
[2026-05-23 11:06:49] preparing inputs
[2026-05-23 11:06:51] inputs ready
[2026-05-23 11:06:51] warmup start
[2026-05-23 11:06:52] warmup done
[2026-05-23 11:06:52] benchmark iterations start
[2026-05-23 11:06:53] iteration 25/100 elapsed_s=1.1
[2026-05-23 11:06:54] iteration 50/100 elapsed_s=2.2
[2026-05-23 11:06:55] iteration 75/100 elapsed_s=3.2
[2026-05-23 11:06:56] iteration 100/100 elapsed_s=4.2
[2026-05-23 11:06:56] benchmark iterations done
[2026-05-23 11:06:56] mode complete mode=optimized mean_ms=42.047 std_ms=3.636 p95_ms=46.618
[2026-05-23 11:08:15] start mode=baseline model=GraphSAGE_int8.onnx device=GPU warmup=5 iters=100
[2026-05-23 11:08:15] creating session
[2026-05-23 11:08:20] session ready providers=OpenVINOExecutionProvider | CPUExecutionProvider
[2026-05-23 11:08:20] preparing inputs
[2026-05-23 11:08:20] inputs ready
[2026-05-23 11:08:20] warmup start
[2026-05-23 11:08:20] warmup done
[2026-05-23 11:08:20] benchmark iterations start
[2026-05-23 11:08:21] iteration 25/100 elapsed_s=1.0
[2026-05-23 11:08:22] iteration 50/100 elapsed_s=2.0
[2026-05-23 11:08:23] iteration 75/100 elapsed_s=2.9
[2026-05-23 11:08:24] iteration 100/100 elapsed_s=3.9
[2026-05-23 11:08:24] benchmark iterations done
[2026-05-23 11:08:24] mode complete mode=baseline mean_ms=39.184 std_ms=0.853 p95_ms=40.495
[2026-05-23 11:08:25] start mode=optimized model=GraphSAGE_int8.onnx device=GPU warmup=5 iters=100
[2026-05-23 11:08:25] creating session
[2026-05-23 11:08:26] session ready providers=OpenVINOExecutionProvider | CPUExecutionProvider
[2026-05-23 11:08:26] preparing inputs
[2026-05-23 11:08:26] inputs ready
[2026-05-23 11:08:26] warmup start
[2026-05-23 11:08:26] warmup done
[2026-05-23 11:08:26] benchmark iterations start
[2026-05-23 11:08:27] iteration 25/100 elapsed_s=1.0
[2026-05-23 11:08:28] iteration 50/100 elapsed_s=2.0
[2026-05-23 11:08:29] iteration 75/100 elapsed_s=2.9
[2026-05-23 11:08:30] iteration 100/100 elapsed_s=3.9
[2026-05-23 11:08:30] benchmark iterations done
[2026-05-23 11:08:30] mode complete mode=optimized mean_ms=39.143 std_ms=0.812 p95_ms=40.474
[2026-05-23 11:09:51] start mode=baseline model=GraphSAGE_int8.onnx device=GPU warmup=5 iters=100
[2026-05-23 11:09:51] creating session
[2026-05-23 11:09:52] session ready providers=OpenVINOExecutionProvider | CPUExecutionProvider
[2026-05-23 11:09:52] preparing inputs
[2026-05-23 11:09:54] inputs ready
[2026-05-23 11:09:54] warmup start
[2026-05-23 11:09:54] warmup done
[2026-05-23 11:09:54] benchmark iterations start
[2026-05-23 11:09:55] iteration 25/100 elapsed_s=1.0
[2026-05-23 11:09:56] iteration 50/100 elapsed_s=1.9
[2026-05-23 11:09:57] iteration 75/100 elapsed_s=2.9
[2026-05-23 11:09:58] iteration 100/100 elapsed_s=3.9
[2026-05-23 11:09:58] benchmark iterations done
[2026-05-23 11:09:58] mode complete mode=baseline mean_ms=38.797 std_ms=0.730 p95_ms=40.144
[2026-05-23 11:09:58] start mode=optimized model=GraphSAGE_int8.onnx device=GPU warmup=5 iters=100
[2026-05-23 11:09:58] creating session
[2026-05-23 11:10:00] session ready providers=OpenVINOExecutionProvider | CPUExecutionProvider
[2026-05-23 11:10:00] preparing inputs
[2026-05-23 11:10:01] inputs ready
[2026-05-23 11:10:01] warmup start
[2026-05-23 11:10:01] warmup done
[2026-05-23 11:10:01] benchmark iterations start
[2026-05-23 11:10:02] iteration 25/100 elapsed_s=0.9
[2026-05-23 11:10:03] iteration 50/100 elapsed_s=1.9
[2026-05-23 11:10:04] iteration 75/100 elapsed_s=2.8
[2026-05-23 11:10:05] iteration 100/100 elapsed_s=3.8
[2026-05-23 11:10:05] benchmark iterations done
[2026-05-23 11:10:05] mode complete mode=optimized mean_ms=38.010 std_ms=0.914 p95_ms=39.614
[2026-05-23 11:11:35] start mode=baseline model=GraphSAGE_int8.onnx device=GPU warmup=5 iters=100
[2026-05-23 11:11:35] creating session
[2026-05-23 11:11:36] session ready providers=OpenVINOExecutionProvider | CPUExecutionProvider
[2026-05-23 11:11:36] preparing inputs
[2026-05-23 11:11:38] inputs ready
[2026-05-23 11:11:38] warmup start
[2026-05-23 11:11:39] warmup done
[2026-05-23 11:11:39] benchmark iterations start
[2026-05-23 11:11:40] iteration 25/100 elapsed_s=1.0
[2026-05-23 11:11:41] iteration 50/100 elapsed_s=1.9
[2026-05-23 11:11:41] iteration 75/100 elapsed_s=2.9
[2026-05-23 11:11:42] iteration 100/100 elapsed_s=3.8
[2026-05-23 11:11:42] benchmark iterations done
[2026-05-23 11:11:42] mode complete mode=baseline mean_ms=38.085 std_ms=0.910 p95_ms=39.494
[2026-05-23 11:11:43] start mode=optimized model=GraphSAGE_int8.onnx device=GPU warmup=5 iters=100
[2026-05-23 11:11:43] creating session
[2026-05-23 11:11:44] session ready providers=OpenVINOExecutionProvider | CPUExecutionProvider
[2026-05-23 11:11:44] preparing inputs
[2026-05-23 11:11:47] inputs ready
[2026-05-23 11:11:47] warmup start
[2026-05-23 11:11:47] warmup done
[2026-05-23 11:11:47] benchmark iterations start
[2026-05-23 11:11:48] iteration 25/100 elapsed_s=1.0
[2026-05-23 11:11:49] iteration 50/100 elapsed_s=1.9
[2026-05-23 11:11:50] iteration 75/100 elapsed_s=2.9
[2026-05-23 11:11:51] iteration 100/100 elapsed_s=3.8
[2026-05-23 11:11:51] benchmark iterations done
[2026-05-23 11:11:51] mode complete mode=optimized mean_ms=38.047 std_ms=0.796 p95_ms=39.305
[2026-05-23 11:13:00] start mode=baseline model=GraphSAGE_int8.onnx device=CPU warmup=5 iters=100
[2026-05-23 11:13:00] creating session
[2026-05-23 11:13:00] session ready providers=OpenVINOExecutionProvider | CPUExecutionProvider
[2026-05-23 11:13:00] preparing inputs
[2026-05-23 11:13:01] inputs ready
[2026-05-23 11:13:01] warmup start
[2026-05-23 11:13:01] warmup done
[2026-05-23 11:13:01] benchmark iterations start
[2026-05-23 11:13:02] iteration 25/100 elapsed_s=1.0
[2026-05-23 11:13:03] iteration 50/100 elapsed_s=2.2
[2026-05-23 11:13:04] iteration 75/100 elapsed_s=3.2
[2026-05-23 11:13:05] iteration 100/100 elapsed_s=4.3
[2026-05-23 11:13:05] benchmark iterations done
[2026-05-23 11:13:05] mode complete mode=baseline mean_ms=42.745 std_ms=3.065 p95_ms=48.139
[2026-05-23 11:13:06] start mode=optimized model=GraphSAGE_int8.onnx device=CPU warmup=5 iters=100
[2026-05-23 11:13:06] creating session
[2026-05-23 11:13:06] session ready providers=OpenVINOExecutionProvider | CPUExecutionProvider
[2026-05-23 11:13:06] preparing inputs
[2026-05-23 11:13:06] inputs ready
[2026-05-23 11:13:06] warmup start
[2026-05-23 11:13:06] warmup done
[2026-05-23 11:13:06] benchmark iterations start
[2026-05-23 11:13:07] iteration 25/100 elapsed_s=1.0
[2026-05-23 11:13:09] iteration 50/100 elapsed_s=2.0
[2026-05-23 11:13:10] iteration 75/100 elapsed_s=3.2
[2026-05-23 11:13:11] iteration 100/100 elapsed_s=4.3
[2026-05-23 11:13:11] benchmark iterations done
[2026-05-23 11:13:11] mode complete mode=optimized mean_ms=43.066 std_ms=4.573 p95_ms=51.198
[2026-05-23 11:14:18] start mode=baseline model=GraphSAGE_int8.onnx device=CPU warmup=5 iters=100
[2026-05-23 11:14:18] creating session
[2026-05-23 11:14:18] session ready providers=OpenVINOExecutionProvider | CPUExecutionProvider
[2026-05-23 11:14:18] preparing inputs
[2026-05-23 11:14:20] inputs ready
[2026-05-23 11:14:20] warmup start
[2026-05-23 11:14:20] warmup done
[2026-05-23 11:14:20] benchmark iterations start
[2026-05-23 11:14:21] iteration 25/100 elapsed_s=1.0
[2026-05-23 11:14:22] iteration 50/100 elapsed_s=2.0
[2026-05-23 11:14:23] iteration 75/100 elapsed_s=3.0
[2026-05-23 11:14:24] iteration 100/100 elapsed_s=4.0
[2026-05-23 11:14:24] benchmark iterations done
[2026-05-23 11:14:24] mode complete mode=baseline mean_ms=39.849 std_ms=1.979 p95_ms=43.219
[2026-05-23 11:14:24] start mode=optimized model=GraphSAGE_int8.onnx device=CPU warmup=5 iters=100
[2026-05-23 11:14:24] creating session
[2026-05-23 11:14:25] session ready providers=OpenVINOExecutionProvider | CPUExecutionProvider
[2026-05-23 11:14:25] preparing inputs
[2026-05-23 11:14:27] inputs ready
[2026-05-23 11:14:27] warmup start
[2026-05-23 11:14:27] warmup done
[2026-05-23 11:14:27] benchmark iterations start
[2026-05-23 11:14:28] iteration 25/100 elapsed_s=1.0
[2026-05-23 11:14:29] iteration 50/100 elapsed_s=2.0
[2026-05-23 11:14:30] iteration 75/100 elapsed_s=3.0
[2026-05-23 11:14:31] iteration 100/100 elapsed_s=4.0
[2026-05-23 11:14:31] benchmark iterations done
[2026-05-23 11:14:31] mode complete mode=optimized mean_ms=39.480 std_ms=1.479 p95_ms=41.803
[2026-05-23 11:15:46] start mode=baseline model=GraphSAGE_int8.onnx device=CPU warmup=5 iters=100
[2026-05-23 11:15:46] creating session
[2026-05-23 11:15:47] session ready providers=OpenVINOExecutionProvider | CPUExecutionProvider
[2026-05-23 11:15:47] preparing inputs
[2026-05-23 11:15:49] inputs ready
[2026-05-23 11:15:49] warmup start
[2026-05-23 11:15:49] warmup done
[2026-05-23 11:15:49] benchmark iterations start
[2026-05-23 11:15:50] iteration 25/100 elapsed_s=1.0
[2026-05-23 11:15:51] iteration 50/100 elapsed_s=2.0
[2026-05-23 11:15:52] iteration 75/100 elapsed_s=3.0
[2026-05-23 11:15:53] iteration 100/100 elapsed_s=3.9
[2026-05-23 11:15:53] benchmark iterations done
[2026-05-23 11:15:53] mode complete mode=baseline mean_ms=39.195 std_ms=2.371 p95_ms=44.284
[2026-05-23 11:15:53] start mode=optimized model=GraphSAGE_int8.onnx device=CPU warmup=5 iters=100
[2026-05-23 11:15:53] creating session
[2026-05-23 11:15:54] session ready providers=OpenVINOExecutionProvider | CPUExecutionProvider
[2026-05-23 11:15:54] preparing inputs
[2026-05-23 11:15:56] inputs ready
[2026-05-23 11:15:56] warmup start
[2026-05-23 11:15:56] warmup done
[2026-05-23 11:15:56] benchmark iterations start
[2026-05-23 11:15:57] iteration 25/100 elapsed_s=1.1
[2026-05-23 11:15:58] iteration 50/100 elapsed_s=2.0
[2026-05-23 11:15:59] iteration 75/100 elapsed_s=3.0
[2026-05-23 11:16:00] iteration 100/100 elapsed_s=4.0
[2026-05-23 11:16:00] benchmark iterations done
[2026-05-23 11:16:00] mode complete mode=optimized mean_ms=39.587 std_ms=3.771 p95_ms=44.058
