[2026-05-23 16:31:07] start mode=baseline model=SGC_fp32.onnx device=NPU warmup=5 iters=100
[2026-05-23 16:31:07] creating session
[2026-05-23 16:31:08] session ready providers=OpenVINOExecutionProvider | CPUExecutionProvider
[2026-05-23 16:31:08] preparing inputs
[2026-05-23 16:31:08] inputs ready
[2026-05-23 16:31:08] warmup start
[2026-05-23 16:31:10] warmup done
[2026-05-23 16:31:10] benchmark iterations start
[2026-05-23 16:31:21] iteration 25/100 elapsed_s=10.2
[2026-05-23 16:31:31] iteration 50/100 elapsed_s=20.3
[2026-05-23 16:31:41] iteration 75/100 elapsed_s=30.6
[2026-05-23 16:31:51] iteration 100/100 elapsed_s=40.8
[2026-05-23 16:31:51] benchmark iterations done
[2026-05-23 16:31:51] mode complete mode=baseline mean_ms=407.877 std_ms=15.722 p95_ms=442.220
[2026-05-23 16:31:52] start mode=optimized model=SGC_fp32.onnx device=NPU warmup=5 iters=100
[2026-05-23 16:31:52] creating session
[2026-05-23 16:31:52] session ready providers=OpenVINOExecutionProvider | CPUExecutionProvider
[2026-05-23 16:31:52] preparing inputs
[2026-05-23 16:31:52] inputs ready
[2026-05-23 16:31:52] warmup start
[2026-05-23 16:31:55] warmup done
[2026-05-23 16:31:55] benchmark iterations start
[2026-05-23 16:32:05] iteration 25/100 elapsed_s=10.2
[2026-05-23 16:32:15] iteration 50/100 elapsed_s=20.3
[2026-05-23 16:32:25] iteration 75/100 elapsed_s=30.5
[2026-05-23 16:32:35] iteration 100/100 elapsed_s=40.7
[2026-05-23 16:32:35] benchmark iterations done
[2026-05-23 16:32:35] mode complete mode=optimized mean_ms=407.373 std_ms=14.778 p95_ms=432.384
[2026-05-23 17:06:36] start mode=baseline model=SGC_fp32.onnx device=GPU warmup=5 iters=100
[2026-05-23 17:06:36] creating session
[2026-05-23 17:06:38] session ready providers=OpenVINOExecutionProvider | CPUExecutionProvider
[2026-05-23 17:06:38] preparing inputs
[2026-05-23 17:06:38] inputs ready
[2026-05-23 17:06:38] warmup start
[2026-05-23 17:06:42] warmup done
[2026-05-23 17:06:42] benchmark iterations start
[2026-05-23 17:07:01] iteration 25/100 elapsed_s=19.2
[2026-05-23 17:07:20] iteration 50/100 elapsed_s=38.5
[2026-05-23 17:07:39] iteration 75/100 elapsed_s=57.7
[2026-05-23 17:07:58] iteration 100/100 elapsed_s=76.9
[2026-05-23 17:07:58] benchmark iterations done
[2026-05-23 17:07:58] mode complete mode=baseline mean_ms=769.396 std_ms=3.275 p95_ms=774.240
[2026-05-23 17:07:59] start mode=optimized model=SGC_fp32.onnx device=GPU warmup=5 iters=100
[2026-05-23 17:07:59] creating session
[2026-05-23 17:08:01] session ready providers=OpenVINOExecutionProvider | CPUExecutionProvider
[2026-05-23 17:08:01] preparing inputs
[2026-05-23 17:08:01] inputs ready
[2026-05-23 17:08:01] warmup start
[2026-05-23 17:08:05] warmup done
[2026-05-23 17:08:05] benchmark iterations start
[2026-05-23 17:08:24] iteration 25/100 elapsed_s=19.2
[2026-05-23 17:08:43] iteration 50/100 elapsed_s=38.5
[2026-05-23 17:09:02] iteration 75/100 elapsed_s=57.7
[2026-05-23 17:09:22] iteration 100/100 elapsed_s=77.0
[2026-05-23 17:09:22] benchmark iterations done
[2026-05-23 17:09:22] mode complete mode=optimized mean_ms=769.563 std_ms=2.751 p95_ms=774.127
[2026-05-23 17:36:19] start mode=baseline model=SGC_fp32.onnx device=CPU warmup=5 iters=100
[2026-05-23 17:36:19] creating session
[2026-05-23 17:36:19] session ready providers=OpenVINOExecutionProvider | CPUExecutionProvider
[2026-05-23 17:36:19] preparing inputs
[2026-05-23 17:36:20] inputs ready
[2026-05-23 17:36:20] warmup start
[2026-05-23 17:36:22] warmup done
[2026-05-23 17:36:22] benchmark iterations start
[2026-05-23 17:36:32] iteration 25/100 elapsed_s=10.1
[2026-05-23 17:36:42] iteration 50/100 elapsed_s=20.2
[2026-05-23 17:36:53] iteration 75/100 elapsed_s=30.4
[2026-05-23 17:37:03] iteration 100/100 elapsed_s=40.5
[2026-05-23 17:37:03] benchmark iterations done
[2026-05-23 17:37:03] mode complete mode=baseline mean_ms=405.147 std_ms=16.049 p95_ms=433.735
[2026-05-23 17:37:03] start mode=optimized model=SGC_fp32.onnx device=CPU warmup=5 iters=100
[2026-05-23 17:37:03] creating session
[2026-05-23 17:37:03] session ready providers=OpenVINOExecutionProvider | CPUExecutionProvider
[2026-05-23 17:37:03] preparing inputs
[2026-05-23 17:37:04] inputs ready
[2026-05-23 17:37:04] warmup start
[2026-05-23 17:37:06] warmup done
[2026-05-23 17:37:06] benchmark iterations start
[2026-05-23 17:37:16] iteration 25/100 elapsed_s=10.3
[2026-05-23 17:37:27] iteration 50/100 elapsed_s=20.6
[2026-05-23 17:37:37] iteration 75/100 elapsed_s=31.0
[2026-05-23 17:37:47] iteration 100/100 elapsed_s=41.4
[2026-05-23 17:37:47] benchmark iterations done
[2026-05-23 17:37:47] mode complete mode=optimized mean_ms=414.396 std_ms=15.404 p95_ms=440.841
