[2026-05-23 14:53:45] start mode=baseline model=GCN_fp32.onnx device=NPU warmup=5 iters=100
[2026-05-23 14:53:45] creating session
[2026-05-23 14:53:46] session ready providers=OpenVINOExecutionProvider | CPUExecutionProvider
[2026-05-23 14:53:46] preparing inputs
[2026-05-23 14:53:46] inputs ready
[2026-05-23 14:53:46] warmup start
[2026-05-23 14:53:46] warmup done
[2026-05-23 14:53:46] benchmark iterations start
[2026-05-23 14:53:46] iteration 25/100 elapsed_s=0.4
[2026-05-23 14:53:47] iteration 50/100 elapsed_s=0.7
[2026-05-23 14:53:47] iteration 75/100 elapsed_s=1.0
[2026-05-23 14:53:47] iteration 100/100 elapsed_s=1.3
[2026-05-23 14:53:47] benchmark iterations done
[2026-05-23 14:53:47] mode complete mode=baseline mean_ms=13.293 std_ms=1.850 p95_ms=14.876
[2026-05-23 14:53:48] start mode=optimized model=GCN_fp32.onnx device=NPU warmup=5 iters=100
[2026-05-23 14:53:48] creating session
[2026-05-23 14:53:48] session ready providers=OpenVINOExecutionProvider | CPUExecutionProvider
[2026-05-23 14:53:48] preparing inputs
[2026-05-23 14:53:48] inputs ready
[2026-05-23 14:53:48] warmup start
[2026-05-23 14:53:49] warmup done
[2026-05-23 14:53:49] benchmark iterations start
[2026-05-23 14:53:49] iteration 25/100 elapsed_s=0.4
[2026-05-23 14:53:49] iteration 50/100 elapsed_s=0.7
[2026-05-23 14:53:50] iteration 75/100 elapsed_s=1.0
[2026-05-23 14:53:50] iteration 100/100 elapsed_s=1.3
[2026-05-23 14:53:50] benchmark iterations done
[2026-05-23 14:53:50] mode complete mode=optimized mean_ms=13.397 std_ms=1.602 p95_ms=15.223
[2026-05-23 14:57:22] start mode=baseline model=GCN_fp32.onnx device=CPU warmup=5 iters=100
[2026-05-23 14:57:22] creating session
[2026-05-23 14:57:22] session ready providers=OpenVINOExecutionProvider | CPUExecutionProvider
[2026-05-23 14:57:22] preparing inputs
[2026-05-23 14:57:23] inputs ready
[2026-05-23 14:57:23] warmup start
[2026-05-23 14:57:23] warmup done
[2026-05-23 14:57:23] benchmark iterations start
[2026-05-23 14:57:23] iteration 25/100 elapsed_s=0.3
[2026-05-23 14:57:23] iteration 50/100 elapsed_s=0.7
[2026-05-23 14:57:24] iteration 75/100 elapsed_s=1.0
[2026-05-23 14:57:24] iteration 100/100 elapsed_s=1.3
[2026-05-23 14:57:24] benchmark iterations done
[2026-05-23 14:57:24] mode complete mode=baseline mean_ms=13.221 std_ms=1.458 p95_ms=15.633
[2026-05-23 14:57:24] start mode=optimized model=GCN_fp32.onnx device=CPU warmup=5 iters=100
[2026-05-23 14:57:24] creating session
[2026-05-23 14:57:25] session ready providers=OpenVINOExecutionProvider | CPUExecutionProvider
[2026-05-23 14:57:25] preparing inputs
[2026-05-23 14:57:25] inputs ready
[2026-05-23 14:57:25] warmup start
[2026-05-23 14:57:25] warmup done
[2026-05-23 14:57:25] benchmark iterations start
[2026-05-23 14:57:26] iteration 25/100 elapsed_s=0.4
[2026-05-23 14:57:26] iteration 50/100 elapsed_s=0.7
[2026-05-23 14:57:26] iteration 75/100 elapsed_s=1.0
[2026-05-23 14:57:26] iteration 100/100 elapsed_s=1.3
[2026-05-23 14:57:26] benchmark iterations done
[2026-05-23 14:57:26] mode complete mode=optimized mean_ms=13.177 std_ms=1.391 p95_ms=14.944
