[2026-05-23 15:03:36] start mode=baseline model=GIN_int8.onnx device=NPU warmup=5 iters=100
[2026-05-23 15:03:36] creating session
[2026-05-23 15:03:37] session ready providers=OpenVINOExecutionProvider | CPUExecutionProvider
[2026-05-23 15:03:37] preparing inputs
[2026-05-23 15:03:37] inputs ready
[2026-05-23 15:03:37] warmup start
[2026-05-23 15:03:38] warmup done
[2026-05-23 15:03:38] benchmark iterations start
[2026-05-23 15:03:40] iteration 25/100 elapsed_s=2.7
[2026-05-23 15:03:43] iteration 50/100 elapsed_s=5.6
[2026-05-23 15:03:46] iteration 75/100 elapsed_s=8.3
[2026-05-23 15:03:49] iteration 100/100 elapsed_s=11.0
[2026-05-23 15:03:49] benchmark iterations done
[2026-05-23 15:03:49] mode complete mode=baseline mean_ms=109.892 std_ms=7.685 p95_ms=125.189
[2026-05-23 15:03:49] start mode=optimized model=GIN_int8.onnx device=NPU warmup=5 iters=100
[2026-05-23 15:03:49] creating session
[2026-05-23 15:03:49] session ready providers=OpenVINOExecutionProvider | CPUExecutionProvider
[2026-05-23 15:03:49] preparing inputs
[2026-05-23 15:03:50] inputs ready
[2026-05-23 15:03:50] warmup start
[2026-05-23 15:03:50] warmup done
[2026-05-23 15:03:50] benchmark iterations start
[2026-05-23 15:03:53] iteration 25/100 elapsed_s=2.8
[2026-05-23 15:03:56] iteration 50/100 elapsed_s=5.4
[2026-05-23 15:03:59] iteration 75/100 elapsed_s=8.4
[2026-05-23 15:04:01] iteration 100/100 elapsed_s=11.1
[2026-05-23 15:04:01] benchmark iterations done
[2026-05-23 15:04:01] mode complete mode=optimized mean_ms=110.656 std_ms=9.265 p95_ms=126.566
[2026-05-23 15:13:15] start mode=baseline model=GIN_int8.onnx device=GPU warmup=5 iters=100
[2026-05-23 15:13:15] creating session
[2026-05-23 15:13:17] session ready providers=OpenVINOExecutionProvider | CPUExecutionProvider
[2026-05-23 15:13:17] preparing inputs
[2026-05-23 15:13:17] inputs ready
[2026-05-23 15:13:17] warmup start
[2026-05-23 15:13:17] warmup done
[2026-05-23 15:13:17] benchmark iterations start
[2026-05-23 15:13:18] iteration 25/100 elapsed_s=1.2
[2026-05-23 15:13:20] iteration 50/100 elapsed_s=2.4
[2026-05-23 15:13:21] iteration 75/100 elapsed_s=3.6
[2026-05-23 15:13:22] iteration 100/100 elapsed_s=4.8
[2026-05-23 15:13:22] benchmark iterations done
[2026-05-23 15:13:22] mode complete mode=baseline mean_ms=47.722 std_ms=1.277 p95_ms=49.725
[2026-05-23 15:13:22] start mode=optimized model=GIN_int8.onnx device=GPU warmup=5 iters=100
[2026-05-23 15:13:22] creating session
[2026-05-23 15:13:24] session ready providers=OpenVINOExecutionProvider | CPUExecutionProvider
[2026-05-23 15:13:24] preparing inputs
[2026-05-23 15:13:24] inputs ready
[2026-05-23 15:13:24] warmup start
[2026-05-23 15:13:24] warmup done
[2026-05-23 15:13:24] benchmark iterations start
[2026-05-23 15:13:25] iteration 25/100 elapsed_s=1.2
[2026-05-23 15:13:26] iteration 50/100 elapsed_s=2.4
[2026-05-23 15:13:28] iteration 75/100 elapsed_s=3.6
[2026-05-23 15:13:29] iteration 100/100 elapsed_s=4.8
[2026-05-23 15:13:29] benchmark iterations done
[2026-05-23 15:13:29] mode complete mode=optimized mean_ms=47.704 std_ms=1.165 p95_ms=49.527
[2026-05-23 15:21:15] start mode=baseline model=GIN_int8.onnx device=CPU warmup=5 iters=100
[2026-05-23 15:21:15] creating session
[2026-05-23 15:21:15] session ready providers=OpenVINOExecutionProvider | CPUExecutionProvider
[2026-05-23 15:21:15] preparing inputs
[2026-05-23 15:21:16] inputs ready
[2026-05-23 15:21:16] warmup start
[2026-05-23 15:21:16] warmup done
[2026-05-23 15:21:16] benchmark iterations start
[2026-05-23 15:21:19] iteration 25/100 elapsed_s=2.7
[2026-05-23 15:21:22] iteration 50/100 elapsed_s=5.6
[2026-05-23 15:21:25] iteration 75/100 elapsed_s=8.3
[2026-05-23 15:21:27] iteration 100/100 elapsed_s=11.1
[2026-05-23 15:21:27] benchmark iterations done
[2026-05-23 15:21:27] mode complete mode=baseline mean_ms=111.429 std_ms=7.635 p95_ms=125.749
[2026-05-23 15:21:28] start mode=optimized model=GIN_int8.onnx device=CPU warmup=5 iters=100
[2026-05-23 15:21:28] creating session
[2026-05-23 15:21:28] session ready providers=OpenVINOExecutionProvider | CPUExecutionProvider
[2026-05-23 15:21:28] preparing inputs
[2026-05-23 15:21:28] inputs ready
[2026-05-23 15:21:28] warmup start
[2026-05-23 15:21:29] warmup done
[2026-05-23 15:21:29] benchmark iterations start
[2026-05-23 15:21:32] iteration 25/100 elapsed_s=2.7
[2026-05-23 15:21:35] iteration 50/100 elapsed_s=5.4
[2026-05-23 15:21:37] iteration 75/100 elapsed_s=8.3
[2026-05-23 15:21:40] iteration 100/100 elapsed_s=11.0
[2026-05-23 15:21:40] benchmark iterations done
[2026-05-23 15:21:40] mode complete mode=optimized mean_ms=109.456 std_ms=7.524 p95_ms=124.114
