[2026-05-23 15:01:51] start mode=baseline model=GIN_fp32.onnx device=NPU warmup=5 iters=100
[2026-05-23 15:01:51] creating session
[2026-05-23 15:01:51] session ready providers=OpenVINOExecutionProvider | CPUExecutionProvider
[2026-05-23 15:01:51] preparing inputs
[2026-05-23 15:01:52] inputs ready
[2026-05-23 15:01:52] warmup start
[2026-05-23 15:01:52] warmup done
[2026-05-23 15:01:52] benchmark iterations start
[2026-05-23 15:01:55] iteration 25/100 elapsed_s=2.7
[2026-05-23 15:01:58] iteration 50/100 elapsed_s=5.7
[2026-05-23 15:02:01] iteration 75/100 elapsed_s=8.5
[2026-05-23 15:02:03] iteration 100/100 elapsed_s=11.2
[2026-05-23 15:02:03] benchmark iterations done
[2026-05-23 15:02:03] mode complete mode=baseline mean_ms=112.007 std_ms=7.575 p95_ms=127.753
[2026-05-23 15:02:04] start mode=optimized model=GIN_fp32.onnx device=NPU warmup=5 iters=100
[2026-05-23 15:02:04] creating session
[2026-05-23 15:02:04] session ready providers=OpenVINOExecutionProvider | CPUExecutionProvider
[2026-05-23 15:02:04] preparing inputs
[2026-05-23 15:02:04] inputs ready
[2026-05-23 15:02:04] warmup start
[2026-05-23 15:02:05] warmup done
[2026-05-23 15:02:05] benchmark iterations start
[2026-05-23 15:02:08] iteration 25/100 elapsed_s=2.9
[2026-05-23 15:02:11] iteration 50/100 elapsed_s=5.6
[2026-05-23 15:02:14] iteration 75/100 elapsed_s=8.6
[2026-05-23 15:02:17] iteration 100/100 elapsed_s=11.4
[2026-05-23 15:02:17] benchmark iterations done
[2026-05-23 15:02:17] mode complete mode=optimized mean_ms=113.821 std_ms=8.362 p95_ms=130.476
[2026-05-23 15:12:13] start mode=baseline model=GIN_fp32.onnx device=GPU warmup=5 iters=100
[2026-05-23 15:12:13] creating session
[2026-05-23 15:12:15] session ready providers=OpenVINOExecutionProvider | CPUExecutionProvider
[2026-05-23 15:12:15] preparing inputs
[2026-05-23 15:12:15] inputs ready
[2026-05-23 15:12:15] warmup start
[2026-05-23 15:12:15] warmup done
[2026-05-23 15:12:15] benchmark iterations start
[2026-05-23 15:12:16] iteration 25/100 elapsed_s=1.2
[2026-05-23 15:12:18] iteration 50/100 elapsed_s=2.5
[2026-05-23 15:12:19] iteration 75/100 elapsed_s=3.8
[2026-05-23 15:12:20] iteration 100/100 elapsed_s=5.0
[2026-05-23 15:12:20] benchmark iterations done
[2026-05-23 15:12:20] mode complete mode=baseline mean_ms=50.080 std_ms=1.102 p95_ms=51.615
[2026-05-23 15:12:20] start mode=optimized model=GIN_fp32.onnx device=GPU warmup=5 iters=100
[2026-05-23 15:12:20] creating session
[2026-05-23 15:12:22] session ready providers=OpenVINOExecutionProvider | CPUExecutionProvider
[2026-05-23 15:12:22] preparing inputs
[2026-05-23 15:12:22] inputs ready
[2026-05-23 15:12:22] warmup start
[2026-05-23 15:12:22] warmup done
[2026-05-23 15:12:22] benchmark iterations start
[2026-05-23 15:12:24] iteration 25/100 elapsed_s=1.3
[2026-05-23 15:12:25] iteration 50/100 elapsed_s=2.5
[2026-05-23 15:12:26] iteration 75/100 elapsed_s=3.7
[2026-05-23 15:12:27] iteration 100/100 elapsed_s=5.0
[2026-05-23 15:12:27] benchmark iterations done
[2026-05-23 15:12:27] mode complete mode=optimized mean_ms=49.928 std_ms=1.068 p95_ms=51.647
[2026-05-23 15:19:29] start mode=baseline model=GIN_fp32.onnx device=CPU warmup=5 iters=100
[2026-05-23 15:19:29] creating session
[2026-05-23 15:19:29] session ready providers=OpenVINOExecutionProvider | CPUExecutionProvider
[2026-05-23 15:19:29] preparing inputs
[2026-05-23 15:19:30] inputs ready
[2026-05-23 15:19:30] warmup start
[2026-05-23 15:19:31] warmup done
[2026-05-23 15:19:31] benchmark iterations start
[2026-05-23 15:19:33] iteration 25/100 elapsed_s=2.7
[2026-05-23 15:19:36] iteration 50/100 elapsed_s=5.7
[2026-05-23 15:19:39] iteration 75/100 elapsed_s=8.4
[2026-05-23 15:19:42] iteration 100/100 elapsed_s=11.3
[2026-05-23 15:19:42] benchmark iterations done
[2026-05-23 15:19:42] mode complete mode=baseline mean_ms=112.490 std_ms=7.905 p95_ms=125.400
[2026-05-23 15:19:42] start mode=optimized model=GIN_fp32.onnx device=CPU warmup=5 iters=100
[2026-05-23 15:19:42] creating session
[2026-05-23 15:19:43] session ready providers=OpenVINOExecutionProvider | CPUExecutionProvider
[2026-05-23 15:19:43] preparing inputs
[2026-05-23 15:19:43] inputs ready
[2026-05-23 15:19:43] warmup start
[2026-05-23 15:19:44] warmup done
[2026-05-23 15:19:44] benchmark iterations start
[2026-05-23 15:19:46] iteration 25/100 elapsed_s=2.7
[2026-05-23 15:19:49] iteration 50/100 elapsed_s=5.6
[2026-05-23 15:19:52] iteration 75/100 elapsed_s=8.5
[2026-05-23 15:19:55] iteration 100/100 elapsed_s=11.2
[2026-05-23 15:19:55] benchmark iterations done
[2026-05-23 15:19:55] mode complete mode=optimized mean_ms=111.736 std_ms=7.506 p95_ms=124.090
