[2026-05-23 12:19:22] start mode=baseline model=resnet50_fp32.onnx device=NPU warmup=5 iters=100
[2026-05-23 12:19:22] creating session
[2026-05-23 12:19:23] session ready providers=OpenVINOExecutionProvider | CPUExecutionProvider
[2026-05-23 12:19:23] preparing inputs
[2026-05-23 12:19:23] inputs ready
[2026-05-23 12:19:23] warmup start
[2026-05-23 12:19:27] warmup done
[2026-05-23 12:19:27] benchmark iterations start
[2026-05-23 12:19:27] iteration 25/100 elapsed_s=0.1
[2026-05-23 12:19:27] iteration 50/100 elapsed_s=0.2
[2026-05-23 12:19:27] iteration 75/100 elapsed_s=0.3
[2026-05-23 12:19:27] iteration 100/100 elapsed_s=0.4
[2026-05-23 12:19:27] benchmark iterations done
[2026-05-23 12:19:27] mode complete mode=baseline mean_ms=3.919 std_ms=0.994 p95_ms=6.804
[2026-05-23 12:19:27] start mode=optimized model=resnet50_fp32.onnx device=NPU warmup=5 iters=100
[2026-05-23 12:19:27] creating session
[2026-05-23 12:19:28] session ready providers=OpenVINOExecutionProvider | CPUExecutionProvider
[2026-05-23 12:19:28] preparing inputs
[2026-05-23 12:19:28] inputs ready
[2026-05-23 12:19:28] warmup start
[2026-05-23 12:19:31] warmup done
[2026-05-23 12:19:31] benchmark iterations start
[2026-05-23 12:19:32] iteration 25/100 elapsed_s=0.1
[2026-05-23 12:19:32] iteration 50/100 elapsed_s=0.2
[2026-05-23 12:19:32] iteration 75/100 elapsed_s=0.3
[2026-05-23 12:19:32] iteration 100/100 elapsed_s=0.4
[2026-05-23 12:19:32] benchmark iterations done
[2026-05-23 12:19:32] mode complete mode=optimized mean_ms=3.880 std_ms=0.925 p95_ms=6.110
[2026-05-23 12:20:33] start mode=baseline model=resnet50_fp32.onnx device=NPU warmup=5 iters=100
[2026-05-23 12:20:33] creating session
[2026-05-23 12:20:34] session ready providers=OpenVINOExecutionProvider | CPUExecutionProvider
[2026-05-23 12:20:34] preparing inputs
[2026-05-23 12:20:34] inputs ready
[2026-05-23 12:20:34] warmup start
[2026-05-23 12:20:37] warmup done
[2026-05-23 12:20:37] benchmark iterations start
[2026-05-23 12:20:37] iteration 25/100 elapsed_s=0.1
[2026-05-23 12:20:38] iteration 50/100 elapsed_s=0.2
[2026-05-23 12:20:38] iteration 75/100 elapsed_s=0.3
[2026-05-23 12:20:38] iteration 100/100 elapsed_s=0.4
[2026-05-23 12:20:38] benchmark iterations done
[2026-05-23 12:20:38] mode complete mode=baseline mean_ms=3.853 std_ms=0.930 p95_ms=6.426
[2026-05-23 12:20:38] start mode=optimized model=resnet50_fp32.onnx device=NPU warmup=5 iters=100
[2026-05-23 12:20:38] creating session
[2026-05-23 12:20:39] session ready providers=OpenVINOExecutionProvider | CPUExecutionProvider
[2026-05-23 12:20:39] preparing inputs
[2026-05-23 12:20:39] inputs ready
[2026-05-23 12:20:39] warmup start
[2026-05-23 12:20:42] warmup done
[2026-05-23 12:20:42] benchmark iterations start
[2026-05-23 12:20:42] iteration 25/100 elapsed_s=0.1
[2026-05-23 12:20:42] iteration 50/100 elapsed_s=0.2
[2026-05-23 12:20:42] iteration 75/100 elapsed_s=0.3
[2026-05-23 12:20:42] iteration 100/100 elapsed_s=0.4
[2026-05-23 12:20:42] benchmark iterations done
[2026-05-23 12:20:42] mode complete mode=optimized mean_ms=3.833 std_ms=1.065 p95_ms=6.745
[2026-05-23 12:21:44] start mode=baseline model=resnet50_fp32.onnx device=NPU warmup=5 iters=100
[2026-05-23 12:21:44] creating session
[2026-05-23 12:21:44] session ready providers=OpenVINOExecutionProvider | CPUExecutionProvider
[2026-05-23 12:21:44] preparing inputs
[2026-05-23 12:21:44] inputs ready
[2026-05-23 12:21:44] warmup start
[2026-05-23 12:21:48] warmup done
[2026-05-23 12:21:48] benchmark iterations start
[2026-05-23 12:21:48] iteration 25/100 elapsed_s=0.1
[2026-05-23 12:21:48] iteration 50/100 elapsed_s=0.2
[2026-05-23 12:21:48] iteration 75/100 elapsed_s=0.3
[2026-05-23 12:21:48] iteration 100/100 elapsed_s=0.4
[2026-05-23 12:21:48] benchmark iterations done
[2026-05-23 12:21:49] mode complete mode=baseline mean_ms=3.907 std_ms=0.908 p95_ms=6.418
[2026-05-23 12:21:49] start mode=optimized model=resnet50_fp32.onnx device=NPU warmup=5 iters=100
[2026-05-23 12:21:49] creating session
[2026-05-23 12:21:49] session ready providers=OpenVINOExecutionProvider | CPUExecutionProvider
[2026-05-23 12:21:49] preparing inputs
[2026-05-23 12:21:49] inputs ready
[2026-05-23 12:21:49] warmup start
[2026-05-23 12:21:53] warmup done
[2026-05-23 12:21:53] benchmark iterations start
[2026-05-23 12:21:53] iteration 25/100 elapsed_s=0.1
[2026-05-23 12:21:53] iteration 50/100 elapsed_s=0.2
[2026-05-23 12:21:53] iteration 75/100 elapsed_s=0.3
[2026-05-23 12:21:53] iteration 100/100 elapsed_s=0.4
[2026-05-23 12:21:53] benchmark iterations done
[2026-05-23 12:21:53] mode complete mode=optimized mean_ms=3.937 std_ms=1.059 p95_ms=6.801
[2026-05-23 12:22:53] start mode=baseline model=resnet50_fp32.onnx device=GPU warmup=5 iters=100
[2026-05-23 12:22:53] creating session
[2026-05-23 12:22:55] session ready providers=OpenVINOExecutionProvider | CPUExecutionProvider
[2026-05-23 12:22:55] preparing inputs
[2026-05-23 12:22:55] inputs ready
[2026-05-23 12:22:55] warmup start
[2026-05-23 12:22:55] warmup done
[2026-05-23 12:22:55] benchmark iterations start
[2026-05-23 12:22:55] iteration 25/100 elapsed_s=0.3
[2026-05-23 12:22:56] iteration 50/100 elapsed_s=0.5
[2026-05-23 12:22:56] iteration 75/100 elapsed_s=0.8
[2026-05-23 12:22:56] iteration 100/100 elapsed_s=1.1
[2026-05-23 12:22:56] benchmark iterations done
[2026-05-23 12:22:56] mode complete mode=baseline mean_ms=10.928 std_ms=0.462 p95_ms=11.574
[2026-05-23 12:22:57] start mode=optimized model=resnet50_fp32.onnx device=GPU warmup=5 iters=100
[2026-05-23 12:22:57] creating session
[2026-05-23 12:22:59] session ready providers=OpenVINOExecutionProvider | CPUExecutionProvider
[2026-05-23 12:22:59] preparing inputs
[2026-05-23 12:22:59] inputs ready
[2026-05-23 12:22:59] warmup start
[2026-05-23 12:22:59] warmup done
[2026-05-23 12:22:59] benchmark iterations start
[2026-05-23 12:22:59] iteration 25/100 elapsed_s=0.3
[2026-05-23 12:23:00] iteration 50/100 elapsed_s=0.6
[2026-05-23 12:23:00] iteration 75/100 elapsed_s=0.8
[2026-05-23 12:23:00] iteration 100/100 elapsed_s=1.1
[2026-05-23 12:23:00] benchmark iterations done
[2026-05-23 12:23:00] mode complete mode=optimized mean_ms=11.004 std_ms=0.599 p95_ms=11.895
[2026-05-23 12:23:43] start mode=baseline model=resnet50_fp32.onnx device=GPU warmup=5 iters=100
[2026-05-23 12:23:43] creating session
[2026-05-23 12:23:46] session ready providers=OpenVINOExecutionProvider | CPUExecutionProvider
[2026-05-23 12:23:46] preparing inputs
[2026-05-23 12:23:46] inputs ready
[2026-05-23 12:23:46] warmup start
[2026-05-23 12:23:46] warmup done
[2026-05-23 12:23:46] benchmark iterations start
[2026-05-23 12:23:46] iteration 25/100 elapsed_s=0.3
[2026-05-23 12:23:47] iteration 50/100 elapsed_s=0.5
[2026-05-23 12:23:47] iteration 75/100 elapsed_s=0.8
[2026-05-23 12:23:47] iteration 100/100 elapsed_s=1.1
[2026-05-23 12:23:47] benchmark iterations done
[2026-05-23 12:23:47] mode complete mode=baseline mean_ms=10.851 std_ms=0.639 p95_ms=11.684
[2026-05-23 12:23:47] start mode=optimized model=resnet50_fp32.onnx device=GPU warmup=5 iters=100
[2026-05-23 12:23:47] creating session
[2026-05-23 12:23:50] session ready providers=OpenVINOExecutionProvider | CPUExecutionProvider
[2026-05-23 12:23:50] preparing inputs
[2026-05-23 12:23:50] inputs ready
[2026-05-23 12:23:50] warmup start
[2026-05-23 12:23:50] warmup done
[2026-05-23 12:23:50] benchmark iterations start
[2026-05-23 12:23:50] iteration 25/100 elapsed_s=0.3
[2026-05-23 12:23:50] iteration 50/100 elapsed_s=0.5
[2026-05-23 12:23:51] iteration 75/100 elapsed_s=0.8
[2026-05-23 12:23:51] iteration 100/100 elapsed_s=1.1
[2026-05-23 12:23:51] benchmark iterations done
[2026-05-23 12:23:51] mode complete mode=optimized mean_ms=10.686 std_ms=0.665 p95_ms=11.525
[2026-05-23 12:24:34] start mode=baseline model=resnet50_fp32.onnx device=GPU warmup=5 iters=100
[2026-05-23 12:24:34] creating session
[2026-05-23 12:24:36] session ready providers=OpenVINOExecutionProvider | CPUExecutionProvider
[2026-05-23 12:24:36] preparing inputs
[2026-05-23 12:24:36] inputs ready
[2026-05-23 12:24:36] warmup start
[2026-05-23 12:24:36] warmup done
[2026-05-23 12:24:36] benchmark iterations start
[2026-05-23 12:24:37] iteration 25/100 elapsed_s=0.3
[2026-05-23 12:24:37] iteration 50/100 elapsed_s=0.6
[2026-05-23 12:24:37] iteration 75/100 elapsed_s=0.8
[2026-05-23 12:24:38] iteration 100/100 elapsed_s=1.1
[2026-05-23 12:24:38] benchmark iterations done
[2026-05-23 12:24:38] mode complete mode=baseline mean_ms=11.076 std_ms=0.507 p95_ms=11.859
[2026-05-23 12:24:38] start mode=optimized model=resnet50_fp32.onnx device=GPU warmup=5 iters=100
[2026-05-23 12:24:38] creating session
[2026-05-23 12:24:40] session ready providers=OpenVINOExecutionProvider | CPUExecutionProvider
[2026-05-23 12:24:40] preparing inputs
[2026-05-23 12:24:40] inputs ready
[2026-05-23 12:24:40] warmup start
[2026-05-23 12:24:40] warmup done
[2026-05-23 12:24:40] benchmark iterations start
[2026-05-23 12:24:41] iteration 25/100 elapsed_s=0.3
[2026-05-23 12:24:41] iteration 50/100 elapsed_s=0.5
[2026-05-23 12:24:41] iteration 75/100 elapsed_s=0.8
[2026-05-23 12:24:41] iteration 100/100 elapsed_s=1.1
[2026-05-23 12:24:41] benchmark iterations done
[2026-05-23 12:24:41] mode complete mode=optimized mean_ms=10.953 std_ms=0.563 p95_ms=11.678
[2026-05-23 12:25:26] start mode=baseline model=resnet50_fp32.onnx device=CPU warmup=5 iters=100
[2026-05-23 12:25:26] creating session
[2026-05-23 12:25:27] session ready providers=OpenVINOExecutionProvider | CPUExecutionProvider
[2026-05-23 12:25:27] preparing inputs
[2026-05-23 12:25:27] inputs ready
[2026-05-23 12:25:27] warmup start
[2026-05-23 12:25:27] warmup done
[2026-05-23 12:25:27] benchmark iterations start
[2026-05-23 12:25:28] iteration 25/100 elapsed_s=0.9
[2026-05-23 12:25:29] iteration 50/100 elapsed_s=1.7
[2026-05-23 12:25:30] iteration 75/100 elapsed_s=2.4
[2026-05-23 12:25:30] iteration 100/100 elapsed_s=3.1
[2026-05-23 12:25:30] benchmark iterations done
[2026-05-23 12:25:30] mode complete mode=baseline mean_ms=30.840 std_ms=5.706 p95_ms=36.971
[2026-05-23 12:25:30] start mode=optimized model=resnet50_fp32.onnx device=CPU warmup=5 iters=100
[2026-05-23 12:25:30] creating session
[2026-05-23 12:25:32] session ready providers=OpenVINOExecutionProvider | CPUExecutionProvider
[2026-05-23 12:25:32] preparing inputs
[2026-05-23 12:25:32] inputs ready
[2026-05-23 12:25:32] warmup start
[2026-05-23 12:25:32] warmup done
[2026-05-23 12:25:32] benchmark iterations start
[2026-05-23 12:25:33] iteration 25/100 elapsed_s=0.9
[2026-05-23 12:25:34] iteration 50/100 elapsed_s=1.7
[2026-05-23 12:25:34] iteration 75/100 elapsed_s=2.6
[2026-05-23 12:25:35] iteration 100/100 elapsed_s=3.3
[2026-05-23 12:25:35] benchmark iterations done
[2026-05-23 12:25:35] mode complete mode=optimized mean_ms=33.363 std_ms=3.187 p95_ms=41.038
[2026-05-23 12:26:19] start mode=baseline model=resnet50_fp32.onnx device=CPU warmup=5 iters=100
[2026-05-23 12:26:19] creating session
[2026-05-23 12:26:21] session ready providers=OpenVINOExecutionProvider | CPUExecutionProvider
[2026-05-23 12:26:21] preparing inputs
[2026-05-23 12:26:21] inputs ready
[2026-05-23 12:26:21] warmup start
[2026-05-23 12:26:21] warmup done
[2026-05-23 12:26:21] benchmark iterations start
[2026-05-23 12:26:22] iteration 25/100 elapsed_s=0.8
[2026-05-23 12:26:22] iteration 50/100 elapsed_s=1.6
[2026-05-23 12:26:23] iteration 75/100 elapsed_s=2.3
[2026-05-23 12:26:24] iteration 100/100 elapsed_s=3.0
[2026-05-23 12:26:24] benchmark iterations done
[2026-05-23 12:26:24] mode complete mode=baseline mean_ms=29.771 std_ms=2.941 p95_ms=34.222
[2026-05-23 12:26:24] start mode=optimized model=resnet50_fp32.onnx device=CPU warmup=5 iters=100
[2026-05-23 12:26:24] creating session
[2026-05-23 12:26:25] session ready providers=OpenVINOExecutionProvider | CPUExecutionProvider
[2026-05-23 12:26:25] preparing inputs
[2026-05-23 12:26:25] inputs ready
[2026-05-23 12:26:25] warmup start
[2026-05-23 12:26:25] warmup done
[2026-05-23 12:26:25] benchmark iterations start
[2026-05-23 12:26:26] iteration 25/100 elapsed_s=1.0
[2026-05-23 12:26:27] iteration 50/100 elapsed_s=1.8
[2026-05-23 12:26:28] iteration 75/100 elapsed_s=2.6
[2026-05-23 12:26:29] iteration 100/100 elapsed_s=3.3
[2026-05-23 12:26:29] benchmark iterations done
[2026-05-23 12:26:29] mode complete mode=optimized mean_ms=32.936 std_ms=4.152 p95_ms=41.132
[2026-05-23 12:27:12] start mode=baseline model=resnet50_fp32.onnx device=CPU warmup=5 iters=100
[2026-05-23 12:27:12] creating session
[2026-05-23 12:27:14] session ready providers=OpenVINOExecutionProvider | CPUExecutionProvider
[2026-05-23 12:27:14] preparing inputs
[2026-05-23 12:27:14] inputs ready
[2026-05-23 12:27:14] warmup start
[2026-05-23 12:27:14] warmup done
[2026-05-23 12:27:14] benchmark iterations start
[2026-05-23 12:27:15] iteration 25/100 elapsed_s=0.9
[2026-05-23 12:27:16] iteration 50/100 elapsed_s=1.7
[2026-05-23 12:27:16] iteration 75/100 elapsed_s=2.5
[2026-05-23 12:27:17] iteration 100/100 elapsed_s=3.4
[2026-05-23 12:27:17] benchmark iterations done
[2026-05-23 12:27:17] mode complete mode=baseline mean_ms=34.309 std_ms=2.539 p95_ms=37.569
[2026-05-23 12:27:18] start mode=optimized model=resnet50_fp32.onnx device=CPU warmup=5 iters=100
[2026-05-23 12:27:18] creating session
[2026-05-23 12:27:19] session ready providers=OpenVINOExecutionProvider | CPUExecutionProvider
[2026-05-23 12:27:19] preparing inputs
[2026-05-23 12:27:19] inputs ready
[2026-05-23 12:27:19] warmup start
[2026-05-23 12:27:19] warmup done
[2026-05-23 12:27:19] benchmark iterations start
[2026-05-23 12:27:20] iteration 25/100 elapsed_s=0.9
[2026-05-23 12:27:21] iteration 50/100 elapsed_s=1.7
[2026-05-23 12:27:21] iteration 75/100 elapsed_s=2.4
[2026-05-23 12:27:22] iteration 100/100 elapsed_s=3.1
[2026-05-23 12:27:22] benchmark iterations done
[2026-05-23 12:27:22] mode complete mode=optimized mean_ms=30.999 std_ms=4.563 p95_ms=38.813
