[2026-05-23 15:03:10] start mode=baseline model=GIN_int8.onnx device=NPU warmup=5 iters=100
[2026-05-23 15:03:10] creating session
[2026-05-23 15:03:11] session ready providers=OpenVINOExecutionProvider | CPUExecutionProvider
[2026-05-23 15:03:11] preparing inputs
[2026-05-23 15:03:11] inputs ready
[2026-05-23 15:03:11] warmup start
[2026-05-23 15:03:12] warmup done
[2026-05-23 15:03:12] benchmark iterations start
[2026-05-23 15:03:14] iteration 25/100 elapsed_s=2.8
[2026-05-23 15:03:17] iteration 50/100 elapsed_s=5.5
[2026-05-23 15:03:20] iteration 75/100 elapsed_s=8.4
[2026-05-23 15:03:23] iteration 100/100 elapsed_s=11.2
[2026-05-23 15:03:23] benchmark iterations done
[2026-05-23 15:03:23] mode complete mode=baseline mean_ms=112.151 std_ms=7.880 p95_ms=125.902
[2026-05-23 15:03:23] start mode=optimized model=GIN_int8.onnx device=NPU warmup=5 iters=100
[2026-05-23 15:03:23] creating session
[2026-05-23 15:03:24] session ready providers=OpenVINOExecutionProvider | CPUExecutionProvider
[2026-05-23 15:03:24] preparing inputs
[2026-05-23 15:03:24] inputs ready
[2026-05-23 15:03:24] warmup start
[2026-05-23 15:03:24] warmup done
[2026-05-23 15:03:24] benchmark iterations start
[2026-05-23 15:03:27] iteration 25/100 elapsed_s=2.8
[2026-05-23 15:03:30] iteration 50/100 elapsed_s=5.6
[2026-05-23 15:03:33] iteration 75/100 elapsed_s=8.2
[2026-05-23 15:03:36] iteration 100/100 elapsed_s=11.2
[2026-05-23 15:03:36] benchmark iterations done
[2026-05-23 15:03:36] mode complete mode=optimized mean_ms=111.504 std_ms=8.119 p95_ms=126.565
[2026-05-23 15:12:58] start mode=baseline model=GIN_int8.onnx device=GPU warmup=5 iters=100
[2026-05-23 15:12:58] creating session
[2026-05-23 15:13:03] session ready providers=OpenVINOExecutionProvider | CPUExecutionProvider
[2026-05-23 15:13:03] preparing inputs
[2026-05-23 15:13:03] inputs ready
[2026-05-23 15:13:03] warmup start
[2026-05-23 15:13:03] warmup done
[2026-05-23 15:13:03] benchmark iterations start
[2026-05-23 15:13:04] iteration 25/100 elapsed_s=1.2
[2026-05-23 15:13:05] iteration 50/100 elapsed_s=2.4
[2026-05-23 15:13:07] iteration 75/100 elapsed_s=3.6
[2026-05-23 15:13:08] iteration 100/100 elapsed_s=4.8
[2026-05-23 15:13:08] benchmark iterations done
[2026-05-23 15:13:08] mode complete mode=baseline mean_ms=47.732 std_ms=1.303 p95_ms=49.438
[2026-05-23 15:13:08] start mode=optimized model=GIN_int8.onnx device=GPU warmup=5 iters=100
[2026-05-23 15:13:08] creating session
[2026-05-23 15:13:10] session ready providers=OpenVINOExecutionProvider | CPUExecutionProvider
[2026-05-23 15:13:10] preparing inputs
[2026-05-23 15:13:10] inputs ready
[2026-05-23 15:13:10] warmup start
[2026-05-23 15:13:10] warmup done
[2026-05-23 15:13:10] benchmark iterations start
[2026-05-23 15:13:11] iteration 25/100 elapsed_s=1.2
[2026-05-23 15:13:12] iteration 50/100 elapsed_s=2.4
[2026-05-23 15:13:14] iteration 75/100 elapsed_s=3.6
[2026-05-23 15:13:15] iteration 100/100 elapsed_s=4.8
[2026-05-23 15:13:15] benchmark iterations done
[2026-05-23 15:13:15] mode complete mode=optimized mean_ms=47.642 std_ms=1.163 p95_ms=49.575
[2026-05-23 15:20:49] start mode=baseline model=GIN_int8.onnx device=CPU warmup=5 iters=100
[2026-05-23 15:20:49] creating session
[2026-05-23 15:20:49] session ready providers=OpenVINOExecutionProvider | CPUExecutionProvider
[2026-05-23 15:20:49] preparing inputs
[2026-05-23 15:20:49] inputs ready
[2026-05-23 15:20:49] warmup start
[2026-05-23 15:20:50] warmup done
[2026-05-23 15:20:50] benchmark iterations start
[2026-05-23 15:20:53] iteration 25/100 elapsed_s=2.8
[2026-05-23 15:20:56] iteration 50/100 elapsed_s=5.5
[2026-05-23 15:20:59] iteration 75/100 elapsed_s=8.4
[2026-05-23 15:21:01] iteration 100/100 elapsed_s=11.2
[2026-05-23 15:21:01] benchmark iterations done
[2026-05-23 15:21:01] mode complete mode=baseline mean_ms=112.093 std_ms=8.899 p95_ms=127.107
[2026-05-23 15:21:02] start mode=optimized model=GIN_int8.onnx device=CPU warmup=5 iters=100
[2026-05-23 15:21:02] creating session
[2026-05-23 15:21:02] session ready providers=OpenVINOExecutionProvider | CPUExecutionProvider
[2026-05-23 15:21:02] preparing inputs
[2026-05-23 15:21:02] inputs ready
[2026-05-23 15:21:02] warmup start
[2026-05-23 15:21:03] warmup done
[2026-05-23 15:21:03] benchmark iterations start
[2026-05-23 15:21:06] iteration 25/100 elapsed_s=2.9
[2026-05-23 15:21:09] iteration 50/100 elapsed_s=5.6
[2026-05-23 15:21:11] iteration 75/100 elapsed_s=8.3
[2026-05-23 15:21:14] iteration 100/100 elapsed_s=11.3
[2026-05-23 15:21:14] benchmark iterations done
[2026-05-23 15:21:14] mode complete mode=optimized mean_ms=112.749 std_ms=9.381 p95_ms=129.417
