[2026-05-23 14:53:24] start mode=baseline model=GCN_fp32.onnx device=NPU warmup=5 iters=100
[2026-05-23 14:53:24] creating session
[2026-05-23 14:53:24] session ready providers=OpenVINOExecutionProvider | CPUExecutionProvider
[2026-05-23 14:53:24] preparing inputs
[2026-05-23 14:53:24] inputs ready
[2026-05-23 14:53:24] warmup start
[2026-05-23 14:53:24] warmup done
[2026-05-23 14:53:24] benchmark iterations start
[2026-05-23 14:53:25] iteration 25/100 elapsed_s=0.3
[2026-05-23 14:53:25] iteration 50/100 elapsed_s=0.4
[2026-05-23 14:53:25] iteration 75/100 elapsed_s=0.6
[2026-05-23 14:53:25] iteration 100/100 elapsed_s=0.8
[2026-05-23 14:53:25] benchmark iterations done
[2026-05-23 14:53:25] mode complete mode=baseline mean_ms=8.303 std_ms=1.930 p95_ms=12.082
[2026-05-23 14:53:26] start mode=optimized model=GCN_fp32.onnx device=NPU warmup=5 iters=100
[2026-05-23 14:53:26] creating session
[2026-05-23 14:53:26] session ready providers=OpenVINOExecutionProvider | CPUExecutionProvider
[2026-05-23 14:53:26] preparing inputs
[2026-05-23 14:53:26] inputs ready
[2026-05-23 14:53:26] warmup start
[2026-05-23 14:53:26] warmup done
[2026-05-23 14:53:26] benchmark iterations start
[2026-05-23 14:53:27] iteration 25/100 elapsed_s=0.2
[2026-05-23 14:53:27] iteration 50/100 elapsed_s=0.4
[2026-05-23 14:53:27] iteration 75/100 elapsed_s=0.6
[2026-05-23 14:53:27] iteration 100/100 elapsed_s=0.8
[2026-05-23 14:53:27] benchmark iterations done
[2026-05-23 14:53:27] mode complete mode=optimized mean_ms=8.133 std_ms=1.338 p95_ms=11.160
[2026-05-23 14:57:01] start mode=baseline model=GCN_fp32.onnx device=CPU warmup=5 iters=100
[2026-05-23 14:57:01] creating session
[2026-05-23 14:57:01] session ready providers=OpenVINOExecutionProvider | CPUExecutionProvider
[2026-05-23 14:57:01] preparing inputs
[2026-05-23 14:57:01] inputs ready
[2026-05-23 14:57:01] warmup start
[2026-05-23 14:57:02] warmup done
[2026-05-23 14:57:02] benchmark iterations start
[2026-05-23 14:57:02] iteration 25/100 elapsed_s=0.2
[2026-05-23 14:57:02] iteration 50/100 elapsed_s=0.4
[2026-05-23 14:57:02] iteration 75/100 elapsed_s=0.6
[2026-05-23 14:57:02] iteration 100/100 elapsed_s=0.8
[2026-05-23 14:57:02] benchmark iterations done
[2026-05-23 14:57:02] mode complete mode=baseline mean_ms=7.949 std_ms=1.143 p95_ms=10.344
[2026-05-23 14:57:03] start mode=optimized model=GCN_fp32.onnx device=CPU warmup=5 iters=100
[2026-05-23 14:57:03] creating session
[2026-05-23 14:57:03] session ready providers=OpenVINOExecutionProvider | CPUExecutionProvider
[2026-05-23 14:57:03] preparing inputs
[2026-05-23 14:57:03] inputs ready
[2026-05-23 14:57:03] warmup start
[2026-05-23 14:57:03] warmup done
[2026-05-23 14:57:03] benchmark iterations start
[2026-05-23 14:57:04] iteration 25/100 elapsed_s=0.2
[2026-05-23 14:57:04] iteration 50/100 elapsed_s=0.4
[2026-05-23 14:57:04] iteration 75/100 elapsed_s=0.6
[2026-05-23 14:57:04] iteration 100/100 elapsed_s=0.8
[2026-05-23 14:57:04] benchmark iterations done
[2026-05-23 14:57:04] mode complete mode=optimized mean_ms=7.988 std_ms=1.220 p95_ms=10.775
