[2026-05-23 11:29:30] start mode=baseline model=MPNN_int8.onnx device=GPU warmup=5 iters=100
[2026-05-23 11:29:30] creating session
[2026-05-23 11:29:30] session ready providers=CPUExecutionProvider
[2026-05-23 11:29:30] preparing inputs
[2026-05-23 11:29:30] inputs ready
[2026-05-23 11:29:30] warmup start
[2026-05-23 11:29:31] warmup done
[2026-05-23 11:29:31] benchmark iterations start
[2026-05-23 11:29:32] iteration 25/100 elapsed_s=0.8
[2026-05-23 11:29:32] iteration 50/100 elapsed_s=1.6
[2026-05-23 11:29:33] iteration 75/100 elapsed_s=2.4
[2026-05-23 11:29:34] iteration 100/100 elapsed_s=3.2
[2026-05-23 11:29:34] benchmark iterations done
[2026-05-23 11:29:34] mode complete mode=baseline mean_ms=31.993 std_ms=4.117 p95_ms=41.454
[2026-05-23 11:29:34] start mode=optimized model=MPNN_int8.onnx device=GPU warmup=5 iters=100
[2026-05-23 11:29:34] creating session
[2026-05-23 11:29:34] session ready providers=CPUExecutionProvider
[2026-05-23 11:29:34] preparing inputs
[2026-05-23 11:29:35] inputs ready
[2026-05-23 11:29:35] warmup start
[2026-05-23 11:29:35] warmup done
[2026-05-23 11:29:35] benchmark iterations start
[2026-05-23 11:29:36] iteration 25/100 elapsed_s=0.7
[2026-05-23 11:29:37] iteration 50/100 elapsed_s=1.4
[2026-05-23 11:29:37] iteration 75/100 elapsed_s=2.2
[2026-05-23 11:29:38] iteration 100/100 elapsed_s=2.9
[2026-05-23 11:29:38] benchmark iterations done
[2026-05-23 11:29:38] mode complete mode=optimized mean_ms=28.803 std_ms=3.625 p95_ms=37.227
[2026-05-23 11:30:07] start mode=baseline model=MPNN_int8.onnx device=GPU warmup=5 iters=100
[2026-05-23 11:30:07] creating session
[2026-05-23 11:30:07] session ready providers=CPUExecutionProvider
[2026-05-23 11:30:07] preparing inputs
[2026-05-23 11:30:09] inputs ready
[2026-05-23 11:30:09] warmup start
[2026-05-23 11:30:10] warmup done
[2026-05-23 11:30:10] benchmark iterations start
[2026-05-23 11:30:11] iteration 25/100 elapsed_s=1.2
[2026-05-23 11:30:12] iteration 50/100 elapsed_s=2.3
[2026-05-23 11:30:13] iteration 75/100 elapsed_s=3.2
[2026-05-23 11:30:14] iteration 100/100 elapsed_s=4.0
[2026-05-23 11:30:14] benchmark iterations done
[2026-05-23 11:30:14] mode complete mode=baseline mean_ms=39.809 std_ms=16.062 p95_ms=66.080
[2026-05-23 11:30:14] start mode=optimized model=MPNN_int8.onnx device=GPU warmup=5 iters=100
[2026-05-23 11:30:14] creating session
[2026-05-23 11:30:14] session ready providers=CPUExecutionProvider
[2026-05-23 11:30:14] preparing inputs
[2026-05-23 11:30:17] inputs ready
[2026-05-23 11:30:17] warmup start
[2026-05-23 11:30:17] warmup done
[2026-05-23 11:30:17] benchmark iterations start
[2026-05-23 11:30:17] iteration 25/100 elapsed_s=0.7
[2026-05-23 11:30:18] iteration 50/100 elapsed_s=1.7
[2026-05-23 11:30:19] iteration 75/100 elapsed_s=2.7
[2026-05-23 11:30:20] iteration 100/100 elapsed_s=3.6
[2026-05-23 11:30:20] benchmark iterations done
[2026-05-23 11:30:20] mode complete mode=optimized mean_ms=36.217 std_ms=10.976 p95_ms=55.538
[2026-05-23 11:30:54] start mode=baseline model=MPNN_int8.onnx device=GPU warmup=5 iters=100
[2026-05-23 11:30:54] creating session
[2026-05-23 11:30:54] session ready providers=CPUExecutionProvider
[2026-05-23 11:30:54] preparing inputs
[2026-05-23 11:30:57] inputs ready
[2026-05-23 11:30:57] warmup start
[2026-05-23 11:30:57] warmup done
[2026-05-23 11:30:57] benchmark iterations start
[2026-05-23 11:30:58] iteration 25/100 elapsed_s=0.8
[2026-05-23 11:30:59] iteration 50/100 elapsed_s=1.9
[2026-05-23 11:31:00] iteration 75/100 elapsed_s=3.0
[2026-05-23 11:31:01] iteration 100/100 elapsed_s=4.0
[2026-05-23 11:31:01] benchmark iterations done
[2026-05-23 11:31:01] mode complete mode=baseline mean_ms=39.653 std_ms=9.088 p95_ms=57.978
[2026-05-23 11:31:02] start mode=optimized model=MPNN_int8.onnx device=GPU warmup=5 iters=100
[2026-05-23 11:31:02] creating session
[2026-05-23 11:31:02] session ready providers=CPUExecutionProvider
[2026-05-23 11:31:02] preparing inputs
[2026-05-23 11:31:05] inputs ready
[2026-05-23 11:31:05] warmup start
[2026-05-23 11:31:05] warmup done
[2026-05-23 11:31:05] benchmark iterations start
[2026-05-23 11:31:05] iteration 25/100 elapsed_s=0.7
[2026-05-23 11:31:06] iteration 50/100 elapsed_s=1.4
[2026-05-23 11:31:07] iteration 75/100 elapsed_s=2.4
[2026-05-23 11:31:08] iteration 100/100 elapsed_s=3.4
[2026-05-23 11:31:08] benchmark iterations done
[2026-05-23 11:31:08] mode complete mode=optimized mean_ms=33.792 std_ms=10.603 p95_ms=52.831
[2026-05-23 11:33:45] start mode=baseline model=MPNN_int8.onnx device=CPU warmup=5 iters=100
[2026-05-23 11:33:45] creating session
[2026-05-23 11:33:45] session ready providers=CPUExecutionProvider
[2026-05-23 11:33:45] preparing inputs
[2026-05-23 11:33:46] inputs ready
[2026-05-23 11:33:46] warmup start
[2026-05-23 11:33:46] warmup done
[2026-05-23 11:33:46] benchmark iterations start
[2026-05-23 11:33:47] iteration 25/100 elapsed_s=0.7
[2026-05-23 11:33:48] iteration 50/100 elapsed_s=1.3
[2026-05-23 11:33:48] iteration 75/100 elapsed_s=1.9
[2026-05-23 11:33:49] iteration 100/100 elapsed_s=2.5
[2026-05-23 11:33:49] benchmark iterations done
[2026-05-23 11:33:49] mode complete mode=baseline mean_ms=25.294 std_ms=4.156 p95_ms=30.995
[2026-05-23 11:33:49] start mode=optimized model=MPNN_int8.onnx device=CPU warmup=5 iters=100
[2026-05-23 11:33:49] creating session
[2026-05-23 11:33:49] session ready providers=CPUExecutionProvider
[2026-05-23 11:33:49] preparing inputs
[2026-05-23 11:33:50] inputs ready
[2026-05-23 11:33:50] warmup start
[2026-05-23 11:33:50] warmup done
[2026-05-23 11:33:50] benchmark iterations start
[2026-05-23 11:33:51] iteration 25/100 elapsed_s=0.7
[2026-05-23 11:33:52] iteration 50/100 elapsed_s=1.5
[2026-05-23 11:33:53] iteration 75/100 elapsed_s=2.3
[2026-05-23 11:33:53] iteration 100/100 elapsed_s=3.0
[2026-05-23 11:33:53] benchmark iterations done
[2026-05-23 11:33:53] mode complete mode=optimized mean_ms=29.737 std_ms=4.098 p95_ms=37.853
[2026-05-23 11:34:22] start mode=baseline model=MPNN_int8.onnx device=CPU warmup=5 iters=100
[2026-05-23 11:34:22] creating session
[2026-05-23 11:34:22] session ready providers=CPUExecutionProvider
[2026-05-23 11:34:22] preparing inputs
[2026-05-23 11:34:24] inputs ready
[2026-05-23 11:34:24] warmup start
[2026-05-23 11:34:25] warmup done
[2026-05-23 11:34:25] benchmark iterations start
[2026-05-23 11:34:26] iteration 25/100 elapsed_s=1.0
[2026-05-23 11:34:27] iteration 50/100 elapsed_s=2.1
[2026-05-23 11:34:28] iteration 75/100 elapsed_s=3.2
[2026-05-23 11:34:29] iteration 100/100 elapsed_s=4.1
[2026-05-23 11:34:29] benchmark iterations done
[2026-05-23 11:34:29] mode complete mode=baseline mean_ms=40.983 std_ms=11.964 p95_ms=60.564
[2026-05-23 11:34:29] start mode=optimized model=MPNN_int8.onnx device=CPU warmup=5 iters=100
[2026-05-23 11:34:29] creating session
[2026-05-23 11:34:29] session ready providers=CPUExecutionProvider
[2026-05-23 11:34:29] preparing inputs
[2026-05-23 11:34:31] inputs ready
[2026-05-23 11:34:31] warmup start
[2026-05-23 11:34:32] warmup done
[2026-05-23 11:34:32] benchmark iterations start
[2026-05-23 11:34:33] iteration 25/100 elapsed_s=0.8
[2026-05-23 11:34:33] iteration 50/100 elapsed_s=1.5
[2026-05-23 11:34:34] iteration 75/100 elapsed_s=2.2
[2026-05-23 11:34:35] iteration 100/100 elapsed_s=3.0
[2026-05-23 11:34:35] benchmark iterations done
[2026-05-23 11:34:35] mode complete mode=optimized mean_ms=30.195 std_ms=5.568 p95_ms=42.934
[2026-05-23 11:35:09] start mode=baseline model=MPNN_int8.onnx device=CPU warmup=5 iters=100
[2026-05-23 11:35:09] creating session
[2026-05-23 11:35:09] session ready providers=CPUExecutionProvider
[2026-05-23 11:35:09] preparing inputs
[2026-05-23 11:35:11] inputs ready
[2026-05-23 11:35:11] warmup start
[2026-05-23 11:35:12] warmup done
[2026-05-23 11:35:12] benchmark iterations start
[2026-05-23 11:35:13] iteration 25/100 elapsed_s=0.8
[2026-05-23 11:35:13] iteration 50/100 elapsed_s=1.6
[2026-05-23 11:35:14] iteration 75/100 elapsed_s=2.4
[2026-05-23 11:35:15] iteration 100/100 elapsed_s=3.5
[2026-05-23 11:35:15] benchmark iterations done
[2026-05-23 11:35:15] mode complete mode=baseline mean_ms=34.550 std_ms=8.664 p95_ms=51.968
[2026-05-23 11:35:16] start mode=optimized model=MPNN_int8.onnx device=CPU warmup=5 iters=100
[2026-05-23 11:35:16] creating session
[2026-05-23 11:35:16] session ready providers=CPUExecutionProvider
[2026-05-23 11:35:16] preparing inputs
[2026-05-23 11:35:19] inputs ready
[2026-05-23 11:35:19] warmup start
[2026-05-23 11:35:19] warmup done
[2026-05-23 11:35:19] benchmark iterations start
[2026-05-23 11:35:20] iteration 25/100 elapsed_s=0.7
[2026-05-23 11:35:20] iteration 50/100 elapsed_s=1.4
[2026-05-23 11:35:21] iteration 75/100 elapsed_s=2.1
[2026-05-23 11:35:22] iteration 100/100 elapsed_s=2.8
[2026-05-23 11:35:22] benchmark iterations done
[2026-05-23 11:35:22] mode complete mode=optimized mean_ms=27.556 std_ms=4.044 p95_ms=35.769
