[2026-05-23 14:53:41] start mode=baseline model=GCN_int8.onnx device=NPU warmup=5 iters=100
[2026-05-23 14:53:41] creating session
[2026-05-23 14:53:41] session ready providers=OpenVINOExecutionProvider | CPUExecutionProvider
[2026-05-23 14:53:41] preparing inputs
[2026-05-23 14:53:41] inputs ready
[2026-05-23 14:53:41] warmup start
[2026-05-23 14:53:42] warmup done
[2026-05-23 14:53:42] benchmark iterations start
[2026-05-23 14:53:42] iteration 25/100 elapsed_s=0.2
[2026-05-23 14:53:42] iteration 50/100 elapsed_s=0.4
[2026-05-23 14:53:42] iteration 75/100 elapsed_s=0.6
[2026-05-23 14:53:42] iteration 100/100 elapsed_s=0.8
[2026-05-23 14:53:42] benchmark iterations done
[2026-05-23 14:53:42] mode complete mode=baseline mean_ms=7.939 std_ms=1.029 p95_ms=10.024
[2026-05-23 14:53:43] start mode=optimized model=GCN_int8.onnx device=NPU warmup=5 iters=100
[2026-05-23 14:53:43] creating session
[2026-05-23 14:53:43] session ready providers=OpenVINOExecutionProvider | CPUExecutionProvider
[2026-05-23 14:53:43] preparing inputs
[2026-05-23 14:53:43] inputs ready
[2026-05-23 14:53:43] warmup start
[2026-05-23 14:53:43] warmup done
[2026-05-23 14:53:43] benchmark iterations start
[2026-05-23 14:53:44] iteration 25/100 elapsed_s=0.2
[2026-05-23 14:53:44] iteration 50/100 elapsed_s=0.4
[2026-05-23 14:53:44] iteration 75/100 elapsed_s=0.6
[2026-05-23 14:53:44] iteration 100/100 elapsed_s=0.8
[2026-05-23 14:53:44] benchmark iterations done
[2026-05-23 14:53:44] mode complete mode=optimized mean_ms=7.989 std_ms=1.463 p95_ms=10.880
[2026-05-23 14:57:17] start mode=baseline model=GCN_int8.onnx device=CPU warmup=5 iters=100
[2026-05-23 14:57:17] creating session
[2026-05-23 14:57:18] session ready providers=OpenVINOExecutionProvider | CPUExecutionProvider
[2026-05-23 14:57:18] preparing inputs
[2026-05-23 14:57:18] inputs ready
[2026-05-23 14:57:18] warmup start
[2026-05-23 14:57:18] warmup done
[2026-05-23 14:57:18] benchmark iterations start
[2026-05-23 14:57:18] iteration 25/100 elapsed_s=0.2
[2026-05-23 14:57:19] iteration 50/100 elapsed_s=0.4
[2026-05-23 14:57:19] iteration 75/100 elapsed_s=0.6
[2026-05-23 14:57:19] iteration 100/100 elapsed_s=0.8
[2026-05-23 14:57:19] benchmark iterations done
[2026-05-23 14:57:19] mode complete mode=baseline mean_ms=8.206 std_ms=0.941 p95_ms=10.029
[2026-05-23 14:57:19] start mode=optimized model=GCN_int8.onnx device=CPU warmup=5 iters=100
[2026-05-23 14:57:19] creating session
[2026-05-23 14:57:20] session ready providers=OpenVINOExecutionProvider | CPUExecutionProvider
[2026-05-23 14:57:20] preparing inputs
[2026-05-23 14:57:20] inputs ready
[2026-05-23 14:57:20] warmup start
[2026-05-23 14:57:20] warmup done
[2026-05-23 14:57:20] benchmark iterations start
[2026-05-23 14:57:20] iteration 25/100 elapsed_s=0.2
[2026-05-23 14:57:20] iteration 50/100 elapsed_s=0.4
[2026-05-23 14:57:21] iteration 75/100 elapsed_s=0.6
[2026-05-23 14:57:21] iteration 100/100 elapsed_s=0.8
[2026-05-23 14:57:21] benchmark iterations done
[2026-05-23 14:57:21] mode complete mode=optimized mean_ms=8.025 std_ms=0.964 p95_ms=10.001
