[2026-05-23 10:35:15] start mode=baseline model=GATv2_fp32.onnx device=NPU warmup=5 iters=100
[2026-05-23 10:35:15] creating session
[2026-05-23 10:35:16] session ready providers=OpenVINOExecutionProvider | CPUExecutionProvider
[2026-05-23 10:35:16] preparing inputs
[2026-05-23 10:35:16] inputs ready
[2026-05-23 10:35:16] warmup start
[2026-05-23 10:35:16] warmup done
[2026-05-23 10:35:16] benchmark iterations start
[2026-05-23 10:35:16] iteration 25/100 elapsed_s=0.3
[2026-05-23 10:35:17] iteration 50/100 elapsed_s=0.7
[2026-05-23 10:35:17] iteration 75/100 elapsed_s=1.0
[2026-05-23 10:35:17] iteration 100/100 elapsed_s=1.3
[2026-05-23 10:35:17] benchmark iterations done
[2026-05-23 10:35:17] mode complete mode=baseline mean_ms=12.863 std_ms=1.460 p95_ms=14.631
[2026-05-23 10:35:18] start mode=optimized model=GATv2_fp32.onnx device=NPU warmup=5 iters=100
[2026-05-23 10:35:18] creating session
[2026-05-23 10:35:18] session ready providers=OpenVINOExecutionProvider | CPUExecutionProvider
[2026-05-23 10:35:18] preparing inputs
[2026-05-23 10:35:18] inputs ready
[2026-05-23 10:35:18] warmup start
[2026-05-23 10:35:18] warmup done
[2026-05-23 10:35:18] benchmark iterations start
[2026-05-23 10:35:19] iteration 25/100 elapsed_s=0.4
[2026-05-23 10:35:19] iteration 50/100 elapsed_s=0.7
[2026-05-23 10:35:19] iteration 75/100 elapsed_s=1.0
[2026-05-23 10:35:20] iteration 100/100 elapsed_s=1.3
[2026-05-23 10:35:20] benchmark iterations done
[2026-05-23 10:35:20] mode complete mode=optimized mean_ms=13.318 std_ms=1.569 p95_ms=16.095
[2026-05-23 10:35:39] start mode=baseline model=GATv2_fp32.onnx device=NPU warmup=5 iters=100
[2026-05-23 10:35:39] creating session
[2026-05-23 10:35:39] session ready providers=OpenVINOExecutionProvider | CPUExecutionProvider
[2026-05-23 10:35:39] preparing inputs
[2026-05-23 10:35:41] inputs ready
[2026-05-23 10:35:41] warmup start
[2026-05-23 10:35:41] warmup done
[2026-05-23 10:35:41] benchmark iterations start
[2026-05-23 10:35:41] iteration 25/100 elapsed_s=0.3
[2026-05-23 10:35:42] iteration 50/100 elapsed_s=0.6
[2026-05-23 10:35:42] iteration 75/100 elapsed_s=1.0
[2026-05-23 10:35:42] iteration 100/100 elapsed_s=1.3
[2026-05-23 10:35:42] benchmark iterations done
[2026-05-23 10:35:42] mode complete mode=baseline mean_ms=12.768 std_ms=0.827 p95_ms=13.941
[2026-05-23 10:35:43] start mode=optimized model=GATv2_fp32.onnx device=NPU warmup=5 iters=100
[2026-05-23 10:35:43] creating session
[2026-05-23 10:35:43] session ready providers=OpenVINOExecutionProvider | CPUExecutionProvider
[2026-05-23 10:35:43] preparing inputs
[2026-05-23 10:35:45] inputs ready
[2026-05-23 10:35:45] warmup start
[2026-05-23 10:35:45] warmup done
[2026-05-23 10:35:45] benchmark iterations start
[2026-05-23 10:35:45] iteration 25/100 elapsed_s=0.3
[2026-05-23 10:35:46] iteration 50/100 elapsed_s=0.7
[2026-05-23 10:35:46] iteration 75/100 elapsed_s=1.0
[2026-05-23 10:35:46] iteration 100/100 elapsed_s=1.3
[2026-05-23 10:35:46] benchmark iterations done
[2026-05-23 10:35:46] mode complete mode=optimized mean_ms=12.812 std_ms=1.343 p95_ms=14.665
[2026-05-23 10:36:10] start mode=baseline model=GATv2_fp32.onnx device=NPU warmup=5 iters=100
[2026-05-23 10:36:10] creating session
[2026-05-23 10:36:11] session ready providers=OpenVINOExecutionProvider | CPUExecutionProvider
[2026-05-23 10:36:11] preparing inputs
[2026-05-23 10:36:13] inputs ready
[2026-05-23 10:36:13] warmup start
[2026-05-23 10:36:13] warmup done
[2026-05-23 10:36:13] benchmark iterations start
[2026-05-23 10:36:13] iteration 25/100 elapsed_s=0.3
[2026-05-23 10:36:14] iteration 50/100 elapsed_s=0.6
[2026-05-23 10:36:14] iteration 75/100 elapsed_s=1.0
[2026-05-23 10:36:14] iteration 100/100 elapsed_s=1.3
[2026-05-23 10:36:14] benchmark iterations done
[2026-05-23 10:36:14] mode complete mode=baseline mean_ms=12.651 std_ms=1.499 p95_ms=15.167
[2026-05-23 10:36:15] start mode=optimized model=GATv2_fp32.onnx device=NPU warmup=5 iters=100
[2026-05-23 10:36:15] creating session
[2026-05-23 10:36:15] session ready providers=OpenVINOExecutionProvider | CPUExecutionProvider
[2026-05-23 10:36:15] preparing inputs
[2026-05-23 10:36:17] inputs ready
[2026-05-23 10:36:17] warmup start
[2026-05-23 10:36:18] warmup done
[2026-05-23 10:36:18] benchmark iterations start
[2026-05-23 10:36:18] iteration 25/100 elapsed_s=0.4
[2026-05-23 10:36:18] iteration 50/100 elapsed_s=0.7
[2026-05-23 10:36:19] iteration 75/100 elapsed_s=1.0
[2026-05-23 10:36:19] iteration 100/100 elapsed_s=1.3
[2026-05-23 10:36:19] benchmark iterations done
[2026-05-23 10:36:19] mode complete mode=optimized mean_ms=13.199 std_ms=3.098 p95_ms=17.029
[2026-05-23 10:36:36] start mode=baseline model=GATv2_fp32.onnx device=GPU warmup=5 iters=100
[2026-05-23 10:36:36] creating session
[2026-05-23 10:36:38] session ready providers=OpenVINOExecutionProvider | CPUExecutionProvider
[2026-05-23 10:36:38] preparing inputs
[2026-05-23 10:36:38] inputs ready
[2026-05-23 10:36:38] warmup start
[2026-05-23 10:36:38] warmup done
[2026-05-23 10:36:38] benchmark iterations start
[2026-05-23 10:36:38] iteration 25/100 elapsed_s=0.2
[2026-05-23 10:36:39] iteration 50/100 elapsed_s=0.4
[2026-05-23 10:36:39] iteration 75/100 elapsed_s=0.6
[2026-05-23 10:36:39] iteration 100/100 elapsed_s=0.8
[2026-05-23 10:36:39] benchmark iterations done
[2026-05-23 10:36:39] mode complete mode=baseline mean_ms=8.274 std_ms=1.078 p95_ms=9.912
[2026-05-23 10:36:39] start mode=optimized model=GATv2_fp32.onnx device=GPU warmup=5 iters=100
[2026-05-23 10:36:39] creating session
[2026-05-23 10:36:41] session ready providers=OpenVINOExecutionProvider | CPUExecutionProvider
[2026-05-23 10:36:41] preparing inputs
[2026-05-23 10:36:41] inputs ready
[2026-05-23 10:36:41] warmup start
[2026-05-23 10:36:41] warmup done
[2026-05-23 10:36:41] benchmark iterations start
[2026-05-23 10:36:41] iteration 25/100 elapsed_s=0.2
[2026-05-23 10:36:41] iteration 50/100 elapsed_s=0.4
[2026-05-23 10:36:42] iteration 75/100 elapsed_s=0.6
[2026-05-23 10:36:42] iteration 100/100 elapsed_s=0.8
[2026-05-23 10:36:42] benchmark iterations done
[2026-05-23 10:36:42] mode complete mode=optimized mean_ms=8.353 std_ms=0.882 p95_ms=9.479
[2026-05-23 10:36:59] start mode=baseline model=GATv2_fp32.onnx device=GPU warmup=5 iters=100
[2026-05-23 10:36:59] creating session
[2026-05-23 10:37:00] session ready providers=OpenVINOExecutionProvider | CPUExecutionProvider
[2026-05-23 10:37:00] preparing inputs
[2026-05-23 10:37:02] inputs ready
[2026-05-23 10:37:02] warmup start
[2026-05-23 10:37:02] warmup done
[2026-05-23 10:37:02] benchmark iterations start
[2026-05-23 10:37:02] iteration 25/100 elapsed_s=0.2
[2026-05-23 10:37:02] iteration 50/100 elapsed_s=0.5
[2026-05-23 10:37:03] iteration 75/100 elapsed_s=0.7
[2026-05-23 10:37:03] iteration 100/100 elapsed_s=1.0
[2026-05-23 10:37:03] benchmark iterations done
[2026-05-23 10:37:03] mode complete mode=baseline mean_ms=9.666 std_ms=0.692 p95_ms=10.661
[2026-05-23 10:37:03] start mode=optimized model=GATv2_fp32.onnx device=GPU warmup=5 iters=100
[2026-05-23 10:37:03] creating session
[2026-05-23 10:37:05] session ready providers=OpenVINOExecutionProvider | CPUExecutionProvider
[2026-05-23 10:37:05] preparing inputs
[2026-05-23 10:37:07] inputs ready
[2026-05-23 10:37:07] warmup start
[2026-05-23 10:37:07] warmup done
[2026-05-23 10:37:07] benchmark iterations start
[2026-05-23 10:37:07] iteration 25/100 elapsed_s=0.2
[2026-05-23 10:37:07] iteration 50/100 elapsed_s=0.5
[2026-05-23 10:37:07] iteration 75/100 elapsed_s=0.7
[2026-05-23 10:37:08] iteration 100/100 elapsed_s=0.9
[2026-05-23 10:37:08] benchmark iterations done
[2026-05-23 10:37:08] mode complete mode=optimized mean_ms=9.329 std_ms=0.748 p95_ms=10.446
[2026-05-23 10:37:29] start mode=baseline model=GATv2_fp32.onnx device=GPU warmup=5 iters=100
[2026-05-23 10:37:29] creating session
[2026-05-23 10:37:30] session ready providers=OpenVINOExecutionProvider | CPUExecutionProvider
[2026-05-23 10:37:30] preparing inputs
[2026-05-23 10:37:33] inputs ready
[2026-05-23 10:37:33] warmup start
[2026-05-23 10:37:33] warmup done
[2026-05-23 10:37:33] benchmark iterations start
[2026-05-23 10:37:33] iteration 25/100 elapsed_s=0.2
[2026-05-23 10:37:33] iteration 50/100 elapsed_s=0.5
[2026-05-23 10:37:34] iteration 75/100 elapsed_s=0.7
[2026-05-23 10:37:34] iteration 100/100 elapsed_s=0.9
[2026-05-23 10:37:34] benchmark iterations done
[2026-05-23 10:37:34] mode complete mode=baseline mean_ms=9.258 std_ms=0.695 p95_ms=10.281
[2026-05-23 10:37:34] start mode=optimized model=GATv2_fp32.onnx device=GPU warmup=5 iters=100
[2026-05-23 10:37:34] creating session
[2026-05-23 10:37:36] session ready providers=OpenVINOExecutionProvider | CPUExecutionProvider
[2026-05-23 10:37:36] preparing inputs
[2026-05-23 10:37:38] inputs ready
[2026-05-23 10:37:38] warmup start
[2026-05-23 10:37:38] warmup done
[2026-05-23 10:37:38] benchmark iterations start
[2026-05-23 10:37:38] iteration 25/100 elapsed_s=0.2
[2026-05-23 10:37:39] iteration 50/100 elapsed_s=0.5
[2026-05-23 10:37:39] iteration 75/100 elapsed_s=0.7
[2026-05-23 10:37:39] iteration 100/100 elapsed_s=0.9
[2026-05-23 10:37:39] benchmark iterations done
[2026-05-23 10:37:39] mode complete mode=optimized mean_ms=9.174 std_ms=0.725 p95_ms=10.333
[2026-05-23 10:37:56] start mode=baseline model=GATv2_fp32.onnx device=CPU warmup=5 iters=100
[2026-05-23 10:37:56] creating session
[2026-05-23 10:37:57] session ready providers=OpenVINOExecutionProvider | CPUExecutionProvider
[2026-05-23 10:37:57] preparing inputs
[2026-05-23 10:37:57] inputs ready
[2026-05-23 10:37:57] warmup start
[2026-05-23 10:37:57] warmup done
[2026-05-23 10:37:57] benchmark iterations start
[2026-05-23 10:37:58] iteration 25/100 elapsed_s=0.3
[2026-05-23 10:37:58] iteration 50/100 elapsed_s=0.7
[2026-05-23 10:37:58] iteration 75/100 elapsed_s=1.0
[2026-05-23 10:37:59] iteration 100/100 elapsed_s=1.3
[2026-05-23 10:37:59] benchmark iterations done
[2026-05-23 10:37:59] mode complete mode=baseline mean_ms=13.067 std_ms=1.408 p95_ms=16.215
[2026-05-23 10:37:59] start mode=optimized model=GATv2_fp32.onnx device=CPU warmup=5 iters=100
[2026-05-23 10:37:59] creating session
[2026-05-23 10:37:59] session ready providers=OpenVINOExecutionProvider | CPUExecutionProvider
[2026-05-23 10:37:59] preparing inputs
[2026-05-23 10:38:00] inputs ready
[2026-05-23 10:38:00] warmup start
[2026-05-23 10:38:00] warmup done
[2026-05-23 10:38:00] benchmark iterations start
[2026-05-23 10:38:00] iteration 25/100 elapsed_s=0.3
[2026-05-23 10:38:00] iteration 50/100 elapsed_s=0.7
[2026-05-23 10:38:01] iteration 75/100 elapsed_s=1.0
[2026-05-23 10:38:01] iteration 100/100 elapsed_s=1.4
[2026-05-23 10:38:01] benchmark iterations done
[2026-05-23 10:38:01] mode complete mode=optimized mean_ms=13.631 std_ms=2.066 p95_ms=18.510
[2026-05-23 10:38:16] start mode=baseline model=GATv2_fp32.onnx device=CPU warmup=5 iters=100
[2026-05-23 10:38:16] creating session
[2026-05-23 10:38:16] session ready providers=OpenVINOExecutionProvider | CPUExecutionProvider
[2026-05-23 10:38:16] preparing inputs
[2026-05-23 10:38:18] inputs ready
[2026-05-23 10:38:18] warmup start
[2026-05-23 10:38:18] warmup done
[2026-05-23 10:38:18] benchmark iterations start
[2026-05-23 10:38:18] iteration 25/100 elapsed_s=0.4
[2026-05-23 10:38:18] iteration 50/100 elapsed_s=0.7
[2026-05-23 10:38:19] iteration 75/100 elapsed_s=1.0
[2026-05-23 10:38:19] iteration 100/100 elapsed_s=1.3
[2026-05-23 10:38:19] benchmark iterations done
[2026-05-23 10:38:19] mode complete mode=baseline mean_ms=13.401 std_ms=1.285 p95_ms=15.306
[2026-05-23 10:38:19] start mode=optimized model=GATv2_fp32.onnx device=CPU warmup=5 iters=100
[2026-05-23 10:38:19] creating session
[2026-05-23 10:38:20] session ready providers=OpenVINOExecutionProvider | CPUExecutionProvider
[2026-05-23 10:38:20] preparing inputs
[2026-05-23 10:38:22] inputs ready
[2026-05-23 10:38:22] warmup start
[2026-05-23 10:38:22] warmup done
[2026-05-23 10:38:22] benchmark iterations start
[2026-05-23 10:38:22] iteration 25/100 elapsed_s=0.3
[2026-05-23 10:38:22] iteration 50/100 elapsed_s=0.7
[2026-05-23 10:38:23] iteration 75/100 elapsed_s=1.1
[2026-05-23 10:38:23] iteration 100/100 elapsed_s=1.5
[2026-05-23 10:38:23] benchmark iterations done
[2026-05-23 10:38:23] mode complete mode=optimized mean_ms=14.678 std_ms=5.280 p95_ms=17.849
[2026-05-23 10:38:42] start mode=baseline model=GATv2_fp32.onnx device=CPU warmup=5 iters=100
[2026-05-23 10:38:42] creating session
[2026-05-23 10:38:42] session ready providers=OpenVINOExecutionProvider | CPUExecutionProvider
[2026-05-23 10:38:42] preparing inputs
[2026-05-23 10:38:45] inputs ready
[2026-05-23 10:38:45] warmup start
[2026-05-23 10:38:45] warmup done
[2026-05-23 10:38:45] benchmark iterations start
[2026-05-23 10:38:45] iteration 25/100 elapsed_s=0.3
[2026-05-23 10:38:45] iteration 50/100 elapsed_s=0.7
[2026-05-23 10:38:46] iteration 75/100 elapsed_s=1.0
[2026-05-23 10:38:46] iteration 100/100 elapsed_s=1.3
[2026-05-23 10:38:46] benchmark iterations done
[2026-05-23 10:38:46] mode complete mode=baseline mean_ms=12.736 std_ms=1.374 p95_ms=15.490
[2026-05-23 10:38:46] start mode=optimized model=GATv2_fp32.onnx device=CPU warmup=5 iters=100
[2026-05-23 10:38:46] creating session
[2026-05-23 10:38:47] session ready providers=OpenVINOExecutionProvider | CPUExecutionProvider
[2026-05-23 10:38:47] preparing inputs
[2026-05-23 10:38:49] inputs ready
[2026-05-23 10:38:49] warmup start
[2026-05-23 10:38:49] warmup done
[2026-05-23 10:38:49] benchmark iterations start
[2026-05-23 10:38:49] iteration 25/100 elapsed_s=0.3
[2026-05-23 10:38:50] iteration 50/100 elapsed_s=0.7
[2026-05-23 10:38:50] iteration 75/100 elapsed_s=1.0
[2026-05-23 10:38:50] iteration 100/100 elapsed_s=1.3
[2026-05-23 10:38:50] benchmark iterations done
[2026-05-23 10:38:50] mode complete mode=optimized mean_ms=12.980 std_ms=1.473 p95_ms=15.791
