[2026-05-23 16:03:51] start mode=baseline model=MPNN_fp32.onnx device=GPU warmup=5 iters=100
[2026-05-23 16:03:51] creating session
[2026-05-23 16:03:51] session ready providers=CPUExecutionProvider
[2026-05-23 16:03:51] preparing inputs
[2026-05-23 16:03:51] inputs ready
[2026-05-23 16:03:51] warmup start
[2026-05-23 16:03:52] warmup done
[2026-05-23 16:03:52] benchmark iterations start
[2026-05-23 16:03:52] iteration 25/100 elapsed_s=0.1
[2026-05-23 16:03:52] iteration 50/100 elapsed_s=0.2
[2026-05-23 16:03:52] iteration 75/100 elapsed_s=0.3
[2026-05-23 16:03:52] iteration 100/100 elapsed_s=0.5
[2026-05-23 16:03:52] benchmark iterations done
[2026-05-23 16:03:52] mode complete mode=baseline mean_ms=4.507 std_ms=1.890 p95_ms=7.118
[2026-05-23 16:03:52] start mode=optimized model=MPNN_fp32.onnx device=GPU warmup=5 iters=100
[2026-05-23 16:03:52] creating session
[2026-05-23 16:03:52] session ready providers=CPUExecutionProvider
[2026-05-23 16:03:52] preparing inputs
[2026-05-23 16:03:53] inputs ready
[2026-05-23 16:03:53] warmup start
[2026-05-23 16:03:53] warmup done
[2026-05-23 16:03:53] benchmark iterations start
[2026-05-23 16:03:53] iteration 25/100 elapsed_s=0.2
[2026-05-23 16:03:53] iteration 50/100 elapsed_s=0.3
[2026-05-23 16:03:54] iteration 75/100 elapsed_s=0.4
[2026-05-23 16:03:54] iteration 100/100 elapsed_s=0.6
[2026-05-23 16:03:54] benchmark iterations done
[2026-05-23 16:03:54] mode complete mode=optimized mean_ms=5.462 std_ms=2.824 p95_ms=11.122
[2026-05-23 16:09:48] start mode=baseline model=MPNN_fp32.onnx device=CPU warmup=5 iters=100
[2026-05-23 16:09:48] creating session
[2026-05-23 16:09:49] session ready providers=CPUExecutionProvider
[2026-05-23 16:09:49] preparing inputs
[2026-05-23 16:09:49] inputs ready
[2026-05-23 16:09:49] warmup start
[2026-05-23 16:09:49] warmup done
[2026-05-23 16:09:49] benchmark iterations start
[2026-05-23 16:09:49] iteration 25/100 elapsed_s=0.2
[2026-05-23 16:09:50] iteration 50/100 elapsed_s=0.4
[2026-05-23 16:09:50] iteration 75/100 elapsed_s=0.5
[2026-05-23 16:09:50] iteration 100/100 elapsed_s=0.7
[2026-05-23 16:09:50] benchmark iterations done
[2026-05-23 16:09:50] mode complete mode=baseline mean_ms=6.865 std_ms=4.271 p95_ms=15.904
[2026-05-23 16:09:50] start mode=optimized model=MPNN_fp32.onnx device=CPU warmup=5 iters=100
[2026-05-23 16:09:50] creating session
[2026-05-23 16:09:50] session ready providers=CPUExecutionProvider
[2026-05-23 16:09:50] preparing inputs
[2026-05-23 16:09:51] inputs ready
[2026-05-23 16:09:51] warmup start
[2026-05-23 16:09:51] warmup done
[2026-05-23 16:09:51] benchmark iterations start
[2026-05-23 16:09:51] iteration 25/100 elapsed_s=0.1
[2026-05-23 16:09:51] iteration 50/100 elapsed_s=0.3
[2026-05-23 16:09:51] iteration 75/100 elapsed_s=0.4
[2026-05-23 16:09:52] iteration 100/100 elapsed_s=0.5
[2026-05-23 16:09:52] benchmark iterations done
[2026-05-23 16:09:52] mode complete mode=optimized mean_ms=4.760 std_ms=2.911 p95_ms=6.482
