[2026-05-23 13:06:27] start mode=baseline model=APPNP_int8.onnx device=NPU warmup=5 iters=100
[2026-05-23 13:06:27] creating session
[2026-05-23 13:06:28] session ready providers=OpenVINOExecutionProvider | CPUExecutionProvider
[2026-05-23 13:06:28] preparing inputs
[2026-05-23 13:06:28] inputs ready
[2026-05-23 13:06:28] warmup start
[2026-05-23 13:06:28] warmup done
[2026-05-23 13:06:28] benchmark iterations start
[2026-05-23 13:06:28] iteration 25/100 elapsed_s=0.4
[2026-05-23 13:06:29] iteration 50/100 elapsed_s=0.8
[2026-05-23 13:06:29] iteration 75/100 elapsed_s=1.1
[2026-05-23 13:06:29] iteration 100/100 elapsed_s=1.5
[2026-05-23 13:06:29] benchmark iterations done
[2026-05-23 13:06:29] mode complete mode=baseline mean_ms=15.122 std_ms=1.055 p95_ms=17.343
[2026-05-23 13:06:30] start mode=optimized model=APPNP_int8.onnx device=NPU warmup=5 iters=100
[2026-05-23 13:06:30] creating session
[2026-05-23 13:06:31] session ready providers=OpenVINOExecutionProvider | CPUExecutionProvider
[2026-05-23 13:06:31] preparing inputs
[2026-05-23 13:06:31] inputs ready
[2026-05-23 13:06:31] warmup start
[2026-05-23 13:06:31] warmup done
[2026-05-23 13:06:31] benchmark iterations start
[2026-05-23 13:06:31] iteration 25/100 elapsed_s=0.4
[2026-05-23 13:06:32] iteration 50/100 elapsed_s=0.7
[2026-05-23 13:06:32] iteration 75/100 elapsed_s=1.1
[2026-05-23 13:06:32] iteration 100/100 elapsed_s=1.4
[2026-05-23 13:06:32] benchmark iterations done
[2026-05-23 13:06:32] mode complete mode=optimized mean_ms=14.382 std_ms=1.478 p95_ms=15.301
[2026-05-23 14:34:49] start mode=baseline model=APPNP_int8.onnx device=GPU warmup=5 iters=100
[2026-05-23 14:34:49] creating session
[2026-05-23 14:35:04] session ready providers=OpenVINOExecutionProvider | CPUExecutionProvider
[2026-05-23 14:35:04] preparing inputs
[2026-05-23 14:35:04] inputs ready
[2026-05-23 14:35:04] warmup start
[2026-05-23 14:35:04] warmup done
[2026-05-23 14:35:04] benchmark iterations start
[2026-05-23 14:35:04] iteration 25/100 elapsed_s=0.2
[2026-05-23 14:35:04] iteration 50/100 elapsed_s=0.4
[2026-05-23 14:35:05] iteration 75/100 elapsed_s=0.6
[2026-05-23 14:35:05] iteration 100/100 elapsed_s=0.8
[2026-05-23 14:35:05] benchmark iterations done
[2026-05-23 14:35:05] mode complete mode=baseline mean_ms=8.283 std_ms=0.596 p95_ms=9.285
[2026-05-23 14:35:05] start mode=optimized model=APPNP_int8.onnx device=GPU warmup=5 iters=100
[2026-05-23 14:35:05] creating session
[2026-05-23 14:35:09] session ready providers=OpenVINOExecutionProvider | CPUExecutionProvider
[2026-05-23 14:35:09] preparing inputs
[2026-05-23 14:35:09] inputs ready
[2026-05-23 14:35:09] warmup start
[2026-05-23 14:35:09] warmup done
[2026-05-23 14:35:09] benchmark iterations start
[2026-05-23 14:35:09] iteration 25/100 elapsed_s=0.2
[2026-05-23 14:35:09] iteration 50/100 elapsed_s=0.4
[2026-05-23 14:35:10] iteration 75/100 elapsed_s=0.6
[2026-05-23 14:35:10] iteration 100/100 elapsed_s=0.8
[2026-05-23 14:35:10] benchmark iterations done
[2026-05-23 14:35:10] mode complete mode=optimized mean_ms=8.330 std_ms=0.575 p95_ms=9.225
[2026-05-23 14:38:56] start mode=baseline model=APPNP_int8.onnx device=CPU warmup=5 iters=100
[2026-05-23 14:38:56] creating session
[2026-05-23 14:38:57] session ready providers=OpenVINOExecutionProvider | CPUExecutionProvider
[2026-05-23 14:38:57] preparing inputs
[2026-05-23 14:38:57] inputs ready
[2026-05-23 14:38:57] warmup start
[2026-05-23 14:38:57] warmup done
[2026-05-23 14:38:57] benchmark iterations start
[2026-05-23 14:38:57] iteration 25/100 elapsed_s=0.4
[2026-05-23 14:38:58] iteration 50/100 elapsed_s=0.8
[2026-05-23 14:38:58] iteration 75/100 elapsed_s=1.2
[2026-05-23 14:38:59] iteration 100/100 elapsed_s=1.6
[2026-05-23 14:38:59] benchmark iterations done
[2026-05-23 14:38:59] mode complete mode=baseline mean_ms=16.046 std_ms=1.252 p95_ms=17.796
[2026-05-23 14:38:59] start mode=optimized model=APPNP_int8.onnx device=CPU warmup=5 iters=100
[2026-05-23 14:38:59] creating session
[2026-05-23 14:38:59] session ready providers=OpenVINOExecutionProvider | CPUExecutionProvider
[2026-05-23 14:38:59] preparing inputs
[2026-05-23 14:39:00] inputs ready
[2026-05-23 14:39:00] warmup start
[2026-05-23 14:39:00] warmup done
[2026-05-23 14:39:00] benchmark iterations start
[2026-05-23 14:39:00] iteration 25/100 elapsed_s=0.4
[2026-05-23 14:39:00] iteration 50/100 elapsed_s=0.8
[2026-05-23 14:39:01] iteration 75/100 elapsed_s=1.2
[2026-05-23 14:39:01] iteration 100/100 elapsed_s=1.6
[2026-05-23 14:39:01] benchmark iterations done
[2026-05-23 14:39:01] mode complete mode=optimized mean_ms=15.971 std_ms=0.980 p95_ms=18.212
