[2026-05-23 14:42:40] start mode=baseline model=GAT_fp32.onnx device=NPU warmup=5 iters=100
[2026-05-23 14:42:40] creating session
[2026-05-23 14:42:41] session ready providers=OpenVINOExecutionProvider | CPUExecutionProvider
[2026-05-23 14:42:41] preparing inputs
[2026-05-23 14:42:41] inputs ready
[2026-05-23 14:42:41] warmup start
[2026-05-23 14:42:41] warmup done
[2026-05-23 14:42:41] benchmark iterations start
[2026-05-23 14:42:42] iteration 25/100 elapsed_s=0.5
[2026-05-23 14:42:42] iteration 50/100 elapsed_s=0.9
[2026-05-23 14:42:43] iteration 75/100 elapsed_s=1.4
[2026-05-23 14:42:43] iteration 100/100 elapsed_s=1.9
[2026-05-23 14:42:43] benchmark iterations done
[2026-05-23 14:42:43] mode complete mode=baseline mean_ms=18.767 std_ms=1.440 p95_ms=20.777
[2026-05-23 14:42:43] start mode=optimized model=GAT_fp32.onnx device=NPU warmup=5 iters=100
[2026-05-23 14:42:43] creating session
[2026-05-23 14:42:44] session ready providers=OpenVINOExecutionProvider | CPUExecutionProvider
[2026-05-23 14:42:44] preparing inputs
[2026-05-23 14:42:44] inputs ready
[2026-05-23 14:42:44] warmup start
[2026-05-23 14:42:44] warmup done
[2026-05-23 14:42:44] benchmark iterations start
[2026-05-23 14:42:45] iteration 25/100 elapsed_s=0.5
[2026-05-23 14:42:45] iteration 50/100 elapsed_s=1.0
[2026-05-23 14:42:46] iteration 75/100 elapsed_s=1.4
[2026-05-23 14:42:46] iteration 100/100 elapsed_s=1.9
[2026-05-23 14:42:46] benchmark iterations done
[2026-05-23 14:42:46] mode complete mode=optimized mean_ms=18.772 std_ms=1.478 p95_ms=20.521
[2026-05-23 14:46:34] start mode=baseline model=GAT_fp32.onnx device=GPU warmup=5 iters=100
[2026-05-23 14:46:34] creating session
[2026-05-23 14:46:36] session ready providers=OpenVINOExecutionProvider | CPUExecutionProvider
[2026-05-23 14:46:36] preparing inputs
[2026-05-23 14:46:36] inputs ready
[2026-05-23 14:46:36] warmup start
[2026-05-23 14:46:36] warmup done
[2026-05-23 14:46:36] benchmark iterations start
[2026-05-23 14:46:36] iteration 25/100 elapsed_s=0.4
[2026-05-23 14:46:37] iteration 50/100 elapsed_s=0.9
[2026-05-23 14:46:37] iteration 75/100 elapsed_s=1.3
[2026-05-23 14:46:38] iteration 100/100 elapsed_s=1.7
[2026-05-23 14:46:38] benchmark iterations done
[2026-05-23 14:46:38] mode complete mode=baseline mean_ms=17.190 std_ms=0.670 p95_ms=18.422
[2026-05-23 14:46:38] start mode=optimized model=GAT_fp32.onnx device=GPU warmup=5 iters=100
[2026-05-23 14:46:38] creating session
[2026-05-23 14:46:39] session ready providers=OpenVINOExecutionProvider | CPUExecutionProvider
[2026-05-23 14:46:39] preparing inputs
[2026-05-23 14:46:40] inputs ready
[2026-05-23 14:46:40] warmup start
[2026-05-23 14:46:40] warmup done
[2026-05-23 14:46:40] benchmark iterations start
[2026-05-23 14:46:40] iteration 25/100 elapsed_s=0.4
[2026-05-23 14:46:41] iteration 50/100 elapsed_s=0.9
[2026-05-23 14:46:41] iteration 75/100 elapsed_s=1.3
[2026-05-23 14:46:41] iteration 100/100 elapsed_s=1.7
[2026-05-23 14:46:41] benchmark iterations done
[2026-05-23 14:46:41] mode complete mode=optimized mean_ms=17.315 std_ms=0.595 p95_ms=18.361
[2026-05-23 14:49:53] start mode=baseline model=GAT_fp32.onnx device=CPU warmup=5 iters=100
[2026-05-23 14:49:53] creating session
[2026-05-23 14:49:53] session ready providers=OpenVINOExecutionProvider | CPUExecutionProvider
[2026-05-23 14:49:53] preparing inputs
[2026-05-23 14:49:53] inputs ready
[2026-05-23 14:49:53] warmup start
[2026-05-23 14:49:54] warmup done
[2026-05-23 14:49:54] benchmark iterations start
[2026-05-23 14:49:54] iteration 25/100 elapsed_s=0.5
[2026-05-23 14:49:55] iteration 50/100 elapsed_s=0.9
[2026-05-23 14:49:55] iteration 75/100 elapsed_s=1.4
[2026-05-23 14:49:55] iteration 100/100 elapsed_s=1.8
[2026-05-23 14:49:55] benchmark iterations done
[2026-05-23 14:49:55] mode complete mode=baseline mean_ms=18.335 std_ms=1.236 p95_ms=20.145
[2026-05-23 14:49:56] start mode=optimized model=GAT_fp32.onnx device=CPU warmup=5 iters=100
[2026-05-23 14:49:56] creating session
[2026-05-23 14:49:56] session ready providers=OpenVINOExecutionProvider | CPUExecutionProvider
[2026-05-23 14:49:56] preparing inputs
[2026-05-23 14:49:56] inputs ready
[2026-05-23 14:49:56] warmup start
[2026-05-23 14:49:57] warmup done
[2026-05-23 14:49:57] benchmark iterations start
[2026-05-23 14:49:57] iteration 25/100 elapsed_s=0.5
[2026-05-23 14:49:58] iteration 50/100 elapsed_s=0.9
[2026-05-23 14:49:58] iteration 75/100 elapsed_s=1.4
[2026-05-23 14:49:58] iteration 100/100 elapsed_s=1.9
[2026-05-23 14:49:58] benchmark iterations done
[2026-05-23 14:49:58] mode complete mode=optimized mean_ms=18.487 std_ms=1.288 p95_ms=20.274
