[2026-05-23 16:18:58] start mode=baseline model=SGC_fp32.onnx device=NPU warmup=5 iters=100
[2026-05-23 16:18:58] creating session
[2026-05-23 16:18:58] session ready providers=OpenVINOExecutionProvider | CPUExecutionProvider
[2026-05-23 16:18:58] preparing inputs
[2026-05-23 16:18:58] inputs ready
[2026-05-23 16:18:58] warmup start
[2026-05-23 16:18:59] warmup done
[2026-05-23 16:18:59] benchmark iterations start
[2026-05-23 16:19:02] iteration 25/100 elapsed_s=2.7
[2026-05-23 16:19:04] iteration 50/100 elapsed_s=5.1
[2026-05-23 16:19:07] iteration 75/100 elapsed_s=7.6
[2026-05-23 16:19:09] iteration 100/100 elapsed_s=10.3
[2026-05-23 16:19:09] benchmark iterations done
[2026-05-23 16:19:09] mode complete mode=baseline mean_ms=102.810 std_ms=7.151 p95_ms=116.114
[2026-05-23 16:19:10] start mode=optimized model=SGC_fp32.onnx device=NPU warmup=5 iters=100
[2026-05-23 16:19:10] creating session
[2026-05-23 16:19:10] session ready providers=OpenVINOExecutionProvider | CPUExecutionProvider
[2026-05-23 16:19:10] preparing inputs
[2026-05-23 16:19:10] inputs ready
[2026-05-23 16:19:10] warmup start
[2026-05-23 16:19:11] warmup done
[2026-05-23 16:19:11] benchmark iterations start
[2026-05-23 16:19:13] iteration 25/100 elapsed_s=2.4
[2026-05-23 16:19:16] iteration 50/100 elapsed_s=5.1
[2026-05-23 16:19:19] iteration 75/100 elapsed_s=7.6
[2026-05-23 16:19:21] iteration 100/100 elapsed_s=10.0
[2026-05-23 16:19:21] benchmark iterations done
[2026-05-23 16:19:21] mode complete mode=optimized mean_ms=99.837 std_ms=7.289 p95_ms=112.699
[2026-05-23 16:50:24] start mode=baseline model=SGC_fp32.onnx device=GPU warmup=5 iters=100
[2026-05-23 16:50:24] creating session
[2026-05-23 16:50:25] session ready providers=OpenVINOExecutionProvider | CPUExecutionProvider
[2026-05-23 16:50:25] preparing inputs
[2026-05-23 16:50:26] inputs ready
[2026-05-23 16:50:26] warmup start
[2026-05-23 16:50:26] warmup done
[2026-05-23 16:50:26] benchmark iterations start
[2026-05-23 16:50:29] iteration 25/100 elapsed_s=2.9
[2026-05-23 16:50:32] iteration 50/100 elapsed_s=5.8
[2026-05-23 16:50:35] iteration 75/100 elapsed_s=8.7
[2026-05-23 16:50:38] iteration 100/100 elapsed_s=11.7
[2026-05-23 16:50:38] benchmark iterations done
[2026-05-23 16:50:38] mode complete mode=baseline mean_ms=116.578 std_ms=2.447 p95_ms=120.960
[2026-05-23 16:50:38] start mode=optimized model=SGC_fp32.onnx device=GPU warmup=5 iters=100
[2026-05-23 16:50:38] creating session
[2026-05-23 16:50:40] session ready providers=OpenVINOExecutionProvider | CPUExecutionProvider
[2026-05-23 16:50:40] preparing inputs
[2026-05-23 16:50:40] inputs ready
[2026-05-23 16:50:40] warmup start
[2026-05-23 16:50:40] warmup done
[2026-05-23 16:50:40] benchmark iterations start
[2026-05-23 16:50:43] iteration 25/100 elapsed_s=2.9
[2026-05-23 16:50:46] iteration 50/100 elapsed_s=5.8
[2026-05-23 16:50:49] iteration 75/100 elapsed_s=8.7
[2026-05-23 16:50:52] iteration 100/100 elapsed_s=11.6
[2026-05-23 16:50:52] benchmark iterations done
[2026-05-23 16:50:52] mode complete mode=optimized mean_ms=116.392 std_ms=2.543 p95_ms=120.182
[2026-05-23 17:24:18] start mode=baseline model=SGC_fp32.onnx device=CPU warmup=5 iters=100
[2026-05-23 17:24:18] creating session
[2026-05-23 17:24:18] session ready providers=OpenVINOExecutionProvider | CPUExecutionProvider
[2026-05-23 17:24:18] preparing inputs
[2026-05-23 17:24:18] inputs ready
[2026-05-23 17:24:18] warmup start
[2026-05-23 17:24:19] warmup done
[2026-05-23 17:24:19] benchmark iterations start
[2026-05-23 17:24:21] iteration 25/100 elapsed_s=2.4
[2026-05-23 17:24:24] iteration 50/100 elapsed_s=4.9
[2026-05-23 17:24:26] iteration 75/100 elapsed_s=7.5
[2026-05-23 17:24:29] iteration 100/100 elapsed_s=10.1
[2026-05-23 17:24:29] benchmark iterations done
[2026-05-23 17:24:29] mode complete mode=baseline mean_ms=100.474 std_ms=5.937 p95_ms=110.464
[2026-05-23 17:24:29] start mode=optimized model=SGC_fp32.onnx device=CPU warmup=5 iters=100
[2026-05-23 17:24:29] creating session
[2026-05-23 17:24:30] session ready providers=OpenVINOExecutionProvider | CPUExecutionProvider
[2026-05-23 17:24:30] preparing inputs
[2026-05-23 17:24:30] inputs ready
[2026-05-23 17:24:30] warmup start
[2026-05-23 17:24:31] warmup done
[2026-05-23 17:24:31] benchmark iterations start
[2026-05-23 17:24:33] iteration 25/100 elapsed_s=2.7
[2026-05-23 17:24:36] iteration 50/100 elapsed_s=5.2
[2026-05-23 17:24:38] iteration 75/100 elapsed_s=7.6
[2026-05-23 17:24:41] iteration 100/100 elapsed_s=10.3
[2026-05-23 17:24:41] benchmark iterations done
[2026-05-23 17:24:41] mode complete mode=optimized mean_ms=103.009 std_ms=6.562 p95_ms=113.755
