[2026-05-23 16:04:18] start mode=baseline model=MPNN_fp32.onnx device=GPU warmup=5 iters=100
[2026-05-23 16:04:18] creating session
[2026-05-23 16:04:18] session ready providers=CPUExecutionProvider
[2026-05-23 16:04:18] preparing inputs
[2026-05-23 16:04:19] inputs ready
[2026-05-23 16:04:19] warmup start
[2026-05-23 16:04:19] warmup done
[2026-05-23 16:04:19] benchmark iterations start
[2026-05-23 16:04:19] iteration 25/100 elapsed_s=0.3
[2026-05-23 16:04:19] iteration 50/100 elapsed_s=0.5
[2026-05-23 16:04:20] iteration 75/100 elapsed_s=0.8
[2026-05-23 16:04:20] iteration 100/100 elapsed_s=1.1
[2026-05-23 16:04:20] benchmark iterations done
[2026-05-23 16:04:20] mode complete mode=baseline mean_ms=11.297 std_ms=4.914 p95_ms=20.708
[2026-05-23 16:04:20] start mode=optimized model=MPNN_fp32.onnx device=GPU warmup=5 iters=100
[2026-05-23 16:04:20] creating session
[2026-05-23 16:04:21] session ready providers=CPUExecutionProvider
[2026-05-23 16:04:21] preparing inputs
[2026-05-23 16:04:21] inputs ready
[2026-05-23 16:04:21] warmup start
[2026-05-23 16:04:21] warmup done
[2026-05-23 16:04:21] benchmark iterations start
[2026-05-23 16:04:22] iteration 25/100 elapsed_s=0.2
[2026-05-23 16:04:22] iteration 50/100 elapsed_s=0.4
[2026-05-23 16:04:22] iteration 75/100 elapsed_s=0.6
[2026-05-23 16:04:22] iteration 100/100 elapsed_s=0.8
[2026-05-23 16:04:22] benchmark iterations done
[2026-05-23 16:04:22] mode complete mode=optimized mean_ms=8.109 std_ms=3.330 p95_ms=13.853
[2026-05-23 16:10:15] start mode=baseline model=MPNN_fp32.onnx device=CPU warmup=5 iters=100
[2026-05-23 16:10:15] creating session
[2026-05-23 16:10:15] session ready providers=CPUExecutionProvider
[2026-05-23 16:10:15] preparing inputs
[2026-05-23 16:10:16] inputs ready
[2026-05-23 16:10:16] warmup start
[2026-05-23 16:10:16] warmup done
[2026-05-23 16:10:16] benchmark iterations start
[2026-05-23 16:10:16] iteration 25/100 elapsed_s=0.3
[2026-05-23 16:10:17] iteration 50/100 elapsed_s=0.6
[2026-05-23 16:10:17] iteration 75/100 elapsed_s=0.9
[2026-05-23 16:10:17] iteration 100/100 elapsed_s=1.1
[2026-05-23 16:10:17] benchmark iterations done
[2026-05-23 16:10:17] mode complete mode=baseline mean_ms=11.258 std_ms=3.566 p95_ms=19.225
[2026-05-23 16:10:17] start mode=optimized model=MPNN_fp32.onnx device=CPU warmup=5 iters=100
[2026-05-23 16:10:17] creating session
[2026-05-23 16:10:18] session ready providers=CPUExecutionProvider
[2026-05-23 16:10:18] preparing inputs
[2026-05-23 16:10:18] inputs ready
[2026-05-23 16:10:18] warmup start
[2026-05-23 16:10:18] warmup done
[2026-05-23 16:10:18] benchmark iterations start
[2026-05-23 16:10:19] iteration 25/100 elapsed_s=0.3
[2026-05-23 16:10:19] iteration 50/100 elapsed_s=0.5
[2026-05-23 16:10:19] iteration 75/100 elapsed_s=0.8
[2026-05-23 16:10:19] iteration 100/100 elapsed_s=1.0
[2026-05-23 16:10:19] benchmark iterations done
[2026-05-23 16:10:19] mode complete mode=optimized mean_ms=10.025 std_ms=4.144 p95_ms=17.581
