[2026-05-23 12:06:35] start mode=baseline model=bert-tiny_int8.onnx device=NPU warmup=5 iters=100
[2026-05-23 12:06:35] creating session
[2026-05-23 12:06:36] session ready providers=OpenVINOExecutionProvider | CPUExecutionProvider
[2026-05-23 12:06:36] preparing inputs
[2026-05-23 12:06:36] inputs ready
[2026-05-23 12:06:36] warmup start
[2026-05-23 12:06:36] warmup done
[2026-05-23 12:06:36] benchmark iterations start
[2026-05-23 12:06:36] iteration 25/100 elapsed_s=0.2
[2026-05-23 12:06:36] iteration 50/100 elapsed_s=0.4
[2026-05-23 12:06:36] iteration 75/100 elapsed_s=0.6
[2026-05-23 12:06:37] iteration 100/100 elapsed_s=0.8
[2026-05-23 12:06:37] benchmark iterations done
[2026-05-23 12:06:37] mode complete mode=baseline mean_ms=7.529 std_ms=0.607 p95_ms=8.454
[2026-05-23 12:06:37] start mode=optimized model=bert-tiny_int8.onnx device=NPU warmup=5 iters=100
[2026-05-23 12:06:37] creating session
[2026-05-23 12:06:38] session ready providers=OpenVINOExecutionProvider | CPUExecutionProvider
[2026-05-23 12:06:38] preparing inputs
[2026-05-23 12:06:38] inputs ready
[2026-05-23 12:06:38] warmup start
[2026-05-23 12:06:38] warmup done
[2026-05-23 12:06:38] benchmark iterations start
[2026-05-23 12:06:38] iteration 25/100 elapsed_s=0.2
[2026-05-23 12:06:38] iteration 50/100 elapsed_s=0.4
[2026-05-23 12:06:38] iteration 75/100 elapsed_s=0.6
[2026-05-23 12:06:38] iteration 100/100 elapsed_s=0.8
[2026-05-23 12:06:38] benchmark iterations done
[2026-05-23 12:06:38] mode complete mode=optimized mean_ms=8.053 std_ms=0.882 p95_ms=9.672
[2026-05-23 12:06:57] start mode=baseline model=bert-tiny_int8.onnx device=NPU warmup=5 iters=100
[2026-05-23 12:06:57] creating session
[2026-05-23 12:06:58] session ready providers=OpenVINOExecutionProvider | CPUExecutionProvider
[2026-05-23 12:06:58] preparing inputs
[2026-05-23 12:06:58] inputs ready
[2026-05-23 12:06:58] warmup start
[2026-05-23 12:06:58] warmup done
[2026-05-23 12:06:58] benchmark iterations start
[2026-05-23 12:06:58] iteration 25/100 elapsed_s=0.2
[2026-05-23 12:06:58] iteration 50/100 elapsed_s=0.4
[2026-05-23 12:06:58] iteration 75/100 elapsed_s=0.6
[2026-05-23 12:06:58] iteration 100/100 elapsed_s=0.8
[2026-05-23 12:06:58] benchmark iterations done
[2026-05-23 12:06:58] mode complete mode=baseline mean_ms=7.733 std_ms=0.749 p95_ms=9.152
[2026-05-23 12:06:59] start mode=optimized model=bert-tiny_int8.onnx device=NPU warmup=5 iters=100
[2026-05-23 12:06:59] creating session
[2026-05-23 12:06:59] session ready providers=OpenVINOExecutionProvider | CPUExecutionProvider
[2026-05-23 12:06:59] preparing inputs
[2026-05-23 12:06:59] inputs ready
[2026-05-23 12:06:59] warmup start
[2026-05-23 12:06:59] warmup done
[2026-05-23 12:06:59] benchmark iterations start
[2026-05-23 12:07:00] iteration 25/100 elapsed_s=0.2
[2026-05-23 12:07:00] iteration 50/100 elapsed_s=0.4
[2026-05-23 12:07:00] iteration 75/100 elapsed_s=0.6
[2026-05-23 12:07:00] iteration 100/100 elapsed_s=0.9
[2026-05-23 12:07:00] benchmark iterations done
[2026-05-23 12:07:00] mode complete mode=optimized mean_ms=8.639 std_ms=0.581 p95_ms=9.457
[2026-05-23 12:07:19] start mode=baseline model=bert-tiny_int8.onnx device=NPU warmup=5 iters=100
[2026-05-23 12:07:19] creating session
[2026-05-23 12:07:20] session ready providers=OpenVINOExecutionProvider | CPUExecutionProvider
[2026-05-23 12:07:20] preparing inputs
[2026-05-23 12:07:20] inputs ready
[2026-05-23 12:07:20] warmup start
[2026-05-23 12:07:20] warmup done
[2026-05-23 12:07:20] benchmark iterations start
[2026-05-23 12:07:20] iteration 25/100 elapsed_s=0.2
[2026-05-23 12:07:20] iteration 50/100 elapsed_s=0.4
[2026-05-23 12:07:20] iteration 75/100 elapsed_s=0.6
[2026-05-23 12:07:20] iteration 100/100 elapsed_s=0.8
[2026-05-23 12:07:20] benchmark iterations done
[2026-05-23 12:07:20] mode complete mode=baseline mean_ms=7.820 std_ms=0.612 p95_ms=8.884
[2026-05-23 12:07:21] start mode=optimized model=bert-tiny_int8.onnx device=NPU warmup=5 iters=100
[2026-05-23 12:07:21] creating session
[2026-05-23 12:07:21] session ready providers=OpenVINOExecutionProvider | CPUExecutionProvider
[2026-05-23 12:07:21] preparing inputs
[2026-05-23 12:07:21] inputs ready
[2026-05-23 12:07:21] warmup start
[2026-05-23 12:07:21] warmup done
[2026-05-23 12:07:21] benchmark iterations start
[2026-05-23 12:07:22] iteration 25/100 elapsed_s=0.2
[2026-05-23 12:07:22] iteration 50/100 elapsed_s=0.4
[2026-05-23 12:07:22] iteration 75/100 elapsed_s=0.6
[2026-05-23 12:07:22] iteration 100/100 elapsed_s=0.8
[2026-05-23 12:07:22] benchmark iterations done
[2026-05-23 12:07:22] mode complete mode=optimized mean_ms=8.019 std_ms=0.628 p95_ms=9.056
[2026-05-23 12:07:32] start mode=baseline model=bert-tiny_int8.onnx device=GPU warmup=5 iters=100
[2026-05-23 12:07:32] creating session
[2026-05-23 12:07:33] session ready providers=CPUExecutionProvider
[2026-05-23 12:07:33] preparing inputs
[2026-05-23 12:07:33] inputs ready
[2026-05-23 12:07:33] warmup start
[2026-05-23 12:07:33] start mode=baseline model=bert-tiny_int8.onnx device=GPU warmup=5 iters=100
[2026-05-23 12:07:33] creating session
[2026-05-23 12:07:34] session ready providers=CPUExecutionProvider
[2026-05-23 12:07:34] preparing inputs
[2026-05-23 12:07:34] inputs ready
[2026-05-23 12:07:34] warmup start
[2026-05-23 12:07:34] start mode=baseline model=bert-tiny_int8.onnx device=GPU warmup=5 iters=100
[2026-05-23 12:07:34] creating session
[2026-05-23 12:07:35] session ready providers=CPUExecutionProvider
[2026-05-23 12:07:35] preparing inputs
[2026-05-23 12:07:35] inputs ready
[2026-05-23 12:07:35] warmup start
[2026-05-23 12:07:44] start mode=baseline model=bert-tiny_int8.onnx device=CPU warmup=5 iters=100
[2026-05-23 12:07:44] creating session
[2026-05-23 12:07:45] session ready providers=OpenVINOExecutionProvider | CPUExecutionProvider
[2026-05-23 12:07:45] preparing inputs
[2026-05-23 12:07:45] inputs ready
[2026-05-23 12:07:45] warmup start
[2026-05-23 12:07:45] warmup done
[2026-05-23 12:07:45] benchmark iterations start
[2026-05-23 12:07:45] iteration 25/100 elapsed_s=0.2
[2026-05-23 12:07:45] iteration 50/100 elapsed_s=0.4
[2026-05-23 12:07:45] iteration 75/100 elapsed_s=0.6
[2026-05-23 12:07:46] iteration 100/100 elapsed_s=0.8
[2026-05-23 12:07:46] benchmark iterations done
[2026-05-23 12:07:46] mode complete mode=baseline mean_ms=7.716 std_ms=0.506 p95_ms=8.622
[2026-05-23 12:07:46] start mode=optimized model=bert-tiny_int8.onnx device=CPU warmup=5 iters=100
[2026-05-23 12:07:46] creating session
[2026-05-23 12:07:47] session ready providers=OpenVINOExecutionProvider | CPUExecutionProvider
[2026-05-23 12:07:47] preparing inputs
[2026-05-23 12:07:47] inputs ready
[2026-05-23 12:07:47] warmup start
[2026-05-23 12:07:47] warmup done
[2026-05-23 12:07:47] benchmark iterations start
[2026-05-23 12:07:47] iteration 25/100 elapsed_s=0.2
[2026-05-23 12:07:47] iteration 50/100 elapsed_s=0.4
[2026-05-23 12:07:47] iteration 75/100 elapsed_s=0.6
[2026-05-23 12:07:47] iteration 100/100 elapsed_s=0.8
[2026-05-23 12:07:47] benchmark iterations done
[2026-05-23 12:07:47] mode complete mode=optimized mean_ms=8.423 std_ms=0.462 p95_ms=9.209
[2026-05-23 12:08:06] start mode=baseline model=bert-tiny_int8.onnx device=CPU warmup=5 iters=100
[2026-05-23 12:08:06] creating session
[2026-05-23 12:08:07] session ready providers=OpenVINOExecutionProvider | CPUExecutionProvider
[2026-05-23 12:08:07] preparing inputs
[2026-05-23 12:08:07] inputs ready
[2026-05-23 12:08:07] warmup start
[2026-05-23 12:08:07] warmup done
[2026-05-23 12:08:07] benchmark iterations start
[2026-05-23 12:08:07] iteration 25/100 elapsed_s=0.2
[2026-05-23 12:08:07] iteration 50/100 elapsed_s=0.4
[2026-05-23 12:08:07] iteration 75/100 elapsed_s=0.6
[2026-05-23 12:08:07] iteration 100/100 elapsed_s=0.8
[2026-05-23 12:08:07] benchmark iterations done
[2026-05-23 12:08:08] mode complete mode=baseline mean_ms=7.988 std_ms=0.454 p95_ms=8.762
[2026-05-23 12:08:08] start mode=optimized model=bert-tiny_int8.onnx device=CPU warmup=5 iters=100
[2026-05-23 12:08:08] creating session
[2026-05-23 12:08:08] session ready providers=OpenVINOExecutionProvider | CPUExecutionProvider
[2026-05-23 12:08:08] preparing inputs
[2026-05-23 12:08:08] inputs ready
[2026-05-23 12:08:08] warmup start
[2026-05-23 12:08:08] warmup done
[2026-05-23 12:08:08] benchmark iterations start
[2026-05-23 12:08:09] iteration 25/100 elapsed_s=0.2
[2026-05-23 12:08:09] iteration 50/100 elapsed_s=0.4
[2026-05-23 12:08:09] iteration 75/100 elapsed_s=0.6
[2026-05-23 12:08:09] iteration 100/100 elapsed_s=0.8
[2026-05-23 12:08:09] benchmark iterations done
[2026-05-23 12:08:09] mode complete mode=optimized mean_ms=8.043 std_ms=0.738 p95_ms=9.454
[2026-05-23 12:08:28] start mode=baseline model=bert-tiny_int8.onnx device=CPU warmup=5 iters=100
[2026-05-23 12:08:28] creating session
[2026-05-23 12:08:29] session ready providers=OpenVINOExecutionProvider | CPUExecutionProvider
[2026-05-23 12:08:29] preparing inputs
[2026-05-23 12:08:29] inputs ready
[2026-05-23 12:08:29] warmup start
[2026-05-23 12:08:29] warmup done
[2026-05-23 12:08:29] benchmark iterations start
[2026-05-23 12:08:29] iteration 25/100 elapsed_s=0.2
[2026-05-23 12:08:29] iteration 50/100 elapsed_s=0.4
[2026-05-23 12:08:29] iteration 75/100 elapsed_s=0.6
[2026-05-23 12:08:29] iteration 100/100 elapsed_s=0.8
[2026-05-23 12:08:29] benchmark iterations done
[2026-05-23 12:08:29] mode complete mode=baseline mean_ms=8.073 std_ms=0.788 p95_ms=9.519
[2026-05-23 12:08:30] start mode=optimized model=bert-tiny_int8.onnx device=CPU warmup=5 iters=100
[2026-05-23 12:08:30] creating session
[2026-05-23 12:08:30] session ready providers=OpenVINOExecutionProvider | CPUExecutionProvider
[2026-05-23 12:08:30] preparing inputs
[2026-05-23 12:08:30] inputs ready
[2026-05-23 12:08:30] warmup start
[2026-05-23 12:08:30] warmup done
[2026-05-23 12:08:30] benchmark iterations start
[2026-05-23 12:08:31] iteration 25/100 elapsed_s=0.2
[2026-05-23 12:08:31] iteration 50/100 elapsed_s=0.4
[2026-05-23 12:08:31] iteration 75/100 elapsed_s=0.6
[2026-05-23 12:08:31] iteration 100/100 elapsed_s=0.8
[2026-05-23 12:08:31] benchmark iterations done
[2026-05-23 12:08:31] mode complete mode=optimized mean_ms=8.418 std_ms=0.634 p95_ms=9.510
[2026-05-23 12:09:33] start mode=baseline model=bert-tiny_int8.onnx device=GPU warmup=5 iters=100
[2026-05-23 12:09:33] creating session
[2026-05-23 12:09:34] session ready providers=CPUExecutionProvider
[2026-05-23 12:09:34] preparing inputs
[2026-05-23 12:09:34] inputs ready
[2026-05-23 12:09:34] warmup start
[2026-05-23 12:09:34] start mode=baseline model=bert-tiny_int8.onnx device=GPU warmup=5 iters=100
[2026-05-23 12:09:34] creating session
[2026-05-23 12:09:34] session ready providers=CPUExecutionProvider
[2026-05-23 12:09:34] preparing inputs
[2026-05-23 12:09:34] inputs ready
[2026-05-23 12:09:34] warmup start
[2026-05-23 12:09:35] start mode=baseline model=bert-tiny_int8.onnx device=GPU warmup=5 iters=100
[2026-05-23 12:09:35] creating session
[2026-05-23 12:09:35] session ready providers=CPUExecutionProvider
[2026-05-23 12:09:35] preparing inputs
[2026-05-23 12:09:35] inputs ready
[2026-05-23 12:09:35] warmup start
