[2026-05-23 16:22:18] start mode=baseline model=SGC_fp32.onnx device=NPU warmup=5 iters=100
[2026-05-23 16:22:18] creating session
[2026-05-23 16:22:19] session ready providers=OpenVINOExecutionProvider | CPUExecutionProvider
[2026-05-23 16:22:19] preparing inputs
[2026-05-23 16:22:19] inputs ready
[2026-05-23 16:22:19] warmup start
[2026-05-23 16:22:20] warmup done
[2026-05-23 16:22:20] benchmark iterations start
[2026-05-23 16:22:25] iteration 25/100 elapsed_s=5.2
[2026-05-23 16:22:30] iteration 50/100 elapsed_s=10.1
[2026-05-23 16:22:35] iteration 75/100 elapsed_s=15.4
[2026-05-23 16:22:41] iteration 100/100 elapsed_s=20.5
[2026-05-23 16:22:41] benchmark iterations done
[2026-05-23 16:22:41] mode complete mode=baseline mean_ms=204.991 std_ms=11.411 p95_ms=226.032
[2026-05-23 16:22:41] start mode=optimized model=SGC_fp32.onnx device=NPU warmup=5 iters=100
[2026-05-23 16:22:41] creating session
[2026-05-23 16:22:41] session ready providers=OpenVINOExecutionProvider | CPUExecutionProvider
[2026-05-23 16:22:41] preparing inputs
[2026-05-23 16:22:42] inputs ready
[2026-05-23 16:22:42] warmup start
[2026-05-23 16:22:43] warmup done
[2026-05-23 16:22:43] benchmark iterations start
[2026-05-23 16:22:48] iteration 25/100 elapsed_s=5.1
[2026-05-23 16:22:53] iteration 50/100 elapsed_s=10.2
[2026-05-23 16:22:58] iteration 75/100 elapsed_s=15.5
[2026-05-23 16:23:03] iteration 100/100 elapsed_s=20.7
[2026-05-23 16:23:03] benchmark iterations done
[2026-05-23 16:23:03] mode complete mode=optimized mean_ms=207.190 std_ms=12.441 p95_ms=232.548
[2026-05-23 16:52:59] start mode=baseline model=SGC_fp32.onnx device=GPU warmup=5 iters=100
[2026-05-23 16:52:59] creating session
[2026-05-23 16:53:01] session ready providers=OpenVINOExecutionProvider | CPUExecutionProvider
[2026-05-23 16:53:01] preparing inputs
[2026-05-23 16:53:01] inputs ready
[2026-05-23 16:53:01] warmup start
[2026-05-23 16:53:03] warmup done
[2026-05-23 16:53:03] benchmark iterations start
[2026-05-23 16:53:15] iteration 25/100 elapsed_s=12.2
[2026-05-23 16:53:28] iteration 50/100 elapsed_s=24.4
[2026-05-23 16:53:40] iteration 75/100 elapsed_s=36.6
[2026-05-23 16:53:52] iteration 100/100 elapsed_s=48.8
[2026-05-23 16:53:52] benchmark iterations done
[2026-05-23 16:53:52] mode complete mode=baseline mean_ms=488.291 std_ms=2.666 p95_ms=491.665
[2026-05-23 16:53:52] start mode=optimized model=SGC_fp32.onnx device=GPU warmup=5 iters=100
[2026-05-23 16:53:52] creating session
[2026-05-23 16:53:54] session ready providers=OpenVINOExecutionProvider | CPUExecutionProvider
[2026-05-23 16:53:54] preparing inputs
[2026-05-23 16:53:54] inputs ready
[2026-05-23 16:53:54] warmup start
[2026-05-23 16:53:56] warmup done
[2026-05-23 16:53:56] benchmark iterations start
[2026-05-23 16:54:09] iteration 25/100 elapsed_s=12.2
[2026-05-23 16:54:21] iteration 50/100 elapsed_s=24.3
[2026-05-23 16:54:33] iteration 75/100 elapsed_s=36.5
[2026-05-23 16:54:45] iteration 100/100 elapsed_s=48.7
[2026-05-23 16:54:45] benchmark iterations done
[2026-05-23 16:54:45] mode complete mode=optimized mean_ms=486.814 std_ms=2.418 p95_ms=490.451
[2026-05-23 17:27:36] start mode=baseline model=SGC_fp32.onnx device=CPU warmup=5 iters=100
[2026-05-23 17:27:36] creating session
[2026-05-23 17:27:36] session ready providers=OpenVINOExecutionProvider | CPUExecutionProvider
[2026-05-23 17:27:36] preparing inputs
[2026-05-23 17:27:37] inputs ready
[2026-05-23 17:27:37] warmup start
[2026-05-23 17:27:38] warmup done
[2026-05-23 17:27:38] benchmark iterations start
[2026-05-23 17:27:43] iteration 25/100 elapsed_s=5.2
[2026-05-23 17:27:48] iteration 50/100 elapsed_s=10.4
[2026-05-23 17:27:53] iteration 75/100 elapsed_s=15.4
[2026-05-23 17:27:59] iteration 100/100 elapsed_s=20.6
[2026-05-23 17:27:59] benchmark iterations done
[2026-05-23 17:27:59] mode complete mode=baseline mean_ms=205.539 std_ms=10.291 p95_ms=224.732
[2026-05-23 17:27:59] start mode=optimized model=SGC_fp32.onnx device=CPU warmup=5 iters=100
[2026-05-23 17:27:59] creating session
[2026-05-23 17:27:59] session ready providers=OpenVINOExecutionProvider | CPUExecutionProvider
[2026-05-23 17:27:59] preparing inputs
[2026-05-23 17:28:00] inputs ready
[2026-05-23 17:28:00] warmup start
[2026-05-23 17:28:01] warmup done
[2026-05-23 17:28:01] benchmark iterations start
[2026-05-23 17:28:06] iteration 25/100 elapsed_s=5.3
[2026-05-23 17:28:11] iteration 50/100 elapsed_s=10.4
[2026-05-23 17:28:16] iteration 75/100 elapsed_s=15.5
[2026-05-23 17:28:21] iteration 100/100 elapsed_s=20.7
[2026-05-23 17:28:21] benchmark iterations done
[2026-05-23 17:28:21] mode complete mode=optimized mean_ms=206.699 std_ms=10.480 p95_ms=226.122
