[2026-05-23 15:37:11] start mode=baseline model=GraphSAGE_int8.onnx device=NPU warmup=5 iters=100
[2026-05-23 15:37:11] creating session
[2026-05-23 15:37:11] session ready providers=OpenVINOExecutionProvider | CPUExecutionProvider
[2026-05-23 15:37:11] preparing inputs
[2026-05-23 15:37:11] inputs ready
[2026-05-23 15:37:11] warmup start
[2026-05-23 15:37:13] warmup done
[2026-05-23 15:37:13] benchmark iterations start
[2026-05-23 15:37:18] iteration 25/100 elapsed_s=5.6
[2026-05-23 15:37:24] iteration 50/100 elapsed_s=11.0
[2026-05-23 15:37:29] iteration 75/100 elapsed_s=16.5
[2026-05-23 15:37:35] iteration 100/100 elapsed_s=22.3
[2026-05-23 15:37:35] benchmark iterations done
[2026-05-23 15:37:35] mode complete mode=baseline mean_ms=223.077 std_ms=14.443 p95_ms=249.613
[2026-05-23 15:37:35] start mode=optimized model=GraphSAGE_int8.onnx device=NPU warmup=5 iters=100
[2026-05-23 15:37:35] creating session
[2026-05-23 15:37:36] session ready providers=OpenVINOExecutionProvider | CPUExecutionProvider
[2026-05-23 15:37:36] preparing inputs
[2026-05-23 15:37:36] inputs ready
[2026-05-23 15:37:36] warmup start
[2026-05-23 15:37:37] warmup done
[2026-05-23 15:37:37] benchmark iterations start
[2026-05-23 15:37:43] iteration 25/100 elapsed_s=5.6
[2026-05-23 15:37:48] iteration 50/100 elapsed_s=11.3
[2026-05-23 15:37:54] iteration 75/100 elapsed_s=16.8
[2026-05-23 15:37:59] iteration 100/100 elapsed_s=22.2
[2026-05-23 15:37:59] benchmark iterations done
[2026-05-23 15:37:59] mode complete mode=optimized mean_ms=222.064 std_ms=18.193 p95_ms=254.875
[2026-05-23 15:45:27] start mode=baseline model=GraphSAGE_int8.onnx device=GPU warmup=5 iters=100
[2026-05-23 15:45:27] creating session
[2026-05-23 15:45:29] session ready providers=OpenVINOExecutionProvider | CPUExecutionProvider
[2026-05-23 15:45:29] preparing inputs
[2026-05-23 15:45:29] inputs ready
[2026-05-23 15:45:29] warmup start
[2026-05-23 15:45:29] warmup done
[2026-05-23 15:45:29] benchmark iterations start
[2026-05-23 15:45:32] iteration 25/100 elapsed_s=2.4
[2026-05-23 15:45:34] iteration 50/100 elapsed_s=4.8
[2026-05-23 15:45:36] iteration 75/100 elapsed_s=7.2
[2026-05-23 15:45:39] iteration 100/100 elapsed_s=9.6
[2026-05-23 15:45:39] benchmark iterations done
[2026-05-23 15:45:39] mode complete mode=baseline mean_ms=95.931 std_ms=1.451 p95_ms=97.901
[2026-05-23 15:45:39] start mode=optimized model=GraphSAGE_int8.onnx device=GPU warmup=5 iters=100
[2026-05-23 15:45:39] creating session
[2026-05-23 15:45:41] session ready providers=OpenVINOExecutionProvider | CPUExecutionProvider
[2026-05-23 15:45:41] preparing inputs
[2026-05-23 15:45:41] inputs ready
[2026-05-23 15:45:41] warmup start
[2026-05-23 15:45:42] warmup done
[2026-05-23 15:45:42] benchmark iterations start
[2026-05-23 15:45:44] iteration 25/100 elapsed_s=2.4
[2026-05-23 15:45:46] iteration 50/100 elapsed_s=4.8
[2026-05-23 15:45:49] iteration 75/100 elapsed_s=7.2
[2026-05-23 15:45:51] iteration 100/100 elapsed_s=9.6
[2026-05-23 15:45:51] benchmark iterations done
[2026-05-23 15:45:51] mode complete mode=optimized mean_ms=95.937 std_ms=1.309 p95_ms=97.798
[2026-05-23 15:55:56] start mode=baseline model=GraphSAGE_int8.onnx device=CPU warmup=5 iters=100
[2026-05-23 15:55:56] creating session
[2026-05-23 15:55:56] session ready providers=OpenVINOExecutionProvider | CPUExecutionProvider
[2026-05-23 15:55:56] preparing inputs
[2026-05-23 15:55:56] inputs ready
[2026-05-23 15:55:56] warmup start
[2026-05-23 15:55:58] warmup done
[2026-05-23 15:55:58] benchmark iterations start
[2026-05-23 15:56:03] iteration 25/100 elapsed_s=5.6
[2026-05-23 15:56:09] iteration 50/100 elapsed_s=11.2
[2026-05-23 15:56:15] iteration 75/100 elapsed_s=16.9
[2026-05-23 15:56:20] iteration 100/100 elapsed_s=22.3
[2026-05-23 15:56:20] benchmark iterations done
[2026-05-23 15:56:20] mode complete mode=baseline mean_ms=223.294 std_ms=17.015 p95_ms=251.568
[2026-05-23 15:56:20] start mode=optimized model=GraphSAGE_int8.onnx device=CPU warmup=5 iters=100
[2026-05-23 15:56:20] creating session
[2026-05-23 15:56:21] session ready providers=OpenVINOExecutionProvider | CPUExecutionProvider
[2026-05-23 15:56:21] preparing inputs
[2026-05-23 15:56:21] inputs ready
[2026-05-23 15:56:21] warmup start
[2026-05-23 15:56:22] warmup done
[2026-05-23 15:56:22] benchmark iterations start
[2026-05-23 15:56:28] iteration 25/100 elapsed_s=5.7
[2026-05-23 15:56:34] iteration 50/100 elapsed_s=11.4
[2026-05-23 15:56:39] iteration 75/100 elapsed_s=16.9
[2026-05-23 15:56:45] iteration 100/100 elapsed_s=22.3
[2026-05-23 15:56:45] benchmark iterations done
[2026-05-23 15:56:45] mode complete mode=optimized mean_ms=223.217 std_ms=17.905 p95_ms=260.187
