[2026-05-23 13:06:16] start mode=baseline model=APPNP_fp32.onnx device=NPU warmup=5 iters=100
[2026-05-23 13:06:16] creating session
[2026-05-23 13:06:16] session ready providers=OpenVINOExecutionProvider | CPUExecutionProvider
[2026-05-23 13:06:16] preparing inputs
[2026-05-23 13:06:17] inputs ready
[2026-05-23 13:06:17] warmup start
[2026-05-23 13:06:17] warmup done
[2026-05-23 13:06:17] benchmark iterations start
[2026-05-23 13:06:17] iteration 25/100 elapsed_s=0.3
[2026-05-23 13:06:17] iteration 50/100 elapsed_s=0.6
[2026-05-23 13:06:18] iteration 75/100 elapsed_s=0.9
[2026-05-23 13:06:18] iteration 100/100 elapsed_s=1.2
[2026-05-23 13:06:18] benchmark iterations done
[2026-05-23 13:06:18] mode complete mode=baseline mean_ms=12.078 std_ms=1.342 p95_ms=14.541
[2026-05-23 13:06:19] start mode=optimized model=APPNP_fp32.onnx device=NPU warmup=5 iters=100
[2026-05-23 13:06:19] creating session
[2026-05-23 13:06:19] session ready providers=OpenVINOExecutionProvider | CPUExecutionProvider
[2026-05-23 13:06:19] preparing inputs
[2026-05-23 13:06:19] inputs ready
[2026-05-23 13:06:19] warmup start
[2026-05-23 13:06:19] warmup done
[2026-05-23 13:06:19] benchmark iterations start
[2026-05-23 13:06:20] iteration 25/100 elapsed_s=0.3
[2026-05-23 13:06:20] iteration 50/100 elapsed_s=0.6
[2026-05-23 13:06:20] iteration 75/100 elapsed_s=0.9
[2026-05-23 13:06:21] iteration 100/100 elapsed_s=1.2
[2026-05-23 13:06:21] benchmark iterations done
[2026-05-23 13:06:21] mode complete mode=optimized mean_ms=11.981 std_ms=1.218 p95_ms=13.835
[2026-05-23 14:34:37] start mode=baseline model=APPNP_fp32.onnx device=GPU warmup=5 iters=100
[2026-05-23 14:34:37] creating session
[2026-05-23 14:34:39] session ready providers=OpenVINOExecutionProvider | CPUExecutionProvider
[2026-05-23 14:34:39] preparing inputs
[2026-05-23 14:34:39] inputs ready
[2026-05-23 14:34:39] warmup start
[2026-05-23 14:34:39] warmup done
[2026-05-23 14:34:39] benchmark iterations start
[2026-05-23 14:34:39] iteration 25/100 elapsed_s=0.2
[2026-05-23 14:34:39] iteration 50/100 elapsed_s=0.3
[2026-05-23 14:34:39] iteration 75/100 elapsed_s=0.5
[2026-05-23 14:34:39] iteration 100/100 elapsed_s=0.6
[2026-05-23 14:34:39] benchmark iterations done
[2026-05-23 14:34:39] mode complete mode=baseline mean_ms=6.411 std_ms=0.574 p95_ms=7.344
[2026-05-23 14:34:40] start mode=optimized model=APPNP_fp32.onnx device=GPU warmup=5 iters=100
[2026-05-23 14:34:40] creating session
[2026-05-23 14:34:41] session ready providers=OpenVINOExecutionProvider | CPUExecutionProvider
[2026-05-23 14:34:41] preparing inputs
[2026-05-23 14:34:41] inputs ready
[2026-05-23 14:34:41] warmup start
[2026-05-23 14:34:41] warmup done
[2026-05-23 14:34:41] benchmark iterations start
[2026-05-23 14:34:42] iteration 25/100 elapsed_s=0.2
[2026-05-23 14:34:42] iteration 50/100 elapsed_s=0.4
[2026-05-23 14:34:42] iteration 75/100 elapsed_s=0.5
[2026-05-23 14:34:42] iteration 100/100 elapsed_s=0.7
[2026-05-23 14:34:42] benchmark iterations done
[2026-05-23 14:34:42] mode complete mode=optimized mean_ms=6.854 std_ms=0.684 p95_ms=8.301
[2026-05-23 14:38:46] start mode=baseline model=APPNP_fp32.onnx device=CPU warmup=5 iters=100
[2026-05-23 14:38:46] creating session
[2026-05-23 14:38:46] session ready providers=OpenVINOExecutionProvider | CPUExecutionProvider
[2026-05-23 14:38:46] preparing inputs
[2026-05-23 14:38:47] inputs ready
[2026-05-23 14:38:47] warmup start
[2026-05-23 14:38:47] warmup done
[2026-05-23 14:38:47] benchmark iterations start
[2026-05-23 14:38:47] iteration 25/100 elapsed_s=0.3
[2026-05-23 14:38:47] iteration 50/100 elapsed_s=0.6
[2026-05-23 14:38:48] iteration 75/100 elapsed_s=1.0
[2026-05-23 14:38:48] iteration 100/100 elapsed_s=1.3
[2026-05-23 14:38:48] benchmark iterations done
[2026-05-23 14:38:48] mode complete mode=baseline mean_ms=12.537 std_ms=1.251 p95_ms=14.463
[2026-05-23 14:38:48] start mode=optimized model=APPNP_fp32.onnx device=CPU warmup=5 iters=100
[2026-05-23 14:38:48] creating session
[2026-05-23 14:38:49] session ready providers=OpenVINOExecutionProvider | CPUExecutionProvider
[2026-05-23 14:38:49] preparing inputs
[2026-05-23 14:38:49] inputs ready
[2026-05-23 14:38:49] warmup start
[2026-05-23 14:38:49] warmup done
[2026-05-23 14:38:49] benchmark iterations start
[2026-05-23 14:38:49] iteration 25/100 elapsed_s=0.3
[2026-05-23 14:38:50] iteration 50/100 elapsed_s=0.6
[2026-05-23 14:38:50] iteration 75/100 elapsed_s=0.9
[2026-05-23 14:38:50] iteration 100/100 elapsed_s=1.3
[2026-05-23 14:38:50] benchmark iterations done
[2026-05-23 14:38:50] mode complete mode=optimized mean_ms=12.471 std_ms=1.332 p95_ms=14.173
