[2026-05-23 11:18:21] start mode=baseline model=GraphTransformer_fp32.onnx device=NPU warmup=5 iters=100
[2026-05-23 11:18:21] creating session
[2026-05-23 11:18:22] session ready providers=OpenVINOExecutionProvider | CPUExecutionProvider
[2026-05-23 11:18:22] preparing inputs
[2026-05-23 11:18:22] inputs ready
[2026-05-23 11:18:22] warmup start
[2026-05-23 11:18:22] warmup done
[2026-05-23 11:18:22] benchmark iterations start
[2026-05-23 11:18:22] iteration 25/100 elapsed_s=0.3
[2026-05-23 11:18:23] iteration 50/100 elapsed_s=0.5
[2026-05-23 11:18:23] iteration 75/100 elapsed_s=0.8
[2026-05-23 11:18:23] iteration 100/100 elapsed_s=1.1
[2026-05-23 11:18:23] benchmark iterations done
[2026-05-23 11:18:23] mode complete mode=baseline mean_ms=10.472 std_ms=1.519 p95_ms=14.550
[2026-05-23 11:18:23] start mode=optimized model=GraphTransformer_fp32.onnx device=NPU warmup=5 iters=100
[2026-05-23 11:18:23] creating session
[2026-05-23 11:18:24] session ready providers=OpenVINOExecutionProvider | CPUExecutionProvider
[2026-05-23 11:18:24] preparing inputs
[2026-05-23 11:18:24] inputs ready
[2026-05-23 11:18:24] warmup start
[2026-05-23 11:18:24] warmup done
[2026-05-23 11:18:24] benchmark iterations start
[2026-05-23 11:18:24] iteration 25/100 elapsed_s=0.3
[2026-05-23 11:18:25] iteration 50/100 elapsed_s=0.5
[2026-05-23 11:18:25] iteration 75/100 elapsed_s=0.8
[2026-05-23 11:18:25] iteration 100/100 elapsed_s=1.1
[2026-05-23 11:18:25] benchmark iterations done
[2026-05-23 11:18:25] mode complete mode=optimized mean_ms=10.518 std_ms=1.465 p95_ms=13.589
[2026-05-23 11:18:56] start mode=baseline model=GraphTransformer_fp32.onnx device=NPU warmup=5 iters=100
[2026-05-23 11:18:56] creating session
[2026-05-23 11:18:56] session ready providers=OpenVINOExecutionProvider | CPUExecutionProvider
[2026-05-23 11:18:56] preparing inputs
[2026-05-23 11:18:58] inputs ready
[2026-05-23 11:18:58] warmup start
[2026-05-23 11:18:58] warmup done
[2026-05-23 11:18:58] benchmark iterations start
[2026-05-23 11:18:59] iteration 25/100 elapsed_s=0.3
[2026-05-23 11:18:59] iteration 50/100 elapsed_s=0.6
[2026-05-23 11:18:59] iteration 75/100 elapsed_s=0.8
[2026-05-23 11:18:59] iteration 100/100 elapsed_s=1.1
[2026-05-23 11:18:59] benchmark iterations done
[2026-05-23 11:18:59] mode complete mode=baseline mean_ms=10.524 std_ms=1.115 p95_ms=12.137
[2026-05-23 11:19:00] start mode=optimized model=GraphTransformer_fp32.onnx device=NPU warmup=5 iters=100
[2026-05-23 11:19:00] creating session
[2026-05-23 11:19:00] session ready providers=OpenVINOExecutionProvider | CPUExecutionProvider
[2026-05-23 11:19:00] preparing inputs
[2026-05-23 11:19:02] inputs ready
[2026-05-23 11:19:02] warmup start
[2026-05-23 11:19:02] warmup done
[2026-05-23 11:19:02] benchmark iterations start
[2026-05-23 11:19:02] iteration 25/100 elapsed_s=0.3
[2026-05-23 11:19:03] iteration 50/100 elapsed_s=0.6
[2026-05-23 11:19:03] iteration 75/100 elapsed_s=0.9
[2026-05-23 11:19:03] iteration 100/100 elapsed_s=1.1
[2026-05-23 11:19:03] benchmark iterations done
[2026-05-23 11:19:03] mode complete mode=optimized mean_ms=10.995 std_ms=4.237 p95_ms=14.240
[2026-05-23 11:19:50] start mode=baseline model=GraphTransformer_fp32.onnx device=NPU warmup=5 iters=100
[2026-05-23 11:19:50] creating session
[2026-05-23 11:19:50] session ready providers=OpenVINOExecutionProvider | CPUExecutionProvider
[2026-05-23 11:19:50] preparing inputs
[2026-05-23 11:19:53] inputs ready
[2026-05-23 11:19:53] warmup start
[2026-05-23 11:19:53] warmup done
[2026-05-23 11:19:53] benchmark iterations start
[2026-05-23 11:19:53] iteration 25/100 elapsed_s=0.3
[2026-05-23 11:19:53] iteration 50/100 elapsed_s=0.6
[2026-05-23 11:19:54] iteration 75/100 elapsed_s=0.8
[2026-05-23 11:19:54] iteration 100/100 elapsed_s=1.1
[2026-05-23 11:19:54] benchmark iterations done
[2026-05-23 11:19:54] mode complete mode=baseline mean_ms=10.810 std_ms=2.582 p95_ms=14.851
[2026-05-23 11:19:54] start mode=optimized model=GraphTransformer_fp32.onnx device=NPU warmup=5 iters=100
[2026-05-23 11:19:54] creating session
[2026-05-23 11:19:54] session ready providers=OpenVINOExecutionProvider | CPUExecutionProvider
[2026-05-23 11:19:54] preparing inputs
[2026-05-23 11:19:57] inputs ready
[2026-05-23 11:19:57] warmup start
[2026-05-23 11:19:57] warmup done
[2026-05-23 11:19:57] benchmark iterations start
[2026-05-23 11:19:57] iteration 25/100 elapsed_s=0.3
[2026-05-23 11:19:57] iteration 50/100 elapsed_s=0.5
[2026-05-23 11:19:58] iteration 75/100 elapsed_s=0.8
[2026-05-23 11:19:58] iteration 100/100 elapsed_s=1.1
[2026-05-23 11:19:58] benchmark iterations done
[2026-05-23 11:19:58] mode complete mode=optimized mean_ms=10.780 std_ms=1.714 p95_ms=14.539
[2026-05-23 11:20:40] start mode=baseline model=GraphTransformer_fp32.onnx device=GPU warmup=5 iters=100
[2026-05-23 11:20:40] creating session
[2026-05-23 11:20:42] session ready providers=OpenVINOExecutionProvider | CPUExecutionProvider
[2026-05-23 11:20:42] preparing inputs
[2026-05-23 11:20:42] inputs ready
[2026-05-23 11:20:42] warmup start
[2026-05-23 11:20:42] warmup done
[2026-05-23 11:20:42] benchmark iterations start
[2026-05-23 11:20:42] iteration 25/100 elapsed_s=0.2
[2026-05-23 11:20:42] iteration 50/100 elapsed_s=0.3
[2026-05-23 11:20:42] iteration 75/100 elapsed_s=0.5
[2026-05-23 11:20:42] iteration 100/100 elapsed_s=0.6
[2026-05-23 11:20:42] benchmark iterations done
[2026-05-23 11:20:43] mode complete mode=baseline mean_ms=6.142 std_ms=0.729 p95_ms=7.260
[2026-05-23 11:20:43] start mode=optimized model=GraphTransformer_fp32.onnx device=GPU warmup=5 iters=100
[2026-05-23 11:20:43] creating session
[2026-05-23 11:20:44] session ready providers=OpenVINOExecutionProvider | CPUExecutionProvider
[2026-05-23 11:20:44] preparing inputs
[2026-05-23 11:20:44] inputs ready
[2026-05-23 11:20:44] warmup start
[2026-05-23 11:20:44] warmup done
[2026-05-23 11:20:44] benchmark iterations start
[2026-05-23 11:20:44] iteration 25/100 elapsed_s=0.2
[2026-05-23 11:20:45] iteration 50/100 elapsed_s=0.3
[2026-05-23 11:20:45] iteration 75/100 elapsed_s=0.5
[2026-05-23 11:20:45] iteration 100/100 elapsed_s=0.6
[2026-05-23 11:20:45] benchmark iterations done
[2026-05-23 11:20:45] mode complete mode=optimized mean_ms=6.217 std_ms=0.719 p95_ms=7.292
[2026-05-23 11:21:23] start mode=baseline model=GraphTransformer_fp32.onnx device=GPU warmup=5 iters=100
[2026-05-23 11:21:23] creating session
[2026-05-23 11:21:24] session ready providers=OpenVINOExecutionProvider | CPUExecutionProvider
[2026-05-23 11:21:24] preparing inputs
[2026-05-23 11:21:26] inputs ready
[2026-05-23 11:21:26] warmup start
[2026-05-23 11:21:26] warmup done
[2026-05-23 11:21:26] benchmark iterations start
[2026-05-23 11:21:26] iteration 25/100 elapsed_s=0.2
[2026-05-23 11:21:26] iteration 50/100 elapsed_s=0.3
[2026-05-23 11:21:26] iteration 75/100 elapsed_s=0.5
[2026-05-23 11:21:27] iteration 100/100 elapsed_s=0.7
[2026-05-23 11:21:27] benchmark iterations done
[2026-05-23 11:21:27] mode complete mode=baseline mean_ms=6.564 std_ms=0.596 p95_ms=7.544
[2026-05-23 11:21:27] start mode=optimized model=GraphTransformer_fp32.onnx device=GPU warmup=5 iters=100
[2026-05-23 11:21:27] creating session
[2026-05-23 11:21:28] session ready providers=OpenVINOExecutionProvider | CPUExecutionProvider
[2026-05-23 11:21:28] preparing inputs
[2026-05-23 11:21:30] inputs ready
[2026-05-23 11:21:30] warmup start
[2026-05-23 11:21:30] warmup done
[2026-05-23 11:21:30] benchmark iterations start
[2026-05-23 11:21:30] iteration 25/100 elapsed_s=0.2
[2026-05-23 11:21:30] iteration 50/100 elapsed_s=0.3
[2026-05-23 11:21:30] iteration 75/100 elapsed_s=0.4
[2026-05-23 11:21:30] iteration 100/100 elapsed_s=0.6
[2026-05-23 11:21:30] benchmark iterations done
[2026-05-23 11:21:31] mode complete mode=optimized mean_ms=5.877 std_ms=0.675 p95_ms=7.003
[2026-05-23 11:22:16] start mode=baseline model=GraphTransformer_fp32.onnx device=GPU warmup=5 iters=100
[2026-05-23 11:22:16] creating session
[2026-05-23 11:22:18] session ready providers=OpenVINOExecutionProvider | CPUExecutionProvider
[2026-05-23 11:22:18] preparing inputs
[2026-05-23 11:22:20] inputs ready
[2026-05-23 11:22:20] warmup start
[2026-05-23 11:22:20] warmup done
[2026-05-23 11:22:20] benchmark iterations start
[2026-05-23 11:22:20] iteration 25/100 elapsed_s=0.2
[2026-05-23 11:22:20] iteration 50/100 elapsed_s=0.3
[2026-05-23 11:22:21] iteration 75/100 elapsed_s=0.5
[2026-05-23 11:22:21] iteration 100/100 elapsed_s=0.7
[2026-05-23 11:22:21] benchmark iterations done
[2026-05-23 11:22:21] mode complete mode=baseline mean_ms=6.488 std_ms=0.613 p95_ms=7.474
[2026-05-23 11:22:21] start mode=optimized model=GraphTransformer_fp32.onnx device=GPU warmup=5 iters=100
[2026-05-23 11:22:21] creating session
[2026-05-23 11:22:22] session ready providers=OpenVINOExecutionProvider | CPUExecutionProvider
[2026-05-23 11:22:22] preparing inputs
[2026-05-23 11:22:25] inputs ready
[2026-05-23 11:22:25] warmup start
[2026-05-23 11:22:25] warmup done
[2026-05-23 11:22:25] benchmark iterations start
[2026-05-23 11:22:25] iteration 25/100 elapsed_s=0.2
[2026-05-23 11:22:25] iteration 50/100 elapsed_s=0.3
[2026-05-23 11:22:25] iteration 75/100 elapsed_s=0.4
[2026-05-23 11:22:25] iteration 100/100 elapsed_s=0.6
[2026-05-23 11:22:25] benchmark iterations done
[2026-05-23 11:22:25] mode complete mode=optimized mean_ms=5.981 std_ms=0.726 p95_ms=7.193
[2026-05-23 11:23:12] start mode=baseline model=GraphTransformer_fp32.onnx device=CPU warmup=5 iters=100
[2026-05-23 11:23:12] creating session
[2026-05-23 11:23:12] session ready providers=OpenVINOExecutionProvider | CPUExecutionProvider
[2026-05-23 11:23:12] preparing inputs
[2026-05-23 11:23:12] inputs ready
[2026-05-23 11:23:12] warmup start
[2026-05-23 11:23:12] warmup done
[2026-05-23 11:23:12] benchmark iterations start
[2026-05-23 11:23:13] iteration 25/100 elapsed_s=0.3
[2026-05-23 11:23:13] iteration 50/100 elapsed_s=0.6
[2026-05-23 11:23:13] iteration 75/100 elapsed_s=0.8
[2026-05-23 11:23:13] iteration 100/100 elapsed_s=1.1
[2026-05-23 11:23:13] benchmark iterations done
[2026-05-23 11:23:13] mode complete mode=baseline mean_ms=10.534 std_ms=1.414 p95_ms=13.361
[2026-05-23 11:23:14] start mode=optimized model=GraphTransformer_fp32.onnx device=CPU warmup=5 iters=100
[2026-05-23 11:23:14] creating session
[2026-05-23 11:23:14] session ready providers=OpenVINOExecutionProvider | CPUExecutionProvider
[2026-05-23 11:23:14] preparing inputs
[2026-05-23 11:23:14] inputs ready
[2026-05-23 11:23:14] warmup start
[2026-05-23 11:23:15] warmup done
[2026-05-23 11:23:15] benchmark iterations start
[2026-05-23 11:23:15] iteration 25/100 elapsed_s=0.3
[2026-05-23 11:23:15] iteration 50/100 elapsed_s=0.6
[2026-05-23 11:23:15] iteration 75/100 elapsed_s=0.9
[2026-05-23 11:23:16] iteration 100/100 elapsed_s=1.1
[2026-05-23 11:23:16] benchmark iterations done
[2026-05-23 11:23:16] mode complete mode=optimized mean_ms=11.182 std_ms=5.067 p95_ms=12.511
[2026-05-23 11:23:42] start mode=baseline model=GraphTransformer_fp32.onnx device=CPU warmup=5 iters=100
[2026-05-23 11:23:42] creating session
[2026-05-23 11:23:42] session ready providers=OpenVINOExecutionProvider | CPUExecutionProvider
[2026-05-23 11:23:42] preparing inputs
[2026-05-23 11:23:44] inputs ready
[2026-05-23 11:23:44] warmup start
[2026-05-23 11:23:44] warmup done
[2026-05-23 11:23:44] benchmark iterations start
[2026-05-23 11:23:44] iteration 25/100 elapsed_s=0.3
[2026-05-23 11:23:45] iteration 50/100 elapsed_s=0.6
[2026-05-23 11:23:45] iteration 75/100 elapsed_s=0.8
[2026-05-23 11:23:45] iteration 100/100 elapsed_s=1.1
[2026-05-23 11:23:45] benchmark iterations done
[2026-05-23 11:23:45] mode complete mode=baseline mean_ms=10.993 std_ms=2.723 p95_ms=14.538
[2026-05-23 11:23:46] start mode=optimized model=GraphTransformer_fp32.onnx device=CPU warmup=5 iters=100
[2026-05-23 11:23:46] creating session
[2026-05-23 11:23:46] session ready providers=OpenVINOExecutionProvider | CPUExecutionProvider
[2026-05-23 11:23:46] preparing inputs
[2026-05-23 11:23:48] inputs ready
[2026-05-23 11:23:48] warmup start
[2026-05-23 11:23:48] warmup done
[2026-05-23 11:23:48] benchmark iterations start
[2026-05-23 11:23:48] iteration 25/100 elapsed_s=0.3
[2026-05-23 11:23:48] iteration 50/100 elapsed_s=0.5
[2026-05-23 11:23:48] iteration 75/100 elapsed_s=0.8
[2026-05-23 11:23:49] iteration 100/100 elapsed_s=1.1
[2026-05-23 11:23:49] benchmark iterations done
[2026-05-23 11:23:49] mode complete mode=optimized mean_ms=10.479 std_ms=1.271 p95_ms=11.783
[2026-05-23 11:24:29] start mode=baseline model=GraphTransformer_fp32.onnx device=CPU warmup=5 iters=100
[2026-05-23 11:24:29] creating session
[2026-05-23 11:24:29] session ready providers=OpenVINOExecutionProvider | CPUExecutionProvider
[2026-05-23 11:24:29] preparing inputs
[2026-05-23 11:24:31] inputs ready
[2026-05-23 11:24:31] warmup start
[2026-05-23 11:24:31] warmup done
[2026-05-23 11:24:31] benchmark iterations start
[2026-05-23 11:24:32] iteration 25/100 elapsed_s=0.3
[2026-05-23 11:24:32] iteration 50/100 elapsed_s=0.6
[2026-05-23 11:24:32] iteration 75/100 elapsed_s=0.9
[2026-05-23 11:24:33] iteration 100/100 elapsed_s=1.2
[2026-05-23 11:24:33] benchmark iterations done
[2026-05-23 11:24:33] mode complete mode=baseline mean_ms=12.007 std_ms=2.701 p95_ms=15.079
[2026-05-23 11:24:33] start mode=optimized model=GraphTransformer_fp32.onnx device=CPU warmup=5 iters=100
[2026-05-23 11:24:33] creating session
[2026-05-23 11:24:33] session ready providers=OpenVINOExecutionProvider | CPUExecutionProvider
[2026-05-23 11:24:33] preparing inputs
[2026-05-23 11:24:36] inputs ready
[2026-05-23 11:24:36] warmup start
[2026-05-23 11:24:36] warmup done
[2026-05-23 11:24:36] benchmark iterations start
[2026-05-23 11:24:36] iteration 25/100 elapsed_s=0.3
[2026-05-23 11:24:36] iteration 50/100 elapsed_s=0.5
[2026-05-23 11:24:36] iteration 75/100 elapsed_s=0.8
[2026-05-23 11:24:37] iteration 100/100 elapsed_s=1.1
[2026-05-23 11:24:37] benchmark iterations done
[2026-05-23 11:24:37] mode complete mode=optimized mean_ms=10.634 std_ms=1.312 p95_ms=13.545
