[2026-05-23 13:06:39] start mode=baseline model=APPNP_int8.onnx device=NPU warmup=5 iters=100
[2026-05-23 13:06:39] creating session
[2026-05-23 13:06:40] session ready providers=OpenVINOExecutionProvider | CPUExecutionProvider
[2026-05-23 13:06:40] preparing inputs
[2026-05-23 13:06:40] inputs ready
[2026-05-23 13:06:40] warmup start
[2026-05-23 13:06:40] warmup done
[2026-05-23 13:06:40] benchmark iterations start
[2026-05-23 13:06:40] iteration 25/100 elapsed_s=0.4
[2026-05-23 13:06:41] iteration 50/100 elapsed_s=0.8
[2026-05-23 13:06:41] iteration 75/100 elapsed_s=1.1
[2026-05-23 13:06:42] iteration 100/100 elapsed_s=1.5
[2026-05-23 13:06:42] benchmark iterations done
[2026-05-23 13:06:42] mode complete mode=baseline mean_ms=15.023 std_ms=1.306 p95_ms=16.244
[2026-05-23 13:06:42] start mode=optimized model=APPNP_int8.onnx device=NPU warmup=5 iters=100
[2026-05-23 13:06:42] creating session
[2026-05-23 13:06:43] session ready providers=OpenVINOExecutionProvider | CPUExecutionProvider
[2026-05-23 13:06:43] preparing inputs
[2026-05-23 13:06:43] inputs ready
[2026-05-23 13:06:43] warmup start
[2026-05-23 13:06:43] warmup done
[2026-05-23 13:06:43] benchmark iterations start
[2026-05-23 13:06:43] iteration 25/100 elapsed_s=0.4
[2026-05-23 13:06:44] iteration 50/100 elapsed_s=0.7
[2026-05-23 13:06:44] iteration 75/100 elapsed_s=1.1
[2026-05-23 13:06:44] iteration 100/100 elapsed_s=1.5
[2026-05-23 13:06:44] benchmark iterations done
[2026-05-23 13:06:44] mode complete mode=optimized mean_ms=14.519 std_ms=1.099 p95_ms=16.758
[2026-05-23 14:35:17] start mode=baseline model=APPNP_int8.onnx device=GPU warmup=5 iters=100
[2026-05-23 14:35:17] creating session
[2026-05-23 14:35:19] session ready providers=OpenVINOExecutionProvider | CPUExecutionProvider
[2026-05-23 14:35:19] preparing inputs
[2026-05-23 14:35:19] inputs ready
[2026-05-23 14:35:19] warmup start
[2026-05-23 14:35:19] warmup done
[2026-05-23 14:35:19] benchmark iterations start
[2026-05-23 14:35:19] iteration 25/100 elapsed_s=0.2
[2026-05-23 14:35:19] iteration 50/100 elapsed_s=0.4
[2026-05-23 14:35:20] iteration 75/100 elapsed_s=0.6
[2026-05-23 14:35:20] iteration 100/100 elapsed_s=0.8
[2026-05-23 14:35:20] benchmark iterations done
[2026-05-23 14:35:20] mode complete mode=baseline mean_ms=8.372 std_ms=0.631 p95_ms=9.312
[2026-05-23 14:35:20] start mode=optimized model=APPNP_int8.onnx device=GPU warmup=5 iters=100
[2026-05-23 14:35:20] creating session
[2026-05-23 14:35:22] session ready providers=OpenVINOExecutionProvider | CPUExecutionProvider
[2026-05-23 14:35:22] preparing inputs
[2026-05-23 14:35:22] inputs ready
[2026-05-23 14:35:22] warmup start
[2026-05-23 14:35:22] warmup done
[2026-05-23 14:35:22] benchmark iterations start
[2026-05-23 14:35:23] iteration 25/100 elapsed_s=0.2
[2026-05-23 14:35:23] iteration 50/100 elapsed_s=0.4
[2026-05-23 14:35:23] iteration 75/100 elapsed_s=0.6
[2026-05-23 14:35:23] iteration 100/100 elapsed_s=0.9
[2026-05-23 14:35:23] benchmark iterations done
[2026-05-23 14:35:23] mode complete mode=optimized mean_ms=8.494 std_ms=0.671 p95_ms=9.684
[2026-05-23 14:39:08] start mode=baseline model=APPNP_int8.onnx device=CPU warmup=5 iters=100
[2026-05-23 14:39:08] creating session
[2026-05-23 14:39:08] session ready providers=OpenVINOExecutionProvider | CPUExecutionProvider
[2026-05-23 14:39:08] preparing inputs
[2026-05-23 14:39:08] inputs ready
[2026-05-23 14:39:08] warmup start
[2026-05-23 14:39:09] warmup done
[2026-05-23 14:39:09] benchmark iterations start
[2026-05-23 14:39:09] iteration 25/100 elapsed_s=0.4
[2026-05-23 14:39:09] iteration 50/100 elapsed_s=0.8
[2026-05-23 14:39:10] iteration 75/100 elapsed_s=1.3
[2026-05-23 14:39:10] iteration 100/100 elapsed_s=1.7
[2026-05-23 14:39:10] benchmark iterations done
[2026-05-23 14:39:10] mode complete mode=baseline mean_ms=16.740 std_ms=1.797 p95_ms=18.334
[2026-05-23 14:39:11] start mode=optimized model=APPNP_int8.onnx device=CPU warmup=5 iters=100
[2026-05-23 14:39:11] creating session
[2026-05-23 14:39:11] session ready providers=OpenVINOExecutionProvider | CPUExecutionProvider
[2026-05-23 14:39:11] preparing inputs
[2026-05-23 14:39:11] inputs ready
[2026-05-23 14:39:11] warmup start
[2026-05-23 14:39:11] warmup done
[2026-05-23 14:39:11] benchmark iterations start
[2026-05-23 14:39:12] iteration 25/100 elapsed_s=0.4
[2026-05-23 14:39:12] iteration 50/100 elapsed_s=0.8
[2026-05-23 14:39:13] iteration 75/100 elapsed_s=1.2
[2026-05-23 14:39:13] iteration 100/100 elapsed_s=1.6
[2026-05-23 14:39:13] benchmark iterations done
[2026-05-23 14:39:13] mode complete mode=optimized mean_ms=16.069 std_ms=0.951 p95_ms=17.934
