[2026-05-23 10:35:21] start mode=baseline model=GATv2_fp32.onnx device=NPU warmup=5 iters=100
[2026-05-23 10:35:21] creating session
[2026-05-23 10:35:21] session ready providers=OpenVINOExecutionProvider | CPUExecutionProvider
[2026-05-23 10:35:21] preparing inputs
[2026-05-23 10:35:21] inputs ready
[2026-05-23 10:35:21] warmup start
[2026-05-23 10:35:21] warmup done
[2026-05-23 10:35:21] benchmark iterations start
[2026-05-23 10:35:22] iteration 25/100 elapsed_s=0.3
[2026-05-23 10:35:22] iteration 50/100 elapsed_s=0.7
[2026-05-23 10:35:22] iteration 75/100 elapsed_s=1.0
[2026-05-23 10:35:23] iteration 100/100 elapsed_s=1.3
[2026-05-23 10:35:23] benchmark iterations done
[2026-05-23 10:35:23] mode complete mode=baseline mean_ms=12.914 std_ms=2.018 p95_ms=14.982
[2026-05-23 10:35:23] start mode=optimized model=GATv2_fp32.onnx device=NPU warmup=5 iters=100
[2026-05-23 10:35:23] creating session
[2026-05-23 10:35:23] session ready providers=OpenVINOExecutionProvider | CPUExecutionProvider
[2026-05-23 10:35:23] preparing inputs
[2026-05-23 10:35:24] inputs ready
[2026-05-23 10:35:24] warmup start
[2026-05-23 10:35:24] warmup done
[2026-05-23 10:35:24] benchmark iterations start
[2026-05-23 10:35:24] iteration 25/100 elapsed_s=0.4
[2026-05-23 10:35:24] iteration 50/100 elapsed_s=0.7
[2026-05-23 10:35:25] iteration 75/100 elapsed_s=1.0
[2026-05-23 10:35:25] iteration 100/100 elapsed_s=1.3
[2026-05-23 10:35:25] benchmark iterations done
[2026-05-23 10:35:25] mode complete mode=optimized mean_ms=13.251 std_ms=2.153 p95_ms=15.247
[2026-05-23 10:35:47] start mode=baseline model=GATv2_fp32.onnx device=NPU warmup=5 iters=100
[2026-05-23 10:35:47] creating session
[2026-05-23 10:35:47] session ready providers=OpenVINOExecutionProvider | CPUExecutionProvider
[2026-05-23 10:35:47] preparing inputs
[2026-05-23 10:35:49] inputs ready
[2026-05-23 10:35:49] warmup start
[2026-05-23 10:35:49] warmup done
[2026-05-23 10:35:49] benchmark iterations start
[2026-05-23 10:35:50] iteration 25/100 elapsed_s=0.4
[2026-05-23 10:35:50] iteration 50/100 elapsed_s=0.7
[2026-05-23 10:35:50] iteration 75/100 elapsed_s=1.1
[2026-05-23 10:35:51] iteration 100/100 elapsed_s=1.4
[2026-05-23 10:35:51] benchmark iterations done
[2026-05-23 10:35:51] mode complete mode=baseline mean_ms=14.387 std_ms=1.412 p95_ms=16.850
[2026-05-23 10:35:51] start mode=optimized model=GATv2_fp32.onnx device=NPU warmup=5 iters=100
[2026-05-23 10:35:51] creating session
[2026-05-23 10:35:51] session ready providers=OpenVINOExecutionProvider | CPUExecutionProvider
[2026-05-23 10:35:51] preparing inputs
[2026-05-23 10:35:53] inputs ready
[2026-05-23 10:35:53] warmup start
[2026-05-23 10:35:53] warmup done
[2026-05-23 10:35:53] benchmark iterations start
[2026-05-23 10:35:54] iteration 25/100 elapsed_s=0.3
[2026-05-23 10:35:54] iteration 50/100 elapsed_s=0.7
[2026-05-23 10:35:54] iteration 75/100 elapsed_s=1.0
[2026-05-23 10:35:55] iteration 100/100 elapsed_s=1.3
[2026-05-23 10:35:55] benchmark iterations done
[2026-05-23 10:35:55] mode complete mode=optimized mean_ms=12.999 std_ms=1.071 p95_ms=14.896
[2026-05-23 10:36:20] start mode=baseline model=GATv2_fp32.onnx device=NPU warmup=5 iters=100
[2026-05-23 10:36:20] creating session
[2026-05-23 10:36:20] session ready providers=OpenVINOExecutionProvider | CPUExecutionProvider
[2026-05-23 10:36:20] preparing inputs
[2026-05-23 10:36:22] inputs ready
[2026-05-23 10:36:22] warmup start
[2026-05-23 10:36:22] warmup done
[2026-05-23 10:36:22] benchmark iterations start
[2026-05-23 10:36:23] iteration 25/100 elapsed_s=0.4
[2026-05-23 10:36:23] iteration 50/100 elapsed_s=0.7
[2026-05-23 10:36:24] iteration 75/100 elapsed_s=1.1
[2026-05-23 10:36:24] iteration 100/100 elapsed_s=1.4
[2026-05-23 10:36:24] benchmark iterations done
[2026-05-23 10:36:24] mode complete mode=baseline mean_ms=13.897 std_ms=1.943 p95_ms=18.291
[2026-05-23 10:36:24] start mode=optimized model=GATv2_fp32.onnx device=NPU warmup=5 iters=100
[2026-05-23 10:36:24] creating session
[2026-05-23 10:36:24] session ready providers=OpenVINOExecutionProvider | CPUExecutionProvider
[2026-05-23 10:36:24] preparing inputs
[2026-05-23 10:36:27] inputs ready
[2026-05-23 10:36:27] warmup start
[2026-05-23 10:36:27] warmup done
[2026-05-23 10:36:27] benchmark iterations start
[2026-05-23 10:36:27] iteration 25/100 elapsed_s=0.3
[2026-05-23 10:36:28] iteration 50/100 elapsed_s=0.6
[2026-05-23 10:36:28] iteration 75/100 elapsed_s=0.9
[2026-05-23 10:36:28] iteration 100/100 elapsed_s=1.3
[2026-05-23 10:36:28] benchmark iterations done
[2026-05-23 10:36:28] mode complete mode=optimized mean_ms=12.550 std_ms=1.383 p95_ms=14.355
[2026-05-23 10:36:43] start mode=baseline model=GATv2_fp32.onnx device=GPU warmup=5 iters=100
[2026-05-23 10:36:43] creating session
[2026-05-23 10:36:44] session ready providers=OpenVINOExecutionProvider | CPUExecutionProvider
[2026-05-23 10:36:44] preparing inputs
[2026-05-23 10:36:44] inputs ready
[2026-05-23 10:36:44] warmup start
[2026-05-23 10:36:44] warmup done
[2026-05-23 10:36:44] benchmark iterations start
[2026-05-23 10:36:44] iteration 25/100 elapsed_s=0.2
[2026-05-23 10:36:45] iteration 50/100 elapsed_s=0.4
[2026-05-23 10:36:45] iteration 75/100 elapsed_s=0.6
[2026-05-23 10:36:45] iteration 100/100 elapsed_s=0.8
[2026-05-23 10:36:45] benchmark iterations done
[2026-05-23 10:36:45] mode complete mode=baseline mean_ms=8.352 std_ms=0.937 p95_ms=9.537
[2026-05-23 10:36:45] start mode=optimized model=GATv2_fp32.onnx device=GPU warmup=5 iters=100
[2026-05-23 10:36:45] creating session
[2026-05-23 10:36:47] session ready providers=OpenVINOExecutionProvider | CPUExecutionProvider
[2026-05-23 10:36:47] preparing inputs
[2026-05-23 10:36:47] inputs ready
[2026-05-23 10:36:47] warmup start
[2026-05-23 10:36:47] warmup done
[2026-05-23 10:36:47] benchmark iterations start
[2026-05-23 10:36:47] iteration 25/100 elapsed_s=0.2
[2026-05-23 10:36:47] iteration 50/100 elapsed_s=0.4
[2026-05-23 10:36:48] iteration 75/100 elapsed_s=0.6
[2026-05-23 10:36:48] iteration 100/100 elapsed_s=0.8
[2026-05-23 10:36:48] benchmark iterations done
[2026-05-23 10:36:48] mode complete mode=optimized mean_ms=8.260 std_ms=1.001 p95_ms=9.777
[2026-05-23 10:37:08] start mode=baseline model=GATv2_fp32.onnx device=GPU warmup=5 iters=100
[2026-05-23 10:37:08] creating session
[2026-05-23 10:37:10] session ready providers=OpenVINOExecutionProvider | CPUExecutionProvider
[2026-05-23 10:37:10] preparing inputs
[2026-05-23 10:37:12] inputs ready
[2026-05-23 10:37:12] warmup start
[2026-05-23 10:37:12] warmup done
[2026-05-23 10:37:12] benchmark iterations start
[2026-05-23 10:37:12] iteration 25/100 elapsed_s=0.2
[2026-05-23 10:37:12] iteration 50/100 elapsed_s=0.5
[2026-05-23 10:37:12] iteration 75/100 elapsed_s=0.7
[2026-05-23 10:37:13] iteration 100/100 elapsed_s=0.9
[2026-05-23 10:37:13] benchmark iterations done
[2026-05-23 10:37:13] mode complete mode=baseline mean_ms=9.202 std_ms=0.800 p95_ms=10.362
[2026-05-23 10:37:13] start mode=optimized model=GATv2_fp32.onnx device=GPU warmup=5 iters=100
[2026-05-23 10:37:13] creating session
[2026-05-23 10:37:14] session ready providers=OpenVINOExecutionProvider | CPUExecutionProvider
[2026-05-23 10:37:14] preparing inputs
[2026-05-23 10:37:16] inputs ready
[2026-05-23 10:37:16] warmup start
[2026-05-23 10:37:16] warmup done
[2026-05-23 10:37:16] benchmark iterations start
[2026-05-23 10:37:16] iteration 25/100 elapsed_s=0.2
[2026-05-23 10:37:17] iteration 50/100 elapsed_s=0.5
[2026-05-23 10:37:17] iteration 75/100 elapsed_s=0.7
[2026-05-23 10:37:17] iteration 100/100 elapsed_s=0.9
[2026-05-23 10:37:17] benchmark iterations done
[2026-05-23 10:37:17] mode complete mode=optimized mean_ms=9.195 std_ms=0.885 p95_ms=10.554
[2026-05-23 10:37:40] start mode=baseline model=GATv2_fp32.onnx device=GPU warmup=5 iters=100
[2026-05-23 10:37:40] creating session
[2026-05-23 10:37:41] session ready providers=OpenVINOExecutionProvider | CPUExecutionProvider
[2026-05-23 10:37:41] preparing inputs
[2026-05-23 10:37:44] inputs ready
[2026-05-23 10:37:44] warmup start
[2026-05-23 10:37:44] warmup done
[2026-05-23 10:37:44] benchmark iterations start
[2026-05-23 10:37:44] iteration 25/100 elapsed_s=0.2
[2026-05-23 10:37:44] iteration 50/100 elapsed_s=0.5
[2026-05-23 10:37:45] iteration 75/100 elapsed_s=0.7
[2026-05-23 10:37:45] iteration 100/100 elapsed_s=0.9
[2026-05-23 10:37:45] benchmark iterations done
[2026-05-23 10:37:45] mode complete mode=baseline mean_ms=9.094 std_ms=0.796 p95_ms=10.231
[2026-05-23 10:37:45] start mode=optimized model=GATv2_fp32.onnx device=GPU warmup=5 iters=100
[2026-05-23 10:37:45] creating session
[2026-05-23 10:37:47] session ready providers=OpenVINOExecutionProvider | CPUExecutionProvider
[2026-05-23 10:37:47] preparing inputs
[2026-05-23 10:37:49] inputs ready
[2026-05-23 10:37:49] warmup start
[2026-05-23 10:37:49] warmup done
[2026-05-23 10:37:49] benchmark iterations start
[2026-05-23 10:37:49] iteration 25/100 elapsed_s=0.2
[2026-05-23 10:37:50] iteration 50/100 elapsed_s=0.5
[2026-05-23 10:37:50] iteration 75/100 elapsed_s=0.7
[2026-05-23 10:37:50] iteration 100/100 elapsed_s=0.9
[2026-05-23 10:37:50] benchmark iterations done
[2026-05-23 10:37:50] mode complete mode=optimized mean_ms=8.919 std_ms=1.361 p95_ms=10.200
[2026-05-23 10:38:02] start mode=baseline model=GATv2_fp32.onnx device=CPU warmup=5 iters=100
[2026-05-23 10:38:02] creating session
[2026-05-23 10:38:02] session ready providers=OpenVINOExecutionProvider | CPUExecutionProvider
[2026-05-23 10:38:02] preparing inputs
[2026-05-23 10:38:02] inputs ready
[2026-05-23 10:38:02] warmup start
[2026-05-23 10:38:03] warmup done
[2026-05-23 10:38:03] benchmark iterations start
[2026-05-23 10:38:03] iteration 25/100 elapsed_s=0.4
[2026-05-23 10:38:03] iteration 50/100 elapsed_s=0.7
[2026-05-23 10:38:04] iteration 75/100 elapsed_s=1.0
[2026-05-23 10:38:04] iteration 100/100 elapsed_s=1.3
[2026-05-23 10:38:04] benchmark iterations done
[2026-05-23 10:38:04] mode complete mode=baseline mean_ms=13.374 std_ms=3.024 p95_ms=17.234
[2026-05-23 10:38:04] start mode=optimized model=GATv2_fp32.onnx device=CPU warmup=5 iters=100
[2026-05-23 10:38:04] creating session
[2026-05-23 10:38:04] session ready providers=OpenVINOExecutionProvider | CPUExecutionProvider
[2026-05-23 10:38:04] preparing inputs
[2026-05-23 10:38:05] inputs ready
[2026-05-23 10:38:05] warmup start
[2026-05-23 10:38:05] warmup done
[2026-05-23 10:38:05] benchmark iterations start
[2026-05-23 10:38:05] iteration 25/100 elapsed_s=0.3
[2026-05-23 10:38:06] iteration 50/100 elapsed_s=0.6
[2026-05-23 10:38:06] iteration 75/100 elapsed_s=1.0
[2026-05-23 10:38:06] iteration 100/100 elapsed_s=1.3
[2026-05-23 10:38:06] benchmark iterations done
[2026-05-23 10:38:06] mode complete mode=optimized mean_ms=12.843 std_ms=1.333 p95_ms=16.320
[2026-05-23 10:38:24] start mode=baseline model=GATv2_fp32.onnx device=CPU warmup=5 iters=100
[2026-05-23 10:38:24] creating session
[2026-05-23 10:38:24] session ready providers=OpenVINOExecutionProvider | CPUExecutionProvider
[2026-05-23 10:38:24] preparing inputs
[2026-05-23 10:38:26] inputs ready
[2026-05-23 10:38:26] warmup start
[2026-05-23 10:38:26] warmup done
[2026-05-23 10:38:26] benchmark iterations start
[2026-05-23 10:38:26] iteration 25/100 elapsed_s=0.3
[2026-05-23 10:38:27] iteration 50/100 elapsed_s=0.6
[2026-05-23 10:38:27] iteration 75/100 elapsed_s=1.0
[2026-05-23 10:38:27] iteration 100/100 elapsed_s=1.3
[2026-05-23 10:38:27] benchmark iterations done
[2026-05-23 10:38:27] mode complete mode=baseline mean_ms=12.770 std_ms=1.020 p95_ms=14.081
[2026-05-23 10:38:28] start mode=optimized model=GATv2_fp32.onnx device=CPU warmup=5 iters=100
[2026-05-23 10:38:28] creating session
[2026-05-23 10:38:28] session ready providers=OpenVINOExecutionProvider | CPUExecutionProvider
[2026-05-23 10:38:28] preparing inputs
[2026-05-23 10:38:30] inputs ready
[2026-05-23 10:38:30] warmup start
[2026-05-23 10:38:30] warmup done
[2026-05-23 10:38:30] benchmark iterations start
[2026-05-23 10:38:30] iteration 25/100 elapsed_s=0.4
[2026-05-23 10:38:31] iteration 50/100 elapsed_s=0.7
[2026-05-23 10:38:31] iteration 75/100 elapsed_s=1.0
[2026-05-23 10:38:31] iteration 100/100 elapsed_s=1.3
[2026-05-23 10:38:31] benchmark iterations done
[2026-05-23 10:38:31] mode complete mode=optimized mean_ms=12.972 std_ms=1.521 p95_ms=15.710
[2026-05-23 10:38:51] start mode=baseline model=GATv2_fp32.onnx device=CPU warmup=5 iters=100
[2026-05-23 10:38:51] creating session
[2026-05-23 10:38:51] session ready providers=OpenVINOExecutionProvider | CPUExecutionProvider
[2026-05-23 10:38:51] preparing inputs
[2026-05-23 10:38:54] inputs ready
[2026-05-23 10:38:54] warmup start
[2026-05-23 10:38:54] warmup done
[2026-05-23 10:38:54] benchmark iterations start
[2026-05-23 10:38:54] iteration 25/100 elapsed_s=0.4
[2026-05-23 10:38:54] iteration 50/100 elapsed_s=0.7
[2026-05-23 10:38:55] iteration 75/100 elapsed_s=1.0
[2026-05-23 10:38:55] iteration 100/100 elapsed_s=1.4
[2026-05-23 10:38:55] benchmark iterations done
[2026-05-23 10:38:55] mode complete mode=baseline mean_ms=13.841 std_ms=1.148 p95_ms=15.665
[2026-05-23 10:38:55] start mode=optimized model=GATv2_fp32.onnx device=CPU warmup=5 iters=100
[2026-05-23 10:38:55] creating session
[2026-05-23 10:38:56] session ready providers=OpenVINOExecutionProvider | CPUExecutionProvider
[2026-05-23 10:38:56] preparing inputs
[2026-05-23 10:38:58] inputs ready
[2026-05-23 10:38:58] warmup start
[2026-05-23 10:38:58] warmup done
[2026-05-23 10:38:58] benchmark iterations start
[2026-05-23 10:38:59] iteration 25/100 elapsed_s=0.3
[2026-05-23 10:38:59] iteration 50/100 elapsed_s=0.7
[2026-05-23 10:38:59] iteration 75/100 elapsed_s=1.0
[2026-05-23 10:39:00] iteration 100/100 elapsed_s=1.3
[2026-05-23 10:39:00] benchmark iterations done
[2026-05-23 10:39:00] mode complete mode=optimized mean_ms=12.757 std_ms=2.207 p95_ms=14.609
