[2026-05-23 14:53:32] start mode=baseline model=GCN_int8.onnx device=NPU warmup=5 iters=100
[2026-05-23 14:53:32] creating session
[2026-05-23 14:53:33] session ready providers=OpenVINOExecutionProvider | CPUExecutionProvider
[2026-05-23 14:53:33] preparing inputs
[2026-05-23 14:53:33] inputs ready
[2026-05-23 14:53:33] warmup start
[2026-05-23 14:53:33] warmup done
[2026-05-23 14:53:33] benchmark iterations start
[2026-05-23 14:53:33] iteration 25/100 elapsed_s=0.2
[2026-05-23 14:53:34] iteration 50/100 elapsed_s=0.4
[2026-05-23 14:53:34] iteration 75/100 elapsed_s=0.6
[2026-05-23 14:53:34] iteration 100/100 elapsed_s=0.8
[2026-05-23 14:53:34] benchmark iterations done
[2026-05-23 14:53:34] mode complete mode=baseline mean_ms=8.111 std_ms=1.273 p95_ms=10.965
[2026-05-23 14:53:34] start mode=optimized model=GCN_int8.onnx device=NPU warmup=5 iters=100
[2026-05-23 14:53:34] creating session
[2026-05-23 14:53:35] session ready providers=OpenVINOExecutionProvider | CPUExecutionProvider
[2026-05-23 14:53:35] preparing inputs
[2026-05-23 14:53:35] inputs ready
[2026-05-23 14:53:35] warmup start
[2026-05-23 14:53:35] warmup done
[2026-05-23 14:53:35] benchmark iterations start
[2026-05-23 14:53:35] iteration 25/100 elapsed_s=0.2
[2026-05-23 14:53:35] iteration 50/100 elapsed_s=0.4
[2026-05-23 14:53:36] iteration 75/100 elapsed_s=0.6
[2026-05-23 14:53:36] iteration 100/100 elapsed_s=0.8
[2026-05-23 14:53:36] benchmark iterations done
[2026-05-23 14:53:36] mode complete mode=optimized mean_ms=8.035 std_ms=1.117 p95_ms=10.602
[2026-05-23 14:57:09] start mode=baseline model=GCN_int8.onnx device=CPU warmup=5 iters=100
[2026-05-23 14:57:09] creating session
[2026-05-23 14:57:10] session ready providers=OpenVINOExecutionProvider | CPUExecutionProvider
[2026-05-23 14:57:10] preparing inputs
[2026-05-23 14:57:10] inputs ready
[2026-05-23 14:57:10] warmup start
[2026-05-23 14:57:10] warmup done
[2026-05-23 14:57:10] benchmark iterations start
[2026-05-23 14:57:10] iteration 25/100 elapsed_s=0.2
[2026-05-23 14:57:10] iteration 50/100 elapsed_s=0.4
[2026-05-23 14:57:11] iteration 75/100 elapsed_s=0.6
[2026-05-23 14:57:11] iteration 100/100 elapsed_s=0.8
[2026-05-23 14:57:11] benchmark iterations done
[2026-05-23 14:57:11] mode complete mode=baseline mean_ms=7.890 std_ms=1.182 p95_ms=9.783
[2026-05-23 14:57:11] start mode=optimized model=GCN_int8.onnx device=CPU warmup=5 iters=100
[2026-05-23 14:57:11] creating session
[2026-05-23 14:57:11] session ready providers=OpenVINOExecutionProvider | CPUExecutionProvider
[2026-05-23 14:57:11] preparing inputs
[2026-05-23 14:57:12] inputs ready
[2026-05-23 14:57:12] warmup start
[2026-05-23 14:57:12] warmup done
[2026-05-23 14:57:12] benchmark iterations start
[2026-05-23 14:57:12] iteration 25/100 elapsed_s=0.2
[2026-05-23 14:57:12] iteration 50/100 elapsed_s=0.4
[2026-05-23 14:57:12] iteration 75/100 elapsed_s=0.6
[2026-05-23 14:57:13] iteration 100/100 elapsed_s=0.8
[2026-05-23 14:57:13] benchmark iterations done
[2026-05-23 14:57:13] mode complete mode=optimized mean_ms=7.911 std_ms=0.994 p95_ms=9.780
