[2026-05-23 12:06:32] start mode=baseline model=bert-tiny_fp32.onnx device=NPU warmup=5 iters=100
[2026-05-23 12:06:32] creating session
[2026-05-23 12:06:32] session ready providers=OpenVINOExecutionProvider | CPUExecutionProvider
[2026-05-23 12:06:32] preparing inputs
[2026-05-23 12:06:32] inputs ready
[2026-05-23 12:06:32] warmup start
[2026-05-23 12:06:32] warmup done
[2026-05-23 12:06:32] benchmark iterations start
[2026-05-23 12:06:32] iteration 25/100 elapsed_s=0.1
[2026-05-23 12:06:32] iteration 50/100 elapsed_s=0.3
[2026-05-23 12:06:33] iteration 75/100 elapsed_s=0.4
[2026-05-23 12:06:33] iteration 100/100 elapsed_s=0.5
[2026-05-23 12:06:33] benchmark iterations done
[2026-05-23 12:06:33] mode complete mode=baseline mean_ms=5.227 std_ms=0.582 p95_ms=6.219
[2026-05-23 12:06:33] start mode=optimized model=bert-tiny_fp32.onnx device=NPU warmup=5 iters=100
[2026-05-23 12:06:33] creating session
[2026-05-23 12:06:33] session ready providers=OpenVINOExecutionProvider | CPUExecutionProvider
[2026-05-23 12:06:33] preparing inputs
[2026-05-23 12:06:33] inputs ready
[2026-05-23 12:06:33] warmup start
[2026-05-23 12:06:33] warmup done
[2026-05-23 12:06:33] benchmark iterations start
[2026-05-23 12:06:34] iteration 25/100 elapsed_s=0.1
[2026-05-23 12:06:34] iteration 50/100 elapsed_s=0.3
[2026-05-23 12:06:34] iteration 75/100 elapsed_s=0.4
[2026-05-23 12:06:34] iteration 100/100 elapsed_s=0.5
[2026-05-23 12:06:34] benchmark iterations done
[2026-05-23 12:06:34] mode complete mode=optimized mean_ms=5.344 std_ms=0.565 p95_ms=6.167
[2026-05-23 12:06:54] start mode=baseline model=bert-tiny_fp32.onnx device=NPU warmup=5 iters=100
[2026-05-23 12:06:54] creating session
[2026-05-23 12:06:54] session ready providers=OpenVINOExecutionProvider | CPUExecutionProvider
[2026-05-23 12:06:54] preparing inputs
[2026-05-23 12:06:54] inputs ready
[2026-05-23 12:06:54] warmup start
[2026-05-23 12:06:54] warmup done
[2026-05-23 12:06:54] benchmark iterations start
[2026-05-23 12:06:54] iteration 25/100 elapsed_s=0.2
[2026-05-23 12:06:54] iteration 50/100 elapsed_s=0.3
[2026-05-23 12:06:54] iteration 75/100 elapsed_s=0.5
[2026-05-23 12:06:55] iteration 100/100 elapsed_s=0.6
[2026-05-23 12:06:55] benchmark iterations done
[2026-05-23 12:06:55] mode complete mode=baseline mean_ms=5.978 std_ms=0.416 p95_ms=6.526
[2026-05-23 12:06:55] start mode=optimized model=bert-tiny_fp32.onnx device=NPU warmup=5 iters=100
[2026-05-23 12:06:55] creating session
[2026-05-23 12:06:55] session ready providers=OpenVINOExecutionProvider | CPUExecutionProvider
[2026-05-23 12:06:55] preparing inputs
[2026-05-23 12:06:55] inputs ready
[2026-05-23 12:06:55] warmup start
[2026-05-23 12:06:55] warmup done
[2026-05-23 12:06:55] benchmark iterations start
[2026-05-23 12:06:55] iteration 25/100 elapsed_s=0.2
[2026-05-23 12:06:56] iteration 50/100 elapsed_s=0.3
[2026-05-23 12:06:56] iteration 75/100 elapsed_s=0.4
[2026-05-23 12:06:56] iteration 100/100 elapsed_s=0.6
[2026-05-23 12:06:56] benchmark iterations done
[2026-05-23 12:06:56] mode complete mode=optimized mean_ms=5.567 std_ms=1.095 p95_ms=6.594
[2026-05-23 12:07:15] start mode=baseline model=bert-tiny_fp32.onnx device=NPU warmup=5 iters=100
[2026-05-23 12:07:15] creating session
[2026-05-23 12:07:16] session ready providers=OpenVINOExecutionProvider | CPUExecutionProvider
[2026-05-23 12:07:16] preparing inputs
[2026-05-23 12:07:16] inputs ready
[2026-05-23 12:07:16] warmup start
[2026-05-23 12:07:16] warmup done
[2026-05-23 12:07:16] benchmark iterations start
[2026-05-23 12:07:16] iteration 25/100 elapsed_s=0.2
[2026-05-23 12:07:16] iteration 50/100 elapsed_s=0.3
[2026-05-23 12:07:16] iteration 75/100 elapsed_s=0.4
[2026-05-23 12:07:17] iteration 100/100 elapsed_s=0.6
[2026-05-23 12:07:17] benchmark iterations done
[2026-05-23 12:07:17] mode complete mode=baseline mean_ms=5.838 std_ms=0.972 p95_ms=7.265
[2026-05-23 12:07:17] start mode=optimized model=bert-tiny_fp32.onnx device=NPU warmup=5 iters=100
[2026-05-23 12:07:17] creating session
[2026-05-23 12:07:17] session ready providers=OpenVINOExecutionProvider | CPUExecutionProvider
[2026-05-23 12:07:17] preparing inputs
[2026-05-23 12:07:17] inputs ready
[2026-05-23 12:07:17] warmup start
[2026-05-23 12:07:17] warmup done
[2026-05-23 12:07:17] benchmark iterations start
[2026-05-23 12:07:17] iteration 25/100 elapsed_s=0.2
[2026-05-23 12:07:18] iteration 50/100 elapsed_s=0.3
[2026-05-23 12:07:18] iteration 75/100 elapsed_s=0.4
[2026-05-23 12:07:18] iteration 100/100 elapsed_s=0.6
[2026-05-23 12:07:18] benchmark iterations done
[2026-05-23 12:07:18] mode complete mode=optimized mean_ms=5.603 std_ms=0.774 p95_ms=6.858
[2026-05-23 12:07:41] start mode=baseline model=bert-tiny_fp32.onnx device=CPU warmup=5 iters=100
[2026-05-23 12:07:41] creating session
[2026-05-23 12:07:41] session ready providers=OpenVINOExecutionProvider | CPUExecutionProvider
[2026-05-23 12:07:41] preparing inputs
[2026-05-23 12:07:41] inputs ready
[2026-05-23 12:07:41] warmup start
[2026-05-23 12:07:41] warmup done
[2026-05-23 12:07:41] benchmark iterations start
[2026-05-23 12:07:41] iteration 25/100 elapsed_s=0.2
[2026-05-23 12:07:41] iteration 50/100 elapsed_s=0.3
[2026-05-23 12:07:42] iteration 75/100 elapsed_s=0.5
[2026-05-23 12:07:42] iteration 100/100 elapsed_s=0.6
[2026-05-23 12:07:42] benchmark iterations done
[2026-05-23 12:07:42] mode complete mode=baseline mean_ms=6.228 std_ms=1.003 p95_ms=7.417
[2026-05-23 12:07:42] start mode=optimized model=bert-tiny_fp32.onnx device=CPU warmup=5 iters=100
[2026-05-23 12:07:42] creating session
[2026-05-23 12:07:42] session ready providers=OpenVINOExecutionProvider | CPUExecutionProvider
[2026-05-23 12:07:42] preparing inputs
[2026-05-23 12:07:42] inputs ready
[2026-05-23 12:07:42] warmup start
[2026-05-23 12:07:42] warmup done
[2026-05-23 12:07:42] benchmark iterations start
[2026-05-23 12:07:43] iteration 25/100 elapsed_s=0.2
[2026-05-23 12:07:43] iteration 50/100 elapsed_s=0.3
[2026-05-23 12:07:43] iteration 75/100 elapsed_s=0.5
[2026-05-23 12:07:43] iteration 100/100 elapsed_s=0.6
[2026-05-23 12:07:43] benchmark iterations done
[2026-05-23 12:07:43] mode complete mode=optimized mean_ms=6.230 std_ms=1.529 p95_ms=7.362
[2026-05-23 12:08:03] start mode=baseline model=bert-tiny_fp32.onnx device=CPU warmup=5 iters=100
[2026-05-23 12:08:03] creating session
[2026-05-23 12:08:03] session ready providers=OpenVINOExecutionProvider | CPUExecutionProvider
[2026-05-23 12:08:03] preparing inputs
[2026-05-23 12:08:03] inputs ready
[2026-05-23 12:08:03] warmup start
[2026-05-23 12:08:03] warmup done
[2026-05-23 12:08:03] benchmark iterations start
[2026-05-23 12:08:03] iteration 25/100 elapsed_s=0.2
[2026-05-23 12:08:03] iteration 50/100 elapsed_s=0.3
[2026-05-23 12:08:03] iteration 75/100 elapsed_s=0.4
[2026-05-23 12:08:04] iteration 100/100 elapsed_s=0.6
[2026-05-23 12:08:04] benchmark iterations done
[2026-05-23 12:08:04] mode complete mode=baseline mean_ms=5.779 std_ms=1.688 p95_ms=6.469
[2026-05-23 12:08:04] start mode=optimized model=bert-tiny_fp32.onnx device=CPU warmup=5 iters=100
[2026-05-23 12:08:04] creating session
[2026-05-23 12:08:04] session ready providers=OpenVINOExecutionProvider | CPUExecutionProvider
[2026-05-23 12:08:04] preparing inputs
[2026-05-23 12:08:04] inputs ready
[2026-05-23 12:08:04] warmup start
[2026-05-23 12:08:04] warmup done
[2026-05-23 12:08:04] benchmark iterations start
[2026-05-23 12:08:04] iteration 25/100 elapsed_s=0.2
[2026-05-23 12:08:05] iteration 50/100 elapsed_s=0.3
[2026-05-23 12:08:05] iteration 75/100 elapsed_s=0.4
[2026-05-23 12:08:05] iteration 100/100 elapsed_s=0.6
[2026-05-23 12:08:05] benchmark iterations done
[2026-05-23 12:08:05] mode complete mode=optimized mean_ms=5.783 std_ms=0.678 p95_ms=6.984
[2026-05-23 12:08:24] start mode=baseline model=bert-tiny_fp32.onnx device=CPU warmup=5 iters=100
[2026-05-23 12:08:24] creating session
[2026-05-23 12:08:25] session ready providers=OpenVINOExecutionProvider | CPUExecutionProvider
[2026-05-23 12:08:25] preparing inputs
[2026-05-23 12:08:25] inputs ready
[2026-05-23 12:08:25] warmup start
[2026-05-23 12:08:25] warmup done
[2026-05-23 12:08:25] benchmark iterations start
[2026-05-23 12:08:25] iteration 25/100 elapsed_s=0.2
[2026-05-23 12:08:25] iteration 50/100 elapsed_s=0.3
[2026-05-23 12:08:25] iteration 75/100 elapsed_s=0.5
[2026-05-23 12:08:26] iteration 100/100 elapsed_s=0.6
[2026-05-23 12:08:26] benchmark iterations done
[2026-05-23 12:08:26] mode complete mode=baseline mean_ms=6.279 std_ms=1.815 p95_ms=7.260
[2026-05-23 12:08:26] start mode=optimized model=bert-tiny_fp32.onnx device=CPU warmup=5 iters=100
[2026-05-23 12:08:26] creating session
[2026-05-23 12:08:26] session ready providers=OpenVINOExecutionProvider | CPUExecutionProvider
[2026-05-23 12:08:26] preparing inputs
[2026-05-23 12:08:26] inputs ready
[2026-05-23 12:08:26] warmup start
[2026-05-23 12:08:26] warmup done
[2026-05-23 12:08:26] benchmark iterations start
[2026-05-23 12:08:26] iteration 25/100 elapsed_s=0.2
[2026-05-23 12:08:27] iteration 50/100 elapsed_s=0.3
[2026-05-23 12:08:27] iteration 75/100 elapsed_s=0.5
[2026-05-23 12:08:27] iteration 100/100 elapsed_s=0.7
[2026-05-23 12:08:27] benchmark iterations done
[2026-05-23 12:08:27] mode complete mode=optimized mean_ms=6.518 std_ms=1.439 p95_ms=7.694
