[2026-05-23 10:48:25] start mode=baseline model=GIN_fp32.onnx device=NPU warmup=5 iters=100
[2026-05-23 10:48:25] creating session
[2026-05-23 10:48:25] session ready providers=OpenVINOExecutionProvider | CPUExecutionProvider
[2026-05-23 10:48:25] preparing inputs
[2026-05-23 10:48:26] inputs ready
[2026-05-23 10:48:26] warmup start
[2026-05-23 10:48:26] warmup done
[2026-05-23 10:48:26] benchmark iterations start
[2026-05-23 10:48:27] iteration 25/100 elapsed_s=1.0
[2026-05-23 10:48:28] iteration 50/100 elapsed_s=2.1
[2026-05-23 10:48:29] iteration 75/100 elapsed_s=3.1
[2026-05-23 10:48:30] iteration 100/100 elapsed_s=4.2
[2026-05-23 10:48:30] benchmark iterations done
[2026-05-23 10:48:30] mode complete mode=baseline mean_ms=41.754 std_ms=2.015 p95_ms=45.052
[2026-05-23 10:48:30] start mode=optimized model=GIN_fp32.onnx device=NPU warmup=5 iters=100
[2026-05-23 10:48:30] creating session
[2026-05-23 10:48:31] session ready providers=OpenVINOExecutionProvider | CPUExecutionProvider
[2026-05-23 10:48:31] preparing inputs
[2026-05-23 10:48:31] inputs ready
[2026-05-23 10:48:31] warmup start
[2026-05-23 10:48:31] warmup done
[2026-05-23 10:48:31] benchmark iterations start
[2026-05-23 10:48:33] iteration 25/100 elapsed_s=1.1
[2026-05-23 10:48:34] iteration 50/100 elapsed_s=2.1
[2026-05-23 10:48:35] iteration 75/100 elapsed_s=3.2
[2026-05-23 10:48:36] iteration 100/100 elapsed_s=4.2
[2026-05-23 10:48:36] benchmark iterations done
[2026-05-23 10:48:36] mode complete mode=optimized mean_ms=42.373 std_ms=3.108 p95_ms=46.726
[2026-05-23 10:49:43] start mode=baseline model=GIN_fp32.onnx device=NPU warmup=5 iters=100
[2026-05-23 10:49:43] creating session
[2026-05-23 10:49:43] session ready providers=OpenVINOExecutionProvider | CPUExecutionProvider
[2026-05-23 10:49:43] preparing inputs
[2026-05-23 10:49:45] inputs ready
[2026-05-23 10:49:45] warmup start
[2026-05-23 10:49:45] warmup done
[2026-05-23 10:49:45] benchmark iterations start
[2026-05-23 10:49:46] iteration 25/100 elapsed_s=1.0
[2026-05-23 10:49:47] iteration 50/100 elapsed_s=2.2
[2026-05-23 10:49:48] iteration 75/100 elapsed_s=3.3
[2026-05-23 10:49:49] iteration 100/100 elapsed_s=4.2
[2026-05-23 10:49:49] benchmark iterations done
[2026-05-23 10:49:49] mode complete mode=baseline mean_ms=42.378 std_ms=5.114 p95_ms=47.821
[2026-05-23 10:49:50] start mode=optimized model=GIN_fp32.onnx device=NPU warmup=5 iters=100
[2026-05-23 10:49:50] creating session
[2026-05-23 10:49:50] session ready providers=OpenVINOExecutionProvider | CPUExecutionProvider
[2026-05-23 10:49:50] preparing inputs
[2026-05-23 10:49:52] inputs ready
[2026-05-23 10:49:52] warmup start
[2026-05-23 10:49:52] warmup done
[2026-05-23 10:49:52] benchmark iterations start
[2026-05-23 10:49:53] iteration 25/100 elapsed_s=1.1
[2026-05-23 10:49:54] iteration 50/100 elapsed_s=2.2
[2026-05-23 10:49:56] iteration 75/100 elapsed_s=3.4
[2026-05-23 10:49:57] iteration 100/100 elapsed_s=4.4
[2026-05-23 10:49:57] benchmark iterations done
[2026-05-23 10:49:57] mode complete mode=optimized mean_ms=43.494 std_ms=6.879 p95_ms=52.001
[2026-05-23 10:51:16] start mode=baseline model=GIN_fp32.onnx device=NPU warmup=5 iters=100
[2026-05-23 10:51:16] creating session
[2026-05-23 10:51:16] session ready providers=OpenVINOExecutionProvider | CPUExecutionProvider
[2026-05-23 10:51:16] preparing inputs
[2026-05-23 10:51:18] inputs ready
[2026-05-23 10:51:18] warmup start
[2026-05-23 10:51:19] warmup done
[2026-05-23 10:51:19] benchmark iterations start
[2026-05-23 10:51:20] iteration 25/100 elapsed_s=1.0
[2026-05-23 10:51:21] iteration 50/100 elapsed_s=2.0
[2026-05-23 10:51:22] iteration 75/100 elapsed_s=3.0
[2026-05-23 10:51:23] iteration 100/100 elapsed_s=4.0
[2026-05-23 10:51:23] benchmark iterations done
[2026-05-23 10:51:23] mode complete mode=baseline mean_ms=39.471 std_ms=3.845 p95_ms=44.648
[2026-05-23 10:51:23] start mode=optimized model=GIN_fp32.onnx device=NPU warmup=5 iters=100
[2026-05-23 10:51:23] creating session
[2026-05-23 10:51:23] session ready providers=OpenVINOExecutionProvider | CPUExecutionProvider
[2026-05-23 10:51:23] preparing inputs
[2026-05-23 10:51:25] inputs ready
[2026-05-23 10:51:25] warmup start
[2026-05-23 10:51:26] warmup done
[2026-05-23 10:51:26] benchmark iterations start
[2026-05-23 10:51:27] iteration 25/100 elapsed_s=1.0
[2026-05-23 10:51:28] iteration 50/100 elapsed_s=2.0
[2026-05-23 10:51:29] iteration 75/100 elapsed_s=3.0
[2026-05-23 10:51:30] iteration 100/100 elapsed_s=4.0
[2026-05-23 10:51:30] benchmark iterations done
[2026-05-23 10:51:30] mode complete mode=optimized mean_ms=39.484 std_ms=5.079 p95_ms=45.030
[2026-05-23 10:52:45] start mode=baseline model=GIN_fp32.onnx device=GPU warmup=5 iters=100
[2026-05-23 10:52:45] creating session
[2026-05-23 10:52:47] session ready providers=OpenVINOExecutionProvider | CPUExecutionProvider
[2026-05-23 10:52:47] preparing inputs
[2026-05-23 10:52:47] inputs ready
[2026-05-23 10:52:47] warmup start
[2026-05-23 10:52:47] warmup done
[2026-05-23 10:52:47] benchmark iterations start
[2026-05-23 10:52:48] iteration 25/100 elapsed_s=1.0
[2026-05-23 10:52:49] iteration 50/100 elapsed_s=2.0
[2026-05-23 10:52:50] iteration 75/100 elapsed_s=3.0
[2026-05-23 10:52:51] iteration 100/100 elapsed_s=4.0
[2026-05-23 10:52:51] benchmark iterations done
[2026-05-23 10:52:51] mode complete mode=baseline mean_ms=40.176 std_ms=1.143 p95_ms=41.992
[2026-05-23 10:52:51] start mode=optimized model=GIN_fp32.onnx device=GPU warmup=5 iters=100
[2026-05-23 10:52:51] creating session
[2026-05-23 10:52:53] session ready providers=OpenVINOExecutionProvider | CPUExecutionProvider
[2026-05-23 10:52:53] preparing inputs
[2026-05-23 10:52:53] inputs ready
[2026-05-23 10:52:53] warmup start
[2026-05-23 10:52:53] warmup done
[2026-05-23 10:52:53] benchmark iterations start
[2026-05-23 10:52:54] iteration 25/100 elapsed_s=1.0
[2026-05-23 10:52:55] iteration 50/100 elapsed_s=2.1
[2026-05-23 10:52:56] iteration 75/100 elapsed_s=3.1
[2026-05-23 10:52:57] iteration 100/100 elapsed_s=4.1
[2026-05-23 10:52:57] benchmark iterations done
[2026-05-23 10:52:57] mode complete mode=optimized mean_ms=41.105 std_ms=1.216 p95_ms=42.786
[2026-05-23 10:54:06] start mode=baseline model=GIN_fp32.onnx device=GPU warmup=5 iters=100
[2026-05-23 10:54:06] creating session
[2026-05-23 10:54:07] session ready providers=OpenVINOExecutionProvider | CPUExecutionProvider
[2026-05-23 10:54:07] preparing inputs
[2026-05-23 10:54:09] inputs ready
[2026-05-23 10:54:09] warmup start
[2026-05-23 10:54:09] warmup done
[2026-05-23 10:54:09] benchmark iterations start
[2026-05-23 10:54:10] iteration 25/100 elapsed_s=1.0
[2026-05-23 10:54:11] iteration 50/100 elapsed_s=1.9
[2026-05-23 10:54:12] iteration 75/100 elapsed_s=2.9
[2026-05-23 10:54:13] iteration 100/100 elapsed_s=3.8
[2026-05-23 10:54:13] benchmark iterations done
[2026-05-23 10:54:13] mode complete mode=baseline mean_ms=38.132 std_ms=0.843 p95_ms=39.418
[2026-05-23 10:54:13] start mode=optimized model=GIN_fp32.onnx device=GPU warmup=5 iters=100
[2026-05-23 10:54:13] creating session
[2026-05-23 10:54:14] session ready providers=OpenVINOExecutionProvider | CPUExecutionProvider
[2026-05-23 10:54:14] preparing inputs
[2026-05-23 10:54:16] inputs ready
[2026-05-23 10:54:16] warmup start
[2026-05-23 10:54:16] warmup done
[2026-05-23 10:54:16] benchmark iterations start
[2026-05-23 10:54:17] iteration 25/100 elapsed_s=0.9
[2026-05-23 10:54:18] iteration 50/100 elapsed_s=1.9
[2026-05-23 10:54:19] iteration 75/100 elapsed_s=2.8
[2026-05-23 10:54:20] iteration 100/100 elapsed_s=3.7
[2026-05-23 10:54:20] benchmark iterations done
[2026-05-23 10:54:20] mode complete mode=optimized mean_ms=37.400 std_ms=0.931 p95_ms=38.703
[2026-05-23 10:55:38] start mode=baseline model=GIN_fp32.onnx device=GPU warmup=5 iters=100
[2026-05-23 10:55:38] creating session
[2026-05-23 10:55:39] session ready providers=OpenVINOExecutionProvider | CPUExecutionProvider
[2026-05-23 10:55:39] preparing inputs
[2026-05-23 10:55:42] inputs ready
[2026-05-23 10:55:42] warmup start
[2026-05-23 10:55:42] warmup done
[2026-05-23 10:55:42] benchmark iterations start
[2026-05-23 10:55:43] iteration 25/100 elapsed_s=1.0
[2026-05-23 10:55:44] iteration 50/100 elapsed_s=2.0
[2026-05-23 10:55:45] iteration 75/100 elapsed_s=2.9
[2026-05-23 10:55:46] iteration 100/100 elapsed_s=3.9
[2026-05-23 10:55:46] benchmark iterations done
[2026-05-23 10:55:46] mode complete mode=baseline mean_ms=39.174 std_ms=0.628 p95_ms=40.011
[2026-05-23 10:55:46] start mode=optimized model=GIN_fp32.onnx device=GPU warmup=5 iters=100
[2026-05-23 10:55:46] creating session
[2026-05-23 10:55:48] session ready providers=OpenVINOExecutionProvider | CPUExecutionProvider
[2026-05-23 10:55:48] preparing inputs
[2026-05-23 10:55:50] inputs ready
[2026-05-23 10:55:50] warmup start
[2026-05-23 10:55:50] warmup done
[2026-05-23 10:55:50] benchmark iterations start
[2026-05-23 10:55:51] iteration 25/100 elapsed_s=0.9
[2026-05-23 10:55:52] iteration 50/100 elapsed_s=1.9
[2026-05-23 10:55:53] iteration 75/100 elapsed_s=2.8
[2026-05-23 10:55:54] iteration 100/100 elapsed_s=3.8
[2026-05-23 10:55:54] benchmark iterations done
[2026-05-23 10:55:54] mode complete mode=optimized mean_ms=37.580 std_ms=0.796 p95_ms=38.514
[2026-05-23 10:57:14] start mode=baseline model=GIN_fp32.onnx device=CPU warmup=5 iters=100
[2026-05-23 10:57:14] creating session
[2026-05-23 10:57:14] session ready providers=OpenVINOExecutionProvider | CPUExecutionProvider
[2026-05-23 10:57:14] preparing inputs
[2026-05-23 10:57:14] inputs ready
[2026-05-23 10:57:14] warmup start
[2026-05-23 10:57:15] warmup done
[2026-05-23 10:57:15] benchmark iterations start
[2026-05-23 10:57:16] iteration 25/100 elapsed_s=1.1
[2026-05-23 10:57:17] iteration 50/100 elapsed_s=2.2
[2026-05-23 10:57:18] iteration 75/100 elapsed_s=3.4
[2026-05-23 10:57:19] iteration 100/100 elapsed_s=4.6
[2026-05-23 10:57:19] benchmark iterations done
[2026-05-23 10:57:19] mode complete mode=baseline mean_ms=45.766 std_ms=4.223 p95_ms=49.862
[2026-05-23 10:57:20] start mode=optimized model=GIN_fp32.onnx device=CPU warmup=5 iters=100
[2026-05-23 10:57:20] creating session
[2026-05-23 10:57:20] session ready providers=OpenVINOExecutionProvider | CPUExecutionProvider
[2026-05-23 10:57:20] preparing inputs
[2026-05-23 10:57:20] inputs ready
[2026-05-23 10:57:20] warmup start
[2026-05-23 10:57:21] warmup done
[2026-05-23 10:57:21] benchmark iterations start
[2026-05-23 10:57:22] iteration 25/100 elapsed_s=1.1
[2026-05-23 10:57:23] iteration 50/100 elapsed_s=2.2
[2026-05-23 10:57:24] iteration 75/100 elapsed_s=3.2
[2026-05-23 10:57:25] iteration 100/100 elapsed_s=4.4
[2026-05-23 10:57:25] benchmark iterations done
[2026-05-23 10:57:25] mode complete mode=optimized mean_ms=44.244 std_ms=3.351 p95_ms=50.070
[2026-05-23 10:58:27] start mode=baseline model=GIN_fp32.onnx device=CPU warmup=5 iters=100
[2026-05-23 10:58:27] creating session
[2026-05-23 10:58:27] session ready providers=OpenVINOExecutionProvider | CPUExecutionProvider
[2026-05-23 10:58:27] preparing inputs
[2026-05-23 10:58:29] inputs ready
[2026-05-23 10:58:29] warmup start
[2026-05-23 10:58:29] warmup done
[2026-05-23 10:58:29] benchmark iterations start
[2026-05-23 10:58:30] iteration 25/100 elapsed_s=1.1
[2026-05-23 10:58:31] iteration 50/100 elapsed_s=2.1
[2026-05-23 10:58:32] iteration 75/100 elapsed_s=3.2
[2026-05-23 10:58:34] iteration 100/100 elapsed_s=4.3
[2026-05-23 10:58:34] benchmark iterations done
[2026-05-23 10:58:34] mode complete mode=baseline mean_ms=42.641 std_ms=2.502 p95_ms=46.692
[2026-05-23 10:58:34] start mode=optimized model=GIN_fp32.onnx device=CPU warmup=5 iters=100
[2026-05-23 10:58:34] creating session
[2026-05-23 10:58:34] session ready providers=OpenVINOExecutionProvider | CPUExecutionProvider
[2026-05-23 10:58:34] preparing inputs
[2026-05-23 10:58:36] inputs ready
[2026-05-23 10:58:36] warmup start
[2026-05-23 10:58:36] warmup done
[2026-05-23 10:58:36] benchmark iterations start
[2026-05-23 10:58:37] iteration 25/100 elapsed_s=1.1
[2026-05-23 10:58:38] iteration 50/100 elapsed_s=2.1
[2026-05-23 10:58:39] iteration 75/100 elapsed_s=3.1
[2026-05-23 10:58:40] iteration 100/100 elapsed_s=4.2
[2026-05-23 10:58:40] benchmark iterations done
[2026-05-23 10:58:40] mode complete mode=optimized mean_ms=41.784 std_ms=2.392 p95_ms=45.157
[2026-05-23 10:59:56] start mode=baseline model=GIN_fp32.onnx device=CPU warmup=5 iters=100
[2026-05-23 10:59:56] creating session
[2026-05-23 10:59:56] session ready providers=OpenVINOExecutionProvider | CPUExecutionProvider
[2026-05-23 10:59:56] preparing inputs
[2026-05-23 10:59:58] inputs ready
[2026-05-23 10:59:58] warmup start
[2026-05-23 10:59:59] warmup done
[2026-05-23 10:59:59] benchmark iterations start
[2026-05-23 11:00:00] iteration 25/100 elapsed_s=1.1
[2026-05-23 11:00:01] iteration 50/100 elapsed_s=2.1
[2026-05-23 11:00:02] iteration 75/100 elapsed_s=3.2
[2026-05-23 11:00:03] iteration 100/100 elapsed_s=4.2
[2026-05-23 11:00:03] benchmark iterations done
[2026-05-23 11:00:03] mode complete mode=baseline mean_ms=42.181 std_ms=3.507 p95_ms=45.984
[2026-05-23 11:00:03] start mode=optimized model=GIN_fp32.onnx device=CPU warmup=5 iters=100
[2026-05-23 11:00:03] creating session
[2026-05-23 11:00:04] session ready providers=OpenVINOExecutionProvider | CPUExecutionProvider
[2026-05-23 11:00:04] preparing inputs
[2026-05-23 11:00:06] inputs ready
[2026-05-23 11:00:06] warmup start
[2026-05-23 11:00:06] warmup done
[2026-05-23 11:00:06] benchmark iterations start
[2026-05-23 11:00:07] iteration 25/100 elapsed_s=1.1
[2026-05-23 11:00:08] iteration 50/100 elapsed_s=2.2
[2026-05-23 11:00:09] iteration 75/100 elapsed_s=3.3
[2026-05-23 11:00:10] iteration 100/100 elapsed_s=4.3
[2026-05-23 11:00:10] benchmark iterations done
[2026-05-23 11:00:11] mode complete mode=optimized mean_ms=43.146 std_ms=4.441 p95_ms=48.622
