[2026-05-23 14:41:41] start mode=baseline model=GATv2_fp32.onnx device=NPU warmup=5 iters=100
[2026-05-23 14:41:41] creating session
[2026-05-23 14:41:41] session ready providers=OpenVINOExecutionProvider | CPUExecutionProvider
[2026-05-23 14:41:41] preparing inputs
[2026-05-23 14:41:41] inputs ready
[2026-05-23 14:41:41] warmup start
[2026-05-23 14:41:42] warmup done
[2026-05-23 14:41:42] benchmark iterations start
[2026-05-23 14:41:42] iteration 25/100 elapsed_s=0.2
[2026-05-23 14:41:42] iteration 50/100 elapsed_s=0.3
[2026-05-23 14:41:42] iteration 75/100 elapsed_s=0.4
[2026-05-23 14:41:42] iteration 100/100 elapsed_s=0.5
[2026-05-23 14:41:42] benchmark iterations done
[2026-05-23 14:41:42] mode complete mode=baseline mean_ms=5.227 std_ms=0.861 p95_ms=6.742
[2026-05-23 14:41:42] start mode=optimized model=GATv2_fp32.onnx device=NPU warmup=5 iters=100
[2026-05-23 14:41:42] creating session
[2026-05-23 14:41:43] session ready providers=OpenVINOExecutionProvider | CPUExecutionProvider
[2026-05-23 14:41:43] preparing inputs
[2026-05-23 14:41:43] inputs ready
[2026-05-23 14:41:43] warmup start
[2026-05-23 14:41:43] warmup done
[2026-05-23 14:41:43] benchmark iterations start
[2026-05-23 14:41:43] iteration 25/100 elapsed_s=0.1
[2026-05-23 14:41:43] iteration 50/100 elapsed_s=0.3
[2026-05-23 14:41:43] iteration 75/100 elapsed_s=0.4
[2026-05-23 14:41:44] iteration 100/100 elapsed_s=0.5
[2026-05-23 14:41:44] benchmark iterations done
[2026-05-23 14:41:44] mode complete mode=optimized mean_ms=4.888 std_ms=0.693 p95_ms=6.390
[2026-05-23 14:45:19] start mode=baseline model=GATv2_fp32.onnx device=GPU warmup=5 iters=100
[2026-05-23 14:45:19] creating session
[2026-05-23 14:45:20] session ready providers=OpenVINOExecutionProvider | CPUExecutionProvider
[2026-05-23 14:45:20] preparing inputs
[2026-05-23 14:45:20] inputs ready
[2026-05-23 14:45:20] warmup start
[2026-05-23 14:45:20] warmup done
[2026-05-23 14:45:20] benchmark iterations start
[2026-05-23 14:45:20] iteration 25/100 elapsed_s=0.1
[2026-05-23 14:45:20] iteration 50/100 elapsed_s=0.2
[2026-05-23 14:45:20] iteration 75/100 elapsed_s=0.2
[2026-05-23 14:45:21] iteration 100/100 elapsed_s=0.3
[2026-05-23 14:45:21] benchmark iterations done
[2026-05-23 14:45:21] mode complete mode=baseline mean_ms=3.067 std_ms=0.660 p95_ms=4.415
[2026-05-23 14:45:21] start mode=optimized model=GATv2_fp32.onnx device=GPU warmup=5 iters=100
[2026-05-23 14:45:21] creating session
[2026-05-23 14:45:22] session ready providers=OpenVINOExecutionProvider | CPUExecutionProvider
[2026-05-23 14:45:22] preparing inputs
[2026-05-23 14:45:23] inputs ready
[2026-05-23 14:45:23] warmup start
[2026-05-23 14:45:23] warmup done
[2026-05-23 14:45:23] benchmark iterations start
[2026-05-23 14:45:23] iteration 25/100 elapsed_s=0.1
[2026-05-23 14:45:23] iteration 50/100 elapsed_s=0.2
[2026-05-23 14:45:23] iteration 75/100 elapsed_s=0.2
[2026-05-23 14:45:23] iteration 100/100 elapsed_s=0.3
[2026-05-23 14:45:23] benchmark iterations done
[2026-05-23 14:45:23] mode complete mode=optimized mean_ms=3.049 std_ms=0.729 p95_ms=4.486
[2026-05-23 14:48:54] start mode=baseline model=GATv2_fp32.onnx device=CPU warmup=5 iters=100
[2026-05-23 14:48:54] creating session
[2026-05-23 14:48:55] session ready providers=OpenVINOExecutionProvider | CPUExecutionProvider
[2026-05-23 14:48:55] preparing inputs
[2026-05-23 14:48:55] inputs ready
[2026-05-23 14:48:55] warmup start
[2026-05-23 14:48:55] warmup done
[2026-05-23 14:48:55] benchmark iterations start
[2026-05-23 14:48:55] iteration 25/100 elapsed_s=0.1
[2026-05-23 14:48:55] iteration 50/100 elapsed_s=0.3
[2026-05-23 14:48:55] iteration 75/100 elapsed_s=0.4
[2026-05-23 14:48:56] iteration 100/100 elapsed_s=0.5
[2026-05-23 14:48:56] benchmark iterations done
[2026-05-23 14:48:56] mode complete mode=baseline mean_ms=4.996 std_ms=0.913 p95_ms=6.444
[2026-05-23 14:48:56] start mode=optimized model=GATv2_fp32.onnx device=CPU warmup=5 iters=100
[2026-05-23 14:48:56] creating session
[2026-05-23 14:48:56] session ready providers=OpenVINOExecutionProvider | CPUExecutionProvider
[2026-05-23 14:48:56] preparing inputs
[2026-05-23 14:48:56] inputs ready
[2026-05-23 14:48:56] warmup start
[2026-05-23 14:48:56] warmup done
[2026-05-23 14:48:56] benchmark iterations start
[2026-05-23 14:48:57] iteration 25/100 elapsed_s=0.1
[2026-05-23 14:48:57] iteration 50/100 elapsed_s=0.3
[2026-05-23 14:48:57] iteration 75/100 elapsed_s=0.4
[2026-05-23 14:48:57] iteration 100/100 elapsed_s=0.5
[2026-05-23 14:48:57] benchmark iterations done
[2026-05-23 14:48:57] mode complete mode=optimized mean_ms=4.760 std_ms=0.796 p95_ms=6.328
