[2026-05-23 12:20:10] start mode=baseline model=resnet50_int8.onnx device=NPU warmup=5 iters=100
[2026-05-23 12:20:10] creating session
[2026-05-23 12:20:10] session ready providers=OpenVINOExecutionProvider | CPUExecutionProvider
[2026-05-23 12:20:10] preparing inputs
[2026-05-23 12:20:10] inputs ready
[2026-05-23 12:20:10] warmup start
[2026-05-23 12:20:15] warmup done
[2026-05-23 12:20:15] benchmark iterations start
[2026-05-23 12:20:15] iteration 25/100 elapsed_s=0.2
[2026-05-23 12:20:15] iteration 50/100 elapsed_s=0.3
[2026-05-23 12:20:15] iteration 75/100 elapsed_s=0.4
[2026-05-23 12:20:15] iteration 100/100 elapsed_s=0.5
[2026-05-23 12:20:15] benchmark iterations done
[2026-05-23 12:20:15] mode complete mode=baseline mean_ms=4.899 std_ms=1.106 p95_ms=7.765
[2026-05-23 12:20:16] start mode=optimized model=resnet50_int8.onnx device=NPU warmup=5 iters=100
[2026-05-23 12:20:16] creating session
[2026-05-23 12:20:16] session ready providers=OpenVINOExecutionProvider | CPUExecutionProvider
[2026-05-23 12:20:16] preparing inputs
[2026-05-23 12:20:16] inputs ready
[2026-05-23 12:20:16] warmup start
[2026-05-23 12:20:21] warmup done
[2026-05-23 12:20:21] benchmark iterations start
[2026-05-23 12:20:21] iteration 25/100 elapsed_s=0.2
[2026-05-23 12:20:21] iteration 50/100 elapsed_s=0.3
[2026-05-23 12:20:21] iteration 75/100 elapsed_s=0.4
[2026-05-23 12:20:22] iteration 100/100 elapsed_s=0.5
[2026-05-23 12:20:22] benchmark iterations done
[2026-05-23 12:20:22] mode complete mode=optimized mean_ms=4.948 std_ms=0.995 p95_ms=7.198
[2026-05-23 12:21:20] start mode=baseline model=resnet50_int8.onnx device=NPU warmup=5 iters=100
[2026-05-23 12:21:20] creating session
[2026-05-23 12:21:20] session ready providers=OpenVINOExecutionProvider | CPUExecutionProvider
[2026-05-23 12:21:20] preparing inputs
[2026-05-23 12:21:20] inputs ready
[2026-05-23 12:21:20] warmup start
[2026-05-23 12:21:25] warmup done
[2026-05-23 12:21:25] benchmark iterations start
[2026-05-23 12:21:26] iteration 25/100 elapsed_s=0.2
[2026-05-23 12:21:26] iteration 50/100 elapsed_s=0.3
[2026-05-23 12:21:26] iteration 75/100 elapsed_s=0.4
[2026-05-23 12:21:26] iteration 100/100 elapsed_s=0.5
[2026-05-23 12:21:26] benchmark iterations done
[2026-05-23 12:21:26] mode complete mode=baseline mean_ms=4.935 std_ms=1.150 p95_ms=7.738
[2026-05-23 12:21:26] start mode=optimized model=resnet50_int8.onnx device=NPU warmup=5 iters=100
[2026-05-23 12:21:26] creating session
[2026-05-23 12:21:26] session ready providers=OpenVINOExecutionProvider | CPUExecutionProvider
[2026-05-23 12:21:26] preparing inputs
[2026-05-23 12:21:26] inputs ready
[2026-05-23 12:21:26] warmup start
[2026-05-23 12:21:32] warmup done
[2026-05-23 12:21:32] benchmark iterations start
[2026-05-23 12:21:32] iteration 25/100 elapsed_s=0.1
[2026-05-23 12:21:32] iteration 50/100 elapsed_s=0.3
[2026-05-23 12:21:32] iteration 75/100 elapsed_s=0.4
[2026-05-23 12:21:32] iteration 100/100 elapsed_s=0.5
[2026-05-23 12:21:32] benchmark iterations done
[2026-05-23 12:21:32] mode complete mode=optimized mean_ms=4.851 std_ms=0.980 p95_ms=7.198
[2026-05-23 12:22:30] start mode=baseline model=resnet50_int8.onnx device=NPU warmup=5 iters=100
[2026-05-23 12:22:30] creating session
[2026-05-23 12:22:31] session ready providers=OpenVINOExecutionProvider | CPUExecutionProvider
[2026-05-23 12:22:31] preparing inputs
[2026-05-23 12:22:31] inputs ready
[2026-05-23 12:22:31] warmup start
[2026-05-23 12:22:36] warmup done
[2026-05-23 12:22:36] benchmark iterations start
[2026-05-23 12:22:36] iteration 25/100 elapsed_s=0.2
[2026-05-23 12:22:36] iteration 50/100 elapsed_s=0.3
[2026-05-23 12:22:36] iteration 75/100 elapsed_s=0.4
[2026-05-23 12:22:36] iteration 100/100 elapsed_s=0.5
[2026-05-23 12:22:36] benchmark iterations done
[2026-05-23 12:22:36] mode complete mode=baseline mean_ms=4.869 std_ms=1.162 p95_ms=8.054
[2026-05-23 12:22:37] start mode=optimized model=resnet50_int8.onnx device=NPU warmup=5 iters=100
[2026-05-23 12:22:37] creating session
[2026-05-23 12:22:37] session ready providers=OpenVINOExecutionProvider | CPUExecutionProvider
[2026-05-23 12:22:37] preparing inputs
[2026-05-23 12:22:37] inputs ready
[2026-05-23 12:22:37] warmup start
[2026-05-23 12:22:42] warmup done
[2026-05-23 12:22:42] benchmark iterations start
[2026-05-23 12:22:42] iteration 25/100 elapsed_s=0.2
[2026-05-23 12:22:42] iteration 50/100 elapsed_s=0.3
[2026-05-23 12:22:42] iteration 75/100 elapsed_s=0.4
[2026-05-23 12:22:43] iteration 100/100 elapsed_s=0.5
[2026-05-23 12:22:43] benchmark iterations done
[2026-05-23 12:22:43] mode complete mode=optimized mean_ms=4.991 std_ms=1.125 p95_ms=8.085
[2026-05-23 12:23:26] start mode=baseline model=resnet50_int8.onnx device=GPU warmup=5 iters=100
[2026-05-23 12:23:26] creating session
[2026-05-23 12:23:29] session ready providers=OpenVINOExecutionProvider | CPUExecutionProvider
[2026-05-23 12:23:29] preparing inputs
[2026-05-23 12:23:29] inputs ready
[2026-05-23 12:23:29] warmup start
[2026-05-23 12:23:29] warmup done
[2026-05-23 12:23:29] benchmark iterations start
[2026-05-23 12:23:29] iteration 25/100 elapsed_s=0.1
[2026-05-23 12:23:30] iteration 50/100 elapsed_s=0.3
[2026-05-23 12:23:30] iteration 75/100 elapsed_s=0.4
[2026-05-23 12:23:30] iteration 100/100 elapsed_s=0.6
[2026-05-23 12:23:30] benchmark iterations done
[2026-05-23 12:23:30] mode complete mode=baseline mean_ms=5.810 std_ms=0.631 p95_ms=7.082
[2026-05-23 12:23:30] start mode=optimized model=resnet50_int8.onnx device=GPU warmup=5 iters=100
[2026-05-23 12:23:30] creating session
[2026-05-23 12:23:33] session ready providers=OpenVINOExecutionProvider | CPUExecutionProvider
[2026-05-23 12:23:33] preparing inputs
[2026-05-23 12:23:33] inputs ready
[2026-05-23 12:23:33] warmup start
[2026-05-23 12:23:33] warmup done
[2026-05-23 12:23:33] benchmark iterations start
[2026-05-23 12:23:33] iteration 25/100 elapsed_s=0.1
[2026-05-23 12:23:33] iteration 50/100 elapsed_s=0.3
[2026-05-23 12:23:34] iteration 75/100 elapsed_s=0.5
[2026-05-23 12:23:34] iteration 100/100 elapsed_s=0.6
[2026-05-23 12:23:34] benchmark iterations done
[2026-05-23 12:23:34] mode complete mode=optimized mean_ms=6.368 std_ms=3.689 p95_ms=8.362
[2026-05-23 12:24:17] start mode=baseline model=resnet50_int8.onnx device=GPU warmup=5 iters=100
[2026-05-23 12:24:17] creating session
[2026-05-23 12:24:19] session ready providers=OpenVINOExecutionProvider | CPUExecutionProvider
[2026-05-23 12:24:19] preparing inputs
[2026-05-23 12:24:19] inputs ready
[2026-05-23 12:24:19] warmup start
[2026-05-23 12:24:20] warmup done
[2026-05-23 12:24:20] benchmark iterations start
[2026-05-23 12:24:20] iteration 25/100 elapsed_s=0.1
[2026-05-23 12:24:20] iteration 50/100 elapsed_s=0.3
[2026-05-23 12:24:20] iteration 75/100 elapsed_s=0.4
[2026-05-23 12:24:20] iteration 100/100 elapsed_s=0.6
[2026-05-23 12:24:20] benchmark iterations done
[2026-05-23 12:24:20] mode complete mode=baseline mean_ms=5.828 std_ms=0.606 p95_ms=6.915
[2026-05-23 12:24:20] start mode=optimized model=resnet50_int8.onnx device=GPU warmup=5 iters=100
[2026-05-23 12:24:20] creating session
[2026-05-23 12:24:23] session ready providers=OpenVINOExecutionProvider | CPUExecutionProvider
[2026-05-23 12:24:23] preparing inputs
[2026-05-23 12:24:23] inputs ready
[2026-05-23 12:24:23] warmup start
[2026-05-23 12:24:24] warmup done
[2026-05-23 12:24:24] benchmark iterations start
[2026-05-23 12:24:24] iteration 25/100 elapsed_s=0.1
[2026-05-23 12:24:24] iteration 50/100 elapsed_s=0.3
[2026-05-23 12:24:24] iteration 75/100 elapsed_s=0.4
[2026-05-23 12:24:24] iteration 100/100 elapsed_s=0.6
[2026-05-23 12:24:24] benchmark iterations done
[2026-05-23 12:24:24] mode complete mode=optimized mean_ms=5.807 std_ms=0.672 p95_ms=7.180
[2026-05-23 12:25:07] start mode=baseline model=resnet50_int8.onnx device=GPU warmup=5 iters=100
[2026-05-23 12:25:07] creating session
[2026-05-23 12:25:10] session ready providers=OpenVINOExecutionProvider | CPUExecutionProvider
[2026-05-23 12:25:10] preparing inputs
[2026-05-23 12:25:10] inputs ready
[2026-05-23 12:25:10] warmup start
[2026-05-23 12:25:10] warmup done
[2026-05-23 12:25:10] benchmark iterations start
[2026-05-23 12:25:10] iteration 25/100 elapsed_s=0.1
[2026-05-23 12:25:10] iteration 50/100 elapsed_s=0.3
[2026-05-23 12:25:10] iteration 75/100 elapsed_s=0.4
[2026-05-23 12:25:10] iteration 100/100 elapsed_s=0.6
[2026-05-23 12:25:10] benchmark iterations done
[2026-05-23 12:25:11] mode complete mode=baseline mean_ms=5.685 std_ms=0.508 p95_ms=6.545
[2026-05-23 12:25:11] start mode=optimized model=resnet50_int8.onnx device=GPU warmup=5 iters=100
[2026-05-23 12:25:11] creating session
[2026-05-23 12:25:14] session ready providers=OpenVINOExecutionProvider | CPUExecutionProvider
[2026-05-23 12:25:14] preparing inputs
[2026-05-23 12:25:14] inputs ready
[2026-05-23 12:25:14] warmup start
[2026-05-23 12:25:14] warmup done
[2026-05-23 12:25:14] benchmark iterations start
[2026-05-23 12:25:14] iteration 25/100 elapsed_s=0.1
[2026-05-23 12:25:14] iteration 50/100 elapsed_s=0.3
[2026-05-23 12:25:14] iteration 75/100 elapsed_s=0.4
[2026-05-23 12:25:14] iteration 100/100 elapsed_s=0.6
[2026-05-23 12:25:14] benchmark iterations done
[2026-05-23 12:25:14] mode complete mode=optimized mean_ms=5.694 std_ms=0.489 p95_ms=6.582
[2026-05-23 12:26:01] start mode=baseline model=resnet50_int8.onnx device=CPU warmup=5 iters=100
[2026-05-23 12:26:01] creating session
[2026-05-23 12:26:03] session ready providers=OpenVINOExecutionProvider | CPUExecutionProvider
[2026-05-23 12:26:03] preparing inputs
[2026-05-23 12:26:03] inputs ready
[2026-05-23 12:26:03] warmup start
[2026-05-23 12:26:03] warmup done
[2026-05-23 12:26:03] benchmark iterations start
[2026-05-23 12:26:03] iteration 25/100 elapsed_s=0.5
[2026-05-23 12:26:04] iteration 50/100 elapsed_s=1.0
[2026-05-23 12:26:04] iteration 75/100 elapsed_s=1.5
[2026-05-23 12:26:05] iteration 100/100 elapsed_s=2.0
[2026-05-23 12:26:05] benchmark iterations done
[2026-05-23 12:26:05] mode complete mode=baseline mean_ms=19.530 std_ms=2.122 p95_ms=24.335
[2026-05-23 12:26:05] start mode=optimized model=resnet50_int8.onnx device=CPU warmup=5 iters=100
[2026-05-23 12:26:05] creating session
[2026-05-23 12:26:06] session ready providers=OpenVINOExecutionProvider | CPUExecutionProvider
[2026-05-23 12:26:06] preparing inputs
[2026-05-23 12:26:06] inputs ready
[2026-05-23 12:26:06] warmup start
[2026-05-23 12:26:06] warmup done
[2026-05-23 12:26:06] benchmark iterations start
[2026-05-23 12:26:07] iteration 25/100 elapsed_s=0.4
[2026-05-23 12:26:07] iteration 50/100 elapsed_s=0.9
[2026-05-23 12:26:08] iteration 75/100 elapsed_s=1.4
[2026-05-23 12:26:08] iteration 100/100 elapsed_s=1.8
[2026-05-23 12:26:08] benchmark iterations done
[2026-05-23 12:26:08] mode complete mode=optimized mean_ms=17.901 std_ms=1.247 p95_ms=20.321
[2026-05-23 12:26:54] start mode=baseline model=resnet50_int8.onnx device=CPU warmup=5 iters=100
[2026-05-23 12:26:54] creating session
[2026-05-23 12:26:55] session ready providers=OpenVINOExecutionProvider | CPUExecutionProvider
[2026-05-23 12:26:55] preparing inputs
[2026-05-23 12:26:55] inputs ready
[2026-05-23 12:26:55] warmup start
[2026-05-23 12:26:56] warmup done
[2026-05-23 12:26:56] benchmark iterations start
[2026-05-23 12:26:56] iteration 25/100 elapsed_s=0.5
[2026-05-23 12:26:56] iteration 50/100 elapsed_s=0.9
[2026-05-23 12:26:57] iteration 75/100 elapsed_s=1.4
[2026-05-23 12:26:57] iteration 100/100 elapsed_s=1.9
[2026-05-23 12:26:57] benchmark iterations done
[2026-05-23 12:26:57] mode complete mode=baseline mean_ms=18.946 std_ms=1.190 p95_ms=20.670
[2026-05-23 12:26:58] start mode=optimized model=resnet50_int8.onnx device=CPU warmup=5 iters=100
[2026-05-23 12:26:58] creating session
[2026-05-23 12:26:59] session ready providers=OpenVINOExecutionProvider | CPUExecutionProvider
[2026-05-23 12:26:59] preparing inputs
[2026-05-23 12:26:59] inputs ready
[2026-05-23 12:26:59] warmup start
[2026-05-23 12:26:59] warmup done
[2026-05-23 12:26:59] benchmark iterations start
[2026-05-23 12:27:00] iteration 25/100 elapsed_s=0.5
[2026-05-23 12:27:00] iteration 50/100 elapsed_s=0.9
[2026-05-23 12:27:00] iteration 75/100 elapsed_s=1.4
[2026-05-23 12:27:01] iteration 100/100 elapsed_s=1.8
[2026-05-23 12:27:01] benchmark iterations done
[2026-05-23 12:27:01] mode complete mode=optimized mean_ms=17.891 std_ms=1.441 p95_ms=21.409
[2026-05-23 12:27:48] start mode=baseline model=resnet50_int8.onnx device=CPU warmup=5 iters=100
[2026-05-23 12:27:48] creating session
[2026-05-23 12:27:49] session ready providers=OpenVINOExecutionProvider | CPUExecutionProvider
[2026-05-23 12:27:49] preparing inputs
[2026-05-23 12:27:49] inputs ready
[2026-05-23 12:27:49] warmup start
[2026-05-23 12:27:49] warmup done
[2026-05-23 12:27:49] benchmark iterations start
[2026-05-23 12:27:50] iteration 25/100 elapsed_s=0.5
[2026-05-23 12:27:50] iteration 50/100 elapsed_s=0.9
[2026-05-23 12:27:51] iteration 75/100 elapsed_s=1.4
[2026-05-23 12:27:51] iteration 100/100 elapsed_s=1.8
[2026-05-23 12:27:51] benchmark iterations done
[2026-05-23 12:27:51] mode complete mode=baseline mean_ms=18.207 std_ms=2.770 p95_ms=20.090
[2026-05-23 12:27:51] start mode=optimized model=resnet50_int8.onnx device=CPU warmup=5 iters=100
[2026-05-23 12:27:51] creating session
[2026-05-23 12:27:52] session ready providers=OpenVINOExecutionProvider | CPUExecutionProvider
[2026-05-23 12:27:52] preparing inputs
[2026-05-23 12:27:52] inputs ready
[2026-05-23 12:27:52] warmup start
[2026-05-23 12:27:52] warmup done
[2026-05-23 12:27:52] benchmark iterations start
[2026-05-23 12:27:53] iteration 25/100 elapsed_s=0.4
[2026-05-23 12:27:53] iteration 50/100 elapsed_s=0.9
[2026-05-23 12:27:54] iteration 75/100 elapsed_s=1.4
[2026-05-23 12:27:54] iteration 100/100 elapsed_s=1.9
[2026-05-23 12:27:54] benchmark iterations done
[2026-05-23 12:27:54] mode complete mode=optimized mean_ms=18.636 std_ms=2.483 p95_ms=25.770
