[2026-05-23 16:18:07] start mode=baseline model=SGC_int8.onnx device=NPU warmup=5 iters=100
[2026-05-23 16:18:07] creating session
[2026-05-23 16:18:08] session ready providers=OpenVINOExecutionProvider | CPUExecutionProvider
[2026-05-23 16:18:08] preparing inputs
[2026-05-23 16:18:08] inputs ready
[2026-05-23 16:18:08] warmup start
[2026-05-23 16:18:09] warmup done
[2026-05-23 16:18:09] benchmark iterations start
[2026-05-23 16:18:11] iteration 25/100 elapsed_s=2.8
[2026-05-23 16:18:14] iteration 50/100 elapsed_s=5.6
[2026-05-23 16:18:17] iteration 75/100 elapsed_s=8.4
[2026-05-23 16:18:20] iteration 100/100 elapsed_s=11.2
[2026-05-23 16:18:20] benchmark iterations done
[2026-05-23 16:18:20] mode complete mode=baseline mean_ms=111.504 std_ms=6.527 p95_ms=123.919
[2026-05-23 16:18:20] start mode=optimized model=SGC_int8.onnx device=NPU warmup=5 iters=100
[2026-05-23 16:18:20] creating session
[2026-05-23 16:18:21] session ready providers=OpenVINOExecutionProvider | CPUExecutionProvider
[2026-05-23 16:18:21] preparing inputs
[2026-05-23 16:18:21] inputs ready
[2026-05-23 16:18:21] warmup start
[2026-05-23 16:18:22] warmup done
[2026-05-23 16:18:22] benchmark iterations start
[2026-05-23 16:18:24] iteration 25/100 elapsed_s=2.8
[2026-05-23 16:18:27] iteration 50/100 elapsed_s=5.5
[2026-05-23 16:18:30] iteration 75/100 elapsed_s=8.4
[2026-05-23 16:18:33] iteration 100/100 elapsed_s=11.1
[2026-05-23 16:18:33] benchmark iterations done
[2026-05-23 16:18:33] mode complete mode=optimized mean_ms=111.175 std_ms=5.685 p95_ms=121.160
[2026-05-23 16:49:17] start mode=baseline model=SGC_int8.onnx device=GPU warmup=5 iters=100
[2026-05-23 16:49:17] creating session
[2026-05-23 16:49:19] session ready providers=OpenVINOExecutionProvider | CPUExecutionProvider
[2026-05-23 16:49:19] preparing inputs
[2026-05-23 16:49:19] inputs ready
[2026-05-23 16:49:19] warmup start
[2026-05-23 16:49:20] warmup done
[2026-05-23 16:49:20] benchmark iterations start
[2026-05-23 16:49:24] iteration 25/100 elapsed_s=3.9
[2026-05-23 16:49:28] iteration 50/100 elapsed_s=7.9
[2026-05-23 16:49:32] iteration 75/100 elapsed_s=11.8
[2026-05-23 16:49:35] iteration 100/100 elapsed_s=15.8
[2026-05-23 16:49:35] benchmark iterations done
[2026-05-23 16:49:35] mode complete mode=baseline mean_ms=157.875 std_ms=1.156 p95_ms=160.033
[2026-05-23 16:49:36] start mode=optimized model=SGC_int8.onnx device=GPU warmup=5 iters=100
[2026-05-23 16:49:36] creating session
[2026-05-23 16:49:37] session ready providers=OpenVINOExecutionProvider | CPUExecutionProvider
[2026-05-23 16:49:37] preparing inputs
[2026-05-23 16:49:38] inputs ready
[2026-05-23 16:49:38] warmup start
[2026-05-23 16:49:38] warmup done
[2026-05-23 16:49:38] benchmark iterations start
[2026-05-23 16:49:42] iteration 25/100 elapsed_s=3.9
[2026-05-23 16:49:46] iteration 50/100 elapsed_s=7.9
[2026-05-23 16:49:50] iteration 75/100 elapsed_s=11.8
[2026-05-23 16:49:54] iteration 100/100 elapsed_s=15.8
[2026-05-23 16:49:54] benchmark iterations done
[2026-05-23 16:49:54] mode complete mode=optimized mean_ms=157.885 std_ms=1.233 p95_ms=160.006
[2026-05-23 17:23:29] start mode=baseline model=SGC_int8.onnx device=CPU warmup=5 iters=100
[2026-05-23 17:23:29] creating session
[2026-05-23 17:23:30] session ready providers=OpenVINOExecutionProvider | CPUExecutionProvider
[2026-05-23 17:23:30] preparing inputs
[2026-05-23 17:23:30] inputs ready
[2026-05-23 17:23:30] warmup start
[2026-05-23 17:23:31] warmup done
[2026-05-23 17:23:31] benchmark iterations start
[2026-05-23 17:23:33] iteration 25/100 elapsed_s=2.7
[2026-05-23 17:23:36] iteration 50/100 elapsed_s=5.4
[2026-05-23 17:23:39] iteration 75/100 elapsed_s=8.3
[2026-05-23 17:23:41] iteration 100/100 elapsed_s=11.0
[2026-05-23 17:23:41] benchmark iterations done
[2026-05-23 17:23:41] mode complete mode=baseline mean_ms=109.631 std_ms=5.543 p95_ms=118.826
[2026-05-23 17:23:42] start mode=optimized model=SGC_int8.onnx device=CPU warmup=5 iters=100
[2026-05-23 17:23:42] creating session
[2026-05-23 17:23:42] session ready providers=OpenVINOExecutionProvider | CPUExecutionProvider
[2026-05-23 17:23:42] preparing inputs
[2026-05-23 17:23:42] inputs ready
[2026-05-23 17:23:42] warmup start
[2026-05-23 17:23:43] warmup done
[2026-05-23 17:23:43] benchmark iterations start
[2026-05-23 17:23:46] iteration 25/100 elapsed_s=2.7
[2026-05-23 17:23:49] iteration 50/100 elapsed_s=5.6
[2026-05-23 17:23:51] iteration 75/100 elapsed_s=8.3
[2026-05-23 17:23:54] iteration 100/100 elapsed_s=11.1
[2026-05-23 17:23:54] benchmark iterations done
[2026-05-23 17:23:54] mode complete mode=optimized mean_ms=110.525 std_ms=7.205 p95_ms=123.224
