[2026-05-23 12:52:43] start mode=baseline model=APPNP_int8.onnx device=NPU warmup=5 iters=100
[2026-05-23 12:52:43] creating session
[2026-05-23 12:52:44] session ready providers=OpenVINOExecutionProvider | CPUExecutionProvider
[2026-05-23 12:52:44] preparing inputs
[2026-05-23 12:52:44] inputs ready
[2026-05-23 12:52:44] warmup start
[2026-05-23 12:52:44] warmup done
[2026-05-23 12:52:44] benchmark iterations start
[2026-05-23 12:52:44] iteration 25/100 elapsed_s=0.3
[2026-05-23 12:52:45] iteration 50/100 elapsed_s=0.5
[2026-05-23 12:52:45] iteration 75/100 elapsed_s=0.7
[2026-05-23 12:52:45] iteration 100/100 elapsed_s=0.9
[2026-05-23 12:52:45] benchmark iterations done
[2026-05-23 12:52:45] mode complete mode=baseline mean_ms=8.981 std_ms=1.835 p95_ms=14.797
[2026-05-23 12:52:46] start mode=optimized model=APPNP_int8.onnx device=NPU warmup=5 iters=100
[2026-05-23 12:52:46] creating session
[2026-05-23 12:52:46] session ready providers=OpenVINOExecutionProvider | CPUExecutionProvider
[2026-05-23 12:52:46] preparing inputs
[2026-05-23 12:52:46] inputs ready
[2026-05-23 12:52:46] warmup start
[2026-05-23 12:52:46] warmup done
[2026-05-23 12:52:46] benchmark iterations start
[2026-05-23 12:52:47] iteration 25/100 elapsed_s=0.3
[2026-05-23 12:52:47] iteration 50/100 elapsed_s=0.5
[2026-05-23 12:52:47] iteration 75/100 elapsed_s=0.7
[2026-05-23 12:52:47] iteration 100/100 elapsed_s=0.9
[2026-05-23 12:52:47] benchmark iterations done
[2026-05-23 12:52:47] mode complete mode=optimized mean_ms=8.825 std_ms=1.672 p95_ms=13.136
[2026-05-23 14:33:45] start mode=baseline model=APPNP_int8.onnx device=GPU warmup=5 iters=100
[2026-05-23 14:33:45] creating session
[2026-05-23 14:34:01] session ready providers=OpenVINOExecutionProvider | CPUExecutionProvider
[2026-05-23 14:34:01] preparing inputs
[2026-05-23 14:34:01] inputs ready
[2026-05-23 14:34:01] warmup start
[2026-05-23 14:34:01] warmup done
[2026-05-23 14:34:01] benchmark iterations start
[2026-05-23 14:34:01] iteration 25/100 elapsed_s=0.2
[2026-05-23 14:34:02] iteration 50/100 elapsed_s=0.3
[2026-05-23 14:34:02] iteration 75/100 elapsed_s=0.4
[2026-05-23 14:34:02] iteration 100/100 elapsed_s=0.6
[2026-05-23 14:34:02] benchmark iterations done
[2026-05-23 14:34:02] mode complete mode=baseline mean_ms=5.842 std_ms=0.712 p95_ms=6.913
[2026-05-23 14:34:02] start mode=optimized model=APPNP_int8.onnx device=GPU warmup=5 iters=100
[2026-05-23 14:34:02] creating session
[2026-05-23 14:34:17] session ready providers=OpenVINOExecutionProvider | CPUExecutionProvider
[2026-05-23 14:34:17] preparing inputs
[2026-05-23 14:34:17] inputs ready
[2026-05-23 14:34:17] warmup start
[2026-05-23 14:34:17] warmup done
[2026-05-23 14:34:17] benchmark iterations start
[2026-05-23 14:34:17] iteration 25/100 elapsed_s=0.2
[2026-05-23 14:34:18] iteration 50/100 elapsed_s=0.3
[2026-05-23 14:34:18] iteration 75/100 elapsed_s=0.5
[2026-05-23 14:34:18] iteration 100/100 elapsed_s=0.6
[2026-05-23 14:34:18] benchmark iterations done
[2026-05-23 14:34:18] mode complete mode=optimized mean_ms=6.002 std_ms=1.448 p95_ms=7.193
[2026-05-23 14:38:28] start mode=baseline model=APPNP_int8.onnx device=CPU warmup=5 iters=100
[2026-05-23 14:38:28] creating session
[2026-05-23 14:38:28] session ready providers=OpenVINOExecutionProvider | CPUExecutionProvider
[2026-05-23 14:38:28] preparing inputs
[2026-05-23 14:38:28] inputs ready
[2026-05-23 14:38:28] warmup start
[2026-05-23 14:38:28] warmup done
[2026-05-23 14:38:28] benchmark iterations start
[2026-05-23 14:38:29] iteration 25/100 elapsed_s=0.3
[2026-05-23 14:38:29] iteration 50/100 elapsed_s=0.5
[2026-05-23 14:38:29] iteration 75/100 elapsed_s=0.7
[2026-05-23 14:38:29] iteration 100/100 elapsed_s=0.9
[2026-05-23 14:38:29] benchmark iterations done
[2026-05-23 14:38:29] mode complete mode=baseline mean_ms=9.317 std_ms=0.951 p95_ms=11.357
[2026-05-23 14:38:30] start mode=optimized model=APPNP_int8.onnx device=CPU warmup=5 iters=100
[2026-05-23 14:38:30] creating session
[2026-05-23 14:38:30] session ready providers=OpenVINOExecutionProvider | CPUExecutionProvider
[2026-05-23 14:38:30] preparing inputs
[2026-05-23 14:38:30] inputs ready
[2026-05-23 14:38:30] warmup start
[2026-05-23 14:38:30] warmup done
[2026-05-23 14:38:30] benchmark iterations start
[2026-05-23 14:38:31] iteration 25/100 elapsed_s=0.2
[2026-05-23 14:38:31] iteration 50/100 elapsed_s=0.5
[2026-05-23 14:38:31] iteration 75/100 elapsed_s=0.7
[2026-05-23 14:38:31] iteration 100/100 elapsed_s=0.9
[2026-05-23 14:38:31] benchmark iterations done
[2026-05-23 14:38:31] mode complete mode=optimized mean_ms=9.122 std_ms=0.747 p95_ms=10.431
