[2026-05-23 16:05:19] start mode=baseline model=MPNN_int8.onnx device=GPU warmup=5 iters=100
[2026-05-23 16:05:19] creating session
[2026-05-23 16:05:20] session ready providers=CPUExecutionProvider
[2026-05-23 16:05:20] preparing inputs
[2026-05-23 16:05:20] inputs ready
[2026-05-23 16:05:20] warmup start
[2026-05-23 16:05:20] warmup done
[2026-05-23 16:05:20] benchmark iterations start
[2026-05-23 16:05:21] iteration 25/100 elapsed_s=0.8
[2026-05-23 16:05:22] iteration 50/100 elapsed_s=1.5
[2026-05-23 16:05:23] iteration 75/100 elapsed_s=2.2
[2026-05-23 16:05:23] iteration 100/100 elapsed_s=2.9
[2026-05-23 16:05:23] benchmark iterations done
[2026-05-23 16:05:23] mode complete mode=baseline mean_ms=28.635 std_ms=5.261 p95_ms=40.671
[2026-05-23 16:05:24] start mode=optimized model=MPNN_int8.onnx device=GPU warmup=5 iters=100
[2026-05-23 16:05:24] creating session
[2026-05-23 16:05:24] session ready providers=CPUExecutionProvider
[2026-05-23 16:05:24] preparing inputs
[2026-05-23 16:05:24] inputs ready
[2026-05-23 16:05:24] warmup start
[2026-05-23 16:05:25] warmup done
[2026-05-23 16:05:25] benchmark iterations start
[2026-05-23 16:05:25] iteration 25/100 elapsed_s=0.6
[2026-05-23 16:05:26] iteration 50/100 elapsed_s=1.3
[2026-05-23 16:05:27] iteration 75/100 elapsed_s=2.0
[2026-05-23 16:05:27] iteration 100/100 elapsed_s=2.7
[2026-05-23 16:05:27] benchmark iterations done
[2026-05-23 16:05:27] mode complete mode=optimized mean_ms=26.826 std_ms=4.662 p95_ms=36.279
[2026-05-23 16:11:16] start mode=baseline model=MPNN_int8.onnx device=CPU warmup=5 iters=100
[2026-05-23 16:11:16] creating session
[2026-05-23 16:11:16] session ready providers=CPUExecutionProvider
[2026-05-23 16:11:16] preparing inputs
[2026-05-23 16:11:17] inputs ready
[2026-05-23 16:11:17] warmup start
[2026-05-23 16:11:17] warmup done
[2026-05-23 16:11:17] benchmark iterations start
[2026-05-23 16:11:17] iteration 25/100 elapsed_s=0.6
[2026-05-23 16:11:18] iteration 50/100 elapsed_s=1.2
[2026-05-23 16:11:19] iteration 75/100 elapsed_s=1.8
[2026-05-23 16:11:19] iteration 100/100 elapsed_s=2.4
[2026-05-23 16:11:19] benchmark iterations done
[2026-05-23 16:11:19] mode complete mode=baseline mean_ms=24.013 std_ms=4.493 p95_ms=31.476
[2026-05-23 16:11:20] start mode=optimized model=MPNN_int8.onnx device=CPU warmup=5 iters=100
[2026-05-23 16:11:20] creating session
[2026-05-23 16:11:20] session ready providers=CPUExecutionProvider
[2026-05-23 16:11:20] preparing inputs
[2026-05-23 16:11:20] inputs ready
[2026-05-23 16:11:20] warmup start
[2026-05-23 16:11:21] warmup done
[2026-05-23 16:11:21] benchmark iterations start
[2026-05-23 16:11:21] iteration 25/100 elapsed_s=0.6
[2026-05-23 16:11:22] iteration 50/100 elapsed_s=1.3
[2026-05-23 16:11:23] iteration 75/100 elapsed_s=2.0
[2026-05-23 16:11:23] iteration 100/100 elapsed_s=2.7
[2026-05-23 16:11:23] benchmark iterations done
[2026-05-23 16:11:23] mode complete mode=optimized mean_ms=26.504 std_ms=4.303 p95_ms=35.616
