[2026-05-23 12:19:33] start mode=baseline model=resnet50_fp32.onnx device=NPU warmup=5 iters=100
[2026-05-23 12:19:33] creating session
[2026-05-23 12:19:33] session ready providers=OpenVINOExecutionProvider | CPUExecutionProvider
[2026-05-23 12:19:33] preparing inputs
[2026-05-23 12:19:33] inputs ready
[2026-05-23 12:19:33] warmup start
[2026-05-23 12:19:37] warmup done
[2026-05-23 12:19:37] benchmark iterations start
[2026-05-23 12:19:37] iteration 25/100 elapsed_s=0.1
[2026-05-23 12:19:37] iteration 50/100 elapsed_s=0.2
[2026-05-23 12:19:37] iteration 75/100 elapsed_s=0.3
[2026-05-23 12:19:37] iteration 100/100 elapsed_s=0.4
[2026-05-23 12:19:37] benchmark iterations done
[2026-05-23 12:19:37] mode complete mode=baseline mean_ms=3.866 std_ms=0.988 p95_ms=6.398
[2026-05-23 12:19:37] start mode=optimized model=resnet50_fp32.onnx device=NPU warmup=5 iters=100
[2026-05-23 12:19:37] creating session
[2026-05-23 12:19:38] session ready providers=OpenVINOExecutionProvider | CPUExecutionProvider
[2026-05-23 12:19:38] preparing inputs
[2026-05-23 12:19:38] inputs ready
[2026-05-23 12:19:38] warmup start
[2026-05-23 12:19:42] warmup done
[2026-05-23 12:19:42] benchmark iterations start
[2026-05-23 12:19:42] iteration 25/100 elapsed_s=0.1
[2026-05-23 12:19:42] iteration 50/100 elapsed_s=0.2
[2026-05-23 12:19:42] iteration 75/100 elapsed_s=0.3
[2026-05-23 12:19:42] iteration 100/100 elapsed_s=0.4
[2026-05-23 12:19:42] benchmark iterations done
[2026-05-23 12:19:42] mode complete mode=optimized mean_ms=3.989 std_ms=1.052 p95_ms=6.897
[2026-05-23 12:20:43] start mode=baseline model=resnet50_fp32.onnx device=NPU warmup=5 iters=100
[2026-05-23 12:20:43] creating session
[2026-05-23 12:20:44] session ready providers=OpenVINOExecutionProvider | CPUExecutionProvider
[2026-05-23 12:20:44] preparing inputs
[2026-05-23 12:20:44] inputs ready
[2026-05-23 12:20:44] warmup start
[2026-05-23 12:20:47] warmup done
[2026-05-23 12:20:47] benchmark iterations start
[2026-05-23 12:20:47] iteration 25/100 elapsed_s=0.1
[2026-05-23 12:20:48] iteration 50/100 elapsed_s=0.2
[2026-05-23 12:20:48] iteration 75/100 elapsed_s=0.3
[2026-05-23 12:20:48] iteration 100/100 elapsed_s=0.4
[2026-05-23 12:20:48] benchmark iterations done
[2026-05-23 12:20:48] mode complete mode=baseline mean_ms=3.965 std_ms=1.056 p95_ms=6.357
[2026-05-23 12:20:48] start mode=optimized model=resnet50_fp32.onnx device=NPU warmup=5 iters=100
[2026-05-23 12:20:48] creating session
[2026-05-23 12:20:49] session ready providers=OpenVINOExecutionProvider | CPUExecutionProvider
[2026-05-23 12:20:49] preparing inputs
[2026-05-23 12:20:49] inputs ready
[2026-05-23 12:20:49] warmup start
[2026-05-23 12:20:52] warmup done
[2026-05-23 12:20:52] benchmark iterations start
[2026-05-23 12:20:52] iteration 25/100 elapsed_s=0.1
[2026-05-23 12:20:52] iteration 50/100 elapsed_s=0.2
[2026-05-23 12:20:52] iteration 75/100 elapsed_s=0.3
[2026-05-23 12:20:53] iteration 100/100 elapsed_s=0.4
[2026-05-23 12:20:53] benchmark iterations done
[2026-05-23 12:20:53] mode complete mode=optimized mean_ms=3.948 std_ms=0.882 p95_ms=6.582
[2026-05-23 12:21:54] start mode=baseline model=resnet50_fp32.onnx device=NPU warmup=5 iters=100
[2026-05-23 12:21:54] creating session
[2026-05-23 12:21:54] session ready providers=OpenVINOExecutionProvider | CPUExecutionProvider
[2026-05-23 12:21:54] preparing inputs
[2026-05-23 12:21:54] inputs ready
[2026-05-23 12:21:54] warmup start
[2026-05-23 12:21:58] warmup done
[2026-05-23 12:21:58] benchmark iterations start
[2026-05-23 12:21:58] iteration 25/100 elapsed_s=0.1
[2026-05-23 12:21:58] iteration 50/100 elapsed_s=0.2
[2026-05-23 12:21:58] iteration 75/100 elapsed_s=0.3
[2026-05-23 12:21:59] iteration 100/100 elapsed_s=0.4
[2026-05-23 12:21:59] benchmark iterations done
[2026-05-23 12:21:59] mode complete mode=baseline mean_ms=4.034 std_ms=0.995 p95_ms=6.870
[2026-05-23 12:21:59] start mode=optimized model=resnet50_fp32.onnx device=NPU warmup=5 iters=100
[2026-05-23 12:21:59] creating session
[2026-05-23 12:21:59] session ready providers=OpenVINOExecutionProvider | CPUExecutionProvider
[2026-05-23 12:21:59] preparing inputs
[2026-05-23 12:21:59] inputs ready
[2026-05-23 12:21:59] warmup start
[2026-05-23 12:22:03] warmup done
[2026-05-23 12:22:03] benchmark iterations start
[2026-05-23 12:22:03] iteration 25/100 elapsed_s=0.1
[2026-05-23 12:22:03] iteration 50/100 elapsed_s=0.2
[2026-05-23 12:22:03] iteration 75/100 elapsed_s=0.3
[2026-05-23 12:22:03] iteration 100/100 elapsed_s=0.4
[2026-05-23 12:22:03] benchmark iterations done
[2026-05-23 12:22:03] mode complete mode=optimized mean_ms=3.981 std_ms=1.006 p95_ms=6.826
[2026-05-23 12:23:01] start mode=baseline model=resnet50_fp32.onnx device=GPU warmup=5 iters=100
[2026-05-23 12:23:01] creating session
[2026-05-23 12:23:03] session ready providers=OpenVINOExecutionProvider | CPUExecutionProvider
[2026-05-23 12:23:03] preparing inputs
[2026-05-23 12:23:03] inputs ready
[2026-05-23 12:23:03] warmup start
[2026-05-23 12:23:03] warmup done
[2026-05-23 12:23:03] benchmark iterations start
[2026-05-23 12:23:04] iteration 25/100 elapsed_s=0.3
[2026-05-23 12:23:04] iteration 50/100 elapsed_s=0.5
[2026-05-23 12:23:04] iteration 75/100 elapsed_s=0.8
[2026-05-23 12:23:04] iteration 100/100 elapsed_s=1.1
[2026-05-23 12:23:04] benchmark iterations done
[2026-05-23 12:23:04] mode complete mode=baseline mean_ms=10.935 std_ms=0.539 p95_ms=11.729
[2026-05-23 12:23:05] start mode=optimized model=resnet50_fp32.onnx device=GPU warmup=5 iters=100
[2026-05-23 12:23:05] creating session
[2026-05-23 12:23:07] session ready providers=OpenVINOExecutionProvider | CPUExecutionProvider
[2026-05-23 12:23:07] preparing inputs
[2026-05-23 12:23:07] inputs ready
[2026-05-23 12:23:07] warmup start
[2026-05-23 12:23:07] warmup done
[2026-05-23 12:23:07] benchmark iterations start
[2026-05-23 12:23:07] iteration 25/100 elapsed_s=0.3
[2026-05-23 12:23:08] iteration 50/100 elapsed_s=0.6
[2026-05-23 12:23:08] iteration 75/100 elapsed_s=0.8
[2026-05-23 12:23:08] iteration 100/100 elapsed_s=1.1
[2026-05-23 12:23:08] benchmark iterations done
[2026-05-23 12:23:08] mode complete mode=optimized mean_ms=10.881 std_ms=0.634 p95_ms=11.667
[2026-05-23 12:23:52] start mode=baseline model=resnet50_fp32.onnx device=GPU warmup=5 iters=100
[2026-05-23 12:23:52] creating session
[2026-05-23 12:23:54] session ready providers=OpenVINOExecutionProvider | CPUExecutionProvider
[2026-05-23 12:23:54] preparing inputs
[2026-05-23 12:23:54] inputs ready
[2026-05-23 12:23:54] warmup start
[2026-05-23 12:23:54] warmup done
[2026-05-23 12:23:54] benchmark iterations start
[2026-05-23 12:23:55] iteration 25/100 elapsed_s=0.3
[2026-05-23 12:23:55] iteration 50/100 elapsed_s=0.6
[2026-05-23 12:23:55] iteration 75/100 elapsed_s=0.8
[2026-05-23 12:23:55] iteration 100/100 elapsed_s=1.1
[2026-05-23 12:23:55] benchmark iterations done
[2026-05-23 12:23:55] mode complete mode=baseline mean_ms=10.998 std_ms=0.722 p95_ms=12.066
[2026-05-23 12:23:56] start mode=optimized model=resnet50_fp32.onnx device=GPU warmup=5 iters=100
[2026-05-23 12:23:56] creating session
[2026-05-23 12:23:58] session ready providers=OpenVINOExecutionProvider | CPUExecutionProvider
[2026-05-23 12:23:58] preparing inputs
[2026-05-23 12:23:58] inputs ready
[2026-05-23 12:23:58] warmup start
[2026-05-23 12:23:58] warmup done
[2026-05-23 12:23:58] benchmark iterations start
[2026-05-23 12:23:58] iteration 25/100 elapsed_s=0.3
[2026-05-23 12:23:58] iteration 50/100 elapsed_s=0.5
[2026-05-23 12:23:59] iteration 75/100 elapsed_s=0.8
[2026-05-23 12:23:59] iteration 100/100 elapsed_s=1.1
[2026-05-23 12:23:59] benchmark iterations done
[2026-05-23 12:23:59] mode complete mode=optimized mean_ms=10.890 std_ms=0.472 p95_ms=11.631
[2026-05-23 12:24:42] start mode=baseline model=resnet50_fp32.onnx device=GPU warmup=5 iters=100
[2026-05-23 12:24:42] creating session
[2026-05-23 12:24:44] session ready providers=OpenVINOExecutionProvider | CPUExecutionProvider
[2026-05-23 12:24:44] preparing inputs
[2026-05-23 12:24:44] inputs ready
[2026-05-23 12:24:44] warmup start
[2026-05-23 12:24:45] warmup done
[2026-05-23 12:24:45] benchmark iterations start
[2026-05-23 12:24:45] iteration 25/100 elapsed_s=0.3
[2026-05-23 12:24:45] iteration 50/100 elapsed_s=0.6
[2026-05-23 12:24:45] iteration 75/100 elapsed_s=0.8
[2026-05-23 12:24:46] iteration 100/100 elapsed_s=1.1
[2026-05-23 12:24:46] benchmark iterations done
[2026-05-23 12:24:46] mode complete mode=baseline mean_ms=11.068 std_ms=0.422 p95_ms=11.717
[2026-05-23 12:24:46] start mode=optimized model=resnet50_fp32.onnx device=GPU warmup=5 iters=100
[2026-05-23 12:24:46] creating session
[2026-05-23 12:24:48] session ready providers=OpenVINOExecutionProvider | CPUExecutionProvider
[2026-05-23 12:24:48] preparing inputs
[2026-05-23 12:24:48] inputs ready
[2026-05-23 12:24:48] warmup start
[2026-05-23 12:24:49] warmup done
[2026-05-23 12:24:49] benchmark iterations start
[2026-05-23 12:24:49] iteration 25/100 elapsed_s=0.3
[2026-05-23 12:24:49] iteration 50/100 elapsed_s=0.5
[2026-05-23 12:24:49] iteration 75/100 elapsed_s=0.8
[2026-05-23 12:24:50] iteration 100/100 elapsed_s=1.1
[2026-05-23 12:24:50] benchmark iterations done
[2026-05-23 12:24:50] mode complete mode=optimized mean_ms=10.730 std_ms=0.541 p95_ms=11.454
[2026-05-23 12:25:36] start mode=baseline model=resnet50_fp32.onnx device=CPU warmup=5 iters=100
[2026-05-23 12:25:36] creating session
[2026-05-23 12:25:37] session ready providers=OpenVINOExecutionProvider | CPUExecutionProvider
[2026-05-23 12:25:37] preparing inputs
[2026-05-23 12:25:37] inputs ready
[2026-05-23 12:25:37] warmup start
[2026-05-23 12:25:37] warmup done
[2026-05-23 12:25:37] benchmark iterations start
[2026-05-23 12:25:38] iteration 25/100 elapsed_s=0.8
[2026-05-23 12:25:39] iteration 50/100 elapsed_s=1.6
[2026-05-23 12:25:39] iteration 75/100 elapsed_s=2.4
[2026-05-23 12:25:40] iteration 100/100 elapsed_s=3.1
[2026-05-23 12:25:40] benchmark iterations done
[2026-05-23 12:25:40] mode complete mode=baseline mean_ms=31.014 std_ms=2.816 p95_ms=34.489
[2026-05-23 12:25:40] start mode=optimized model=resnet50_fp32.onnx device=CPU warmup=5 iters=100
[2026-05-23 12:25:40] creating session
[2026-05-23 12:25:41] session ready providers=OpenVINOExecutionProvider | CPUExecutionProvider
[2026-05-23 12:25:41] preparing inputs
[2026-05-23 12:25:41] inputs ready
[2026-05-23 12:25:41] warmup start
[2026-05-23 12:25:42] warmup done
[2026-05-23 12:25:42] benchmark iterations start
[2026-05-23 12:25:43] iteration 25/100 elapsed_s=0.9
[2026-05-23 12:25:43] iteration 50/100 elapsed_s=1.7
[2026-05-23 12:25:44] iteration 75/100 elapsed_s=2.4
[2026-05-23 12:25:45] iteration 100/100 elapsed_s=3.1
[2026-05-23 12:25:45] benchmark iterations done
[2026-05-23 12:25:45] mode complete mode=optimized mean_ms=31.442 std_ms=5.436 p95_ms=38.433
[2026-05-23 12:26:29] start mode=baseline model=resnet50_fp32.onnx device=CPU warmup=5 iters=100
[2026-05-23 12:26:29] creating session
[2026-05-23 12:26:30] session ready providers=OpenVINOExecutionProvider | CPUExecutionProvider
[2026-05-23 12:26:30] preparing inputs
[2026-05-23 12:26:30] inputs ready
[2026-05-23 12:26:30] warmup start
[2026-05-23 12:26:31] warmup done
[2026-05-23 12:26:31] benchmark iterations start
[2026-05-23 12:26:31] iteration 25/100 elapsed_s=0.8
[2026-05-23 12:26:32] iteration 50/100 elapsed_s=1.6
[2026-05-23 12:26:33] iteration 75/100 elapsed_s=2.4
[2026-05-23 12:26:34] iteration 100/100 elapsed_s=3.2
[2026-05-23 12:26:34] benchmark iterations done
[2026-05-23 12:26:34] mode complete mode=baseline mean_ms=31.752 std_ms=4.999 p95_ms=36.124
[2026-05-23 12:26:34] start mode=optimized model=resnet50_fp32.onnx device=CPU warmup=5 iters=100
[2026-05-23 12:26:34] creating session
[2026-05-23 12:26:35] session ready providers=OpenVINOExecutionProvider | CPUExecutionProvider
[2026-05-23 12:26:35] preparing inputs
[2026-05-23 12:26:35] inputs ready
[2026-05-23 12:26:35] warmup start
[2026-05-23 12:26:35] warmup done
[2026-05-23 12:26:35] benchmark iterations start
[2026-05-23 12:26:36] iteration 25/100 elapsed_s=0.8
[2026-05-23 12:26:37] iteration 50/100 elapsed_s=1.6
[2026-05-23 12:26:38] iteration 75/100 elapsed_s=2.3
[2026-05-23 12:26:38] iteration 100/100 elapsed_s=3.0
[2026-05-23 12:26:38] benchmark iterations done
[2026-05-23 12:26:38] mode complete mode=optimized mean_ms=29.882 std_ms=2.830 p95_ms=34.562
[2026-05-23 12:27:23] start mode=baseline model=resnet50_fp32.onnx device=CPU warmup=5 iters=100
[2026-05-23 12:27:23] creating session
[2026-05-23 12:27:24] session ready providers=OpenVINOExecutionProvider | CPUExecutionProvider
[2026-05-23 12:27:24] preparing inputs
[2026-05-23 12:27:24] inputs ready
[2026-05-23 12:27:24] warmup start
[2026-05-23 12:27:24] warmup done
[2026-05-23 12:27:24] benchmark iterations start
[2026-05-23 12:27:25] iteration 25/100 elapsed_s=0.9
[2026-05-23 12:27:26] iteration 50/100 elapsed_s=1.7
[2026-05-23 12:27:26] iteration 75/100 elapsed_s=2.5
[2026-05-23 12:27:27] iteration 100/100 elapsed_s=3.3
[2026-05-23 12:27:27] benchmark iterations done
[2026-05-23 12:27:27] mode complete mode=baseline mean_ms=33.314 std_ms=3.676 p95_ms=42.729
[2026-05-23 12:27:28] start mode=optimized model=resnet50_fp32.onnx device=CPU warmup=5 iters=100
[2026-05-23 12:27:28] creating session
[2026-05-23 12:27:29] session ready providers=OpenVINOExecutionProvider | CPUExecutionProvider
[2026-05-23 12:27:29] preparing inputs
[2026-05-23 12:27:29] inputs ready
[2026-05-23 12:27:29] warmup start
[2026-05-23 12:27:29] warmup done
[2026-05-23 12:27:29] benchmark iterations start
[2026-05-23 12:27:30] iteration 25/100 elapsed_s=0.9
[2026-05-23 12:27:30] iteration 50/100 elapsed_s=1.6
[2026-05-23 12:27:31] iteration 75/100 elapsed_s=2.3
[2026-05-23 12:27:32] iteration 100/100 elapsed_s=3.0
[2026-05-23 12:27:32] benchmark iterations done
[2026-05-23 12:27:32] mode complete mode=optimized mean_ms=30.039 std_ms=3.044 p95_ms=34.036
