[2026-05-23 14:52:43] start mode=baseline model=GCN_fp32.onnx device=NPU warmup=5 iters=100
[2026-05-23 14:52:43] creating session
[2026-05-23 14:52:43] session ready providers=OpenVINOExecutionProvider | CPUExecutionProvider
[2026-05-23 14:52:43] preparing inputs
[2026-05-23 14:52:44] inputs ready
[2026-05-23 14:52:44] warmup start
[2026-05-23 14:52:44] warmup done
[2026-05-23 14:52:44] benchmark iterations start
[2026-05-23 14:52:44] iteration 25/100 elapsed_s=0.1
[2026-05-23 14:52:44] iteration 50/100 elapsed_s=0.2
[2026-05-23 14:52:44] iteration 75/100 elapsed_s=0.2
[2026-05-23 14:52:44] iteration 100/100 elapsed_s=0.3
[2026-05-23 14:52:44] benchmark iterations done
[2026-05-23 14:52:44] mode complete mode=baseline mean_ms=2.806 std_ms=0.632 p95_ms=4.118
[2026-05-23 14:52:44] start mode=optimized model=GCN_fp32.onnx device=NPU warmup=5 iters=100
[2026-05-23 14:52:44] creating session
[2026-05-23 14:52:44] session ready providers=OpenVINOExecutionProvider | CPUExecutionProvider
[2026-05-23 14:52:44] preparing inputs
[2026-05-23 14:52:45] inputs ready
[2026-05-23 14:52:45] warmup start
[2026-05-23 14:52:45] warmup done
[2026-05-23 14:52:45] benchmark iterations start
[2026-05-23 14:52:45] iteration 25/100 elapsed_s=0.1
[2026-05-23 14:52:45] iteration 50/100 elapsed_s=0.1
[2026-05-23 14:52:45] iteration 75/100 elapsed_s=0.2
[2026-05-23 14:52:45] iteration 100/100 elapsed_s=0.3
[2026-05-23 14:52:45] benchmark iterations done
[2026-05-23 14:52:45] mode complete mode=optimized mean_ms=2.665 std_ms=0.514 p95_ms=3.874
[2026-05-23 14:55:35] start mode=baseline model=GCN_fp32.onnx device=GPU warmup=5 iters=100
[2026-05-23 14:55:35] creating session
[2026-05-23 14:55:37] session ready providers=OpenVINOExecutionProvider | CPUExecutionProvider
[2026-05-23 14:55:37] preparing inputs
[2026-05-23 14:55:37] inputs ready
[2026-05-23 14:55:37] warmup start
[2026-05-23 14:55:37] warmup done
[2026-05-23 14:55:37] benchmark iterations start
[2026-05-23 14:55:37] iteration 25/100 elapsed_s=0.1
[2026-05-23 14:55:37] iteration 50/100 elapsed_s=0.1
[2026-05-23 14:55:37] iteration 75/100 elapsed_s=0.2
[2026-05-23 14:55:37] iteration 100/100 elapsed_s=0.3
[2026-05-23 14:55:37] benchmark iterations done
[2026-05-23 14:55:37] mode complete mode=baseline mean_ms=2.532 std_ms=0.460 p95_ms=3.451
[2026-05-23 14:55:37] start mode=optimized model=GCN_fp32.onnx device=GPU warmup=5 iters=100
[2026-05-23 14:55:37] creating session
[2026-05-23 14:55:39] session ready providers=OpenVINOExecutionProvider | CPUExecutionProvider
[2026-05-23 14:55:39] preparing inputs
[2026-05-23 14:55:39] inputs ready
[2026-05-23 14:55:39] warmup start
[2026-05-23 14:55:39] warmup done
[2026-05-23 14:55:39] benchmark iterations start
[2026-05-23 14:55:39] iteration 25/100 elapsed_s=0.1
[2026-05-23 14:55:39] iteration 50/100 elapsed_s=0.1
[2026-05-23 14:55:39] iteration 75/100 elapsed_s=0.2
[2026-05-23 14:55:39] iteration 100/100 elapsed_s=0.3
[2026-05-23 14:55:39] benchmark iterations done
[2026-05-23 14:55:39] mode complete mode=optimized mean_ms=2.509 std_ms=0.549 p95_ms=3.500
[2026-05-23 14:56:21] start mode=baseline model=GCN_fp32.onnx device=CPU warmup=5 iters=100
[2026-05-23 14:56:21] creating session
[2026-05-23 14:56:21] session ready providers=OpenVINOExecutionProvider | CPUExecutionProvider
[2026-05-23 14:56:21] preparing inputs
[2026-05-23 14:56:21] inputs ready
[2026-05-23 14:56:21] warmup start
[2026-05-23 14:56:21] warmup done
[2026-05-23 14:56:21] benchmark iterations start
[2026-05-23 14:56:21] iteration 25/100 elapsed_s=0.1
[2026-05-23 14:56:21] iteration 50/100 elapsed_s=0.1
[2026-05-23 14:56:21] iteration 75/100 elapsed_s=0.2
[2026-05-23 14:56:22] iteration 100/100 elapsed_s=0.3
[2026-05-23 14:56:22] benchmark iterations done
[2026-05-23 14:56:22] mode complete mode=baseline mean_ms=2.802 std_ms=0.529 p95_ms=3.772
[2026-05-23 14:56:22] start mode=optimized model=GCN_fp32.onnx device=CPU warmup=5 iters=100
[2026-05-23 14:56:22] creating session
[2026-05-23 14:56:22] session ready providers=OpenVINOExecutionProvider | CPUExecutionProvider
[2026-05-23 14:56:22] preparing inputs
[2026-05-23 14:56:22] inputs ready
[2026-05-23 14:56:22] warmup start
[2026-05-23 14:56:22] warmup done
[2026-05-23 14:56:22] benchmark iterations start
[2026-05-23 14:56:23] iteration 25/100 elapsed_s=0.1
[2026-05-23 14:56:23] iteration 50/100 elapsed_s=0.1
[2026-05-23 14:56:23] iteration 75/100 elapsed_s=0.2
[2026-05-23 14:56:23] iteration 100/100 elapsed_s=0.3
[2026-05-23 14:56:23] benchmark iterations done
[2026-05-23 14:56:23] mode complete mode=optimized mean_ms=2.612 std_ms=0.462 p95_ms=3.388
