[2026-05-23 14:43:15] start mode=baseline model=GATv2_fp32.onnx device=NPU warmup=5 iters=100
[2026-05-23 14:43:15] creating session
[2026-05-23 14:43:15] session ready providers=OpenVINOExecutionProvider | CPUExecutionProvider
[2026-05-23 14:43:15] preparing inputs
[2026-05-23 14:43:16] inputs ready
[2026-05-23 14:43:16] warmup start
[2026-05-23 14:43:16] warmup done
[2026-05-23 14:43:16] benchmark iterations start
[2026-05-23 14:43:17] iteration 25/100 elapsed_s=0.6
[2026-05-23 14:43:17] iteration 50/100 elapsed_s=1.2
[2026-05-23 14:43:18] iteration 75/100 elapsed_s=1.8
[2026-05-23 14:43:18] iteration 100/100 elapsed_s=2.3
[2026-05-23 14:43:18] benchmark iterations done
[2026-05-23 14:43:18] mode complete mode=baseline mean_ms=23.450 std_ms=1.359 p95_ms=25.547
[2026-05-23 14:43:19] start mode=optimized model=GATv2_fp32.onnx device=NPU warmup=5 iters=100
[2026-05-23 14:43:19] creating session
[2026-05-23 14:43:19] session ready providers=OpenVINOExecutionProvider | CPUExecutionProvider
[2026-05-23 14:43:19] preparing inputs
[2026-05-23 14:43:19] inputs ready
[2026-05-23 14:43:19] warmup start
[2026-05-23 14:43:19] warmup done
[2026-05-23 14:43:19] benchmark iterations start
[2026-05-23 14:43:20] iteration 25/100 elapsed_s=0.6
[2026-05-23 14:43:21] iteration 50/100 elapsed_s=1.2
[2026-05-23 14:43:21] iteration 75/100 elapsed_s=1.8
[2026-05-23 14:43:22] iteration 100/100 elapsed_s=2.4
[2026-05-23 14:43:22] benchmark iterations done
[2026-05-23 14:43:22] mode complete mode=optimized mean_ms=23.734 std_ms=1.082 p95_ms=25.570
[2026-05-23 14:47:16] start mode=baseline model=GATv2_fp32.onnx device=GPU warmup=5 iters=100
[2026-05-23 14:47:16] creating session
[2026-05-23 14:47:17] session ready providers=OpenVINOExecutionProvider | CPUExecutionProvider
[2026-05-23 14:47:17] preparing inputs
[2026-05-23 14:47:18] inputs ready
[2026-05-23 14:47:18] warmup start
[2026-05-23 14:47:18] warmup done
[2026-05-23 14:47:18] benchmark iterations start
[2026-05-23 14:47:18] iteration 25/100 elapsed_s=0.4
[2026-05-23 14:47:19] iteration 50/100 elapsed_s=0.9
[2026-05-23 14:47:19] iteration 75/100 elapsed_s=1.3
[2026-05-23 14:47:19] iteration 100/100 elapsed_s=1.8
[2026-05-23 14:47:19] benchmark iterations done
[2026-05-23 14:47:19] mode complete mode=baseline mean_ms=17.832 std_ms=0.722 p95_ms=19.077
[2026-05-23 14:47:20] start mode=optimized model=GATv2_fp32.onnx device=GPU warmup=5 iters=100
[2026-05-23 14:47:20] creating session
[2026-05-23 14:47:21] session ready providers=OpenVINOExecutionProvider | CPUExecutionProvider
[2026-05-23 14:47:21] preparing inputs
[2026-05-23 14:47:21] inputs ready
[2026-05-23 14:47:21] warmup start
[2026-05-23 14:47:22] warmup done
[2026-05-23 14:47:22] benchmark iterations start
[2026-05-23 14:47:22] iteration 25/100 elapsed_s=0.4
[2026-05-23 14:47:22] iteration 50/100 elapsed_s=0.9
[2026-05-23 14:47:23] iteration 75/100 elapsed_s=1.3
[2026-05-23 14:47:23] iteration 100/100 elapsed_s=1.8
[2026-05-23 14:47:23] benchmark iterations done
[2026-05-23 14:47:23] mode complete mode=optimized mean_ms=17.839 std_ms=0.723 p95_ms=19.231
[2026-05-23 14:50:27] start mode=baseline model=GATv2_fp32.onnx device=CPU warmup=5 iters=100
[2026-05-23 14:50:27] creating session
[2026-05-23 14:50:27] session ready providers=OpenVINOExecutionProvider | CPUExecutionProvider
[2026-05-23 14:50:27] preparing inputs
[2026-05-23 14:50:28] inputs ready
[2026-05-23 14:50:28] warmup start
[2026-05-23 14:50:28] warmup done
[2026-05-23 14:50:28] benchmark iterations start
[2026-05-23 14:50:28] iteration 25/100 elapsed_s=0.6
[2026-05-23 14:50:29] iteration 50/100 elapsed_s=1.2
[2026-05-23 14:50:30] iteration 75/100 elapsed_s=1.7
[2026-05-23 14:50:30] iteration 100/100 elapsed_s=2.3
[2026-05-23 14:50:30] benchmark iterations done
[2026-05-23 14:50:30] mode complete mode=baseline mean_ms=22.975 std_ms=1.362 p95_ms=25.214
[2026-05-23 14:50:30] start mode=optimized model=GATv2_fp32.onnx device=CPU warmup=5 iters=100
[2026-05-23 14:50:30] creating session
[2026-05-23 14:50:31] session ready providers=OpenVINOExecutionProvider | CPUExecutionProvider
[2026-05-23 14:50:31] preparing inputs
[2026-05-23 14:50:31] inputs ready
[2026-05-23 14:50:31] warmup start
[2026-05-23 14:50:31] warmup done
[2026-05-23 14:50:31] benchmark iterations start
[2026-05-23 14:50:32] iteration 25/100 elapsed_s=0.6
[2026-05-23 14:50:32] iteration 50/100 elapsed_s=1.2
[2026-05-23 14:50:33] iteration 75/100 elapsed_s=1.7
[2026-05-23 14:50:34] iteration 100/100 elapsed_s=2.3
[2026-05-23 14:50:34] benchmark iterations done
[2026-05-23 14:50:34] mode complete mode=optimized mean_ms=23.377 std_ms=1.500 p95_ms=25.158
