[2026-05-23 15:28:40] start mode=baseline model=GraphSAGE_int8.onnx device=NPU warmup=5 iters=100
[2026-05-23 15:28:40] creating session
[2026-05-23 15:28:40] session ready providers=OpenVINOExecutionProvider | CPUExecutionProvider
[2026-05-23 15:28:40] preparing inputs
[2026-05-23 15:28:41] inputs ready
[2026-05-23 15:28:41] warmup start
[2026-05-23 15:28:41] warmup done
[2026-05-23 15:28:41] benchmark iterations start
[2026-05-23 15:28:42] iteration 25/100 elapsed_s=0.7
[2026-05-23 15:28:42] iteration 50/100 elapsed_s=1.4
[2026-05-23 15:28:43] iteration 75/100 elapsed_s=2.1
[2026-05-23 15:28:44] iteration 100/100 elapsed_s=2.8
[2026-05-23 15:28:44] benchmark iterations done
[2026-05-23 15:28:44] mode complete mode=baseline mean_ms=28.459 std_ms=1.172 p95_ms=30.388
[2026-05-23 15:28:44] start mode=optimized model=GraphSAGE_int8.onnx device=NPU warmup=5 iters=100
[2026-05-23 15:28:44] creating session
[2026-05-23 15:28:44] session ready providers=OpenVINOExecutionProvider | CPUExecutionProvider
[2026-05-23 15:28:44] preparing inputs
[2026-05-23 15:28:45] inputs ready
[2026-05-23 15:28:45] warmup start
[2026-05-23 15:28:45] warmup done
[2026-05-23 15:28:45] benchmark iterations start
[2026-05-23 15:28:46] iteration 25/100 elapsed_s=0.7
[2026-05-23 15:28:46] iteration 50/100 elapsed_s=1.4
[2026-05-23 15:28:47] iteration 75/100 elapsed_s=2.1
[2026-05-23 15:28:48] iteration 100/100 elapsed_s=2.8
[2026-05-23 15:28:48] benchmark iterations done
[2026-05-23 15:28:48] mode complete mode=optimized mean_ms=28.457 std_ms=1.498 p95_ms=30.953
[2026-05-23 15:39:51] start mode=baseline model=GraphSAGE_int8.onnx device=GPU warmup=5 iters=100
[2026-05-23 15:39:51] creating session
[2026-05-23 15:39:52] session ready providers=OpenVINOExecutionProvider | CPUExecutionProvider
[2026-05-23 15:39:52] preparing inputs
[2026-05-23 15:39:52] inputs ready
[2026-05-23 15:39:52] warmup start
[2026-05-23 15:39:52] warmup done
[2026-05-23 15:39:52] benchmark iterations start
[2026-05-23 15:39:53] iteration 25/100 elapsed_s=0.4
[2026-05-23 15:39:53] iteration 50/100 elapsed_s=0.7
[2026-05-23 15:39:53] iteration 75/100 elapsed_s=1.1
[2026-05-23 15:39:54] iteration 100/100 elapsed_s=1.4
[2026-05-23 15:39:54] benchmark iterations done
[2026-05-23 15:39:54] mode complete mode=baseline mean_ms=14.252 std_ms=0.604 p95_ms=14.975
[2026-05-23 15:39:54] start mode=optimized model=GraphSAGE_int8.onnx device=GPU warmup=5 iters=100
[2026-05-23 15:39:54] creating session
[2026-05-23 15:39:55] session ready providers=OpenVINOExecutionProvider | CPUExecutionProvider
[2026-05-23 15:39:55] preparing inputs
[2026-05-23 15:39:56] inputs ready
[2026-05-23 15:39:56] warmup start
[2026-05-23 15:39:56] warmup done
[2026-05-23 15:39:56] benchmark iterations start
[2026-05-23 15:39:56] iteration 25/100 elapsed_s=0.4
[2026-05-23 15:39:56] iteration 50/100 elapsed_s=0.7
[2026-05-23 15:39:57] iteration 75/100 elapsed_s=1.0
[2026-05-23 15:39:57] iteration 100/100 elapsed_s=1.4
[2026-05-23 15:39:57] benchmark iterations done
[2026-05-23 15:39:57] mode complete mode=optimized mean_ms=13.752 std_ms=0.942 p95_ms=14.838
[2026-05-23 15:47:27] start mode=baseline model=GraphSAGE_int8.onnx device=CPU warmup=5 iters=100
[2026-05-23 15:47:27] creating session
[2026-05-23 15:47:27] session ready providers=OpenVINOExecutionProvider | CPUExecutionProvider
[2026-05-23 15:47:27] preparing inputs
[2026-05-23 15:47:27] inputs ready
[2026-05-23 15:47:27] warmup start
[2026-05-23 15:47:28] warmup done
[2026-05-23 15:47:28] benchmark iterations start
[2026-05-23 15:47:28] iteration 25/100 elapsed_s=0.7
[2026-05-23 15:47:29] iteration 50/100 elapsed_s=1.4
[2026-05-23 15:47:30] iteration 75/100 elapsed_s=2.1
[2026-05-23 15:47:30] iteration 100/100 elapsed_s=2.8
[2026-05-23 15:47:30] benchmark iterations done
[2026-05-23 15:47:30] mode complete mode=baseline mean_ms=27.908 std_ms=1.204 p95_ms=30.112
[2026-05-23 15:47:31] start mode=optimized model=GraphSAGE_int8.onnx device=CPU warmup=5 iters=100
[2026-05-23 15:47:31] creating session
[2026-05-23 15:47:31] session ready providers=OpenVINOExecutionProvider | CPUExecutionProvider
[2026-05-23 15:47:31] preparing inputs
[2026-05-23 15:47:31] inputs ready
[2026-05-23 15:47:31] warmup start
[2026-05-23 15:47:32] warmup done
[2026-05-23 15:47:32] benchmark iterations start
[2026-05-23 15:47:32] iteration 25/100 elapsed_s=0.7
[2026-05-23 15:47:33] iteration 50/100 elapsed_s=1.4
[2026-05-23 15:47:34] iteration 75/100 elapsed_s=2.1
[2026-05-23 15:47:34] iteration 100/100 elapsed_s=2.8
[2026-05-23 15:47:34] benchmark iterations done
[2026-05-23 15:47:34] mode complete mode=optimized mean_ms=28.378 std_ms=1.691 p95_ms=31.872
