[2026-05-23 11:36:52] start mode=baseline model=SGC_int8.onnx device=NPU warmup=5 iters=100
[2026-05-23 11:36:52] creating session
[2026-05-23 11:36:52] session ready providers=OpenVINOExecutionProvider | CPUExecutionProvider
[2026-05-23 11:36:52] preparing inputs
[2026-05-23 11:36:52] inputs ready
[2026-05-23 11:36:52] warmup start
[2026-05-23 11:36:53] warmup done
[2026-05-23 11:36:53] benchmark iterations start
[2026-05-23 11:36:58] iteration 25/100 elapsed_s=4.6
[2026-05-23 11:37:02] iteration 50/100 elapsed_s=9.0
[2026-05-23 11:37:07] iteration 75/100 elapsed_s=13.5
[2026-05-23 11:37:11] iteration 100/100 elapsed_s=18.0
[2026-05-23 11:37:11] benchmark iterations done
[2026-05-23 11:37:11] mode complete mode=baseline mean_ms=180.000 std_ms=7.730 p95_ms=195.252
[2026-05-23 11:37:12] start mode=optimized model=SGC_int8.onnx device=NPU warmup=5 iters=100
[2026-05-23 11:37:12] creating session
[2026-05-23 11:37:12] session ready providers=OpenVINOExecutionProvider | CPUExecutionProvider
[2026-05-23 11:37:12] preparing inputs
[2026-05-23 11:37:12] inputs ready
[2026-05-23 11:37:12] warmup start
[2026-05-23 11:37:13] warmup done
[2026-05-23 11:37:13] benchmark iterations start
[2026-05-23 11:37:18] iteration 25/100 elapsed_s=4.5
[2026-05-23 11:37:22] iteration 50/100 elapsed_s=9.0
[2026-05-23 11:37:27] iteration 75/100 elapsed_s=13.5
[2026-05-23 11:37:31] iteration 100/100 elapsed_s=17.9
[2026-05-23 11:37:31] benchmark iterations done
[2026-05-23 11:37:31] mode complete mode=optimized mean_ms=178.831 std_ms=8.085 p95_ms=193.550
[2026-05-23 11:40:04] start mode=baseline model=SGC_int8.onnx device=NPU warmup=5 iters=100
[2026-05-23 11:40:04] creating session
[2026-05-23 11:40:05] session ready providers=OpenVINOExecutionProvider | CPUExecutionProvider
[2026-05-23 11:40:05] preparing inputs
[2026-05-23 11:40:07] inputs ready
[2026-05-23 11:40:07] warmup start
[2026-05-23 11:40:08] warmup done
[2026-05-23 11:40:08] benchmark iterations start
[2026-05-23 11:40:12] iteration 25/100 elapsed_s=4.3
[2026-05-23 11:40:16] iteration 50/100 elapsed_s=8.7
[2026-05-23 11:40:21] iteration 75/100 elapsed_s=13.1
[2026-05-23 11:40:25] iteration 100/100 elapsed_s=17.5
[2026-05-23 11:40:25] benchmark iterations done
[2026-05-23 11:40:25] mode complete mode=baseline mean_ms=174.682 std_ms=10.494 p95_ms=190.418
[2026-05-23 11:40:25] start mode=optimized model=SGC_int8.onnx device=NPU warmup=5 iters=100
[2026-05-23 11:40:25] creating session
[2026-05-23 11:40:26] session ready providers=OpenVINOExecutionProvider | CPUExecutionProvider
[2026-05-23 11:40:26] preparing inputs
[2026-05-23 11:40:28] inputs ready
[2026-05-23 11:40:28] warmup start
[2026-05-23 11:40:29] warmup done
[2026-05-23 11:40:29] benchmark iterations start
[2026-05-23 11:40:33] iteration 25/100 elapsed_s=4.4
[2026-05-23 11:40:37] iteration 50/100 elapsed_s=8.6
[2026-05-23 11:40:42] iteration 75/100 elapsed_s=13.0
[2026-05-23 11:40:46] iteration 100/100 elapsed_s=17.3
[2026-05-23 11:40:46] benchmark iterations done
[2026-05-23 11:40:46] mode complete mode=optimized mean_ms=172.790 std_ms=7.598 p95_ms=183.854
[2026-05-23 11:43:27] start mode=baseline model=SGC_int8.onnx device=NPU warmup=5 iters=100
[2026-05-23 11:43:27] creating session
[2026-05-23 11:43:27] session ready providers=OpenVINOExecutionProvider | CPUExecutionProvider
[2026-05-23 11:43:27] preparing inputs
[2026-05-23 11:43:29] inputs ready
[2026-05-23 11:43:29] warmup start
[2026-05-23 11:43:30] warmup done
[2026-05-23 11:43:30] benchmark iterations start
[2026-05-23 11:43:35] iteration 25/100 elapsed_s=4.4
[2026-05-23 11:43:39] iteration 50/100 elapsed_s=8.6
[2026-05-23 11:43:43] iteration 75/100 elapsed_s=13.0
[2026-05-23 11:43:48] iteration 100/100 elapsed_s=17.2
[2026-05-23 11:43:48] benchmark iterations done
[2026-05-23 11:43:48] mode complete mode=baseline mean_ms=172.376 std_ms=9.730 p95_ms=190.035
[2026-05-23 11:43:48] start mode=optimized model=SGC_int8.onnx device=NPU warmup=5 iters=100
[2026-05-23 11:43:48] creating session
[2026-05-23 11:43:48] session ready providers=OpenVINOExecutionProvider | CPUExecutionProvider
[2026-05-23 11:43:48] preparing inputs
[2026-05-23 11:43:51] inputs ready
[2026-05-23 11:43:51] warmup start
[2026-05-23 11:43:52] warmup done
[2026-05-23 11:43:52] benchmark iterations start
[2026-05-23 11:43:56] iteration 25/100 elapsed_s=4.3
[2026-05-23 11:44:00] iteration 50/100 elapsed_s=8.7
[2026-05-23 11:44:05] iteration 75/100 elapsed_s=13.1
[2026-05-23 11:44:09] iteration 100/100 elapsed_s=17.4
[2026-05-23 11:44:09] benchmark iterations done
[2026-05-23 11:44:09] mode complete mode=optimized mean_ms=173.806 std_ms=11.767 p95_ms=192.962
[2026-05-23 11:46:28] start mode=baseline model=SGC_int8.onnx device=GPU warmup=5 iters=100
[2026-05-23 11:46:28] creating session
[2026-05-23 11:46:36] session ready providers=OpenVINOExecutionProvider | CPUExecutionProvider
[2026-05-23 11:46:36] preparing inputs
[2026-05-23 11:46:36] inputs ready
[2026-05-23 11:46:36] warmup start
[2026-05-23 11:46:37] warmup done
[2026-05-23 11:46:37] benchmark iterations start
[2026-05-23 11:46:38] iteration 25/100 elapsed_s=1.5
[2026-05-23 11:46:40] iteration 50/100 elapsed_s=2.9
[2026-05-23 11:46:41] iteration 75/100 elapsed_s=4.4
[2026-05-23 11:46:43] iteration 100/100 elapsed_s=5.9
[2026-05-23 11:46:43] benchmark iterations done
[2026-05-23 11:46:43] mode complete mode=baseline mean_ms=58.993 std_ms=3.066 p95_ms=63.770
[2026-05-23 11:46:43] start mode=optimized model=SGC_int8.onnx device=GPU warmup=5 iters=100
[2026-05-23 11:46:43] creating session
[2026-05-23 11:46:45] session ready providers=OpenVINOExecutionProvider | CPUExecutionProvider
[2026-05-23 11:46:45] preparing inputs
[2026-05-23 11:46:45] inputs ready
[2026-05-23 11:46:45] warmup start
[2026-05-23 11:46:45] warmup done
[2026-05-23 11:46:45] benchmark iterations start
[2026-05-23 11:46:46] iteration 25/100 elapsed_s=1.5
[2026-05-23 11:46:48] iteration 50/100 elapsed_s=3.0
[2026-05-23 11:46:49] iteration 75/100 elapsed_s=4.5
[2026-05-23 11:46:51] iteration 100/100 elapsed_s=6.0
[2026-05-23 11:46:51] benchmark iterations done
[2026-05-23 11:46:51] mode complete mode=optimized mean_ms=59.597 std_ms=3.539 p95_ms=65.664
[2026-05-23 11:49:17] start mode=baseline model=SGC_int8.onnx device=GPU warmup=5 iters=100
[2026-05-23 11:49:17] creating session
[2026-05-23 11:49:18] session ready providers=OpenVINOExecutionProvider | CPUExecutionProvider
[2026-05-23 11:49:18] preparing inputs
[2026-05-23 11:49:20] inputs ready
[2026-05-23 11:49:20] warmup start
[2026-05-23 11:49:20] warmup done
[2026-05-23 11:49:20] benchmark iterations start
[2026-05-23 11:49:24] iteration 25/100 elapsed_s=3.4
[2026-05-23 11:49:27] iteration 50/100 elapsed_s=6.9
[2026-05-23 11:49:31] iteration 75/100 elapsed_s=10.3
[2026-05-23 11:49:34] iteration 100/100 elapsed_s=13.7
[2026-05-23 11:49:34] benchmark iterations done
[2026-05-23 11:49:34] mode complete mode=baseline mean_ms=137.247 std_ms=2.422 p95_ms=140.797
[2026-05-23 11:49:35] start mode=optimized model=SGC_int8.onnx device=GPU warmup=5 iters=100
[2026-05-23 11:49:35] creating session
[2026-05-23 11:49:36] session ready providers=OpenVINOExecutionProvider | CPUExecutionProvider
[2026-05-23 11:49:36] preparing inputs
[2026-05-23 11:49:38] inputs ready
[2026-05-23 11:49:38] warmup start
[2026-05-23 11:49:39] warmup done
[2026-05-23 11:49:39] benchmark iterations start
[2026-05-23 11:49:42] iteration 25/100 elapsed_s=3.4
[2026-05-23 11:49:45] iteration 50/100 elapsed_s=6.9
[2026-05-23 11:49:49] iteration 75/100 elapsed_s=10.3
[2026-05-23 11:49:52] iteration 100/100 elapsed_s=13.7
[2026-05-23 11:49:52] benchmark iterations done
[2026-05-23 11:49:52] mode complete mode=optimized mean_ms=137.297 std_ms=2.052 p95_ms=140.358
[2026-05-23 11:53:01] start mode=baseline model=SGC_int8.onnx device=GPU warmup=5 iters=100
[2026-05-23 11:53:01] creating session
[2026-05-23 11:53:02] session ready providers=OpenVINOExecutionProvider | CPUExecutionProvider
[2026-05-23 11:53:02] preparing inputs
[2026-05-23 11:53:05] inputs ready
[2026-05-23 11:53:05] warmup start
[2026-05-23 11:53:05] warmup done
[2026-05-23 11:53:05] benchmark iterations start
[2026-05-23 11:53:09] iteration 25/100 elapsed_s=3.5
[2026-05-23 11:53:12] iteration 50/100 elapsed_s=7.0
[2026-05-23 11:53:16] iteration 75/100 elapsed_s=10.5
[2026-05-23 11:53:19] iteration 100/100 elapsed_s=13.9
[2026-05-23 11:53:19] benchmark iterations done
[2026-05-23 11:53:19] mode complete mode=baseline mean_ms=139.291 std_ms=2.066 p95_ms=142.629
[2026-05-23 11:53:19] start mode=optimized model=SGC_int8.onnx device=GPU warmup=5 iters=100
[2026-05-23 11:53:19] creating session
[2026-05-23 11:53:21] session ready providers=OpenVINOExecutionProvider | CPUExecutionProvider
[2026-05-23 11:53:21] preparing inputs
[2026-05-23 11:53:24] inputs ready
[2026-05-23 11:53:24] warmup start
[2026-05-23 11:53:24] warmup done
[2026-05-23 11:53:24] benchmark iterations start
[2026-05-23 11:53:28] iteration 25/100 elapsed_s=3.5
[2026-05-23 11:53:31] iteration 50/100 elapsed_s=6.9
[2026-05-23 11:53:35] iteration 75/100 elapsed_s=10.4
[2026-05-23 11:53:38] iteration 100/100 elapsed_s=13.9
[2026-05-23 11:53:38] benchmark iterations done
[2026-05-23 11:53:38] mode complete mode=optimized mean_ms=138.549 std_ms=2.023 p95_ms=142.015
[2026-05-23 11:55:55] start mode=baseline model=SGC_int8.onnx device=CPU warmup=5 iters=100
[2026-05-23 11:55:55] creating session
[2026-05-23 11:55:56] session ready providers=OpenVINOExecutionProvider | CPUExecutionProvider
[2026-05-23 11:55:56] preparing inputs
[2026-05-23 11:55:56] inputs ready
[2026-05-23 11:55:56] warmup start
[2026-05-23 11:55:57] warmup done
[2026-05-23 11:55:57] benchmark iterations start
[2026-05-23 11:56:01] iteration 25/100 elapsed_s=4.3
[2026-05-23 11:56:06] iteration 50/100 elapsed_s=8.8
[2026-05-23 11:56:10] iteration 75/100 elapsed_s=13.1
[2026-05-23 11:56:15] iteration 100/100 elapsed_s=17.5
[2026-05-23 11:56:15] benchmark iterations done
[2026-05-23 11:56:15] mode complete mode=baseline mean_ms=174.889 std_ms=7.655 p95_ms=186.507
[2026-05-23 11:56:15] start mode=optimized model=SGC_int8.onnx device=CPU warmup=5 iters=100
[2026-05-23 11:56:15] creating session
[2026-05-23 11:56:15] session ready providers=OpenVINOExecutionProvider | CPUExecutionProvider
[2026-05-23 11:56:15] preparing inputs
[2026-05-23 11:56:16] inputs ready
[2026-05-23 11:56:16] warmup start
[2026-05-23 11:56:17] warmup done
[2026-05-23 11:56:17] benchmark iterations start
[2026-05-23 11:56:21] iteration 25/100 elapsed_s=4.4
[2026-05-23 11:56:25] iteration 50/100 elapsed_s=8.8
[2026-05-23 11:56:30] iteration 75/100 elapsed_s=13.2
[2026-05-23 11:56:34] iteration 100/100 elapsed_s=17.8
[2026-05-23 11:56:34] benchmark iterations done
[2026-05-23 11:56:34] mode complete mode=optimized mean_ms=177.714 std_ms=9.882 p95_ms=199.806
[2026-05-23 11:59:02] start mode=baseline model=SGC_int8.onnx device=CPU warmup=5 iters=100
[2026-05-23 11:59:02] creating session
[2026-05-23 11:59:02] session ready providers=OpenVINOExecutionProvider | CPUExecutionProvider
[2026-05-23 11:59:02] preparing inputs
[2026-05-23 11:59:04] inputs ready
[2026-05-23 11:59:04] warmup start
[2026-05-23 11:59:05] warmup done
[2026-05-23 11:59:05] benchmark iterations start
[2026-05-23 11:59:09] iteration 25/100 elapsed_s=4.3
[2026-05-23 11:59:13] iteration 50/100 elapsed_s=8.6
[2026-05-23 11:59:17] iteration 75/100 elapsed_s=13.0
[2026-05-23 11:59:22] iteration 100/100 elapsed_s=17.3
[2026-05-23 11:59:22] benchmark iterations done
[2026-05-23 11:59:22] mode complete mode=baseline mean_ms=172.689 std_ms=8.344 p95_ms=185.889
[2026-05-23 11:59:22] start mode=optimized model=SGC_int8.onnx device=CPU warmup=5 iters=100
[2026-05-23 11:59:22] creating session
[2026-05-23 11:59:23] session ready providers=OpenVINOExecutionProvider | CPUExecutionProvider
[2026-05-23 11:59:23] preparing inputs
[2026-05-23 11:59:24] inputs ready
[2026-05-23 11:59:24] warmup start
[2026-05-23 11:59:25] warmup done
[2026-05-23 11:59:25] benchmark iterations start
[2026-05-23 11:59:30] iteration 25/100 elapsed_s=4.3
[2026-05-23 11:59:34] iteration 50/100 elapsed_s=8.6
[2026-05-23 11:59:38] iteration 75/100 elapsed_s=12.9
[2026-05-23 11:59:42] iteration 100/100 elapsed_s=17.2
[2026-05-23 11:59:42] benchmark iterations done
[2026-05-23 11:59:42] mode complete mode=optimized mean_ms=171.463 std_ms=7.038 p95_ms=183.112
[2026-05-23 12:02:17] start mode=baseline model=SGC_int8.onnx device=CPU warmup=5 iters=100
[2026-05-23 12:02:17] creating session
[2026-05-23 12:02:18] session ready providers=OpenVINOExecutionProvider | CPUExecutionProvider
[2026-05-23 12:02:18] preparing inputs
[2026-05-23 12:02:20] inputs ready
[2026-05-23 12:02:20] warmup start
[2026-05-23 12:02:21] warmup done
[2026-05-23 12:02:21] benchmark iterations start
[2026-05-23 12:02:25] iteration 25/100 elapsed_s=4.2
[2026-05-23 12:02:30] iteration 50/100 elapsed_s=8.5
[2026-05-23 12:02:34] iteration 75/100 elapsed_s=12.8
[2026-05-23 12:02:38] iteration 100/100 elapsed_s=17.1
[2026-05-23 12:02:38] benchmark iterations done
[2026-05-23 12:02:38] mode complete mode=baseline mean_ms=170.829 std_ms=8.733 p95_ms=184.412
[2026-05-23 12:02:38] start mode=optimized model=SGC_int8.onnx device=CPU warmup=5 iters=100
[2026-05-23 12:02:38] creating session
[2026-05-23 12:02:39] session ready providers=OpenVINOExecutionProvider | CPUExecutionProvider
[2026-05-23 12:02:39] preparing inputs
[2026-05-23 12:02:41] inputs ready
[2026-05-23 12:02:41] warmup start
[2026-05-23 12:02:42] warmup done
[2026-05-23 12:02:42] benchmark iterations start
[2026-05-23 12:02:47] iteration 25/100 elapsed_s=4.3
[2026-05-23 12:02:51] iteration 50/100 elapsed_s=8.6
[2026-05-23 12:02:55] iteration 75/100 elapsed_s=12.9
[2026-05-23 12:02:59] iteration 100/100 elapsed_s=17.2
[2026-05-23 12:02:59] benchmark iterations done
[2026-05-23 12:02:59] mode complete mode=optimized mean_ms=171.812 std_ms=6.996 p95_ms=181.530
