[2026-05-23 15:27:45] start mode=baseline model=GraphSAGE_int8.onnx device=NPU warmup=5 iters=100
[2026-05-23 15:27:45] creating session
[2026-05-23 15:27:45] session ready providers=OpenVINOExecutionProvider | CPUExecutionProvider
[2026-05-23 15:27:45] preparing inputs
[2026-05-23 15:27:45] inputs ready
[2026-05-23 15:27:45] warmup start
[2026-05-23 15:27:46] warmup done
[2026-05-23 15:27:46] benchmark iterations start
[2026-05-23 15:27:46] iteration 25/100 elapsed_s=0.4
[2026-05-23 15:27:46] iteration 50/100 elapsed_s=0.9
[2026-05-23 15:27:47] iteration 75/100 elapsed_s=1.3
[2026-05-23 15:27:47] iteration 100/100 elapsed_s=1.7
[2026-05-23 15:27:47] benchmark iterations done
[2026-05-23 15:27:47] mode complete mode=baseline mean_ms=16.719 std_ms=1.422 p95_ms=18.771
[2026-05-23 15:27:48] start mode=optimized model=GraphSAGE_int8.onnx device=NPU warmup=5 iters=100
[2026-05-23 15:27:48] creating session
[2026-05-23 15:27:48] session ready providers=OpenVINOExecutionProvider | CPUExecutionProvider
[2026-05-23 15:27:48] preparing inputs
[2026-05-23 15:27:48] inputs ready
[2026-05-23 15:27:48] warmup start
[2026-05-23 15:27:48] warmup done
[2026-05-23 15:27:48] benchmark iterations start
[2026-05-23 15:27:49] iteration 25/100 elapsed_s=0.4
[2026-05-23 15:27:49] iteration 50/100 elapsed_s=0.8
[2026-05-23 15:27:50] iteration 75/100 elapsed_s=1.2
[2026-05-23 15:27:50] iteration 100/100 elapsed_s=1.5
[2026-05-23 15:27:50] benchmark iterations done
[2026-05-23 15:27:50] mode complete mode=optimized mean_ms=15.409 std_ms=0.836 p95_ms=17.020
[2026-05-23 15:38:56] start mode=baseline model=GraphSAGE_int8.onnx device=GPU warmup=5 iters=100
[2026-05-23 15:38:56] creating session
[2026-05-23 15:38:58] session ready providers=OpenVINOExecutionProvider | CPUExecutionProvider
[2026-05-23 15:38:58] preparing inputs
[2026-05-23 15:38:58] inputs ready
[2026-05-23 15:38:58] warmup start
[2026-05-23 15:38:58] warmup done
[2026-05-23 15:38:58] benchmark iterations start
[2026-05-23 15:38:58] iteration 25/100 elapsed_s=0.2
[2026-05-23 15:38:58] iteration 50/100 elapsed_s=0.4
[2026-05-23 15:38:58] iteration 75/100 elapsed_s=0.5
[2026-05-23 15:38:58] iteration 100/100 elapsed_s=0.7
[2026-05-23 15:38:58] benchmark iterations done
[2026-05-23 15:38:58] mode complete mode=baseline mean_ms=7.164 std_ms=0.559 p95_ms=8.052
[2026-05-23 15:38:59] start mode=optimized model=GraphSAGE_int8.onnx device=GPU warmup=5 iters=100
[2026-05-23 15:38:59] creating session
[2026-05-23 15:39:00] session ready providers=OpenVINOExecutionProvider | CPUExecutionProvider
[2026-05-23 15:39:00] preparing inputs
[2026-05-23 15:39:00] inputs ready
[2026-05-23 15:39:00] warmup start
[2026-05-23 15:39:00] warmup done
[2026-05-23 15:39:00] benchmark iterations start
[2026-05-23 15:39:01] iteration 25/100 elapsed_s=0.2
[2026-05-23 15:39:01] iteration 50/100 elapsed_s=0.4
[2026-05-23 15:39:01] iteration 75/100 elapsed_s=0.6
[2026-05-23 15:39:01] iteration 100/100 elapsed_s=0.7
[2026-05-23 15:39:01] benchmark iterations done
[2026-05-23 15:39:01] mode complete mode=optimized mean_ms=7.327 std_ms=0.557 p95_ms=8.114
[2026-05-23 15:46:32] start mode=baseline model=GraphSAGE_int8.onnx device=CPU warmup=5 iters=100
[2026-05-23 15:46:32] creating session
[2026-05-23 15:46:32] session ready providers=OpenVINOExecutionProvider | CPUExecutionProvider
[2026-05-23 15:46:32] preparing inputs
[2026-05-23 15:46:32] inputs ready
[2026-05-23 15:46:32] warmup start
[2026-05-23 15:46:32] warmup done
[2026-05-23 15:46:32] benchmark iterations start
[2026-05-23 15:46:33] iteration 25/100 elapsed_s=0.4
[2026-05-23 15:46:33] iteration 50/100 elapsed_s=0.8
[2026-05-23 15:46:34] iteration 75/100 elapsed_s=1.2
[2026-05-23 15:46:34] iteration 100/100 elapsed_s=1.6
[2026-05-23 15:46:34] benchmark iterations done
[2026-05-23 15:46:34] mode complete mode=baseline mean_ms=15.744 std_ms=1.314 p95_ms=17.223
[2026-05-23 15:46:34] start mode=optimized model=GraphSAGE_int8.onnx device=CPU warmup=5 iters=100
[2026-05-23 15:46:34] creating session
[2026-05-23 15:46:35] session ready providers=OpenVINOExecutionProvider | CPUExecutionProvider
[2026-05-23 15:46:35] preparing inputs
[2026-05-23 15:46:35] inputs ready
[2026-05-23 15:46:35] warmup start
[2026-05-23 15:46:35] warmup done
[2026-05-23 15:46:35] benchmark iterations start
[2026-05-23 15:46:36] iteration 25/100 elapsed_s=0.4
[2026-05-23 15:46:36] iteration 50/100 elapsed_s=0.8
[2026-05-23 15:46:36] iteration 75/100 elapsed_s=1.2
[2026-05-23 15:46:37] iteration 100/100 elapsed_s=1.6
[2026-05-23 15:46:37] benchmark iterations done
[2026-05-23 15:46:37] mode complete mode=optimized mean_ms=15.712 std_ms=1.021 p95_ms=17.475
