[2026-05-23 14:43:42] start mode=baseline model=GAT_fp32.onnx device=NPU warmup=5 iters=100
[2026-05-23 14:43:42] creating session
[2026-05-23 14:43:43] session ready providers=OpenVINOExecutionProvider | CPUExecutionProvider
[2026-05-23 14:43:43] preparing inputs
[2026-05-23 14:43:43] inputs ready
[2026-05-23 14:43:43] warmup start
[2026-05-23 14:43:43] warmup done
[2026-05-23 14:43:43] benchmark iterations start
[2026-05-23 14:43:44] iteration 25/100 elapsed_s=0.8
[2026-05-23 14:43:45] iteration 50/100 elapsed_s=1.7
[2026-05-23 14:43:46] iteration 75/100 elapsed_s=2.6
[2026-05-23 14:43:47] iteration 100/100 elapsed_s=3.4
[2026-05-23 14:43:47] benchmark iterations done
[2026-05-23 14:43:47] mode complete mode=baseline mean_ms=34.241 std_ms=4.012 p95_ms=36.778
[2026-05-23 14:43:47] start mode=optimized model=GAT_fp32.onnx device=NPU warmup=5 iters=100
[2026-05-23 14:43:47] creating session
[2026-05-23 14:43:47] session ready providers=OpenVINOExecutionProvider | CPUExecutionProvider
[2026-05-23 14:43:47] preparing inputs
[2026-05-23 14:43:48] inputs ready
[2026-05-23 14:43:48] warmup start
[2026-05-23 14:43:48] warmup done
[2026-05-23 14:43:48] benchmark iterations start
[2026-05-23 14:43:49] iteration 25/100 elapsed_s=0.8
[2026-05-23 14:43:50] iteration 50/100 elapsed_s=1.7
[2026-05-23 14:43:50] iteration 75/100 elapsed_s=2.5
[2026-05-23 14:43:51] iteration 100/100 elapsed_s=3.4
[2026-05-23 14:43:51] benchmark iterations done
[2026-05-23 14:43:51] mode complete mode=optimized mean_ms=33.689 std_ms=1.223 p95_ms=36.066
[2026-05-23 14:47:43] start mode=baseline model=GAT_fp32.onnx device=GPU warmup=5 iters=100
[2026-05-23 14:47:43] creating session
[2026-05-23 14:47:45] session ready providers=OpenVINOExecutionProvider | CPUExecutionProvider
[2026-05-23 14:47:45] preparing inputs
[2026-05-23 14:47:45] inputs ready
[2026-05-23 14:47:45] warmup start
[2026-05-23 14:47:45] warmup done
[2026-05-23 14:47:45] benchmark iterations start
[2026-05-23 14:47:46] iteration 25/100 elapsed_s=0.6
[2026-05-23 14:47:46] iteration 50/100 elapsed_s=1.1
[2026-05-23 14:47:47] iteration 75/100 elapsed_s=1.7
[2026-05-23 14:47:47] iteration 100/100 elapsed_s=2.2
[2026-05-23 14:47:47] benchmark iterations done
[2026-05-23 14:47:47] mode complete mode=baseline mean_ms=22.454 std_ms=1.077 p95_ms=24.375
[2026-05-23 14:47:48] start mode=optimized model=GAT_fp32.onnx device=GPU warmup=5 iters=100
[2026-05-23 14:47:48] creating session
[2026-05-23 14:47:49] session ready providers=OpenVINOExecutionProvider | CPUExecutionProvider
[2026-05-23 14:47:49] preparing inputs
[2026-05-23 14:47:49] inputs ready
[2026-05-23 14:47:49] warmup start
[2026-05-23 14:47:50] warmup done
[2026-05-23 14:47:50] benchmark iterations start
[2026-05-23 14:47:50] iteration 25/100 elapsed_s=0.6
[2026-05-23 14:47:51] iteration 50/100 elapsed_s=1.1
[2026-05-23 14:47:51] iteration 75/100 elapsed_s=1.7
[2026-05-23 14:47:52] iteration 100/100 elapsed_s=2.2
[2026-05-23 14:47:52] benchmark iterations done
[2026-05-23 14:47:52] mode complete mode=optimized mean_ms=22.193 std_ms=0.925 p95_ms=23.764
[2026-05-23 14:50:54] start mode=baseline model=GAT_fp32.onnx device=CPU warmup=5 iters=100
[2026-05-23 14:50:54] creating session
[2026-05-23 14:50:54] session ready providers=OpenVINOExecutionProvider | CPUExecutionProvider
[2026-05-23 14:50:54] preparing inputs
[2026-05-23 14:50:54] inputs ready
[2026-05-23 14:50:54] warmup start
[2026-05-23 14:50:55] warmup done
[2026-05-23 14:50:55] benchmark iterations start
[2026-05-23 14:50:55] iteration 25/100 elapsed_s=0.8
[2026-05-23 14:50:56] iteration 50/100 elapsed_s=1.6
[2026-05-23 14:50:57] iteration 75/100 elapsed_s=2.5
[2026-05-23 14:50:58] iteration 100/100 elapsed_s=3.3
[2026-05-23 14:50:58] benchmark iterations done
[2026-05-23 14:50:58] mode complete mode=baseline mean_ms=32.982 std_ms=1.112 p95_ms=34.646
[2026-05-23 14:50:58] start mode=optimized model=GAT_fp32.onnx device=CPU warmup=5 iters=100
[2026-05-23 14:50:58] creating session
[2026-05-23 14:50:59] session ready providers=OpenVINOExecutionProvider | CPUExecutionProvider
[2026-05-23 14:50:59] preparing inputs
[2026-05-23 14:50:59] inputs ready
[2026-05-23 14:50:59] warmup start
[2026-05-23 14:50:59] warmup done
[2026-05-23 14:50:59] benchmark iterations start
[2026-05-23 14:51:00] iteration 25/100 elapsed_s=0.8
[2026-05-23 14:51:01] iteration 50/100 elapsed_s=1.6
[2026-05-23 14:51:02] iteration 75/100 elapsed_s=2.5
[2026-05-23 14:51:02] iteration 100/100 elapsed_s=3.3
[2026-05-23 14:51:02] benchmark iterations done
[2026-05-23 14:51:02] mode complete mode=optimized mean_ms=33.320 std_ms=3.182 p95_ms=35.773
