[2026-05-23 10:20:46] start mode=baseline model=APPNP_fp32.onnx device=NPU warmup=5 iters=100
[2026-05-23 10:20:46] creating session
[2026-05-23 10:20:46] session ready providers=OpenVINOExecutionProvider | CPUExecutionProvider
[2026-05-23 10:20:46] preparing inputs
[2026-05-23 10:20:46] inputs ready
[2026-05-23 10:20:46] warmup start
[2026-05-23 10:20:46] warmup done
[2026-05-23 10:20:46] benchmark iterations start
[2026-05-23 10:20:47] iteration 25/100 elapsed_s=0.3
[2026-05-23 10:20:47] iteration 50/100 elapsed_s=0.6
[2026-05-23 10:20:47] iteration 75/100 elapsed_s=0.8
[2026-05-23 10:20:47] iteration 100/100 elapsed_s=1.1
[2026-05-23 10:20:47] benchmark iterations done
[2026-05-23 10:20:47] mode complete mode=baseline mean_ms=10.730 std_ms=1.406 p95_ms=14.055
[2026-05-23 10:20:48] start mode=optimized model=APPNP_fp32.onnx device=NPU warmup=5 iters=100
[2026-05-23 10:20:48] creating session
[2026-05-23 10:20:48] session ready providers=OpenVINOExecutionProvider | CPUExecutionProvider
[2026-05-23 10:20:48] preparing inputs
[2026-05-23 10:20:48] inputs ready
[2026-05-23 10:20:48] warmup start
[2026-05-23 10:20:48] warmup done
[2026-05-23 10:20:48] benchmark iterations start
[2026-05-23 10:20:49] iteration 25/100 elapsed_s=0.3
[2026-05-23 10:20:49] iteration 50/100 elapsed_s=0.6
[2026-05-23 10:20:49] iteration 75/100 elapsed_s=0.8
[2026-05-23 10:20:50] iteration 100/100 elapsed_s=1.1
[2026-05-23 10:20:50] benchmark iterations done
[2026-05-23 10:20:50] mode complete mode=optimized mean_ms=11.057 std_ms=1.201 p95_ms=12.685
[2026-05-23 10:21:26] start mode=baseline model=APPNP_fp32.onnx device=NPU warmup=5 iters=100
[2026-05-23 10:21:26] creating session
[2026-05-23 10:21:26] session ready providers=OpenVINOExecutionProvider | CPUExecutionProvider
[2026-05-23 10:21:26] preparing inputs
[2026-05-23 10:21:28] inputs ready
[2026-05-23 10:21:28] warmup start
[2026-05-23 10:21:28] warmup done
[2026-05-23 10:21:28] benchmark iterations start
[2026-05-23 10:21:28] iteration 25/100 elapsed_s=0.3
[2026-05-23 10:21:29] iteration 50/100 elapsed_s=0.6
[2026-05-23 10:21:29] iteration 75/100 elapsed_s=0.9
[2026-05-23 10:21:29] iteration 100/100 elapsed_s=1.3
[2026-05-23 10:21:29] benchmark iterations done
[2026-05-23 10:21:29] mode complete mode=baseline mean_ms=12.682 std_ms=0.970 p95_ms=14.257
[2026-05-23 10:21:30] start mode=optimized model=APPNP_fp32.onnx device=NPU warmup=5 iters=100
[2026-05-23 10:21:30] creating session
[2026-05-23 10:21:30] session ready providers=OpenVINOExecutionProvider | CPUExecutionProvider
[2026-05-23 10:21:30] preparing inputs
[2026-05-23 10:21:32] inputs ready
[2026-05-23 10:21:32] warmup start
[2026-05-23 10:21:32] warmup done
[2026-05-23 10:21:32] benchmark iterations start
[2026-05-23 10:21:32] iteration 25/100 elapsed_s=0.3
[2026-05-23 10:21:33] iteration 50/100 elapsed_s=0.6
[2026-05-23 10:21:33] iteration 75/100 elapsed_s=0.9
[2026-05-23 10:21:33] iteration 100/100 elapsed_s=1.2
[2026-05-23 10:21:33] benchmark iterations done
[2026-05-23 10:21:33] mode complete mode=optimized mean_ms=12.372 std_ms=1.231 p95_ms=14.567
[2026-05-23 10:22:25] start mode=baseline model=APPNP_fp32.onnx device=NPU warmup=5 iters=100
[2026-05-23 10:22:25] creating session
[2026-05-23 10:22:26] session ready providers=OpenVINOExecutionProvider | CPUExecutionProvider
[2026-05-23 10:22:26] preparing inputs
[2026-05-23 10:22:28] inputs ready
[2026-05-23 10:22:28] warmup start
[2026-05-23 10:22:28] warmup done
[2026-05-23 10:22:28] benchmark iterations start
[2026-05-23 10:22:28] iteration 25/100 elapsed_s=0.3
[2026-05-23 10:22:29] iteration 50/100 elapsed_s=0.6
[2026-05-23 10:22:29] iteration 75/100 elapsed_s=0.9
[2026-05-23 10:22:29] iteration 100/100 elapsed_s=1.2
[2026-05-23 10:22:29] benchmark iterations done
[2026-05-23 10:22:29] mode complete mode=baseline mean_ms=12.192 std_ms=1.821 p95_ms=15.151
[2026-05-23 10:22:30] start mode=optimized model=APPNP_fp32.onnx device=NPU warmup=5 iters=100
[2026-05-23 10:22:30] creating session
[2026-05-23 10:22:30] session ready providers=OpenVINOExecutionProvider | CPUExecutionProvider
[2026-05-23 10:22:30] preparing inputs
[2026-05-23 10:22:32] inputs ready
[2026-05-23 10:22:32] warmup start
[2026-05-23 10:22:32] warmup done
[2026-05-23 10:22:32] benchmark iterations start
[2026-05-23 10:22:33] iteration 25/100 elapsed_s=0.3
[2026-05-23 10:22:33] iteration 50/100 elapsed_s=0.6
[2026-05-23 10:22:33] iteration 75/100 elapsed_s=0.9
[2026-05-23 10:22:34] iteration 100/100 elapsed_s=1.2
[2026-05-23 10:22:34] benchmark iterations done
[2026-05-23 10:22:34] mode complete mode=optimized mean_ms=11.603 std_ms=1.017 p95_ms=13.174
[2026-05-23 10:23:21] start mode=baseline model=APPNP_fp32.onnx device=GPU warmup=5 iters=100
[2026-05-23 10:23:21] creating session
[2026-05-23 10:23:22] session ready providers=OpenVINOExecutionProvider | CPUExecutionProvider
[2026-05-23 10:23:22] preparing inputs
[2026-05-23 10:23:22] inputs ready
[2026-05-23 10:23:22] warmup start
[2026-05-23 10:23:22] warmup done
[2026-05-23 10:23:22] benchmark iterations start
[2026-05-23 10:23:23] iteration 25/100 elapsed_s=0.2
[2026-05-23 10:23:23] iteration 50/100 elapsed_s=0.4
[2026-05-23 10:23:23] iteration 75/100 elapsed_s=0.6
[2026-05-23 10:23:23] iteration 100/100 elapsed_s=0.8
[2026-05-23 10:23:23] benchmark iterations done
[2026-05-23 10:23:23] mode complete mode=baseline mean_ms=8.242 std_ms=0.896 p95_ms=10.053
[2026-05-23 10:23:24] start mode=optimized model=APPNP_fp32.onnx device=GPU warmup=5 iters=100
[2026-05-23 10:23:24] creating session
[2026-05-23 10:23:25] session ready providers=OpenVINOExecutionProvider | CPUExecutionProvider
[2026-05-23 10:23:25] preparing inputs
[2026-05-23 10:23:25] inputs ready
[2026-05-23 10:23:25] warmup start
[2026-05-23 10:23:25] warmup done
[2026-05-23 10:23:25] benchmark iterations start
[2026-05-23 10:23:25] iteration 25/100 elapsed_s=0.2
[2026-05-23 10:23:26] iteration 50/100 elapsed_s=0.4
[2026-05-23 10:23:26] iteration 75/100 elapsed_s=0.6
[2026-05-23 10:23:26] iteration 100/100 elapsed_s=0.8
[2026-05-23 10:23:26] benchmark iterations done
[2026-05-23 10:23:26] mode complete mode=optimized mean_ms=8.069 std_ms=0.772 p95_ms=9.322
[2026-05-23 10:24:14] start mode=baseline model=APPNP_fp32.onnx device=GPU warmup=5 iters=100
[2026-05-23 10:24:14] creating session
[2026-05-23 10:24:16] session ready providers=OpenVINOExecutionProvider | CPUExecutionProvider
[2026-05-23 10:24:16] preparing inputs
[2026-05-23 10:24:18] inputs ready
[2026-05-23 10:24:18] warmup start
[2026-05-23 10:24:18] warmup done
[2026-05-23 10:24:18] benchmark iterations start
[2026-05-23 10:24:18] iteration 25/100 elapsed_s=0.2
[2026-05-23 10:24:18] iteration 50/100 elapsed_s=0.4
[2026-05-23 10:24:18] iteration 75/100 elapsed_s=0.6
[2026-05-23 10:24:18] iteration 100/100 elapsed_s=0.8
[2026-05-23 10:24:18] benchmark iterations done
[2026-05-23 10:24:19] mode complete mode=baseline mean_ms=8.189 std_ms=0.750 p95_ms=9.122
[2026-05-23 10:24:19] start mode=optimized model=APPNP_fp32.onnx device=GPU warmup=5 iters=100
[2026-05-23 10:24:19] creating session
[2026-05-23 10:24:20] session ready providers=OpenVINOExecutionProvider | CPUExecutionProvider
[2026-05-23 10:24:20] preparing inputs
[2026-05-23 10:24:22] inputs ready
[2026-05-23 10:24:22] warmup start
[2026-05-23 10:24:22] warmup done
[2026-05-23 10:24:22] benchmark iterations start
[2026-05-23 10:24:22] iteration 25/100 elapsed_s=0.2
[2026-05-23 10:24:23] iteration 50/100 elapsed_s=0.4
[2026-05-23 10:24:23] iteration 75/100 elapsed_s=0.6
[2026-05-23 10:24:23] iteration 100/100 elapsed_s=0.8
[2026-05-23 10:24:23] benchmark iterations done
[2026-05-23 10:24:23] mode complete mode=optimized mean_ms=8.344 std_ms=0.671 p95_ms=9.534
[2026-05-23 10:25:13] start mode=baseline model=APPNP_fp32.onnx device=GPU warmup=5 iters=100
[2026-05-23 10:25:13] creating session
[2026-05-23 10:25:14] session ready providers=OpenVINOExecutionProvider | CPUExecutionProvider
[2026-05-23 10:25:14] preparing inputs
[2026-05-23 10:25:17] inputs ready
[2026-05-23 10:25:17] warmup start
[2026-05-23 10:25:17] warmup done
[2026-05-23 10:25:17] benchmark iterations start
[2026-05-23 10:25:17] iteration 25/100 elapsed_s=0.2
[2026-05-23 10:25:17] iteration 50/100 elapsed_s=0.4
[2026-05-23 10:25:17] iteration 75/100 elapsed_s=0.6
[2026-05-23 10:25:17] iteration 100/100 elapsed_s=0.8
[2026-05-23 10:25:17] benchmark iterations done
[2026-05-23 10:25:17] mode complete mode=baseline mean_ms=7.514 std_ms=0.646 p95_ms=8.517
[2026-05-23 10:25:18] start mode=optimized model=APPNP_fp32.onnx device=GPU warmup=5 iters=100
[2026-05-23 10:25:18] creating session
[2026-05-23 10:25:19] session ready providers=OpenVINOExecutionProvider | CPUExecutionProvider
[2026-05-23 10:25:19] preparing inputs
[2026-05-23 10:25:21] inputs ready
[2026-05-23 10:25:21] warmup start
[2026-05-23 10:25:21] warmup done
[2026-05-23 10:25:21] benchmark iterations start
[2026-05-23 10:25:22] iteration 25/100 elapsed_s=0.2
[2026-05-23 10:25:22] iteration 50/100 elapsed_s=0.4
[2026-05-23 10:25:22] iteration 75/100 elapsed_s=0.6
[2026-05-23 10:25:22] iteration 100/100 elapsed_s=0.8
[2026-05-23 10:25:22] benchmark iterations done
[2026-05-23 10:25:22] mode complete mode=optimized mean_ms=8.015 std_ms=0.780 p95_ms=9.270
[2026-05-23 10:26:11] start mode=baseline model=APPNP_fp32.onnx device=CPU warmup=5 iters=100
[2026-05-23 10:26:11] creating session
[2026-05-23 10:26:11] session ready providers=OpenVINOExecutionProvider | CPUExecutionProvider
[2026-05-23 10:26:11] preparing inputs
[2026-05-23 10:26:12] inputs ready
[2026-05-23 10:26:12] warmup start
[2026-05-23 10:26:12] warmup done
[2026-05-23 10:26:12] benchmark iterations start
[2026-05-23 10:26:12] iteration 25/100 elapsed_s=0.3
[2026-05-23 10:26:12] iteration 50/100 elapsed_s=0.6
[2026-05-23 10:26:13] iteration 75/100 elapsed_s=0.9
[2026-05-23 10:26:13] iteration 100/100 elapsed_s=1.1
[2026-05-23 10:26:13] benchmark iterations done
[2026-05-23 10:26:13] mode complete mode=baseline mean_ms=11.426 std_ms=1.404 p95_ms=13.993
[2026-05-23 10:26:13] start mode=optimized model=APPNP_fp32.onnx device=CPU warmup=5 iters=100
[2026-05-23 10:26:13] creating session
[2026-05-23 10:26:14] session ready providers=OpenVINOExecutionProvider | CPUExecutionProvider
[2026-05-23 10:26:14] preparing inputs
[2026-05-23 10:26:14] inputs ready
[2026-05-23 10:26:14] warmup start
[2026-05-23 10:26:14] warmup done
[2026-05-23 10:26:14] benchmark iterations start
[2026-05-23 10:26:14] iteration 25/100 elapsed_s=0.3
[2026-05-23 10:26:15] iteration 50/100 elapsed_s=0.6
[2026-05-23 10:26:15] iteration 75/100 elapsed_s=0.9
[2026-05-23 10:26:15] iteration 100/100 elapsed_s=1.1
[2026-05-23 10:26:15] benchmark iterations done
[2026-05-23 10:26:15] mode complete mode=optimized mean_ms=11.195 std_ms=1.839 p95_ms=14.201
[2026-05-23 10:26:46] start mode=baseline model=APPNP_fp32.onnx device=CPU warmup=5 iters=100
[2026-05-23 10:26:46] creating session
[2026-05-23 10:26:46] session ready providers=OpenVINOExecutionProvider | CPUExecutionProvider
[2026-05-23 10:26:46] preparing inputs
[2026-05-23 10:26:48] inputs ready
[2026-05-23 10:26:48] warmup start
[2026-05-23 10:26:48] warmup done
[2026-05-23 10:26:48] benchmark iterations start
[2026-05-23 10:26:49] iteration 25/100 elapsed_s=0.3
[2026-05-23 10:26:49] iteration 50/100 elapsed_s=0.6
[2026-05-23 10:26:49] iteration 75/100 elapsed_s=0.9
[2026-05-23 10:26:49] iteration 100/100 elapsed_s=1.3
[2026-05-23 10:26:50] benchmark iterations done
[2026-05-23 10:26:50] mode complete mode=baseline mean_ms=12.488 std_ms=0.988 p95_ms=14.037
[2026-05-23 10:26:50] start mode=optimized model=APPNP_fp32.onnx device=CPU warmup=5 iters=100
[2026-05-23 10:26:50] creating session
[2026-05-23 10:26:50] session ready providers=OpenVINOExecutionProvider | CPUExecutionProvider
[2026-05-23 10:26:50] preparing inputs
[2026-05-23 10:26:52] inputs ready
[2026-05-23 10:26:52] warmup start
[2026-05-23 10:26:52] warmup done
[2026-05-23 10:26:52] benchmark iterations start
[2026-05-23 10:26:52] iteration 25/100 elapsed_s=0.3
[2026-05-23 10:26:53] iteration 50/100 elapsed_s=0.6
[2026-05-23 10:26:53] iteration 75/100 elapsed_s=0.9
[2026-05-23 10:26:53] iteration 100/100 elapsed_s=1.3
[2026-05-23 10:26:53] benchmark iterations done
[2026-05-23 10:26:53] mode complete mode=optimized mean_ms=12.634 std_ms=1.464 p95_ms=15.718
[2026-05-23 10:27:38] start mode=baseline model=APPNP_fp32.onnx device=CPU warmup=5 iters=100
[2026-05-23 10:27:38] creating session
[2026-05-23 10:27:38] session ready providers=OpenVINOExecutionProvider | CPUExecutionProvider
[2026-05-23 10:27:38] preparing inputs
[2026-05-23 10:27:40] inputs ready
[2026-05-23 10:27:40] warmup start
[2026-05-23 10:27:40] warmup done
[2026-05-23 10:27:40] benchmark iterations start
[2026-05-23 10:27:41] iteration 25/100 elapsed_s=0.3
[2026-05-23 10:27:41] iteration 50/100 elapsed_s=0.6
[2026-05-23 10:27:41] iteration 75/100 elapsed_s=0.9
[2026-05-23 10:27:41] iteration 100/100 elapsed_s=1.1
[2026-05-23 10:27:41] benchmark iterations done
[2026-05-23 10:27:42] mode complete mode=baseline mean_ms=11.199 std_ms=0.948 p95_ms=12.930
[2026-05-23 10:27:42] start mode=optimized model=APPNP_fp32.onnx device=CPU warmup=5 iters=100
[2026-05-23 10:27:42] creating session
[2026-05-23 10:27:42] session ready providers=OpenVINOExecutionProvider | CPUExecutionProvider
[2026-05-23 10:27:42] preparing inputs
[2026-05-23 10:27:44] inputs ready
[2026-05-23 10:27:44] warmup start
[2026-05-23 10:27:45] warmup done
[2026-05-23 10:27:45] benchmark iterations start
[2026-05-23 10:27:45] iteration 25/100 elapsed_s=0.3
[2026-05-23 10:27:45] iteration 50/100 elapsed_s=0.6
[2026-05-23 10:27:45] iteration 75/100 elapsed_s=0.9
[2026-05-23 10:27:46] iteration 100/100 elapsed_s=1.2
[2026-05-23 10:27:46] benchmark iterations done
[2026-05-23 10:27:46] mode complete mode=optimized mean_ms=11.816 std_ms=1.473 p95_ms=14.906
