[2026-05-23 14:53:05] start mode=baseline model=GCN_fp32.onnx device=NPU warmup=5 iters=100
[2026-05-23 14:53:05] creating session
[2026-05-23 14:53:06] session ready providers=OpenVINOExecutionProvider | CPUExecutionProvider
[2026-05-23 14:53:06] preparing inputs
[2026-05-23 14:53:06] inputs ready
[2026-05-23 14:53:06] warmup start
[2026-05-23 14:53:06] warmup done
[2026-05-23 14:53:06] benchmark iterations start
[2026-05-23 14:53:06] iteration 25/100 elapsed_s=0.1
[2026-05-23 14:53:06] iteration 50/100 elapsed_s=0.3
[2026-05-23 14:53:07] iteration 75/100 elapsed_s=0.4
[2026-05-23 14:53:07] iteration 100/100 elapsed_s=0.5
[2026-05-23 14:53:07] benchmark iterations done
[2026-05-23 14:53:07] mode complete mode=baseline mean_ms=4.957 std_ms=0.902 p95_ms=6.822
[2026-05-23 14:53:07] start mode=optimized model=GCN_fp32.onnx device=NPU warmup=5 iters=100
[2026-05-23 14:53:07] creating session
[2026-05-23 14:53:07] session ready providers=OpenVINOExecutionProvider | CPUExecutionProvider
[2026-05-23 14:53:07] preparing inputs
[2026-05-23 14:53:08] inputs ready
[2026-05-23 14:53:08] warmup start
[2026-05-23 14:53:08] warmup done
[2026-05-23 14:53:08] benchmark iterations start
[2026-05-23 14:53:08] iteration 25/100 elapsed_s=0.1
[2026-05-23 14:53:08] iteration 50/100 elapsed_s=0.3
[2026-05-23 14:53:08] iteration 75/100 elapsed_s=0.4
[2026-05-23 14:53:08] iteration 100/100 elapsed_s=0.5
[2026-05-23 14:53:08] benchmark iterations done
[2026-05-23 14:53:08] mode complete mode=optimized mean_ms=4.784 std_ms=0.931 p95_ms=6.574
[2026-05-23 14:56:43] start mode=baseline model=GCN_fp32.onnx device=CPU warmup=5 iters=100
[2026-05-23 14:56:43] creating session
[2026-05-23 14:56:43] session ready providers=OpenVINOExecutionProvider | CPUExecutionProvider
[2026-05-23 14:56:43] preparing inputs
[2026-05-23 14:56:43] inputs ready
[2026-05-23 14:56:43] warmup start
[2026-05-23 14:56:43] warmup done
[2026-05-23 14:56:43] benchmark iterations start
[2026-05-23 14:56:44] iteration 25/100 elapsed_s=0.2
[2026-05-23 14:56:44] iteration 50/100 elapsed_s=0.3
[2026-05-23 14:56:44] iteration 75/100 elapsed_s=0.4
[2026-05-23 14:56:44] iteration 100/100 elapsed_s=0.5
[2026-05-23 14:56:44] benchmark iterations done
[2026-05-23 14:56:44] mode complete mode=baseline mean_ms=4.791 std_ms=1.004 p95_ms=6.485
[2026-05-23 14:56:44] start mode=optimized model=GCN_fp32.onnx device=CPU warmup=5 iters=100
[2026-05-23 14:56:44] creating session
[2026-05-23 14:56:44] session ready providers=OpenVINOExecutionProvider | CPUExecutionProvider
[2026-05-23 14:56:44] preparing inputs
[2026-05-23 14:56:45] inputs ready
[2026-05-23 14:56:45] warmup start
[2026-05-23 14:56:45] warmup done
[2026-05-23 14:56:45] benchmark iterations start
[2026-05-23 14:56:45] iteration 25/100 elapsed_s=0.1
[2026-05-23 14:56:45] iteration 50/100 elapsed_s=0.3
[2026-05-23 14:56:45] iteration 75/100 elapsed_s=0.4
[2026-05-23 14:56:45] iteration 100/100 elapsed_s=0.5
[2026-05-23 14:56:45] benchmark iterations done
[2026-05-23 14:56:45] mode complete mode=optimized mean_ms=4.776 std_ms=0.817 p95_ms=6.492
