[2026-05-23 14:52:49] start mode=baseline model=GCN_int8.onnx device=NPU warmup=5 iters=100
[2026-05-23 14:52:49] creating session
[2026-05-23 14:52:49] session ready providers=OpenVINOExecutionProvider | CPUExecutionProvider
[2026-05-23 14:52:49] preparing inputs
[2026-05-23 14:52:50] inputs ready
[2026-05-23 14:52:50] warmup start
[2026-05-23 14:52:50] warmup done
[2026-05-23 14:52:50] benchmark iterations start
[2026-05-23 14:52:50] iteration 25/100 elapsed_s=0.1
[2026-05-23 14:52:50] iteration 50/100 elapsed_s=0.2
[2026-05-23 14:52:50] iteration 75/100 elapsed_s=0.3
[2026-05-23 14:52:50] iteration 100/100 elapsed_s=0.3
[2026-05-23 14:52:50] benchmark iterations done
[2026-05-23 14:52:50] mode complete mode=baseline mean_ms=3.205 std_ms=0.984 p95_ms=5.407
[2026-05-23 14:52:50] start mode=optimized model=GCN_int8.onnx device=NPU warmup=5 iters=100
[2026-05-23 14:52:50] creating session
[2026-05-23 14:52:51] session ready providers=OpenVINOExecutionProvider | CPUExecutionProvider
[2026-05-23 14:52:51] preparing inputs
[2026-05-23 14:52:51] inputs ready
[2026-05-23 14:52:51] warmup start
[2026-05-23 14:52:51] warmup done
[2026-05-23 14:52:51] benchmark iterations start
[2026-05-23 14:52:51] iteration 25/100 elapsed_s=0.1
[2026-05-23 14:52:51] iteration 50/100 elapsed_s=0.2
[2026-05-23 14:52:51] iteration 75/100 elapsed_s=0.3
[2026-05-23 14:52:51] iteration 100/100 elapsed_s=0.3
[2026-05-23 14:52:51] benchmark iterations done
[2026-05-23 14:52:51] mode complete mode=optimized mean_ms=3.462 std_ms=5.125 p95_ms=4.406
[2026-05-23 14:55:45] start mode=baseline model=GCN_int8.onnx device=GPU warmup=5 iters=100
[2026-05-23 14:55:45] creating session
[2026-05-23 14:55:52] session ready providers=OpenVINOExecutionProvider | CPUExecutionProvider
[2026-05-23 14:55:52] preparing inputs
[2026-05-23 14:55:52] inputs ready
[2026-05-23 14:55:52] warmup start
[2026-05-23 14:55:52] warmup done
[2026-05-23 14:55:52] benchmark iterations start
[2026-05-23 14:55:52] iteration 25/100 elapsed_s=0.1
[2026-05-23 14:55:53] iteration 50/100 elapsed_s=0.1
[2026-05-23 14:55:53] iteration 75/100 elapsed_s=0.2
[2026-05-23 14:55:53] iteration 100/100 elapsed_s=0.3
[2026-05-23 14:55:53] benchmark iterations done
[2026-05-23 14:55:53] mode complete mode=baseline mean_ms=2.583 std_ms=0.600 p95_ms=3.531
[2026-05-23 14:55:53] start mode=optimized model=GCN_int8.onnx device=GPU warmup=5 iters=100
[2026-05-23 14:55:53] creating session
[2026-05-23 14:55:58] session ready providers=OpenVINOExecutionProvider | CPUExecutionProvider
[2026-05-23 14:55:58] preparing inputs
[2026-05-23 14:55:58] inputs ready
[2026-05-23 14:55:58] warmup start
[2026-05-23 14:56:27] start mode=baseline model=GCN_int8.onnx device=CPU warmup=5 iters=100
[2026-05-23 14:56:27] creating session
[2026-05-23 14:56:27] session ready providers=OpenVINOExecutionProvider | CPUExecutionProvider
[2026-05-23 14:56:27] preparing inputs
[2026-05-23 14:56:27] inputs ready
[2026-05-23 14:56:27] warmup start
[2026-05-23 14:56:27] warmup done
[2026-05-23 14:56:27] benchmark iterations start
[2026-05-23 14:56:27] iteration 25/100 elapsed_s=0.1
[2026-05-23 14:56:27] iteration 50/100 elapsed_s=0.2
[2026-05-23 14:56:28] iteration 75/100 elapsed_s=0.2
[2026-05-23 14:56:28] iteration 100/100 elapsed_s=0.3
[2026-05-23 14:56:28] benchmark iterations done
[2026-05-23 14:56:28] mode complete mode=baseline mean_ms=2.974 std_ms=0.598 p95_ms=4.214
[2026-05-23 14:56:28] start mode=optimized model=GCN_int8.onnx device=CPU warmup=5 iters=100
[2026-05-23 14:56:28] creating session
[2026-05-23 14:56:28] session ready providers=OpenVINOExecutionProvider | CPUExecutionProvider
[2026-05-23 14:56:28] preparing inputs
[2026-05-23 14:56:29] inputs ready
[2026-05-23 14:56:29] warmup start
[2026-05-23 14:56:29] warmup done
[2026-05-23 14:56:29] benchmark iterations start
[2026-05-23 14:56:29] iteration 25/100 elapsed_s=0.1
[2026-05-23 14:56:29] iteration 50/100 elapsed_s=0.2
[2026-05-23 14:56:29] iteration 75/100 elapsed_s=0.3
[2026-05-23 14:56:29] iteration 100/100 elapsed_s=0.4
[2026-05-23 14:56:29] benchmark iterations done
[2026-05-23 14:56:29] mode complete mode=optimized mean_ms=3.525 std_ms=3.922 p95_ms=4.151
