[2026-05-23 16:17:02] start mode=baseline model=SGC_fp32.onnx device=NPU warmup=5 iters=100
[2026-05-23 16:17:02] creating session
[2026-05-23 16:17:02] session ready providers=OpenVINOExecutionProvider | CPUExecutionProvider
[2026-05-23 16:17:02] preparing inputs
[2026-05-23 16:17:03] inputs ready
[2026-05-23 16:17:03] warmup start
[2026-05-23 16:17:03] warmup done
[2026-05-23 16:17:03] benchmark iterations start
[2026-05-23 16:17:04] iteration 25/100 elapsed_s=1.2
[2026-05-23 16:17:05] iteration 50/100 elapsed_s=2.4
[2026-05-23 16:17:07] iteration 75/100 elapsed_s=3.6
[2026-05-23 16:17:08] iteration 100/100 elapsed_s=5.0
[2026-05-23 16:17:08] benchmark iterations done
[2026-05-23 16:17:08] mode complete mode=baseline mean_ms=49.934 std_ms=3.596 p95_ms=56.915
[2026-05-23 16:17:08] start mode=optimized model=SGC_fp32.onnx device=NPU warmup=5 iters=100
[2026-05-23 16:17:08] creating session
[2026-05-23 16:17:09] session ready providers=OpenVINOExecutionProvider | CPUExecutionProvider
[2026-05-23 16:17:09] preparing inputs
[2026-05-23 16:17:09] inputs ready
[2026-05-23 16:17:09] warmup start
[2026-05-23 16:17:09] warmup done
[2026-05-23 16:17:09] benchmark iterations start
[2026-05-23 16:17:11] iteration 25/100 elapsed_s=1.3
[2026-05-23 16:17:12] iteration 50/100 elapsed_s=2.5
[2026-05-23 16:17:13] iteration 75/100 elapsed_s=3.7
[2026-05-23 16:17:14] iteration 100/100 elapsed_s=4.9
[2026-05-23 16:17:14] benchmark iterations done
[2026-05-23 16:17:14] mode complete mode=optimized mean_ms=48.892 std_ms=4.490 p95_ms=55.308
[2026-05-23 16:47:12] start mode=baseline model=SGC_fp32.onnx device=GPU warmup=5 iters=100
[2026-05-23 16:47:12] creating session
[2026-05-23 16:47:13] session ready providers=OpenVINOExecutionProvider | CPUExecutionProvider
[2026-05-23 16:47:13] preparing inputs
[2026-05-23 16:47:13] inputs ready
[2026-05-23 16:47:13] warmup start
[2026-05-23 16:47:14] warmup done
[2026-05-23 16:47:14] benchmark iterations start
[2026-05-23 16:47:18] iteration 25/100 elapsed_s=4.0
[2026-05-23 16:47:22] iteration 50/100 elapsed_s=7.9
[2026-05-23 16:47:26] iteration 75/100 elapsed_s=11.9
[2026-05-23 16:47:30] iteration 100/100 elapsed_s=15.8
[2026-05-23 16:47:30] benchmark iterations done
[2026-05-23 16:47:30] mode complete mode=baseline mean_ms=158.390 std_ms=1.188 p95_ms=160.210
[2026-05-23 16:47:30] start mode=optimized model=SGC_fp32.onnx device=GPU warmup=5 iters=100
[2026-05-23 16:47:30] creating session
[2026-05-23 16:47:31] session ready providers=OpenVINOExecutionProvider | CPUExecutionProvider
[2026-05-23 16:47:31] preparing inputs
[2026-05-23 16:47:32] inputs ready
[2026-05-23 16:47:32] warmup start
[2026-05-23 16:47:32] warmup done
[2026-05-23 16:47:32] benchmark iterations start
[2026-05-23 16:47:36] iteration 25/100 elapsed_s=4.0
[2026-05-23 16:47:40] iteration 50/100 elapsed_s=7.9
[2026-05-23 16:47:44] iteration 75/100 elapsed_s=11.9
[2026-05-23 16:47:48] iteration 100/100 elapsed_s=15.9
[2026-05-23 16:47:48] benchmark iterations done
[2026-05-23 16:47:48] mode complete mode=optimized mean_ms=158.526 std_ms=1.016 p95_ms=159.972
[2026-05-23 17:22:25] start mode=baseline model=SGC_fp32.onnx device=CPU warmup=5 iters=100
[2026-05-23 17:22:25] creating session
[2026-05-23 17:22:25] session ready providers=OpenVINOExecutionProvider | CPUExecutionProvider
[2026-05-23 17:22:25] preparing inputs
[2026-05-23 17:22:25] inputs ready
[2026-05-23 17:22:25] warmup start
[2026-05-23 17:22:26] warmup done
[2026-05-23 17:22:26] benchmark iterations start
[2026-05-23 17:22:27] iteration 25/100 elapsed_s=1.3
[2026-05-23 17:22:28] iteration 50/100 elapsed_s=2.6
[2026-05-23 17:22:29] iteration 75/100 elapsed_s=3.8
[2026-05-23 17:22:30] iteration 100/100 elapsed_s=5.0
[2026-05-23 17:22:30] benchmark iterations done
[2026-05-23 17:22:30] mode complete mode=baseline mean_ms=49.576 std_ms=3.047 p95_ms=54.651
[2026-05-23 17:22:31] start mode=optimized model=SGC_fp32.onnx device=CPU warmup=5 iters=100
[2026-05-23 17:22:31] creating session
[2026-05-23 17:22:31] session ready providers=OpenVINOExecutionProvider | CPUExecutionProvider
[2026-05-23 17:22:31] preparing inputs
[2026-05-23 17:22:31] inputs ready
[2026-05-23 17:22:31] warmup start
[2026-05-23 17:22:32] warmup done
[2026-05-23 17:22:32] benchmark iterations start
[2026-05-23 17:22:33] iteration 25/100 elapsed_s=1.4
[2026-05-23 17:22:34] iteration 50/100 elapsed_s=2.7
[2026-05-23 17:22:36] iteration 75/100 elapsed_s=3.9
[2026-05-23 17:22:37] iteration 100/100 elapsed_s=5.1
[2026-05-23 17:22:37] benchmark iterations done
[2026-05-23 17:22:37] mode complete mode=optimized mean_ms=50.916 std_ms=3.409 p95_ms=56.284
