[2026-05-23 15:58:06] start mode=baseline model=GraphTransformer_fp32.onnx device=NPU warmup=5 iters=100
[2026-05-23 15:58:06] creating session
[2026-05-23 15:58:06] session ready providers=OpenVINOExecutionProvider | CPUExecutionProvider
[2026-05-23 15:58:06] preparing inputs
[2026-05-23 15:58:06] inputs ready
[2026-05-23 15:58:06] warmup start
[2026-05-23 15:58:06] warmup done
[2026-05-23 15:58:06] benchmark iterations start
[2026-05-23 15:58:07] iteration 25/100 elapsed_s=0.8
[2026-05-23 15:58:08] iteration 50/100 elapsed_s=1.6
[2026-05-23 15:58:09] iteration 75/100 elapsed_s=2.3
[2026-05-23 15:58:09] iteration 100/100 elapsed_s=3.0
[2026-05-23 15:58:09] benchmark iterations done
[2026-05-23 15:58:09] mode complete mode=baseline mean_ms=29.937 std_ms=2.795 p95_ms=34.137
[2026-05-23 15:58:10] start mode=optimized model=GraphTransformer_fp32.onnx device=NPU warmup=5 iters=100
[2026-05-23 15:58:10] creating session
[2026-05-23 15:58:10] session ready providers=OpenVINOExecutionProvider | CPUExecutionProvider
[2026-05-23 15:58:10] preparing inputs
[2026-05-23 15:58:10] inputs ready
[2026-05-23 15:58:10] warmup start
[2026-05-23 15:58:11] warmup done
[2026-05-23 15:58:11] benchmark iterations start
[2026-05-23 15:58:12] iteration 25/100 elapsed_s=0.8
[2026-05-23 15:58:12] iteration 50/100 elapsed_s=1.6
[2026-05-23 15:58:13] iteration 75/100 elapsed_s=2.4
[2026-05-23 15:58:14] iteration 100/100 elapsed_s=3.1
[2026-05-23 15:58:14] benchmark iterations done
[2026-05-23 15:58:14] mode complete mode=optimized mean_ms=30.686 std_ms=2.656 p95_ms=34.697
[2026-05-23 16:00:25] start mode=baseline model=GraphTransformer_fp32.onnx device=GPU warmup=5 iters=100
[2026-05-23 16:00:25] creating session
[2026-05-23 16:00:26] session ready providers=OpenVINOExecutionProvider | CPUExecutionProvider
[2026-05-23 16:00:26] preparing inputs
[2026-05-23 16:00:26] inputs ready
[2026-05-23 16:00:26] warmup start
[2026-05-23 16:00:26] warmup done
[2026-05-23 16:00:26] benchmark iterations start
[2026-05-23 16:00:27] iteration 25/100 elapsed_s=0.3
[2026-05-23 16:00:27] iteration 50/100 elapsed_s=0.7
[2026-05-23 16:00:27] iteration 75/100 elapsed_s=1.0
[2026-05-23 16:00:28] iteration 100/100 elapsed_s=1.3
[2026-05-23 16:00:28] benchmark iterations done
[2026-05-23 16:00:28] mode complete mode=baseline mean_ms=13.445 std_ms=0.938 p95_ms=14.749
[2026-05-23 16:00:28] start mode=optimized model=GraphTransformer_fp32.onnx device=GPU warmup=5 iters=100
[2026-05-23 16:00:28] creating session
[2026-05-23 16:00:29] session ready providers=OpenVINOExecutionProvider | CPUExecutionProvider
[2026-05-23 16:00:29] preparing inputs
[2026-05-23 16:00:30] inputs ready
[2026-05-23 16:00:30] warmup start
[2026-05-23 16:00:30] warmup done
[2026-05-23 16:00:30] benchmark iterations start
[2026-05-23 16:00:30] iteration 25/100 elapsed_s=0.3
[2026-05-23 16:00:30] iteration 50/100 elapsed_s=0.7
[2026-05-23 16:00:31] iteration 75/100 elapsed_s=1.0
[2026-05-23 16:00:31] iteration 100/100 elapsed_s=1.3
[2026-05-23 16:00:31] benchmark iterations done
[2026-05-23 16:00:31] mode complete mode=optimized mean_ms=13.344 std_ms=1.043 p95_ms=14.991
[2026-05-23 16:02:31] start mode=baseline model=GraphTransformer_fp32.onnx device=CPU warmup=5 iters=100
[2026-05-23 16:02:31] creating session
[2026-05-23 16:02:32] session ready providers=OpenVINOExecutionProvider | CPUExecutionProvider
[2026-05-23 16:02:32] preparing inputs
[2026-05-23 16:02:32] inputs ready
[2026-05-23 16:02:32] warmup start
[2026-05-23 16:02:32] warmup done
[2026-05-23 16:02:32] benchmark iterations start
[2026-05-23 16:02:33] iteration 25/100 elapsed_s=0.8
[2026-05-23 16:02:34] iteration 50/100 elapsed_s=1.6
[2026-05-23 16:02:35] iteration 75/100 elapsed_s=2.3
[2026-05-23 16:02:35] iteration 100/100 elapsed_s=3.1
[2026-05-23 16:02:35] benchmark iterations done
[2026-05-23 16:02:35] mode complete mode=baseline mean_ms=30.665 std_ms=1.816 p95_ms=33.776
[2026-05-23 16:02:36] start mode=optimized model=GraphTransformer_fp32.onnx device=CPU warmup=5 iters=100
[2026-05-23 16:02:36] creating session
[2026-05-23 16:02:36] session ready providers=OpenVINOExecutionProvider | CPUExecutionProvider
[2026-05-23 16:02:36] preparing inputs
[2026-05-23 16:02:36] inputs ready
[2026-05-23 16:02:36] warmup start
[2026-05-23 16:02:37] warmup done
[2026-05-23 16:02:37] benchmark iterations start
[2026-05-23 16:02:37] iteration 25/100 elapsed_s=0.8
[2026-05-23 16:02:38] iteration 50/100 elapsed_s=1.6
[2026-05-23 16:02:39] iteration 75/100 elapsed_s=2.3
[2026-05-23 16:02:40] iteration 100/100 elapsed_s=3.0
[2026-05-23 16:02:40] benchmark iterations done
[2026-05-23 16:02:40] mode complete mode=optimized mean_ms=30.440 std_ms=2.049 p95_ms=34.007
