[2026-05-23 16:26:16] start mode=baseline model=SGC_int8.onnx device=NPU warmup=5 iters=100
[2026-05-23 16:26:16] creating session
[2026-05-23 16:26:16] session ready providers=OpenVINOExecutionProvider | CPUExecutionProvider
[2026-05-23 16:26:16] preparing inputs
[2026-05-23 16:26:17] inputs ready
[2026-05-23 16:26:17] warmup start
[2026-05-23 16:26:19] warmup done
[2026-05-23 16:26:19] benchmark iterations start
[2026-05-23 16:26:31] iteration 25/100 elapsed_s=11.6
[2026-05-23 16:26:42] iteration 50/100 elapsed_s=23.0
[2026-05-23 16:26:54] iteration 75/100 elapsed_s=34.6
[2026-05-23 16:27:05] iteration 100/100 elapsed_s=46.0
[2026-05-23 16:27:05] benchmark iterations done
[2026-05-23 16:27:05] mode complete mode=baseline mean_ms=460.346 std_ms=12.139 p95_ms=484.761
[2026-05-23 16:27:06] start mode=optimized model=SGC_int8.onnx device=NPU warmup=5 iters=100
[2026-05-23 16:27:06] creating session
[2026-05-23 16:27:06] session ready providers=OpenVINOExecutionProvider | CPUExecutionProvider
[2026-05-23 16:27:06] preparing inputs
[2026-05-23 16:27:06] inputs ready
[2026-05-23 16:27:06] warmup start
[2026-05-23 16:27:09] warmup done
[2026-05-23 16:27:09] benchmark iterations start
[2026-05-23 16:27:20] iteration 25/100 elapsed_s=11.6
[2026-05-23 16:27:32] iteration 50/100 elapsed_s=23.2
[2026-05-23 16:27:44] iteration 75/100 elapsed_s=34.8
[2026-05-23 16:27:55] iteration 100/100 elapsed_s=46.3
[2026-05-23 16:27:55] benchmark iterations done
[2026-05-23 16:27:55] mode complete mode=optimized mean_ms=463.258 std_ms=15.422 p95_ms=495.955
[2026-05-23 17:00:14] start mode=baseline model=SGC_int8.onnx device=GPU warmup=5 iters=100
[2026-05-23 17:00:14] creating session
[2026-05-23 17:00:16] session ready providers=OpenVINOExecutionProvider | CPUExecutionProvider
[2026-05-23 17:00:16] preparing inputs
[2026-05-23 17:00:16] inputs ready
[2026-05-23 17:00:16] warmup start
[2026-05-23 17:00:18] warmup done
[2026-05-23 17:00:18] benchmark iterations start
[2026-05-23 17:00:31] iteration 25/100 elapsed_s=12.2
[2026-05-23 17:00:43] iteration 50/100 elapsed_s=24.4
[2026-05-23 17:00:55] iteration 75/100 elapsed_s=36.7
[2026-05-23 17:01:07] iteration 100/100 elapsed_s=48.9
[2026-05-23 17:01:07] benchmark iterations done
[2026-05-23 17:01:07] mode complete mode=baseline mean_ms=488.723 std_ms=2.176 p95_ms=491.836
[2026-05-23 17:01:08] start mode=optimized model=SGC_int8.onnx device=GPU warmup=5 iters=100
[2026-05-23 17:01:08] creating session
[2026-05-23 17:01:09] session ready providers=OpenVINOExecutionProvider | CPUExecutionProvider
[2026-05-23 17:01:09] preparing inputs
[2026-05-23 17:01:10] inputs ready
[2026-05-23 17:01:10] warmup start
[2026-05-23 17:01:12] warmup done
[2026-05-23 17:01:12] benchmark iterations start
[2026-05-23 17:01:24] iteration 25/100 elapsed_s=12.2
[2026-05-23 17:01:36] iteration 50/100 elapsed_s=24.5
[2026-05-23 17:01:49] iteration 75/100 elapsed_s=36.7
[2026-05-23 17:02:01] iteration 100/100 elapsed_s=48.9
[2026-05-23 17:02:01] benchmark iterations done
[2026-05-23 17:02:01] mode complete mode=optimized mean_ms=488.935 std_ms=2.012 p95_ms=491.933
[2026-05-23 17:31:34] start mode=baseline model=SGC_int8.onnx device=CPU warmup=5 iters=100
[2026-05-23 17:31:34] creating session
[2026-05-23 17:31:34] session ready providers=OpenVINOExecutionProvider | CPUExecutionProvider
[2026-05-23 17:31:34] preparing inputs
[2026-05-23 17:31:34] inputs ready
[2026-05-23 17:31:34] warmup start
[2026-05-23 17:31:37] warmup done
[2026-05-23 17:31:37] benchmark iterations start
[2026-05-23 17:31:48] iteration 25/100 elapsed_s=11.3
[2026-05-23 17:31:59] iteration 50/100 elapsed_s=22.6
[2026-05-23 17:32:11] iteration 75/100 elapsed_s=33.8
[2026-05-23 17:32:22] iteration 100/100 elapsed_s=45.0
[2026-05-23 17:32:22] benchmark iterations done
[2026-05-23 17:32:22] mode complete mode=baseline mean_ms=450.425 std_ms=13.021 p95_ms=474.471
[2026-05-23 17:32:22] start mode=optimized model=SGC_int8.onnx device=CPU warmup=5 iters=100
[2026-05-23 17:32:22] creating session
[2026-05-23 17:32:23] session ready providers=OpenVINOExecutionProvider | CPUExecutionProvider
[2026-05-23 17:32:23] preparing inputs
[2026-05-23 17:32:23] inputs ready
[2026-05-23 17:32:23] warmup start
[2026-05-23 17:32:25] warmup done
[2026-05-23 17:32:25] benchmark iterations start
[2026-05-23 17:32:37] iteration 25/100 elapsed_s=11.4
[2026-05-23 17:32:48] iteration 50/100 elapsed_s=22.8
[2026-05-23 17:33:00] iteration 75/100 elapsed_s=34.1
[2026-05-23 17:33:11] iteration 100/100 elapsed_s=45.5
[2026-05-23 17:33:11] benchmark iterations done
[2026-05-23 17:33:11] mode complete mode=optimized mean_ms=454.557 std_ms=15.431 p95_ms=486.687
