[2026-05-23 10:21:06] start mode=baseline model=APPNP_int8.onnx device=NPU warmup=5 iters=100
[2026-05-23 10:21:06] creating session
[2026-05-23 10:21:07] session ready providers=OpenVINOExecutionProvider | CPUExecutionProvider
[2026-05-23 10:21:07] preparing inputs
[2026-05-23 10:21:07] inputs ready
[2026-05-23 10:21:07] warmup start
[2026-05-23 10:21:07] warmup done
[2026-05-23 10:21:07] benchmark iterations start
[2026-05-23 10:21:07] iteration 25/100 elapsed_s=0.3
[2026-05-23 10:21:08] iteration 50/100 elapsed_s=0.7
[2026-05-23 10:21:08] iteration 75/100 elapsed_s=1.0
[2026-05-23 10:21:08] iteration 100/100 elapsed_s=1.3
[2026-05-23 10:21:08] benchmark iterations done
[2026-05-23 10:21:08] mode complete mode=baseline mean_ms=13.406 std_ms=1.105 p95_ms=15.578
[2026-05-23 10:21:09] start mode=optimized model=APPNP_int8.onnx device=NPU warmup=5 iters=100
[2026-05-23 10:21:09] creating session
[2026-05-23 10:21:09] session ready providers=OpenVINOExecutionProvider | CPUExecutionProvider
[2026-05-23 10:21:09] preparing inputs
[2026-05-23 10:21:09] inputs ready
[2026-05-23 10:21:09] warmup start
[2026-05-23 10:21:09] warmup done
[2026-05-23 10:21:10] benchmark iterations start
[2026-05-23 10:21:10] iteration 25/100 elapsed_s=0.4
[2026-05-23 10:21:10] iteration 50/100 elapsed_s=0.7
[2026-05-23 10:21:11] iteration 75/100 elapsed_s=1.0
[2026-05-23 10:21:11] iteration 100/100 elapsed_s=1.3
[2026-05-23 10:21:11] benchmark iterations done
[2026-05-23 10:21:11] mode complete mode=optimized mean_ms=13.356 std_ms=1.042 p95_ms=15.170
[2026-05-23 10:22:02] start mode=baseline model=APPNP_int8.onnx device=NPU warmup=5 iters=100
[2026-05-23 10:22:02] creating session
[2026-05-23 10:22:02] session ready providers=OpenVINOExecutionProvider | CPUExecutionProvider
[2026-05-23 10:22:02] preparing inputs
[2026-05-23 10:22:04] inputs ready
[2026-05-23 10:22:04] warmup start
[2026-05-23 10:22:04] warmup done
[2026-05-23 10:22:04] benchmark iterations start
[2026-05-23 10:22:05] iteration 25/100 elapsed_s=0.3
[2026-05-23 10:22:05] iteration 50/100 elapsed_s=0.7
[2026-05-23 10:22:06] iteration 75/100 elapsed_s=1.1
[2026-05-23 10:22:06] iteration 100/100 elapsed_s=1.5
[2026-05-23 10:22:06] benchmark iterations done
[2026-05-23 10:22:06] mode complete mode=baseline mean_ms=14.557 std_ms=1.923 p95_ms=15.951
[2026-05-23 10:22:06] start mode=optimized model=APPNP_int8.onnx device=NPU warmup=5 iters=100
[2026-05-23 10:22:06] creating session
[2026-05-23 10:22:07] session ready providers=OpenVINOExecutionProvider | CPUExecutionProvider
[2026-05-23 10:22:07] preparing inputs
[2026-05-23 10:22:09] inputs ready
[2026-05-23 10:22:09] warmup start
[2026-05-23 10:22:09] warmup done
[2026-05-23 10:22:09] benchmark iterations start
[2026-05-23 10:22:09] iteration 25/100 elapsed_s=0.4
[2026-05-23 10:22:10] iteration 50/100 elapsed_s=0.7
[2026-05-23 10:22:10] iteration 75/100 elapsed_s=1.1
[2026-05-23 10:22:10] iteration 100/100 elapsed_s=1.5
[2026-05-23 10:22:10] benchmark iterations done
[2026-05-23 10:22:10] mode complete mode=optimized mean_ms=14.758 std_ms=1.391 p95_ms=18.202
[2026-05-23 10:23:04] start mode=baseline model=APPNP_int8.onnx device=NPU warmup=5 iters=100
[2026-05-23 10:23:04] creating session
[2026-05-23 10:23:05] session ready providers=OpenVINOExecutionProvider | CPUExecutionProvider
[2026-05-23 10:23:05] preparing inputs
[2026-05-23 10:23:07] inputs ready
[2026-05-23 10:23:07] warmup start
[2026-05-23 10:23:07] warmup done
[2026-05-23 10:23:07] benchmark iterations start
[2026-05-23 10:23:08] iteration 25/100 elapsed_s=0.4
[2026-05-23 10:23:08] iteration 50/100 elapsed_s=0.7
[2026-05-23 10:23:08] iteration 75/100 elapsed_s=1.0
[2026-05-23 10:23:09] iteration 100/100 elapsed_s=1.4
[2026-05-23 10:23:09] benchmark iterations done
[2026-05-23 10:23:09] mode complete mode=baseline mean_ms=13.542 std_ms=0.927 p95_ms=15.511
[2026-05-23 10:23:09] start mode=optimized model=APPNP_int8.onnx device=NPU warmup=5 iters=100
[2026-05-23 10:23:09] creating session
[2026-05-23 10:23:10] session ready providers=OpenVINOExecutionProvider | CPUExecutionProvider
[2026-05-23 10:23:10] preparing inputs
[2026-05-23 10:23:12] inputs ready
[2026-05-23 10:23:12] warmup start
[2026-05-23 10:23:12] warmup done
[2026-05-23 10:23:12] benchmark iterations start
[2026-05-23 10:23:12] iteration 25/100 elapsed_s=0.3
[2026-05-23 10:23:13] iteration 50/100 elapsed_s=0.7
[2026-05-23 10:23:13] iteration 75/100 elapsed_s=1.0
[2026-05-23 10:23:13] iteration 100/100 elapsed_s=1.4
[2026-05-23 10:23:13] benchmark iterations done
[2026-05-23 10:23:13] mode complete mode=optimized mean_ms=13.500 std_ms=0.726 p95_ms=14.887
[2026-05-23 10:23:58] start mode=baseline model=APPNP_int8.onnx device=GPU warmup=5 iters=100
[2026-05-23 10:23:58] creating session
[2026-05-23 10:24:00] session ready providers=OpenVINOExecutionProvider | CPUExecutionProvider
[2026-05-23 10:24:00] preparing inputs
[2026-05-23 10:24:00] inputs ready
[2026-05-23 10:24:00] warmup start
[2026-05-23 10:24:00] warmup done
[2026-05-23 10:24:00] benchmark iterations start
[2026-05-23 10:24:00] iteration 25/100 elapsed_s=0.2
[2026-05-23 10:24:00] iteration 50/100 elapsed_s=0.3
[2026-05-23 10:24:01] iteration 75/100 elapsed_s=0.5
[2026-05-23 10:24:01] iteration 100/100 elapsed_s=0.7
[2026-05-23 10:24:01] benchmark iterations done
[2026-05-23 10:24:01] mode complete mode=baseline mean_ms=6.772 std_ms=0.685 p95_ms=7.871
[2026-05-23 10:24:01] start mode=optimized model=APPNP_int8.onnx device=GPU warmup=5 iters=100
[2026-05-23 10:24:01] creating session
[2026-05-23 10:24:03] session ready providers=OpenVINOExecutionProvider | CPUExecutionProvider
[2026-05-23 10:24:03] preparing inputs
[2026-05-23 10:24:03] inputs ready
[2026-05-23 10:24:03] warmup start
[2026-05-23 10:24:03] warmup done
[2026-05-23 10:24:03] benchmark iterations start
[2026-05-23 10:24:03] iteration 25/100 elapsed_s=0.2
[2026-05-23 10:24:03] iteration 50/100 elapsed_s=0.4
[2026-05-23 10:24:03] iteration 75/100 elapsed_s=0.5
[2026-05-23 10:24:04] iteration 100/100 elapsed_s=0.7
[2026-05-23 10:24:04] benchmark iterations done
[2026-05-23 10:24:04] mode complete mode=optimized mean_ms=7.138 std_ms=1.009 p95_ms=8.544
[2026-05-23 10:24:52] start mode=baseline model=APPNP_int8.onnx device=GPU warmup=5 iters=100
[2026-05-23 10:24:52] creating session
[2026-05-23 10:24:54] session ready providers=OpenVINOExecutionProvider | CPUExecutionProvider
[2026-05-23 10:24:54] preparing inputs
[2026-05-23 10:24:56] inputs ready
[2026-05-23 10:24:56] warmup start
[2026-05-23 10:24:56] warmup done
[2026-05-23 10:24:56] benchmark iterations start
[2026-05-23 10:24:56] iteration 25/100 elapsed_s=0.2
[2026-05-23 10:24:56] iteration 50/100 elapsed_s=0.4
[2026-05-23 10:24:56] iteration 75/100 elapsed_s=0.6
[2026-05-23 10:24:56] iteration 100/100 elapsed_s=0.7
[2026-05-23 10:24:56] benchmark iterations done
[2026-05-23 10:24:57] mode complete mode=baseline mean_ms=7.340 std_ms=2.237 p95_ms=8.349
[2026-05-23 10:24:57] start mode=optimized model=APPNP_int8.onnx device=GPU warmup=5 iters=100
[2026-05-23 10:24:57] creating session
[2026-05-23 10:24:58] session ready providers=OpenVINOExecutionProvider | CPUExecutionProvider
[2026-05-23 10:24:58] preparing inputs
[2026-05-23 10:25:00] inputs ready
[2026-05-23 10:25:00] warmup start
[2026-05-23 10:25:00] warmup done
[2026-05-23 10:25:00] benchmark iterations start
[2026-05-23 10:25:00] iteration 25/100 elapsed_s=0.2
[2026-05-23 10:25:01] iteration 50/100 elapsed_s=0.4
[2026-05-23 10:25:01] iteration 75/100 elapsed_s=0.6
[2026-05-23 10:25:01] iteration 100/100 elapsed_s=0.8
[2026-05-23 10:25:01] benchmark iterations done
[2026-05-23 10:25:01] mode complete mode=optimized mean_ms=7.695 std_ms=0.889 p95_ms=9.032
[2026-05-23 10:25:55] start mode=baseline model=APPNP_int8.onnx device=GPU warmup=5 iters=100
[2026-05-23 10:25:55] creating session
[2026-05-23 10:25:57] session ready providers=OpenVINOExecutionProvider | CPUExecutionProvider
[2026-05-23 10:25:57] preparing inputs
[2026-05-23 10:25:59] inputs ready
[2026-05-23 10:25:59] warmup start
[2026-05-23 10:25:59] warmup done
[2026-05-23 10:25:59] benchmark iterations start
[2026-05-23 10:25:59] iteration 25/100 elapsed_s=0.2
[2026-05-23 10:26:00] iteration 50/100 elapsed_s=0.4
[2026-05-23 10:26:00] iteration 75/100 elapsed_s=0.6
[2026-05-23 10:26:00] iteration 100/100 elapsed_s=0.8
[2026-05-23 10:26:00] benchmark iterations done
[2026-05-23 10:26:00] mode complete mode=baseline mean_ms=7.658 std_ms=0.887 p95_ms=9.224
[2026-05-23 10:26:00] start mode=optimized model=APPNP_int8.onnx device=GPU warmup=5 iters=100
[2026-05-23 10:26:00] creating session
[2026-05-23 10:26:02] session ready providers=OpenVINOExecutionProvider | CPUExecutionProvider
[2026-05-23 10:26:02] preparing inputs
[2026-05-23 10:26:04] inputs ready
[2026-05-23 10:26:04] warmup start
[2026-05-23 10:26:04] warmup done
[2026-05-23 10:26:04] benchmark iterations start
[2026-05-23 10:26:05] iteration 25/100 elapsed_s=0.2
[2026-05-23 10:26:05] iteration 50/100 elapsed_s=0.4
[2026-05-23 10:26:05] iteration 75/100 elapsed_s=0.5
[2026-05-23 10:26:05] iteration 100/100 elapsed_s=0.7
[2026-05-23 10:26:05] benchmark iterations done
[2026-05-23 10:26:05] mode complete mode=optimized mean_ms=7.196 std_ms=0.729 p95_ms=8.418
[2026-05-23 10:26:32] start mode=baseline model=APPNP_int8.onnx device=CPU warmup=5 iters=100
[2026-05-23 10:26:32] creating session
[2026-05-23 10:26:33] session ready providers=OpenVINOExecutionProvider | CPUExecutionProvider
[2026-05-23 10:26:33] preparing inputs
[2026-05-23 10:26:33] inputs ready
[2026-05-23 10:26:33] warmup start
[2026-05-23 10:26:33] warmup done
[2026-05-23 10:26:33] benchmark iterations start
[2026-05-23 10:26:33] iteration 25/100 elapsed_s=0.4
[2026-05-23 10:26:34] iteration 50/100 elapsed_s=0.7
[2026-05-23 10:26:34] iteration 75/100 elapsed_s=1.1
[2026-05-23 10:26:34] iteration 100/100 elapsed_s=1.4
[2026-05-23 10:26:34] benchmark iterations done
[2026-05-23 10:26:34] mode complete mode=baseline mean_ms=13.766 std_ms=2.179 p95_ms=17.041
[2026-05-23 10:26:35] start mode=optimized model=APPNP_int8.onnx device=CPU warmup=5 iters=100
[2026-05-23 10:26:35] creating session
[2026-05-23 10:26:35] session ready providers=OpenVINOExecutionProvider | CPUExecutionProvider
[2026-05-23 10:26:35] preparing inputs
[2026-05-23 10:26:35] inputs ready
[2026-05-23 10:26:35] warmup start
[2026-05-23 10:26:35] warmup done
[2026-05-23 10:26:35] benchmark iterations start
[2026-05-23 10:26:36] iteration 25/100 elapsed_s=0.3
[2026-05-23 10:26:36] iteration 50/100 elapsed_s=0.7
[2026-05-23 10:26:36] iteration 75/100 elapsed_s=1.0
[2026-05-23 10:26:37] iteration 100/100 elapsed_s=1.3
[2026-05-23 10:26:37] benchmark iterations done
[2026-05-23 10:26:37] mode complete mode=optimized mean_ms=13.235 std_ms=1.076 p95_ms=14.751
[2026-05-23 10:27:20] start mode=baseline model=APPNP_int8.onnx device=CPU warmup=5 iters=100
[2026-05-23 10:27:20] creating session
[2026-05-23 10:27:20] session ready providers=OpenVINOExecutionProvider | CPUExecutionProvider
[2026-05-23 10:27:20] preparing inputs
[2026-05-23 10:27:22] inputs ready
[2026-05-23 10:27:22] warmup start
[2026-05-23 10:27:22] warmup done
[2026-05-23 10:27:22] benchmark iterations start
[2026-05-23 10:27:22] iteration 25/100 elapsed_s=0.4
[2026-05-23 10:27:23] iteration 50/100 elapsed_s=0.7
[2026-05-23 10:27:23] iteration 75/100 elapsed_s=1.1
[2026-05-23 10:27:23] iteration 100/100 elapsed_s=1.4
[2026-05-23 10:27:23] benchmark iterations done
[2026-05-23 10:27:23] mode complete mode=baseline mean_ms=14.452 std_ms=0.841 p95_ms=16.156
[2026-05-23 10:27:24] start mode=optimized model=APPNP_int8.onnx device=CPU warmup=5 iters=100
[2026-05-23 10:27:24] creating session
[2026-05-23 10:27:24] session ready providers=OpenVINOExecutionProvider | CPUExecutionProvider
[2026-05-23 10:27:24] preparing inputs
[2026-05-23 10:27:26] inputs ready
[2026-05-23 10:27:26] warmup start
[2026-05-23 10:27:26] warmup done
[2026-05-23 10:27:26] benchmark iterations start
[2026-05-23 10:27:26] iteration 25/100 elapsed_s=0.3
[2026-05-23 10:27:27] iteration 50/100 elapsed_s=0.7
[2026-05-23 10:27:27] iteration 75/100 elapsed_s=1.0
[2026-05-23 10:27:28] iteration 100/100 elapsed_s=1.4
[2026-05-23 10:27:28] benchmark iterations done
[2026-05-23 10:27:28] mode complete mode=optimized mean_ms=14.045 std_ms=1.168 p95_ms=15.910
[2026-05-23 10:28:16] start mode=baseline model=APPNP_int8.onnx device=CPU warmup=5 iters=100
[2026-05-23 10:28:16] creating session
[2026-05-23 10:28:17] session ready providers=OpenVINOExecutionProvider | CPUExecutionProvider
[2026-05-23 10:28:17] preparing inputs
[2026-05-23 10:28:19] inputs ready
[2026-05-23 10:28:19] warmup start
[2026-05-23 10:28:19] warmup done
[2026-05-23 10:28:19] benchmark iterations start
[2026-05-23 10:28:20] iteration 25/100 elapsed_s=0.3
[2026-05-23 10:28:20] iteration 50/100 elapsed_s=0.7
[2026-05-23 10:28:20] iteration 75/100 elapsed_s=1.0
[2026-05-23 10:28:21] iteration 100/100 elapsed_s=1.4
[2026-05-23 10:28:21] benchmark iterations done
[2026-05-23 10:28:21] mode complete mode=baseline mean_ms=13.637 std_ms=0.771 p95_ms=14.866
[2026-05-23 10:28:21] start mode=optimized model=APPNP_int8.onnx device=CPU warmup=5 iters=100
[2026-05-23 10:28:21] creating session
[2026-05-23 10:28:22] session ready providers=OpenVINOExecutionProvider | CPUExecutionProvider
[2026-05-23 10:28:22] preparing inputs
[2026-05-23 10:28:24] inputs ready
[2026-05-23 10:28:24] warmup start
[2026-05-23 10:28:24] warmup done
[2026-05-23 10:28:24] benchmark iterations start
[2026-05-23 10:28:24] iteration 25/100 elapsed_s=0.3
[2026-05-23 10:28:25] iteration 50/100 elapsed_s=0.7
[2026-05-23 10:28:25] iteration 75/100 elapsed_s=1.0
[2026-05-23 10:28:25] iteration 100/100 elapsed_s=1.4
[2026-05-23 10:28:25] benchmark iterations done
[2026-05-23 10:28:25] mode complete mode=optimized mean_ms=13.880 std_ms=1.575 p95_ms=17.260
