[2026-05-23 10:40:31] start mode=baseline model=GCN_int8.onnx device=NPU warmup=5 iters=100
[2026-05-23 10:40:31] creating session
[2026-05-23 10:40:32] session ready providers=OpenVINOExecutionProvider | CPUExecutionProvider
[2026-05-23 10:40:32] preparing inputs
[2026-05-23 10:40:32] inputs ready
[2026-05-23 10:40:32] warmup start
[2026-05-23 10:40:32] warmup done
[2026-05-23 10:40:32] benchmark iterations start
[2026-05-23 10:40:32] iteration 25/100 elapsed_s=0.2
[2026-05-23 10:40:32] iteration 50/100 elapsed_s=0.4
[2026-05-23 10:40:32] iteration 75/100 elapsed_s=0.6
[2026-05-23 10:40:33] iteration 100/100 elapsed_s=0.8
[2026-05-23 10:40:33] benchmark iterations done
[2026-05-23 10:40:33] mode complete mode=baseline mean_ms=7.503 std_ms=2.083 p95_ms=13.630
[2026-05-23 10:40:33] start mode=optimized model=GCN_int8.onnx device=NPU warmup=5 iters=100
[2026-05-23 10:40:33] creating session
[2026-05-23 10:40:33] session ready providers=OpenVINOExecutionProvider | CPUExecutionProvider
[2026-05-23 10:40:33] preparing inputs
[2026-05-23 10:40:34] inputs ready
[2026-05-23 10:40:34] warmup start
[2026-05-23 10:40:34] warmup done
[2026-05-23 10:40:34] benchmark iterations start
[2026-05-23 10:40:34] iteration 25/100 elapsed_s=0.2
[2026-05-23 10:40:34] iteration 50/100 elapsed_s=0.4
[2026-05-23 10:40:34] iteration 75/100 elapsed_s=0.6
[2026-05-23 10:40:34] iteration 100/100 elapsed_s=0.8
[2026-05-23 10:40:34] benchmark iterations done
[2026-05-23 10:40:34] mode complete mode=optimized mean_ms=7.550 std_ms=1.246 p95_ms=10.684
[2026-05-23 10:41:10] start mode=baseline model=GCN_int8.onnx device=NPU warmup=5 iters=100
[2026-05-23 10:41:10] creating session
[2026-05-23 10:41:10] session ready providers=OpenVINOExecutionProvider | CPUExecutionProvider
[2026-05-23 10:41:10] preparing inputs
[2026-05-23 10:41:12] inputs ready
[2026-05-23 10:41:12] warmup start
[2026-05-23 10:41:12] warmup done
[2026-05-23 10:41:12] benchmark iterations start
[2026-05-23 10:41:12] iteration 25/100 elapsed_s=0.2
[2026-05-23 10:41:12] iteration 50/100 elapsed_s=0.4
[2026-05-23 10:41:13] iteration 75/100 elapsed_s=0.6
[2026-05-23 10:41:13] iteration 100/100 elapsed_s=0.8
[2026-05-23 10:41:13] benchmark iterations done
[2026-05-23 10:41:13] mode complete mode=baseline mean_ms=7.837 std_ms=1.326 p95_ms=10.760
[2026-05-23 10:41:13] start mode=optimized model=GCN_int8.onnx device=NPU warmup=5 iters=100
[2026-05-23 10:41:13] creating session
[2026-05-23 10:41:14] session ready providers=OpenVINOExecutionProvider | CPUExecutionProvider
[2026-05-23 10:41:14] preparing inputs
[2026-05-23 10:41:16] inputs ready
[2026-05-23 10:41:16] warmup start
[2026-05-23 10:41:16] warmup done
[2026-05-23 10:41:16] benchmark iterations start
[2026-05-23 10:41:16] iteration 25/100 elapsed_s=0.2
[2026-05-23 10:41:16] iteration 50/100 elapsed_s=0.4
[2026-05-23 10:41:16] iteration 75/100 elapsed_s=0.6
[2026-05-23 10:41:16] iteration 100/100 elapsed_s=0.7
[2026-05-23 10:41:16] benchmark iterations done
[2026-05-23 10:41:16] mode complete mode=optimized mean_ms=7.263 std_ms=0.798 p95_ms=8.568
[2026-05-23 10:42:02] start mode=baseline model=GCN_int8.onnx device=NPU warmup=5 iters=100
[2026-05-23 10:42:02] creating session
[2026-05-23 10:42:02] session ready providers=OpenVINOExecutionProvider | CPUExecutionProvider
[2026-05-23 10:42:02] preparing inputs
[2026-05-23 10:42:04] inputs ready
[2026-05-23 10:42:04] warmup start
[2026-05-23 10:42:04] warmup done
[2026-05-23 10:42:04] benchmark iterations start
[2026-05-23 10:42:04] iteration 25/100 elapsed_s=0.2
[2026-05-23 10:42:05] iteration 50/100 elapsed_s=0.4
[2026-05-23 10:42:05] iteration 75/100 elapsed_s=0.5
[2026-05-23 10:42:05] iteration 100/100 elapsed_s=0.7
[2026-05-23 10:42:05] benchmark iterations done
[2026-05-23 10:42:05] mode complete mode=baseline mean_ms=7.297 std_ms=1.144 p95_ms=9.671
[2026-05-23 10:42:05] start mode=optimized model=GCN_int8.onnx device=NPU warmup=5 iters=100
[2026-05-23 10:42:05] creating session
[2026-05-23 10:42:06] session ready providers=OpenVINOExecutionProvider | CPUExecutionProvider
[2026-05-23 10:42:06] preparing inputs
[2026-05-23 10:42:08] inputs ready
[2026-05-23 10:42:08] warmup start
[2026-05-23 10:42:08] warmup done
[2026-05-23 10:42:08] benchmark iterations start
[2026-05-23 10:42:08] iteration 25/100 elapsed_s=0.2
[2026-05-23 10:42:09] iteration 50/100 elapsed_s=0.4
[2026-05-23 10:42:09] iteration 75/100 elapsed_s=0.6
[2026-05-23 10:42:09] iteration 100/100 elapsed_s=0.8
[2026-05-23 10:42:09] benchmark iterations done
[2026-05-23 10:42:09] mode complete mode=optimized mean_ms=7.639 std_ms=1.871 p95_ms=11.202
[2026-05-23 10:42:46] start mode=baseline model=GCN_int8.onnx device=GPU warmup=5 iters=100
[2026-05-23 10:42:46] creating session
[2026-05-23 10:42:53] session ready providers=OpenVINOExecutionProvider | CPUExecutionProvider
[2026-05-23 10:42:53] preparing inputs
[2026-05-23 10:42:53] inputs ready
[2026-05-23 10:42:53] warmup start
[2026-05-23 10:44:55] start mode=baseline model=GCN_int8.onnx device=GPU warmup=5 iters=100
[2026-05-23 10:44:55] creating session
[2026-05-23 10:44:57] session ready providers=OpenVINOExecutionProvider | CPUExecutionProvider
[2026-05-23 10:44:57] preparing inputs
[2026-05-23 10:45:03] inputs ready
[2026-05-23 10:45:03] warmup start
[2026-05-23 10:46:43] start mode=baseline model=GCN_int8.onnx device=CPU warmup=5 iters=100
[2026-05-23 10:46:43] creating session
[2026-05-23 10:46:44] session ready providers=OpenVINOExecutionProvider | CPUExecutionProvider
[2026-05-23 10:46:44] preparing inputs
[2026-05-23 10:46:50] inputs ready
[2026-05-23 10:46:50] warmup start
[2026-05-23 10:46:50] warmup done
[2026-05-23 10:46:50] benchmark iterations start
[2026-05-23 10:46:50] iteration 25/100 elapsed_s=0.2
[2026-05-23 10:46:50] iteration 50/100 elapsed_s=0.4
[2026-05-23 10:46:50] iteration 75/100 elapsed_s=0.6
[2026-05-23 10:46:50] iteration 100/100 elapsed_s=0.8
[2026-05-23 10:46:50] benchmark iterations done
[2026-05-23 10:46:50] mode complete mode=baseline mean_ms=7.650 std_ms=1.273 p95_ms=10.774
[2026-05-23 10:46:51] start mode=optimized model=GCN_int8.onnx device=CPU warmup=5 iters=100
[2026-05-23 10:46:51] creating session
[2026-05-23 10:46:51] session ready providers=OpenVINOExecutionProvider | CPUExecutionProvider
[2026-05-23 10:46:51] preparing inputs
[2026-05-23 10:46:51] inputs ready
[2026-05-23 10:46:51] warmup start
[2026-05-23 10:46:51] warmup done
[2026-05-23 10:46:51] benchmark iterations start
[2026-05-23 10:46:52] iteration 25/100 elapsed_s=0.2
[2026-05-23 10:46:52] iteration 50/100 elapsed_s=0.4
[2026-05-23 10:46:52] iteration 75/100 elapsed_s=0.6
[2026-05-23 10:46:52] iteration 100/100 elapsed_s=0.8
[2026-05-23 10:46:52] benchmark iterations done
[2026-05-23 10:46:52] mode complete mode=optimized mean_ms=7.800 std_ms=1.230 p95_ms=10.564
[2026-05-23 10:47:02] start mode=baseline model=GCN_int8.onnx device=CPU warmup=5 iters=100
[2026-05-23 10:47:02] creating session
[2026-05-23 10:47:02] session ready providers=OpenVINOExecutionProvider | CPUExecutionProvider
[2026-05-23 10:47:02] preparing inputs
[2026-05-23 10:47:08] inputs ready
[2026-05-23 10:47:08] warmup start
[2026-05-23 10:47:08] warmup done
[2026-05-23 10:47:08] benchmark iterations start
[2026-05-23 10:47:08] iteration 25/100 elapsed_s=0.2
[2026-05-23 10:47:09] iteration 50/100 elapsed_s=0.4
[2026-05-23 10:47:09] iteration 75/100 elapsed_s=0.5
[2026-05-23 10:47:09] iteration 100/100 elapsed_s=0.7
[2026-05-23 10:47:09] benchmark iterations done
[2026-05-23 10:47:09] mode complete mode=baseline mean_ms=7.279 std_ms=3.124 p95_ms=8.185
[2026-05-23 10:47:09] start mode=optimized model=GCN_int8.onnx device=CPU warmup=5 iters=100
[2026-05-23 10:47:09] creating session
[2026-05-23 10:47:10] session ready providers=OpenVINOExecutionProvider | CPUExecutionProvider
[2026-05-23 10:47:10] preparing inputs
[2026-05-23 10:47:12] inputs ready
[2026-05-23 10:47:12] warmup start
[2026-05-23 10:47:12] warmup done
[2026-05-23 10:47:12] benchmark iterations start
[2026-05-23 10:47:12] iteration 25/100 elapsed_s=0.2
[2026-05-23 10:47:12] iteration 50/100 elapsed_s=0.4
[2026-05-23 10:47:12] iteration 75/100 elapsed_s=0.6
[2026-05-23 10:47:12] iteration 100/100 elapsed_s=0.8
[2026-05-23 10:47:12] benchmark iterations done
[2026-05-23 10:47:12] mode complete mode=optimized mean_ms=7.475 std_ms=1.434 p95_ms=9.138
[2026-05-23 10:47:28] start mode=baseline model=GCN_int8.onnx device=CPU warmup=5 iters=100
[2026-05-23 10:47:28] creating session
[2026-05-23 10:47:28] session ready providers=OpenVINOExecutionProvider | CPUExecutionProvider
[2026-05-23 10:47:28] preparing inputs
[2026-05-23 10:47:35] inputs ready
[2026-05-23 10:47:35] warmup start
[2026-05-23 10:47:35] warmup done
[2026-05-23 10:47:35] benchmark iterations start
[2026-05-23 10:47:35] iteration 25/100 elapsed_s=0.3
[2026-05-23 10:47:36] iteration 50/100 elapsed_s=0.5
[2026-05-23 10:47:36] iteration 75/100 elapsed_s=0.7
[2026-05-23 10:47:36] iteration 100/100 elapsed_s=0.9
[2026-05-23 10:47:36] benchmark iterations done
[2026-05-23 10:47:36] mode complete mode=baseline mean_ms=8.686 std_ms=2.253 p95_ms=12.441
[2026-05-23 10:47:36] start mode=optimized model=GCN_int8.onnx device=CPU warmup=5 iters=100
[2026-05-23 10:47:36] creating session
[2026-05-23 10:47:37] session ready providers=OpenVINOExecutionProvider | CPUExecutionProvider
[2026-05-23 10:47:37] preparing inputs
[2026-05-23 10:47:39] inputs ready
[2026-05-23 10:47:39] warmup start
[2026-05-23 10:47:39] warmup done
[2026-05-23 10:47:39] benchmark iterations start
[2026-05-23 10:47:40] iteration 25/100 elapsed_s=0.3
[2026-05-23 10:47:40] iteration 50/100 elapsed_s=0.4
[2026-05-23 10:47:40] iteration 75/100 elapsed_s=0.6
[2026-05-23 10:47:40] iteration 100/100 elapsed_s=0.8
[2026-05-23 10:47:40] benchmark iterations done
[2026-05-23 10:47:40] mode complete mode=optimized mean_ms=7.665 std_ms=1.897 p95_ms=11.642
