[2026-05-23 11:18:09] start mode=baseline model=GraphTransformer_fp32.onnx device=NPU warmup=5 iters=100
[2026-05-23 11:18:09] creating session
[2026-05-23 11:18:10] session ready providers=OpenVINOExecutionProvider | CPUExecutionProvider
[2026-05-23 11:18:10] preparing inputs
[2026-05-23 11:18:17] inputs ready
[2026-05-23 11:18:17] warmup start
[2026-05-23 11:18:17] warmup done
[2026-05-23 11:18:17] benchmark iterations start
[2026-05-23 11:18:18] iteration 25/100 elapsed_s=0.3
[2026-05-23 11:18:18] iteration 50/100 elapsed_s=0.5
[2026-05-23 11:18:18] iteration 75/100 elapsed_s=0.8
[2026-05-23 11:18:18] iteration 100/100 elapsed_s=1.0
[2026-05-23 11:18:18] benchmark iterations done
[2026-05-23 11:18:18] mode complete mode=baseline mean_ms=9.935 std_ms=0.970 p95_ms=11.392
[2026-05-23 11:18:19] start mode=optimized model=GraphTransformer_fp32.onnx device=NPU warmup=5 iters=100
[2026-05-23 11:18:19] creating session
[2026-05-23 11:18:19] session ready providers=OpenVINOExecutionProvider | CPUExecutionProvider
[2026-05-23 11:18:19] preparing inputs
[2026-05-23 11:18:19] inputs ready
[2026-05-23 11:18:19] warmup start
[2026-05-23 11:18:19] warmup done
[2026-05-23 11:18:19] benchmark iterations start
[2026-05-23 11:18:20] iteration 25/100 elapsed_s=0.3
[2026-05-23 11:18:20] iteration 50/100 elapsed_s=0.6
[2026-05-23 11:18:20] iteration 75/100 elapsed_s=0.8
[2026-05-23 11:18:20] iteration 100/100 elapsed_s=1.1
[2026-05-23 11:18:20] benchmark iterations done
[2026-05-23 11:18:20] mode complete mode=optimized mean_ms=10.538 std_ms=1.623 p95_ms=13.754
[2026-05-23 11:18:44] start mode=baseline model=GraphTransformer_fp32.onnx device=NPU warmup=5 iters=100
[2026-05-23 11:18:44] creating session
[2026-05-23 11:18:44] session ready providers=OpenVINOExecutionProvider | CPUExecutionProvider
[2026-05-23 11:18:44] preparing inputs
[2026-05-23 11:18:50] inputs ready
[2026-05-23 11:18:50] warmup start
[2026-05-23 11:18:50] warmup done
[2026-05-23 11:18:50] benchmark iterations start
[2026-05-23 11:18:51] iteration 25/100 elapsed_s=0.3
[2026-05-23 11:18:51] iteration 50/100 elapsed_s=0.5
[2026-05-23 11:18:51] iteration 75/100 elapsed_s=0.8
[2026-05-23 11:18:51] iteration 100/100 elapsed_s=1.1
[2026-05-23 11:18:51] benchmark iterations done
[2026-05-23 11:18:51] mode complete mode=baseline mean_ms=10.500 std_ms=0.973 p95_ms=12.465
[2026-05-23 11:18:52] start mode=optimized model=GraphTransformer_fp32.onnx device=NPU warmup=5 iters=100
[2026-05-23 11:18:52] creating session
[2026-05-23 11:18:52] session ready providers=OpenVINOExecutionProvider | CPUExecutionProvider
[2026-05-23 11:18:52] preparing inputs
[2026-05-23 11:18:54] inputs ready
[2026-05-23 11:18:54] warmup start
[2026-05-23 11:18:54] warmup done
[2026-05-23 11:18:54] benchmark iterations start
[2026-05-23 11:18:54] iteration 25/100 elapsed_s=0.3
[2026-05-23 11:18:55] iteration 50/100 elapsed_s=0.6
[2026-05-23 11:18:55] iteration 75/100 elapsed_s=0.9
[2026-05-23 11:18:55] iteration 100/100 elapsed_s=1.1
[2026-05-23 11:18:55] benchmark iterations done
[2026-05-23 11:18:55] mode complete mode=optimized mean_ms=11.385 std_ms=0.971 p95_ms=13.027
[2026-05-23 11:19:36] start mode=baseline model=GraphTransformer_fp32.onnx device=NPU warmup=5 iters=100
[2026-05-23 11:19:36] creating session
[2026-05-23 11:19:37] session ready providers=OpenVINOExecutionProvider | CPUExecutionProvider
[2026-05-23 11:19:37] preparing inputs
[2026-05-23 11:19:44] inputs ready
[2026-05-23 11:19:44] warmup start
[2026-05-23 11:19:44] warmup done
[2026-05-23 11:19:44] benchmark iterations start
[2026-05-23 11:19:44] iteration 25/100 elapsed_s=0.3
[2026-05-23 11:19:44] iteration 50/100 elapsed_s=0.6
[2026-05-23 11:19:45] iteration 75/100 elapsed_s=0.8
[2026-05-23 11:19:45] iteration 100/100 elapsed_s=1.1
[2026-05-23 11:19:45] benchmark iterations done
[2026-05-23 11:19:45] mode complete mode=baseline mean_ms=10.945 std_ms=2.435 p95_ms=12.972
[2026-05-23 11:19:45] start mode=optimized model=GraphTransformer_fp32.onnx device=NPU warmup=5 iters=100
[2026-05-23 11:19:45] creating session
[2026-05-23 11:19:46] session ready providers=OpenVINOExecutionProvider | CPUExecutionProvider
[2026-05-23 11:19:46] preparing inputs
[2026-05-23 11:19:48] inputs ready
[2026-05-23 11:19:48] warmup start
[2026-05-23 11:19:48] warmup done
[2026-05-23 11:19:48] benchmark iterations start
[2026-05-23 11:19:49] iteration 25/100 elapsed_s=0.3
[2026-05-23 11:19:49] iteration 50/100 elapsed_s=0.5
[2026-05-23 11:19:49] iteration 75/100 elapsed_s=0.8
[2026-05-23 11:19:49] iteration 100/100 elapsed_s=1.0
[2026-05-23 11:19:49] benchmark iterations done
[2026-05-23 11:19:49] mode complete mode=optimized mean_ms=10.279 std_ms=1.727 p95_ms=12.865
[2026-05-23 11:20:34] start mode=baseline model=GraphTransformer_fp32.onnx device=GPU warmup=5 iters=100
[2026-05-23 11:20:34] creating session
[2026-05-23 11:20:37] session ready providers=OpenVINOExecutionProvider | CPUExecutionProvider
[2026-05-23 11:20:37] preparing inputs
[2026-05-23 11:20:37] inputs ready
[2026-05-23 11:20:37] warmup start
[2026-05-23 11:20:37] warmup done
[2026-05-23 11:20:37] benchmark iterations start
[2026-05-23 11:20:37] iteration 25/100 elapsed_s=0.2
[2026-05-23 11:20:37] iteration 50/100 elapsed_s=0.3
[2026-05-23 11:20:37] iteration 75/100 elapsed_s=0.5
[2026-05-23 11:20:37] iteration 100/100 elapsed_s=0.6
[2026-05-23 11:20:37] benchmark iterations done
[2026-05-23 11:20:37] mode complete mode=baseline mean_ms=6.249 std_ms=0.738 p95_ms=7.347
[2026-05-23 11:20:38] start mode=optimized model=GraphTransformer_fp32.onnx device=GPU warmup=5 iters=100
[2026-05-23 11:20:38] creating session
[2026-05-23 11:20:39] session ready providers=OpenVINOExecutionProvider | CPUExecutionProvider
[2026-05-23 11:20:39] preparing inputs
[2026-05-23 11:20:39] inputs ready
[2026-05-23 11:20:39] warmup start
[2026-05-23 11:20:39] warmup done
[2026-05-23 11:20:39] benchmark iterations start
[2026-05-23 11:20:39] iteration 25/100 elapsed_s=0.1
[2026-05-23 11:20:39] iteration 50/100 elapsed_s=0.3
[2026-05-23 11:20:40] iteration 75/100 elapsed_s=0.4
[2026-05-23 11:20:40] iteration 100/100 elapsed_s=0.6
[2026-05-23 11:20:40] benchmark iterations done
[2026-05-23 11:20:40] mode complete mode=optimized mean_ms=5.750 std_ms=0.657 p95_ms=6.851
[2026-05-23 11:21:14] start mode=baseline model=GraphTransformer_fp32.onnx device=GPU warmup=5 iters=100
[2026-05-23 11:21:14] creating session
[2026-05-23 11:21:16] session ready providers=OpenVINOExecutionProvider | CPUExecutionProvider
[2026-05-23 11:21:16] preparing inputs
[2026-05-23 11:21:18] inputs ready
[2026-05-23 11:21:18] warmup start
[2026-05-23 11:21:18] warmup done
[2026-05-23 11:21:18] benchmark iterations start
[2026-05-23 11:21:18] iteration 25/100 elapsed_s=0.1
[2026-05-23 11:21:18] iteration 50/100 elapsed_s=0.3
[2026-05-23 11:21:18] iteration 75/100 elapsed_s=0.4
[2026-05-23 11:21:18] iteration 100/100 elapsed_s=0.6
[2026-05-23 11:21:18] benchmark iterations done
[2026-05-23 11:21:18] mode complete mode=baseline mean_ms=5.895 std_ms=0.749 p95_ms=7.204
[2026-05-23 11:21:19] start mode=optimized model=GraphTransformer_fp32.onnx device=GPU warmup=5 iters=100
[2026-05-23 11:21:19] creating session
[2026-05-23 11:21:20] session ready providers=OpenVINOExecutionProvider | CPUExecutionProvider
[2026-05-23 11:21:20] preparing inputs
[2026-05-23 11:21:21] inputs ready
[2026-05-23 11:21:21] warmup start
[2026-05-23 11:21:21] warmup done
[2026-05-23 11:21:21] benchmark iterations start
[2026-05-23 11:21:22] iteration 25/100 elapsed_s=0.2
[2026-05-23 11:21:22] iteration 50/100 elapsed_s=0.3
[2026-05-23 11:21:22] iteration 75/100 elapsed_s=0.5
[2026-05-23 11:21:22] iteration 100/100 elapsed_s=0.6
[2026-05-23 11:21:22] benchmark iterations done
[2026-05-23 11:21:22] mode complete mode=optimized mean_ms=6.148 std_ms=0.986 p95_ms=7.876
[2026-05-23 11:22:07] start mode=baseline model=GraphTransformer_fp32.onnx device=GPU warmup=5 iters=100
[2026-05-23 11:22:07] creating session
[2026-05-23 11:22:08] session ready providers=OpenVINOExecutionProvider | CPUExecutionProvider
[2026-05-23 11:22:08] preparing inputs
[2026-05-23 11:22:11] inputs ready
[2026-05-23 11:22:11] warmup start
[2026-05-23 11:22:11] warmup done
[2026-05-23 11:22:11] benchmark iterations start
[2026-05-23 11:22:11] iteration 25/100 elapsed_s=0.2
[2026-05-23 11:22:11] iteration 50/100 elapsed_s=0.3
[2026-05-23 11:22:11] iteration 75/100 elapsed_s=0.5
[2026-05-23 11:22:11] iteration 100/100 elapsed_s=0.6
[2026-05-23 11:22:11] benchmark iterations done
[2026-05-23 11:22:11] mode complete mode=baseline mean_ms=6.025 std_ms=0.811 p95_ms=7.265
[2026-05-23 11:22:12] start mode=optimized model=GraphTransformer_fp32.onnx device=GPU warmup=5 iters=100
[2026-05-23 11:22:12] creating session
[2026-05-23 11:22:13] session ready providers=OpenVINOExecutionProvider | CPUExecutionProvider
[2026-05-23 11:22:13] preparing inputs
[2026-05-23 11:22:15] inputs ready
[2026-05-23 11:22:15] warmup start
[2026-05-23 11:22:15] warmup done
[2026-05-23 11:22:15] benchmark iterations start
[2026-05-23 11:22:15] iteration 25/100 elapsed_s=0.2
[2026-05-23 11:22:15] iteration 50/100 elapsed_s=0.3
[2026-05-23 11:22:15] iteration 75/100 elapsed_s=0.4
[2026-05-23 11:22:16] iteration 100/100 elapsed_s=0.6
[2026-05-23 11:22:16] benchmark iterations done
[2026-05-23 11:22:16] mode complete mode=optimized mean_ms=6.085 std_ms=0.890 p95_ms=7.258
[2026-05-23 11:23:07] start mode=baseline model=GraphTransformer_fp32.onnx device=CPU warmup=5 iters=100
[2026-05-23 11:23:07] creating session
[2026-05-23 11:23:07] session ready providers=OpenVINOExecutionProvider | CPUExecutionProvider
[2026-05-23 11:23:07] preparing inputs
[2026-05-23 11:23:08] inputs ready
[2026-05-23 11:23:08] warmup start
[2026-05-23 11:23:08] warmup done
[2026-05-23 11:23:08] benchmark iterations start
[2026-05-23 11:23:08] iteration 25/100 elapsed_s=0.3
[2026-05-23 11:23:08] iteration 50/100 elapsed_s=0.6
[2026-05-23 11:23:08] iteration 75/100 elapsed_s=0.8
[2026-05-23 11:23:09] iteration 100/100 elapsed_s=1.1
[2026-05-23 11:23:09] benchmark iterations done
[2026-05-23 11:23:09] mode complete mode=baseline mean_ms=10.693 std_ms=1.187 p95_ms=12.683
[2026-05-23 11:23:09] start mode=optimized model=GraphTransformer_fp32.onnx device=CPU warmup=5 iters=100
[2026-05-23 11:23:09] creating session
[2026-05-23 11:23:09] session ready providers=OpenVINOExecutionProvider | CPUExecutionProvider
[2026-05-23 11:23:09] preparing inputs
[2026-05-23 11:23:10] inputs ready
[2026-05-23 11:23:10] warmup start
[2026-05-23 11:23:10] warmup done
[2026-05-23 11:23:10] benchmark iterations start
[2026-05-23 11:23:10] iteration 25/100 elapsed_s=0.3
[2026-05-23 11:23:10] iteration 50/100 elapsed_s=0.6
[2026-05-23 11:23:11] iteration 75/100 elapsed_s=0.9
[2026-05-23 11:23:11] iteration 100/100 elapsed_s=1.1
[2026-05-23 11:23:11] benchmark iterations done
[2026-05-23 11:23:11] mode complete mode=optimized mean_ms=11.141 std_ms=2.498 p95_ms=13.840
[2026-05-23 11:23:34] start mode=baseline model=GraphTransformer_fp32.onnx device=CPU warmup=5 iters=100
[2026-05-23 11:23:34] creating session
[2026-05-23 11:23:35] session ready providers=OpenVINOExecutionProvider | CPUExecutionProvider
[2026-05-23 11:23:35] preparing inputs
[2026-05-23 11:23:36] inputs ready
[2026-05-23 11:23:36] warmup start
[2026-05-23 11:23:37] warmup done
[2026-05-23 11:23:37] benchmark iterations start
[2026-05-23 11:23:37] iteration 25/100 elapsed_s=0.3
[2026-05-23 11:23:37] iteration 50/100 elapsed_s=0.6
[2026-05-23 11:23:37] iteration 75/100 elapsed_s=0.9
[2026-05-23 11:23:38] iteration 100/100 elapsed_s=1.1
[2026-05-23 11:23:38] benchmark iterations done
[2026-05-23 11:23:38] mode complete mode=baseline mean_ms=11.311 std_ms=2.294 p95_ms=14.258
[2026-05-23 11:23:38] start mode=optimized model=GraphTransformer_fp32.onnx device=CPU warmup=5 iters=100
[2026-05-23 11:23:38] creating session
[2026-05-23 11:23:38] session ready providers=OpenVINOExecutionProvider | CPUExecutionProvider
[2026-05-23 11:23:38] preparing inputs
[2026-05-23 11:23:40] inputs ready
[2026-05-23 11:23:40] warmup start
[2026-05-23 11:23:40] warmup done
[2026-05-23 11:23:40] benchmark iterations start
[2026-05-23 11:23:40] iteration 25/100 elapsed_s=0.3
[2026-05-23 11:23:41] iteration 50/100 elapsed_s=0.5
[2026-05-23 11:23:41] iteration 75/100 elapsed_s=0.8
[2026-05-23 11:23:41] iteration 100/100 elapsed_s=1.0
[2026-05-23 11:23:41] benchmark iterations done
[2026-05-23 11:23:41] mode complete mode=optimized mean_ms=10.329 std_ms=0.659 p95_ms=11.663
[2026-05-23 11:24:20] start mode=baseline model=GraphTransformer_fp32.onnx device=CPU warmup=5 iters=100
[2026-05-23 11:24:20] creating session
[2026-05-23 11:24:20] session ready providers=OpenVINOExecutionProvider | CPUExecutionProvider
[2026-05-23 11:24:20] preparing inputs
[2026-05-23 11:24:23] inputs ready
[2026-05-23 11:24:23] warmup start
[2026-05-23 11:24:23] warmup done
[2026-05-23 11:24:23] benchmark iterations start
[2026-05-23 11:24:23] iteration 25/100 elapsed_s=0.3
[2026-05-23 11:24:23] iteration 50/100 elapsed_s=0.5
[2026-05-23 11:24:24] iteration 75/100 elapsed_s=0.8
[2026-05-23 11:24:24] iteration 100/100 elapsed_s=1.1
[2026-05-23 11:24:24] benchmark iterations done
[2026-05-23 11:24:24] mode complete mode=baseline mean_ms=10.508 std_ms=1.370 p95_ms=14.037
[2026-05-23 11:24:24] start mode=optimized model=GraphTransformer_fp32.onnx device=CPU warmup=5 iters=100
[2026-05-23 11:24:24] creating session
[2026-05-23 11:24:24] session ready providers=OpenVINOExecutionProvider | CPUExecutionProvider
[2026-05-23 11:24:24] preparing inputs
[2026-05-23 11:24:27] inputs ready
[2026-05-23 11:24:27] warmup start
[2026-05-23 11:24:27] warmup done
[2026-05-23 11:24:27] benchmark iterations start
[2026-05-23 11:24:27] iteration 25/100 elapsed_s=0.3
[2026-05-23 11:24:27] iteration 50/100 elapsed_s=0.5
[2026-05-23 11:24:28] iteration 75/100 elapsed_s=0.8
[2026-05-23 11:24:28] iteration 100/100 elapsed_s=1.0
[2026-05-23 11:24:28] benchmark iterations done
[2026-05-23 11:24:28] mode complete mode=optimized mean_ms=10.416 std_ms=1.282 p95_ms=13.422
