[2026-05-23 16:03:55] start mode=baseline model=MPNN_int8.onnx device=GPU warmup=5 iters=100
[2026-05-23 16:03:55] creating session
[2026-05-23 16:03:55] session ready providers=CPUExecutionProvider
[2026-05-23 16:03:55] preparing inputs
[2026-05-23 16:03:55] inputs ready
[2026-05-23 16:03:55] warmup start
[2026-05-23 16:03:55] warmup done
[2026-05-23 16:03:55] benchmark iterations start
[2026-05-23 16:03:56] iteration 25/100 elapsed_s=0.2
[2026-05-23 16:03:56] iteration 50/100 elapsed_s=0.3
[2026-05-23 16:03:56] iteration 75/100 elapsed_s=0.5
[2026-05-23 16:03:56] iteration 100/100 elapsed_s=0.7
[2026-05-23 16:03:56] benchmark iterations done
[2026-05-23 16:03:56] mode complete mode=baseline mean_ms=6.491 std_ms=1.620 p95_ms=9.494
[2026-05-23 16:03:56] start mode=optimized model=MPNN_int8.onnx device=GPU warmup=5 iters=100
[2026-05-23 16:03:56] creating session
[2026-05-23 16:03:57] session ready providers=CPUExecutionProvider
[2026-05-23 16:03:57] preparing inputs
[2026-05-23 16:03:57] inputs ready
[2026-05-23 16:03:57] warmup start
[2026-05-23 16:03:57] warmup done
[2026-05-23 16:03:57] benchmark iterations start
[2026-05-23 16:03:57] iteration 25/100 elapsed_s=0.1
[2026-05-23 16:03:58] iteration 50/100 elapsed_s=0.3
[2026-05-23 16:03:58] iteration 75/100 elapsed_s=0.5
[2026-05-23 16:03:58] iteration 100/100 elapsed_s=0.7
[2026-05-23 16:03:58] benchmark iterations done
[2026-05-23 16:03:58] mode complete mode=optimized mean_ms=6.563 std_ms=2.011 p95_ms=9.473
[2026-05-23 16:09:53] start mode=baseline model=MPNN_int8.onnx device=CPU warmup=5 iters=100
[2026-05-23 16:09:53] creating session
[2026-05-23 16:09:53] session ready providers=CPUExecutionProvider
[2026-05-23 16:09:53] preparing inputs
[2026-05-23 16:09:53] inputs ready
[2026-05-23 16:09:53] warmup start
[2026-05-23 16:09:53] warmup done
[2026-05-23 16:09:53] benchmark iterations start
[2026-05-23 16:09:54] iteration 25/100 elapsed_s=0.2
[2026-05-23 16:09:54] iteration 50/100 elapsed_s=0.4
[2026-05-23 16:09:54] iteration 75/100 elapsed_s=0.6
[2026-05-23 16:09:54] iteration 100/100 elapsed_s=0.8
[2026-05-23 16:09:54] benchmark iterations done
[2026-05-23 16:09:54] mode complete mode=baseline mean_ms=8.190 std_ms=2.512 p95_ms=14.901
[2026-05-23 16:09:55] start mode=optimized model=MPNN_int8.onnx device=CPU warmup=5 iters=100
[2026-05-23 16:09:55] creating session
[2026-05-23 16:09:55] session ready providers=CPUExecutionProvider
[2026-05-23 16:09:55] preparing inputs
[2026-05-23 16:09:55] inputs ready
[2026-05-23 16:09:55] warmup start
[2026-05-23 16:09:55] warmup done
[2026-05-23 16:09:55] benchmark iterations start
[2026-05-23 16:09:56] iteration 25/100 elapsed_s=0.2
[2026-05-23 16:09:56] iteration 50/100 elapsed_s=0.4
[2026-05-23 16:09:56] iteration 75/100 elapsed_s=0.6
[2026-05-23 16:09:56] iteration 100/100 elapsed_s=0.8
[2026-05-23 16:09:56] benchmark iterations done
[2026-05-23 16:09:56] mode complete mode=optimized mean_ms=7.643 std_ms=3.256 p95_ms=9.764
