[2026-05-23 11:18:35] start mode=baseline model=GraphTransformer_int8.onnx device=NPU warmup=5 iters=100
[2026-05-23 11:18:35] creating session
[2026-05-23 11:18:36] session ready providers=OpenVINOExecutionProvider | CPUExecutionProvider
[2026-05-23 11:18:36] preparing inputs
[2026-05-23 11:18:36] inputs ready
[2026-05-23 11:18:36] warmup start
[2026-05-23 11:18:36] warmup done
[2026-05-23 11:18:36] benchmark iterations start
[2026-05-23 11:18:36] iteration 25/100 elapsed_s=0.2
[2026-05-23 11:18:36] iteration 50/100 elapsed_s=0.5
[2026-05-23 11:18:37] iteration 75/100 elapsed_s=0.7
[2026-05-23 11:18:37] iteration 100/100 elapsed_s=0.9
[2026-05-23 11:18:37] benchmark iterations done
[2026-05-23 11:18:37] mode complete mode=baseline mean_ms=8.623 std_ms=1.173 p95_ms=10.975
[2026-05-23 11:18:37] start mode=optimized model=GraphTransformer_int8.onnx device=NPU warmup=5 iters=100
[2026-05-23 11:18:37] creating session
[2026-05-23 11:18:38] session ready providers=OpenVINOExecutionProvider | CPUExecutionProvider
[2026-05-23 11:18:38] preparing inputs
[2026-05-23 11:18:38] inputs ready
[2026-05-23 11:18:38] warmup start
[2026-05-23 11:18:38] warmup done
[2026-05-23 11:18:38] benchmark iterations start
[2026-05-23 11:18:38] iteration 25/100 elapsed_s=0.3
[2026-05-23 11:18:38] iteration 50/100 elapsed_s=0.5
[2026-05-23 11:18:38] iteration 75/100 elapsed_s=0.7
[2026-05-23 11:18:39] iteration 100/100 elapsed_s=0.9
[2026-05-23 11:18:39] benchmark iterations done
[2026-05-23 11:18:39] mode complete mode=optimized mean_ms=8.842 std_ms=1.647 p95_ms=12.013
[2026-05-23 11:19:20] start mode=baseline model=GraphTransformer_int8.onnx device=NPU warmup=5 iters=100
[2026-05-23 11:19:20] creating session
[2026-05-23 11:19:21] session ready providers=OpenVINOExecutionProvider | CPUExecutionProvider
[2026-05-23 11:19:21] preparing inputs
[2026-05-23 11:19:23] inputs ready
[2026-05-23 11:19:23] warmup start
[2026-05-23 11:19:23] warmup done
[2026-05-23 11:19:23] benchmark iterations start
[2026-05-23 11:19:23] iteration 25/100 elapsed_s=0.2
[2026-05-23 11:19:23] iteration 50/100 elapsed_s=0.4
[2026-05-23 11:19:23] iteration 75/100 elapsed_s=0.6
[2026-05-23 11:19:24] iteration 100/100 elapsed_s=0.9
[2026-05-23 11:19:24] benchmark iterations done
[2026-05-23 11:19:24] mode complete mode=baseline mean_ms=8.970 std_ms=2.746 p95_ms=10.092
[2026-05-23 11:19:24] start mode=optimized model=GraphTransformer_int8.onnx device=NPU warmup=5 iters=100
[2026-05-23 11:19:24] creating session
[2026-05-23 11:19:24] session ready providers=OpenVINOExecutionProvider | CPUExecutionProvider
[2026-05-23 11:19:24] preparing inputs
[2026-05-23 11:19:26] inputs ready
[2026-05-23 11:19:26] warmup start
[2026-05-23 11:19:26] warmup done
[2026-05-23 11:19:26] benchmark iterations start
[2026-05-23 11:19:27] iteration 25/100 elapsed_s=0.2
[2026-05-23 11:19:27] iteration 50/100 elapsed_s=0.5
[2026-05-23 11:19:27] iteration 75/100 elapsed_s=0.7
[2026-05-23 11:19:27] iteration 100/100 elapsed_s=0.9
[2026-05-23 11:19:27] benchmark iterations done
[2026-05-23 11:19:27] mode complete mode=optimized mean_ms=9.334 std_ms=0.775 p95_ms=10.425
[2026-05-23 11:20:16] start mode=baseline model=GraphTransformer_int8.onnx device=NPU warmup=5 iters=100
[2026-05-23 11:20:16] creating session
[2026-05-23 11:20:17] session ready providers=OpenVINOExecutionProvider | CPUExecutionProvider
[2026-05-23 11:20:17] preparing inputs
[2026-05-23 11:20:19] inputs ready
[2026-05-23 11:20:19] warmup start
[2026-05-23 11:20:19] warmup done
[2026-05-23 11:20:19] benchmark iterations start
[2026-05-23 11:20:19] iteration 25/100 elapsed_s=0.2
[2026-05-23 11:20:20] iteration 50/100 elapsed_s=0.4
[2026-05-23 11:20:20] iteration 75/100 elapsed_s=0.6
[2026-05-23 11:20:20] iteration 100/100 elapsed_s=0.9
[2026-05-23 11:20:20] benchmark iterations done
[2026-05-23 11:20:20] mode complete mode=baseline mean_ms=8.538 std_ms=0.801 p95_ms=10.103
[2026-05-23 11:20:20] start mode=optimized model=GraphTransformer_int8.onnx device=NPU warmup=5 iters=100
[2026-05-23 11:20:20] creating session
[2026-05-23 11:20:21] session ready providers=OpenVINOExecutionProvider | CPUExecutionProvider
[2026-05-23 11:20:21] preparing inputs
[2026-05-23 11:20:23] inputs ready
[2026-05-23 11:20:23] warmup start
[2026-05-23 11:20:23] warmup done
[2026-05-23 11:20:23] benchmark iterations start
[2026-05-23 11:20:24] iteration 25/100 elapsed_s=0.2
[2026-05-23 11:20:24] iteration 50/100 elapsed_s=0.4
[2026-05-23 11:20:24] iteration 75/100 elapsed_s=0.6
[2026-05-23 11:20:24] iteration 100/100 elapsed_s=0.8
[2026-05-23 11:20:24] benchmark iterations done
[2026-05-23 11:20:24] mode complete mode=optimized mean_ms=8.417 std_ms=1.290 p95_ms=11.346
[2026-05-23 11:21:03] start mode=baseline model=GraphTransformer_int8.onnx device=GPU warmup=5 iters=100
[2026-05-23 11:21:03] creating session
[2026-05-23 11:21:05] session ready providers=OpenVINOExecutionProvider | CPUExecutionProvider
[2026-05-23 11:21:05] preparing inputs
[2026-05-23 11:21:05] inputs ready
[2026-05-23 11:21:05] warmup start
[2026-05-23 11:21:05] warmup done
[2026-05-23 11:21:05] benchmark iterations start
[2026-05-23 11:21:05] iteration 25/100 elapsed_s=0.1
[2026-05-23 11:21:05] iteration 50/100 elapsed_s=0.3
[2026-05-23 11:21:05] iteration 75/100 elapsed_s=0.4
[2026-05-23 11:21:05] iteration 100/100 elapsed_s=0.6
[2026-05-23 11:21:05] benchmark iterations done
[2026-05-23 11:21:05] mode complete mode=baseline mean_ms=5.613 std_ms=0.526 p95_ms=6.617
[2026-05-23 11:21:06] start mode=optimized model=GraphTransformer_int8.onnx device=GPU warmup=5 iters=100
[2026-05-23 11:21:06] creating session
[2026-05-23 11:21:07] session ready providers=OpenVINOExecutionProvider | CPUExecutionProvider
[2026-05-23 11:21:07] preparing inputs
[2026-05-23 11:21:07] inputs ready
[2026-05-23 11:21:07] warmup start
[2026-05-23 11:21:07] warmup done
[2026-05-23 11:21:07] benchmark iterations start
[2026-05-23 11:21:08] iteration 25/100 elapsed_s=0.1
[2026-05-23 11:21:08] iteration 50/100 elapsed_s=0.3
[2026-05-23 11:21:08] iteration 75/100 elapsed_s=0.4
[2026-05-23 11:21:08] iteration 100/100 elapsed_s=0.6
[2026-05-23 11:21:08] benchmark iterations done
[2026-05-23 11:21:08] mode complete mode=optimized mean_ms=5.817 std_ms=0.583 p95_ms=6.843
[2026-05-23 11:21:49] start mode=baseline model=GraphTransformer_int8.onnx device=GPU warmup=5 iters=100
[2026-05-23 11:21:49] creating session
[2026-05-23 11:21:50] session ready providers=OpenVINOExecutionProvider | CPUExecutionProvider
[2026-05-23 11:21:50] preparing inputs
[2026-05-23 11:21:52] inputs ready
[2026-05-23 11:21:52] warmup start
[2026-05-23 11:21:52] warmup done
[2026-05-23 11:21:52] benchmark iterations start
[2026-05-23 11:21:52] iteration 25/100 elapsed_s=0.1
[2026-05-23 11:21:52] iteration 50/100 elapsed_s=0.3
[2026-05-23 11:21:53] iteration 75/100 elapsed_s=0.4
[2026-05-23 11:21:53] iteration 100/100 elapsed_s=0.6
[2026-05-23 11:21:53] benchmark iterations done
[2026-05-23 11:21:53] mode complete mode=baseline mean_ms=6.045 std_ms=0.693 p95_ms=7.372
[2026-05-23 11:21:53] start mode=optimized model=GraphTransformer_int8.onnx device=GPU warmup=5 iters=100
[2026-05-23 11:21:53] creating session
[2026-05-23 11:21:54] session ready providers=OpenVINOExecutionProvider | CPUExecutionProvider
[2026-05-23 11:21:54] preparing inputs
[2026-05-23 11:21:56] inputs ready
[2026-05-23 11:21:56] warmup start
[2026-05-23 11:21:56] warmup done
[2026-05-23 11:21:56] benchmark iterations start
[2026-05-23 11:21:56] iteration 25/100 elapsed_s=0.1
[2026-05-23 11:21:57] iteration 50/100 elapsed_s=0.3
[2026-05-23 11:21:57] iteration 75/100 elapsed_s=0.4
[2026-05-23 11:21:57] iteration 100/100 elapsed_s=0.6
[2026-05-23 11:21:57] benchmark iterations done
[2026-05-23 11:21:57] mode complete mode=optimized mean_ms=5.700 std_ms=0.549 p95_ms=6.779
[2026-05-23 11:22:46] start mode=baseline model=GraphTransformer_int8.onnx device=GPU warmup=5 iters=100
[2026-05-23 11:22:46] creating session
[2026-05-23 11:22:48] session ready providers=OpenVINOExecutionProvider | CPUExecutionProvider
[2026-05-23 11:22:48] preparing inputs
[2026-05-23 11:22:50] inputs ready
[2026-05-23 11:22:50] warmup start
[2026-05-23 11:22:50] warmup done
[2026-05-23 11:22:50] benchmark iterations start
[2026-05-23 11:22:50] iteration 25/100 elapsed_s=0.1
[2026-05-23 11:22:51] iteration 50/100 elapsed_s=0.3
[2026-05-23 11:22:51] iteration 75/100 elapsed_s=0.4
[2026-05-23 11:22:51] iteration 100/100 elapsed_s=0.6
[2026-05-23 11:22:51] benchmark iterations done
[2026-05-23 11:22:51] mode complete mode=baseline mean_ms=5.712 std_ms=0.430 p95_ms=6.574
[2026-05-23 11:22:51] start mode=optimized model=GraphTransformer_int8.onnx device=GPU warmup=5 iters=100
[2026-05-23 11:22:51] creating session
[2026-05-23 11:22:53] session ready providers=OpenVINOExecutionProvider | CPUExecutionProvider
[2026-05-23 11:22:53] preparing inputs
[2026-05-23 11:22:55] inputs ready
[2026-05-23 11:22:55] warmup start
[2026-05-23 11:22:55] warmup done
[2026-05-23 11:22:55] benchmark iterations start
[2026-05-23 11:22:55] iteration 25/100 elapsed_s=0.1
[2026-05-23 11:22:55] iteration 50/100 elapsed_s=0.3
[2026-05-23 11:22:55] iteration 75/100 elapsed_s=0.4
[2026-05-23 11:22:56] iteration 100/100 elapsed_s=0.6
[2026-05-23 11:22:56] benchmark iterations done
[2026-05-23 11:22:56] mode complete mode=optimized mean_ms=5.862 std_ms=0.532 p95_ms=6.758
[2026-05-23 11:23:26] start mode=baseline model=GraphTransformer_int8.onnx device=CPU warmup=5 iters=100
[2026-05-23 11:23:26] creating session
[2026-05-23 11:23:26] session ready providers=OpenVINOExecutionProvider | CPUExecutionProvider
[2026-05-23 11:23:26] preparing inputs
[2026-05-23 11:23:26] inputs ready
[2026-05-23 11:23:26] warmup start
[2026-05-23 11:23:26] warmup done
[2026-05-23 11:23:26] benchmark iterations start
[2026-05-23 11:23:26] iteration 25/100 elapsed_s=0.2
[2026-05-23 11:23:27] iteration 50/100 elapsed_s=0.5
[2026-05-23 11:23:27] iteration 75/100 elapsed_s=0.7
[2026-05-23 11:23:27] iteration 100/100 elapsed_s=0.9
[2026-05-23 11:23:27] benchmark iterations done
[2026-05-23 11:23:27] mode complete mode=baseline mean_ms=9.131 std_ms=0.749 p95_ms=10.196
[2026-05-23 11:23:27] start mode=optimized model=GraphTransformer_int8.onnx device=CPU warmup=5 iters=100
[2026-05-23 11:23:27] creating session
[2026-05-23 11:23:28] session ready providers=OpenVINOExecutionProvider | CPUExecutionProvider
[2026-05-23 11:23:28] preparing inputs
[2026-05-23 11:23:28] inputs ready
[2026-05-23 11:23:28] warmup start
[2026-05-23 11:23:28] warmup done
[2026-05-23 11:23:28] benchmark iterations start
[2026-05-23 11:23:29] iteration 25/100 elapsed_s=0.2
[2026-05-23 11:23:29] iteration 50/100 elapsed_s=0.5
[2026-05-23 11:23:29] iteration 75/100 elapsed_s=0.7
[2026-05-23 11:23:29] iteration 100/100 elapsed_s=0.9
[2026-05-23 11:23:29] benchmark iterations done
[2026-05-23 11:23:29] mode complete mode=optimized mean_ms=9.041 std_ms=1.008 p95_ms=10.827
[2026-05-23 11:24:05] start mode=baseline model=GraphTransformer_int8.onnx device=CPU warmup=5 iters=100
[2026-05-23 11:24:05] creating session
[2026-05-23 11:24:05] session ready providers=OpenVINOExecutionProvider | CPUExecutionProvider
[2026-05-23 11:24:05] preparing inputs
[2026-05-23 11:24:07] inputs ready
[2026-05-23 11:24:07] warmup start
[2026-05-23 11:24:07] warmup done
[2026-05-23 11:24:07] benchmark iterations start
[2026-05-23 11:24:07] iteration 25/100 elapsed_s=0.2
[2026-05-23 11:24:07] iteration 50/100 elapsed_s=0.5
[2026-05-23 11:24:08] iteration 75/100 elapsed_s=0.7
[2026-05-23 11:24:08] iteration 100/100 elapsed_s=0.9
[2026-05-23 11:24:08] benchmark iterations done
[2026-05-23 11:24:08] mode complete mode=baseline mean_ms=8.875 std_ms=0.952 p95_ms=10.420
[2026-05-23 11:24:08] start mode=optimized model=GraphTransformer_int8.onnx device=CPU warmup=5 iters=100
[2026-05-23 11:24:08] creating session
[2026-05-23 11:24:09] session ready providers=OpenVINOExecutionProvider | CPUExecutionProvider
[2026-05-23 11:24:09] preparing inputs
[2026-05-23 11:24:11] inputs ready
[2026-05-23 11:24:11] warmup start
[2026-05-23 11:24:11] warmup done
[2026-05-23 11:24:11] benchmark iterations start
[2026-05-23 11:24:11] iteration 25/100 elapsed_s=0.2
[2026-05-23 11:24:11] iteration 50/100 elapsed_s=0.5
[2026-05-23 11:24:11] iteration 75/100 elapsed_s=0.7
[2026-05-23 11:24:12] iteration 100/100 elapsed_s=0.9
[2026-05-23 11:24:12] benchmark iterations done
[2026-05-23 11:24:12] mode complete mode=optimized mean_ms=9.385 std_ms=2.637 p95_ms=10.831
[2026-05-23 11:24:55] start mode=baseline model=GraphTransformer_int8.onnx device=CPU warmup=5 iters=100
[2026-05-23 11:24:55] creating session
[2026-05-23 11:24:55] session ready providers=OpenVINOExecutionProvider | CPUExecutionProvider
[2026-05-23 11:24:55] preparing inputs
[2026-05-23 11:24:58] inputs ready
[2026-05-23 11:24:58] warmup start
[2026-05-23 11:24:58] warmup done
[2026-05-23 11:24:58] benchmark iterations start
[2026-05-23 11:24:58] iteration 25/100 elapsed_s=0.2
[2026-05-23 11:24:58] iteration 50/100 elapsed_s=0.4
[2026-05-23 11:24:59] iteration 75/100 elapsed_s=0.7
[2026-05-23 11:24:59] iteration 100/100 elapsed_s=0.9
[2026-05-23 11:24:59] benchmark iterations done
[2026-05-23 11:24:59] mode complete mode=baseline mean_ms=9.209 std_ms=1.461 p95_ms=11.745
[2026-05-23 11:24:59] start mode=optimized model=GraphTransformer_int8.onnx device=CPU warmup=5 iters=100
[2026-05-23 11:24:59] creating session
[2026-05-23 11:25:00] session ready providers=OpenVINOExecutionProvider | CPUExecutionProvider
[2026-05-23 11:25:00] preparing inputs
[2026-05-23 11:25:02] inputs ready
[2026-05-23 11:25:02] warmup start
[2026-05-23 11:25:02] warmup done
[2026-05-23 11:25:02] benchmark iterations start
[2026-05-23 11:25:02] iteration 25/100 elapsed_s=0.3
[2026-05-23 11:25:03] iteration 50/100 elapsed_s=0.5
[2026-05-23 11:25:03] iteration 75/100 elapsed_s=0.7
[2026-05-23 11:25:03] iteration 100/100 elapsed_s=0.9
[2026-05-23 11:25:03] benchmark iterations done
[2026-05-23 11:25:03] mode complete mode=optimized mean_ms=9.009 std_ms=1.208 p95_ms=11.447
