[2026-05-23 16:16:08] start mode=baseline model=SGC_int8.onnx device=NPU warmup=5 iters=100
[2026-05-23 16:16:08] creating session
[2026-05-23 16:16:08] session ready providers=OpenVINOExecutionProvider | CPUExecutionProvider
[2026-05-23 16:16:08] preparing inputs
[2026-05-23 16:16:09] inputs ready
[2026-05-23 16:16:09] warmup start
[2026-05-23 16:16:09] warmup done
[2026-05-23 16:16:09] benchmark iterations start
[2026-05-23 16:16:10] iteration 25/100 elapsed_s=1.3
[2026-05-23 16:16:12] iteration 50/100 elapsed_s=2.6
[2026-05-23 16:16:13] iteration 75/100 elapsed_s=3.9
[2026-05-23 16:16:14] iteration 100/100 elapsed_s=5.2
[2026-05-23 16:16:14] benchmark iterations done
[2026-05-23 16:16:14] mode complete mode=baseline mean_ms=52.272 std_ms=3.308 p95_ms=58.628
[2026-05-23 16:16:15] start mode=optimized model=SGC_int8.onnx device=NPU warmup=5 iters=100
[2026-05-23 16:16:15] creating session
[2026-05-23 16:16:15] session ready providers=OpenVINOExecutionProvider | CPUExecutionProvider
[2026-05-23 16:16:15] preparing inputs
[2026-05-23 16:16:15] inputs ready
[2026-05-23 16:16:15] warmup start
[2026-05-23 16:16:16] warmup done
[2026-05-23 16:16:16] benchmark iterations start
[2026-05-23 16:16:17] iteration 25/100 elapsed_s=1.3
[2026-05-23 16:16:18] iteration 50/100 elapsed_s=2.6
[2026-05-23 16:16:19] iteration 75/100 elapsed_s=3.8
[2026-05-23 16:16:21] iteration 100/100 elapsed_s=5.1
[2026-05-23 16:16:21] benchmark iterations done
[2026-05-23 16:16:21] mode complete mode=optimized mean_ms=51.356 std_ms=3.003 p95_ms=57.016
[2026-05-23 16:45:29] start mode=baseline model=SGC_int8.onnx device=GPU warmup=5 iters=100
[2026-05-23 16:45:29] creating session
[2026-05-23 16:45:31] session ready providers=OpenVINOExecutionProvider | CPUExecutionProvider
[2026-05-23 16:45:31] preparing inputs
[2026-05-23 16:45:31] inputs ready
[2026-05-23 16:45:31] warmup start
[2026-05-23 16:45:31] warmup done
[2026-05-23 16:45:31] benchmark iterations start
[2026-05-23 16:45:32] iteration 25/100 elapsed_s=1.1
[2026-05-23 16:45:33] iteration 50/100 elapsed_s=2.3
[2026-05-23 16:45:34] iteration 75/100 elapsed_s=3.4
[2026-05-23 16:45:35] iteration 100/100 elapsed_s=4.5
[2026-05-23 16:45:35] benchmark iterations done
[2026-05-23 16:45:35] mode complete mode=baseline mean_ms=44.923 std_ms=0.921 p95_ms=46.183
[2026-05-23 16:45:36] start mode=optimized model=SGC_int8.onnx device=GPU warmup=5 iters=100
[2026-05-23 16:45:36] creating session
[2026-05-23 16:45:37] session ready providers=OpenVINOExecutionProvider | CPUExecutionProvider
[2026-05-23 16:45:37] preparing inputs
[2026-05-23 16:45:37] inputs ready
[2026-05-23 16:45:37] warmup start
[2026-05-23 16:45:38] warmup done
[2026-05-23 16:45:38] benchmark iterations start
[2026-05-23 16:45:39] iteration 25/100 elapsed_s=1.1
[2026-05-23 16:45:40] iteration 50/100 elapsed_s=2.2
[2026-05-23 16:45:41] iteration 75/100 elapsed_s=3.4
[2026-05-23 16:45:42] iteration 100/100 elapsed_s=4.5
[2026-05-23 16:45:42] benchmark iterations done
[2026-05-23 16:45:42] mode complete mode=optimized mean_ms=44.938 std_ms=0.857 p95_ms=46.056
[2026-05-23 17:21:32] start mode=baseline model=SGC_int8.onnx device=CPU warmup=5 iters=100
[2026-05-23 17:21:32] creating session
[2026-05-23 17:21:32] session ready providers=OpenVINOExecutionProvider | CPUExecutionProvider
[2026-05-23 17:21:32] preparing inputs
[2026-05-23 17:21:33] inputs ready
[2026-05-23 17:21:33] warmup start
[2026-05-23 17:21:33] warmup done
[2026-05-23 17:21:33] benchmark iterations start
[2026-05-23 17:21:34] iteration 25/100 elapsed_s=1.3
[2026-05-23 17:21:36] iteration 50/100 elapsed_s=2.5
[2026-05-23 17:21:37] iteration 75/100 elapsed_s=3.7
[2026-05-23 17:21:38] iteration 100/100 elapsed_s=5.0
[2026-05-23 17:21:38] benchmark iterations done
[2026-05-23 17:21:38] mode complete mode=baseline mean_ms=50.370 std_ms=3.971 p95_ms=57.792
[2026-05-23 17:21:38] start mode=optimized model=SGC_int8.onnx device=CPU warmup=5 iters=100
[2026-05-23 17:21:38] creating session
[2026-05-23 17:21:39] session ready providers=OpenVINOExecutionProvider | CPUExecutionProvider
[2026-05-23 17:21:39] preparing inputs
[2026-05-23 17:21:39] inputs ready
[2026-05-23 17:21:39] warmup start
[2026-05-23 17:21:40] warmup done
[2026-05-23 17:21:40] benchmark iterations start
[2026-05-23 17:21:41] iteration 25/100 elapsed_s=1.3
[2026-05-23 17:21:42] iteration 50/100 elapsed_s=2.5
[2026-05-23 17:21:43] iteration 75/100 elapsed_s=3.7
[2026-05-23 17:21:45] iteration 100/100 elapsed_s=5.0
[2026-05-23 17:21:45] benchmark iterations done
[2026-05-23 17:21:45] mode complete mode=optimized mean_ms=49.744 std_ms=2.988 p95_ms=54.759
