[2026-05-23 10:35:04] start mode=baseline model=GATv2_fp32.onnx device=NPU warmup=5 iters=100
[2026-05-23 10:35:04] creating session
[2026-05-23 10:35:04] session ready providers=OpenVINOExecutionProvider | CPUExecutionProvider
[2026-05-23 10:35:04] preparing inputs
[2026-05-23 10:35:11] inputs ready
[2026-05-23 10:35:11] warmup start
[2026-05-23 10:35:11] warmup done
[2026-05-23 10:35:11] benchmark iterations start
[2026-05-23 10:35:11] iteration 25/100 elapsed_s=0.3
[2026-05-23 10:35:11] iteration 50/100 elapsed_s=0.7
[2026-05-23 10:35:12] iteration 75/100 elapsed_s=1.0
[2026-05-23 10:35:12] iteration 100/100 elapsed_s=1.3
[2026-05-23 10:35:12] benchmark iterations done
[2026-05-23 10:35:12] mode complete mode=baseline mean_ms=12.737 std_ms=1.374 p95_ms=14.644
[2026-05-23 10:35:12] start mode=optimized model=GATv2_fp32.onnx device=NPU warmup=5 iters=100
[2026-05-23 10:35:12] creating session
[2026-05-23 10:35:13] session ready providers=OpenVINOExecutionProvider | CPUExecutionProvider
[2026-05-23 10:35:13] preparing inputs
[2026-05-23 10:35:13] inputs ready
[2026-05-23 10:35:13] warmup start
[2026-05-23 10:35:13] warmup done
[2026-05-23 10:35:13] benchmark iterations start
[2026-05-23 10:35:14] iteration 25/100 elapsed_s=0.4
[2026-05-23 10:35:14] iteration 50/100 elapsed_s=0.7
[2026-05-23 10:35:14] iteration 75/100 elapsed_s=1.0
[2026-05-23 10:35:14] iteration 100/100 elapsed_s=1.3
[2026-05-23 10:35:14] benchmark iterations done
[2026-05-23 10:35:14] mode complete mode=optimized mean_ms=12.994 std_ms=1.690 p95_ms=15.421
[2026-05-23 10:35:26] start mode=baseline model=GATv2_fp32.onnx device=NPU warmup=5 iters=100
[2026-05-23 10:35:26] creating session
[2026-05-23 10:35:26] session ready providers=OpenVINOExecutionProvider | CPUExecutionProvider
[2026-05-23 10:35:26] preparing inputs
[2026-05-23 10:35:32] inputs ready
[2026-05-23 10:35:32] warmup start
[2026-05-23 10:35:32] warmup done
[2026-05-23 10:35:32] benchmark iterations start
[2026-05-23 10:35:33] iteration 25/100 elapsed_s=0.4
[2026-05-23 10:35:33] iteration 50/100 elapsed_s=0.7
[2026-05-23 10:35:33] iteration 75/100 elapsed_s=1.1
[2026-05-23 10:35:34] iteration 100/100 elapsed_s=1.4
[2026-05-23 10:35:34] benchmark iterations done
[2026-05-23 10:35:34] mode complete mode=baseline mean_ms=13.760 std_ms=1.374 p95_ms=16.741
[2026-05-23 10:35:34] start mode=optimized model=GATv2_fp32.onnx device=NPU warmup=5 iters=100
[2026-05-23 10:35:34] creating session
[2026-05-23 10:35:34] session ready providers=OpenVINOExecutionProvider | CPUExecutionProvider
[2026-05-23 10:35:34] preparing inputs
[2026-05-23 10:35:36] inputs ready
[2026-05-23 10:35:36] warmup start
[2026-05-23 10:35:36] warmup done
[2026-05-23 10:35:36] benchmark iterations start
[2026-05-23 10:35:37] iteration 25/100 elapsed_s=0.3
[2026-05-23 10:35:37] iteration 50/100 elapsed_s=0.7
[2026-05-23 10:35:37] iteration 75/100 elapsed_s=1.0
[2026-05-23 10:35:38] iteration 100/100 elapsed_s=1.4
[2026-05-23 10:35:38] benchmark iterations done
[2026-05-23 10:35:38] mode complete mode=optimized mean_ms=13.496 std_ms=3.240 p95_ms=15.367
[2026-05-23 10:35:56] start mode=baseline model=GATv2_fp32.onnx device=NPU warmup=5 iters=100
[2026-05-23 10:35:56] creating session
[2026-05-23 10:35:56] session ready providers=OpenVINOExecutionProvider | CPUExecutionProvider
[2026-05-23 10:35:56] preparing inputs
[2026-05-23 10:36:03] inputs ready
[2026-05-23 10:36:03] warmup start
[2026-05-23 10:36:03] warmup done
[2026-05-23 10:36:03] benchmark iterations start
[2026-05-23 10:36:04] iteration 25/100 elapsed_s=0.4
[2026-05-23 10:36:04] iteration 50/100 elapsed_s=0.7
[2026-05-23 10:36:04] iteration 75/100 elapsed_s=1.1
[2026-05-23 10:36:05] iteration 100/100 elapsed_s=1.5
[2026-05-23 10:36:05] benchmark iterations done
[2026-05-23 10:36:05] mode complete mode=baseline mean_ms=14.866 std_ms=2.078 p95_ms=16.876
[2026-05-23 10:36:05] start mode=optimized model=GATv2_fp32.onnx device=NPU warmup=5 iters=100
[2026-05-23 10:36:05] creating session
[2026-05-23 10:36:05] session ready providers=OpenVINOExecutionProvider | CPUExecutionProvider
[2026-05-23 10:36:05] preparing inputs
[2026-05-23 10:36:08] inputs ready
[2026-05-23 10:36:08] warmup start
[2026-05-23 10:36:08] warmup done
[2026-05-23 10:36:08] benchmark iterations start
[2026-05-23 10:36:08] iteration 25/100 elapsed_s=0.4
[2026-05-23 10:36:09] iteration 50/100 elapsed_s=0.7
[2026-05-23 10:36:09] iteration 75/100 elapsed_s=1.0
[2026-05-23 10:36:09] iteration 100/100 elapsed_s=1.4
[2026-05-23 10:36:09] benchmark iterations done
[2026-05-23 10:36:09] mode complete mode=optimized mean_ms=14.039 std_ms=1.560 p95_ms=17.071
[2026-05-23 10:36:29] start mode=baseline model=GATv2_fp32.onnx device=GPU warmup=5 iters=100
[2026-05-23 10:36:29] creating session
[2026-05-23 10:36:32] session ready providers=OpenVINOExecutionProvider | CPUExecutionProvider
[2026-05-23 10:36:32] preparing inputs
[2026-05-23 10:36:32] inputs ready
[2026-05-23 10:36:32] warmup start
[2026-05-23 10:36:32] warmup done
[2026-05-23 10:36:32] benchmark iterations start
[2026-05-23 10:36:32] iteration 25/100 elapsed_s=0.2
[2026-05-23 10:36:32] iteration 50/100 elapsed_s=0.4
[2026-05-23 10:36:33] iteration 75/100 elapsed_s=0.6
[2026-05-23 10:36:33] iteration 100/100 elapsed_s=0.8
[2026-05-23 10:36:33] benchmark iterations done
[2026-05-23 10:36:33] mode complete mode=baseline mean_ms=8.274 std_ms=0.908 p95_ms=9.467
[2026-05-23 10:36:33] start mode=optimized model=GATv2_fp32.onnx device=GPU warmup=5 iters=100
[2026-05-23 10:36:33] creating session
[2026-05-23 10:36:35] session ready providers=OpenVINOExecutionProvider | CPUExecutionProvider
[2026-05-23 10:36:35] preparing inputs
[2026-05-23 10:36:35] inputs ready
[2026-05-23 10:36:35] warmup start
[2026-05-23 10:36:35] warmup done
[2026-05-23 10:36:35] benchmark iterations start
[2026-05-23 10:36:35] iteration 25/100 elapsed_s=0.2
[2026-05-23 10:36:35] iteration 50/100 elapsed_s=0.4
[2026-05-23 10:36:35] iteration 75/100 elapsed_s=0.6
[2026-05-23 10:36:36] iteration 100/100 elapsed_s=0.8
[2026-05-23 10:36:36] benchmark iterations done
[2026-05-23 10:36:36] mode complete mode=optimized mean_ms=8.277 std_ms=0.843 p95_ms=9.440
[2026-05-23 10:36:49] start mode=baseline model=GATv2_fp32.onnx device=GPU warmup=5 iters=100
[2026-05-23 10:36:49] creating session
[2026-05-23 10:36:51] session ready providers=OpenVINOExecutionProvider | CPUExecutionProvider
[2026-05-23 10:36:51] preparing inputs
[2026-05-23 10:36:52] inputs ready
[2026-05-23 10:36:52] warmup start
[2026-05-23 10:36:53] warmup done
[2026-05-23 10:36:53] benchmark iterations start
[2026-05-23 10:36:53] iteration 25/100 elapsed_s=0.2
[2026-05-23 10:36:53] iteration 50/100 elapsed_s=0.5
[2026-05-23 10:36:53] iteration 75/100 elapsed_s=0.7
[2026-05-23 10:36:53] iteration 100/100 elapsed_s=0.9
[2026-05-23 10:36:53] benchmark iterations done
[2026-05-23 10:36:53] mode complete mode=baseline mean_ms=9.078 std_ms=0.836 p95_ms=10.285
[2026-05-23 10:36:54] start mode=optimized model=GATv2_fp32.onnx device=GPU warmup=5 iters=100
[2026-05-23 10:36:54] creating session
[2026-05-23 10:36:55] session ready providers=OpenVINOExecutionProvider | CPUExecutionProvider
[2026-05-23 10:36:55] preparing inputs
[2026-05-23 10:36:57] inputs ready
[2026-05-23 10:36:57] warmup start
[2026-05-23 10:36:57] warmup done
[2026-05-23 10:36:57] benchmark iterations start
[2026-05-23 10:36:57] iteration 25/100 elapsed_s=0.2
[2026-05-23 10:36:57] iteration 50/100 elapsed_s=0.5
[2026-05-23 10:36:58] iteration 75/100 elapsed_s=0.7
[2026-05-23 10:36:58] iteration 100/100 elapsed_s=0.9
[2026-05-23 10:36:58] benchmark iterations done
[2026-05-23 10:36:58] mode complete mode=optimized mean_ms=9.115 std_ms=0.690 p95_ms=10.040
[2026-05-23 10:37:18] start mode=baseline model=GATv2_fp32.onnx device=GPU warmup=5 iters=100
[2026-05-23 10:37:18] creating session
[2026-05-23 10:37:20] session ready providers=OpenVINOExecutionProvider | CPUExecutionProvider
[2026-05-23 10:37:20] preparing inputs
[2026-05-23 10:37:22] inputs ready
[2026-05-23 10:37:22] warmup start
[2026-05-23 10:37:22] warmup done
[2026-05-23 10:37:22] benchmark iterations start
[2026-05-23 10:37:22] iteration 25/100 elapsed_s=0.2
[2026-05-23 10:37:23] iteration 50/100 elapsed_s=0.5
[2026-05-23 10:37:23] iteration 75/100 elapsed_s=0.7
[2026-05-23 10:37:23] iteration 100/100 elapsed_s=0.9
[2026-05-23 10:37:23] benchmark iterations done
[2026-05-23 10:37:23] mode complete mode=baseline mean_ms=9.459 std_ms=1.096 p95_ms=10.679
[2026-05-23 10:37:23] start mode=optimized model=GATv2_fp32.onnx device=GPU warmup=5 iters=100
[2026-05-23 10:37:23] creating session
[2026-05-23 10:37:25] session ready providers=OpenVINOExecutionProvider | CPUExecutionProvider
[2026-05-23 10:37:25] preparing inputs
[2026-05-23 10:37:27] inputs ready
[2026-05-23 10:37:27] warmup start
[2026-05-23 10:37:27] warmup done
[2026-05-23 10:37:27] benchmark iterations start
[2026-05-23 10:37:28] iteration 25/100 elapsed_s=0.2
[2026-05-23 10:37:28] iteration 50/100 elapsed_s=0.5
[2026-05-23 10:37:28] iteration 75/100 elapsed_s=0.7
[2026-05-23 10:37:28] iteration 100/100 elapsed_s=0.9
[2026-05-23 10:37:28] benchmark iterations done
[2026-05-23 10:37:28] mode complete mode=optimized mean_ms=9.195 std_ms=0.768 p95_ms=10.385
[2026-05-23 10:37:51] start mode=baseline model=GATv2_fp32.onnx device=CPU warmup=5 iters=100
[2026-05-23 10:37:51] creating session
[2026-05-23 10:37:51] session ready providers=OpenVINOExecutionProvider | CPUExecutionProvider
[2026-05-23 10:37:51] preparing inputs
[2026-05-23 10:37:52] inputs ready
[2026-05-23 10:37:52] warmup start
[2026-05-23 10:37:52] warmup done
[2026-05-23 10:37:52] benchmark iterations start
[2026-05-23 10:37:52] iteration 25/100 elapsed_s=0.4
[2026-05-23 10:37:53] iteration 50/100 elapsed_s=0.7
[2026-05-23 10:37:53] iteration 75/100 elapsed_s=1.0
[2026-05-23 10:37:53] iteration 100/100 elapsed_s=1.3
[2026-05-23 10:37:53] benchmark iterations done
[2026-05-23 10:37:53] mode complete mode=baseline mean_ms=13.068 std_ms=1.730 p95_ms=14.256
[2026-05-23 10:37:53] start mode=optimized model=GATv2_fp32.onnx device=CPU warmup=5 iters=100
[2026-05-23 10:37:53] creating session
[2026-05-23 10:37:54] session ready providers=OpenVINOExecutionProvider | CPUExecutionProvider
[2026-05-23 10:37:54] preparing inputs
[2026-05-23 10:37:54] inputs ready
[2026-05-23 10:37:54] warmup start
[2026-05-23 10:37:54] warmup done
[2026-05-23 10:37:54] benchmark iterations start
[2026-05-23 10:37:55] iteration 25/100 elapsed_s=0.4
[2026-05-23 10:37:55] iteration 50/100 elapsed_s=0.8
[2026-05-23 10:37:55] iteration 75/100 elapsed_s=1.1
[2026-05-23 10:37:56] iteration 100/100 elapsed_s=1.5
[2026-05-23 10:37:56] benchmark iterations done
[2026-05-23 10:37:56] mode complete mode=optimized mean_ms=14.818 std_ms=1.949 p95_ms=17.530
[2026-05-23 10:38:07] start mode=baseline model=GATv2_fp32.onnx device=CPU warmup=5 iters=100
[2026-05-23 10:38:07] creating session
[2026-05-23 10:38:08] session ready providers=OpenVINOExecutionProvider | CPUExecutionProvider
[2026-05-23 10:38:08] preparing inputs
[2026-05-23 10:38:09] inputs ready
[2026-05-23 10:38:09] warmup start
[2026-05-23 10:38:10] warmup done
[2026-05-23 10:38:10] benchmark iterations start
[2026-05-23 10:38:10] iteration 25/100 elapsed_s=0.4
[2026-05-23 10:38:10] iteration 50/100 elapsed_s=0.7
[2026-05-23 10:38:11] iteration 75/100 elapsed_s=1.0
[2026-05-23 10:38:11] iteration 100/100 elapsed_s=1.3
[2026-05-23 10:38:11] benchmark iterations done
[2026-05-23 10:38:11] mode complete mode=baseline mean_ms=13.295 std_ms=2.060 p95_ms=16.096
[2026-05-23 10:38:11] start mode=optimized model=GATv2_fp32.onnx device=CPU warmup=5 iters=100
[2026-05-23 10:38:11] creating session
[2026-05-23 10:38:11] session ready providers=OpenVINOExecutionProvider | CPUExecutionProvider
[2026-05-23 10:38:11] preparing inputs
[2026-05-23 10:38:13] inputs ready
[2026-05-23 10:38:13] warmup start
[2026-05-23 10:38:14] warmup done
[2026-05-23 10:38:14] benchmark iterations start
[2026-05-23 10:38:14] iteration 25/100 elapsed_s=0.3
[2026-05-23 10:38:14] iteration 50/100 elapsed_s=0.7
[2026-05-23 10:38:15] iteration 75/100 elapsed_s=1.0
[2026-05-23 10:38:15] iteration 100/100 elapsed_s=1.4
[2026-05-23 10:38:15] benchmark iterations done
[2026-05-23 10:38:15] mode complete mode=optimized mean_ms=13.777 std_ms=1.881 p95_ms=17.508
[2026-05-23 10:38:32] start mode=baseline model=GATv2_fp32.onnx device=CPU warmup=5 iters=100
[2026-05-23 10:38:32] creating session
[2026-05-23 10:38:33] session ready providers=OpenVINOExecutionProvider | CPUExecutionProvider
[2026-05-23 10:38:33] preparing inputs
[2026-05-23 10:38:35] inputs ready
[2026-05-23 10:38:35] warmup start
[2026-05-23 10:38:35] warmup done
[2026-05-23 10:38:35] benchmark iterations start
[2026-05-23 10:38:36] iteration 25/100 elapsed_s=0.4
[2026-05-23 10:38:36] iteration 50/100 elapsed_s=0.7
[2026-05-23 10:38:36] iteration 75/100 elapsed_s=1.0
[2026-05-23 10:38:37] iteration 100/100 elapsed_s=1.4
[2026-05-23 10:38:37] benchmark iterations done
[2026-05-23 10:38:37] mode complete mode=baseline mean_ms=13.592 std_ms=3.011 p95_ms=16.899
[2026-05-23 10:38:37] start mode=optimized model=GATv2_fp32.onnx device=CPU warmup=5 iters=100
[2026-05-23 10:38:37] creating session
[2026-05-23 10:38:37] session ready providers=OpenVINOExecutionProvider | CPUExecutionProvider
[2026-05-23 10:38:37] preparing inputs
[2026-05-23 10:38:40] inputs ready
[2026-05-23 10:38:40] warmup start
[2026-05-23 10:38:40] warmup done
[2026-05-23 10:38:40] benchmark iterations start
[2026-05-23 10:38:40] iteration 25/100 elapsed_s=0.3
[2026-05-23 10:38:40] iteration 50/100 elapsed_s=0.6
[2026-05-23 10:38:41] iteration 75/100 elapsed_s=1.0
[2026-05-23 10:38:41] iteration 100/100 elapsed_s=1.4
[2026-05-23 10:38:41] benchmark iterations done
[2026-05-23 10:38:41] mode complete mode=optimized mean_ms=13.623 std_ms=1.808 p95_ms=17.673
