[2026-05-23 14:54:19] start mode=baseline model=GCN_fp32.onnx device=NPU warmup=5 iters=100
[2026-05-23 14:54:19] creating session
[2026-05-23 14:54:19] session ready providers=OpenVINOExecutionProvider | CPUExecutionProvider
[2026-05-23 14:54:19] preparing inputs
[2026-05-23 14:54:20] inputs ready
[2026-05-23 14:54:20] warmup start
[2026-05-23 14:54:20] warmup done
[2026-05-23 14:54:20] benchmark iterations start
[2026-05-23 14:54:20] iteration 25/100 elapsed_s=0.6
[2026-05-23 14:54:21] iteration 50/100 elapsed_s=1.2
[2026-05-23 14:54:22] iteration 75/100 elapsed_s=1.8
[2026-05-23 14:54:22] iteration 100/100 elapsed_s=2.4
[2026-05-23 14:54:22] benchmark iterations done
[2026-05-23 14:54:22] mode complete mode=baseline mean_ms=24.401 std_ms=1.188 p95_ms=26.342
[2026-05-23 14:54:23] start mode=optimized model=GCN_fp32.onnx device=NPU warmup=5 iters=100
[2026-05-23 14:54:23] creating session
[2026-05-23 14:54:23] session ready providers=OpenVINOExecutionProvider | CPUExecutionProvider
[2026-05-23 14:54:23] preparing inputs
[2026-05-23 14:54:23] inputs ready
[2026-05-23 14:54:23] warmup start
[2026-05-23 14:54:24] warmup done
[2026-05-23 14:54:24] benchmark iterations start
[2026-05-23 14:54:24] iteration 25/100 elapsed_s=0.6
[2026-05-23 14:54:25] iteration 50/100 elapsed_s=1.2
[2026-05-23 14:54:25] iteration 75/100 elapsed_s=1.8
[2026-05-23 14:54:26] iteration 100/100 elapsed_s=2.5
[2026-05-23 14:54:26] benchmark iterations done
[2026-05-23 14:54:26] mode complete mode=optimized mean_ms=24.502 std_ms=1.254 p95_ms=26.497
[2026-05-23 14:57:55] start mode=baseline model=GCN_fp32.onnx device=CPU warmup=5 iters=100
[2026-05-23 14:57:55] creating session
[2026-05-23 14:57:55] session ready providers=OpenVINOExecutionProvider | CPUExecutionProvider
[2026-05-23 14:57:55] preparing inputs
[2026-05-23 14:57:56] inputs ready
[2026-05-23 14:57:56] warmup start
[2026-05-23 14:57:56] warmup done
[2026-05-23 14:57:56] benchmark iterations start
[2026-05-23 14:57:57] iteration 25/100 elapsed_s=0.6
[2026-05-23 14:57:57] iteration 50/100 elapsed_s=1.2
[2026-05-23 14:57:58] iteration 75/100 elapsed_s=1.8
[2026-05-23 14:57:58] iteration 100/100 elapsed_s=2.5
[2026-05-23 14:57:58] benchmark iterations done
[2026-05-23 14:57:58] mode complete mode=baseline mean_ms=24.491 std_ms=1.102 p95_ms=26.277
[2026-05-23 14:57:59] start mode=optimized model=GCN_fp32.onnx device=CPU warmup=5 iters=100
[2026-05-23 14:57:59] creating session
[2026-05-23 14:57:59] session ready providers=OpenVINOExecutionProvider | CPUExecutionProvider
[2026-05-23 14:57:59] preparing inputs
[2026-05-23 14:57:59] inputs ready
[2026-05-23 14:57:59] warmup start
[2026-05-23 14:58:00] warmup done
[2026-05-23 14:58:00] benchmark iterations start
[2026-05-23 14:58:00] iteration 25/100 elapsed_s=0.6
[2026-05-23 14:58:01] iteration 50/100 elapsed_s=1.2
[2026-05-23 14:58:02] iteration 75/100 elapsed_s=1.8
[2026-05-23 14:58:02] iteration 100/100 elapsed_s=2.4
[2026-05-23 14:58:02] benchmark iterations done
[2026-05-23 14:58:02] mode complete mode=optimized mean_ms=24.436 std_ms=1.121 p95_ms=26.345
