[2026-05-23 11:27:09] start mode=baseline model=MPNN_int8.onnx device=NPU warmup=5 iters=100
[2026-05-23 11:27:09] creating session
[2026-05-23 11:29:14] start mode=baseline model=MPNN_int8.onnx device=GPU warmup=5 iters=100
[2026-05-23 11:29:14] creating session
[2026-05-23 11:29:15] session ready providers=CPUExecutionProvider
[2026-05-23 11:29:15] preparing inputs
[2026-05-23 11:29:21] inputs ready
[2026-05-23 11:29:21] warmup start
[2026-05-23 11:29:21] warmup done
[2026-05-23 11:29:21] benchmark iterations start
[2026-05-23 11:29:22] iteration 25/100 elapsed_s=0.9
[2026-05-23 11:29:23] iteration 50/100 elapsed_s=1.7
[2026-05-23 11:29:24] iteration 75/100 elapsed_s=2.5
[2026-05-23 11:29:25] iteration 100/100 elapsed_s=3.3
[2026-05-23 11:29:25] benchmark iterations done
[2026-05-23 11:29:25] mode complete mode=baseline mean_ms=33.205 std_ms=4.976 p95_ms=41.768
[2026-05-23 11:29:25] start mode=optimized model=MPNN_int8.onnx device=GPU warmup=5 iters=100
[2026-05-23 11:29:25] creating session
[2026-05-23 11:29:25] session ready providers=CPUExecutionProvider
[2026-05-23 11:29:25] preparing inputs
[2026-05-23 11:29:26] inputs ready
[2026-05-23 11:29:26] warmup start
[2026-05-23 11:29:26] warmup done
[2026-05-23 11:29:26] benchmark iterations start
[2026-05-23 11:29:27] iteration 25/100 elapsed_s=0.7
[2026-05-23 11:29:27] iteration 50/100 elapsed_s=1.5
[2026-05-23 11:29:28] iteration 75/100 elapsed_s=2.2
[2026-05-23 11:29:29] iteration 100/100 elapsed_s=2.9
[2026-05-23 11:29:29] benchmark iterations done
[2026-05-23 11:29:29] mode complete mode=optimized mean_ms=28.746 std_ms=3.837 p95_ms=36.344
[2026-05-23 11:29:50] start mode=baseline model=MPNN_int8.onnx device=GPU warmup=5 iters=100
[2026-05-23 11:29:50] creating session
[2026-05-23 11:29:50] session ready providers=CPUExecutionProvider
[2026-05-23 11:29:50] preparing inputs
[2026-05-23 11:29:56] inputs ready
[2026-05-23 11:29:56] warmup start
[2026-05-23 11:29:57] warmup done
[2026-05-23 11:29:57] benchmark iterations start
[2026-05-23 11:29:57] iteration 25/100 elapsed_s=0.7
[2026-05-23 11:29:58] iteration 50/100 elapsed_s=1.4
[2026-05-23 11:29:59] iteration 75/100 elapsed_s=2.0
[2026-05-23 11:29:59] iteration 100/100 elapsed_s=2.7
[2026-05-23 11:29:59] benchmark iterations done
[2026-05-23 11:29:59] mode complete mode=baseline mean_ms=26.633 std_ms=6.229 p95_ms=41.907
[2026-05-23 11:30:00] start mode=optimized model=MPNN_int8.onnx device=GPU warmup=5 iters=100
[2026-05-23 11:30:00] creating session
[2026-05-23 11:30:00] session ready providers=CPUExecutionProvider
[2026-05-23 11:30:00] preparing inputs
[2026-05-23 11:30:02] inputs ready
[2026-05-23 11:30:02] warmup start
[2026-05-23 11:30:02] warmup done
[2026-05-23 11:30:02] benchmark iterations start
[2026-05-23 11:30:04] iteration 25/100 elapsed_s=1.1
[2026-05-23 11:30:05] iteration 50/100 elapsed_s=2.2
[2026-05-23 11:30:05] iteration 75/100 elapsed_s=3.0
[2026-05-23 11:30:06] iteration 100/100 elapsed_s=3.7
[2026-05-23 11:30:06] benchmark iterations done
[2026-05-23 11:30:06] mode complete mode=optimized mean_ms=37.054 std_ms=17.707 p95_ms=61.238
[2026-05-23 11:30:34] start mode=baseline model=MPNN_int8.onnx device=GPU warmup=5 iters=100
[2026-05-23 11:30:34] creating session
[2026-05-23 11:30:34] session ready providers=CPUExecutionProvider
[2026-05-23 11:30:34] preparing inputs
[2026-05-23 11:30:41] inputs ready
[2026-05-23 11:30:41] warmup start
[2026-05-23 11:30:41] warmup done
[2026-05-23 11:30:41] benchmark iterations start
[2026-05-23 11:30:43] iteration 25/100 elapsed_s=1.3
[2026-05-23 11:30:44] iteration 50/100 elapsed_s=2.5
[2026-05-23 11:30:45] iteration 75/100 elapsed_s=3.8
[2026-05-23 11:30:46] iteration 100/100 elapsed_s=4.7
[2026-05-23 11:30:46] benchmark iterations done
[2026-05-23 11:30:46] mode complete mode=baseline mean_ms=46.487 std_ms=16.914 p95_ms=82.247
[2026-05-23 11:30:46] start mode=optimized model=MPNN_int8.onnx device=GPU warmup=5 iters=100
[2026-05-23 11:30:46] creating session
[2026-05-23 11:30:47] session ready providers=CPUExecutionProvider
[2026-05-23 11:30:47] preparing inputs
[2026-05-23 11:30:49] inputs ready
[2026-05-23 11:30:49] warmup start
[2026-05-23 11:30:50] warmup done
[2026-05-23 11:30:50] benchmark iterations start
[2026-05-23 11:30:51] iteration 25/100 elapsed_s=1.0
[2026-05-23 11:30:52] iteration 50/100 elapsed_s=1.9
[2026-05-23 11:30:53] iteration 75/100 elapsed_s=2.9
[2026-05-23 11:30:54] iteration 100/100 elapsed_s=3.8
[2026-05-23 11:30:54] benchmark iterations done
[2026-05-23 11:30:54] mode complete mode=optimized mean_ms=38.084 std_ms=12.267 p95_ms=62.656
[2026-05-23 11:33:30] start mode=baseline model=MPNN_int8.onnx device=CPU warmup=5 iters=100
[2026-05-23 11:33:30] creating session
[2026-05-23 11:33:30] session ready providers=CPUExecutionProvider
[2026-05-23 11:33:30] preparing inputs
[2026-05-23 11:33:36] inputs ready
[2026-05-23 11:33:36] warmup start
[2026-05-23 11:33:37] warmup done
[2026-05-23 11:33:37] benchmark iterations start
[2026-05-23 11:33:37] iteration 25/100 elapsed_s=0.8
[2026-05-23 11:33:38] iteration 50/100 elapsed_s=1.7
[2026-05-23 11:33:39] iteration 75/100 elapsed_s=2.5
[2026-05-23 11:33:40] iteration 100/100 elapsed_s=3.4
[2026-05-23 11:33:40] benchmark iterations done
[2026-05-23 11:33:40] mode complete mode=baseline mean_ms=33.770 std_ms=9.290 p95_ms=45.972
[2026-05-23 11:33:40] start mode=optimized model=MPNN_int8.onnx device=CPU warmup=5 iters=100
[2026-05-23 11:33:40] creating session
[2026-05-23 11:33:41] session ready providers=CPUExecutionProvider
[2026-05-23 11:33:41] preparing inputs
[2026-05-23 11:33:41] inputs ready
[2026-05-23 11:33:41] warmup start
[2026-05-23 11:33:41] warmup done
[2026-05-23 11:33:41] benchmark iterations start
[2026-05-23 11:33:42] iteration 25/100 elapsed_s=0.7
[2026-05-23 11:33:43] iteration 50/100 elapsed_s=1.4
[2026-05-23 11:33:44] iteration 75/100 elapsed_s=2.2
[2026-05-23 11:33:44] iteration 100/100 elapsed_s=2.9
[2026-05-23 11:33:44] benchmark iterations done
[2026-05-23 11:33:44] mode complete mode=optimized mean_ms=29.283 std_ms=4.471 p95_ms=34.936
[2026-05-23 11:34:05] start mode=baseline model=MPNN_int8.onnx device=CPU warmup=5 iters=100
[2026-05-23 11:34:05] creating session
[2026-05-23 11:34:05] session ready providers=CPUExecutionProvider
[2026-05-23 11:34:05] preparing inputs
[2026-05-23 11:34:11] inputs ready
[2026-05-23 11:34:11] warmup start
[2026-05-23 11:34:12] warmup done
[2026-05-23 11:34:12] benchmark iterations start
[2026-05-23 11:34:12] iteration 25/100 elapsed_s=0.8
[2026-05-23 11:34:13] iteration 50/100 elapsed_s=1.6
[2026-05-23 11:34:14] iteration 75/100 elapsed_s=2.4
[2026-05-23 11:34:15] iteration 100/100 elapsed_s=3.2
[2026-05-23 11:34:15] benchmark iterations done
[2026-05-23 11:34:15] mode complete mode=baseline mean_ms=31.896 std_ms=5.717 p95_ms=41.596
[2026-05-23 11:34:15] start mode=optimized model=MPNN_int8.onnx device=CPU warmup=5 iters=100
[2026-05-23 11:34:15] creating session
[2026-05-23 11:34:15] session ready providers=CPUExecutionProvider
[2026-05-23 11:34:15] preparing inputs
[2026-05-23 11:34:17] inputs ready
[2026-05-23 11:34:17] warmup start
[2026-05-23 11:34:18] warmup done
[2026-05-23 11:34:18] benchmark iterations start
[2026-05-23 11:34:19] iteration 25/100 elapsed_s=1.0
[2026-05-23 11:34:20] iteration 50/100 elapsed_s=2.0
[2026-05-23 11:34:21] iteration 75/100 elapsed_s=2.8
[2026-05-23 11:34:21] iteration 100/100 elapsed_s=3.4
[2026-05-23 11:34:21] benchmark iterations done
[2026-05-23 11:34:21] mode complete mode=optimized mean_ms=34.027 std_ms=14.293 p95_ms=56.855
[2026-05-23 11:34:49] start mode=baseline model=MPNN_int8.onnx device=CPU warmup=5 iters=100
[2026-05-23 11:34:49] creating session
[2026-05-23 11:34:49] session ready providers=CPUExecutionProvider
[2026-05-23 11:34:49] preparing inputs
[2026-05-23 11:34:56] inputs ready
[2026-05-23 11:34:56] warmup start
[2026-05-23 11:34:56] warmup done
[2026-05-23 11:34:56] benchmark iterations start
[2026-05-23 11:34:57] iteration 25/100 elapsed_s=0.9
[2026-05-23 11:34:58] iteration 50/100 elapsed_s=2.0
[2026-05-23 11:34:59] iteration 75/100 elapsed_s=3.0
[2026-05-23 11:35:01] iteration 100/100 elapsed_s=4.3
[2026-05-23 11:35:01] benchmark iterations done
[2026-05-23 11:35:01] mode complete mode=baseline mean_ms=43.162 std_ms=16.595 p95_ms=70.413
[2026-05-23 11:35:01] start mode=optimized model=MPNN_int8.onnx device=CPU warmup=5 iters=100
[2026-05-23 11:35:01] creating session
[2026-05-23 11:35:01] session ready providers=CPUExecutionProvider
[2026-05-23 11:35:01] preparing inputs
[2026-05-23 11:35:04] inputs ready
[2026-05-23 11:35:04] warmup start
[2026-05-23 11:35:04] warmup done
[2026-05-23 11:35:04] benchmark iterations start
[2026-05-23 11:35:05] iteration 25/100 elapsed_s=0.8
[2026-05-23 11:35:06] iteration 50/100 elapsed_s=1.5
[2026-05-23 11:35:07] iteration 75/100 elapsed_s=2.7
[2026-05-23 11:35:08] iteration 100/100 elapsed_s=3.7
[2026-05-23 11:35:08] benchmark iterations done
[2026-05-23 11:35:08] mode complete mode=optimized mean_ms=37.344 std_ms=14.086 p95_ms=63.570
