[2026-05-23 10:20:50] start mode=baseline model=APPNP_fp32.onnx device=NPU warmup=5 iters=100
[2026-05-23 10:20:50] creating session
[2026-05-23 10:20:51] session ready providers=OpenVINOExecutionProvider | CPUExecutionProvider
[2026-05-23 10:20:51] preparing inputs
[2026-05-23 10:20:51] inputs ready
[2026-05-23 10:20:51] warmup start
[2026-05-23 10:20:51] warmup done
[2026-05-23 10:20:51] benchmark iterations start
[2026-05-23 10:20:51] iteration 25/100 elapsed_s=0.3
[2026-05-23 10:20:52] iteration 50/100 elapsed_s=0.6
[2026-05-23 10:20:52] iteration 75/100 elapsed_s=0.8
[2026-05-23 10:20:52] iteration 100/100 elapsed_s=1.1
[2026-05-23 10:20:52] benchmark iterations done
[2026-05-23 10:20:52] mode complete mode=baseline mean_ms=10.995 std_ms=1.162 p95_ms=13.341
[2026-05-23 10:20:52] start mode=optimized model=APPNP_fp32.onnx device=NPU warmup=5 iters=100
[2026-05-23 10:20:52] creating session
[2026-05-23 10:20:53] session ready providers=OpenVINOExecutionProvider | CPUExecutionProvider
[2026-05-23 10:20:53] preparing inputs
[2026-05-23 10:20:53] inputs ready
[2026-05-23 10:20:53] warmup start
[2026-05-23 10:20:53] warmup done
[2026-05-23 10:20:53] benchmark iterations start
[2026-05-23 10:20:53] iteration 25/100 elapsed_s=0.3
[2026-05-23 10:20:54] iteration 50/100 elapsed_s=0.6
[2026-05-23 10:20:54] iteration 75/100 elapsed_s=0.8
[2026-05-23 10:20:54] iteration 100/100 elapsed_s=1.1
[2026-05-23 10:20:54] benchmark iterations done
[2026-05-23 10:20:54] mode complete mode=optimized mean_ms=11.203 std_ms=1.295 p95_ms=14.041
[2026-05-23 10:21:34] start mode=baseline model=APPNP_fp32.onnx device=NPU warmup=5 iters=100
[2026-05-23 10:21:34] creating session
[2026-05-23 10:21:34] session ready providers=OpenVINOExecutionProvider | CPUExecutionProvider
[2026-05-23 10:21:34] preparing inputs
[2026-05-23 10:21:36] inputs ready
[2026-05-23 10:21:36] warmup start
[2026-05-23 10:21:36] warmup done
[2026-05-23 10:21:36] benchmark iterations start
[2026-05-23 10:21:37] iteration 25/100 elapsed_s=0.3
[2026-05-23 10:21:37] iteration 50/100 elapsed_s=0.7
[2026-05-23 10:21:37] iteration 75/100 elapsed_s=1.0
[2026-05-23 10:21:38] iteration 100/100 elapsed_s=1.3
[2026-05-23 10:21:38] benchmark iterations done
[2026-05-23 10:21:38] mode complete mode=baseline mean_ms=12.620 std_ms=1.359 p95_ms=15.524
[2026-05-23 10:21:38] start mode=optimized model=APPNP_fp32.onnx device=NPU warmup=5 iters=100
[2026-05-23 10:21:38] creating session
[2026-05-23 10:21:38] session ready providers=OpenVINOExecutionProvider | CPUExecutionProvider
[2026-05-23 10:21:38] preparing inputs
[2026-05-23 10:21:40] inputs ready
[2026-05-23 10:21:40] warmup start
[2026-05-23 10:21:40] warmup done
[2026-05-23 10:21:40] benchmark iterations start
[2026-05-23 10:21:41] iteration 25/100 elapsed_s=0.3
[2026-05-23 10:21:41] iteration 50/100 elapsed_s=0.6
[2026-05-23 10:21:41] iteration 75/100 elapsed_s=0.9
[2026-05-23 10:21:42] iteration 100/100 elapsed_s=1.2
[2026-05-23 10:21:42] benchmark iterations done
[2026-05-23 10:21:42] mode complete mode=optimized mean_ms=12.241 std_ms=0.771 p95_ms=13.437
[2026-05-23 10:22:34] start mode=baseline model=APPNP_fp32.onnx device=NPU warmup=5 iters=100
[2026-05-23 10:22:34] creating session
[2026-05-23 10:22:35] session ready providers=OpenVINOExecutionProvider | CPUExecutionProvider
[2026-05-23 10:22:35] preparing inputs
[2026-05-23 10:22:37] inputs ready
[2026-05-23 10:22:37] warmup start
[2026-05-23 10:22:37] warmup done
[2026-05-23 10:22:37] benchmark iterations start
[2026-05-23 10:22:38] iteration 25/100 elapsed_s=0.3
[2026-05-23 10:22:38] iteration 50/100 elapsed_s=0.6
[2026-05-23 10:22:38] iteration 75/100 elapsed_s=0.9
[2026-05-23 10:22:38] iteration 100/100 elapsed_s=1.1
[2026-05-23 10:22:38] benchmark iterations done
[2026-05-23 10:22:38] mode complete mode=baseline mean_ms=11.410 std_ms=1.611 p95_ms=12.336
[2026-05-23 10:22:39] start mode=optimized model=APPNP_fp32.onnx device=NPU warmup=5 iters=100
[2026-05-23 10:22:39] creating session
[2026-05-23 10:22:39] session ready providers=OpenVINOExecutionProvider | CPUExecutionProvider
[2026-05-23 10:22:39] preparing inputs
[2026-05-23 10:22:41] inputs ready
[2026-05-23 10:22:41] warmup start
[2026-05-23 10:22:41] warmup done
[2026-05-23 10:22:41] benchmark iterations start
[2026-05-23 10:22:42] iteration 25/100 elapsed_s=0.3
[2026-05-23 10:22:42] iteration 50/100 elapsed_s=0.6
[2026-05-23 10:22:42] iteration 75/100 elapsed_s=0.9
[2026-05-23 10:22:43] iteration 100/100 elapsed_s=1.2
[2026-05-23 10:22:43] benchmark iterations done
[2026-05-23 10:22:43] mode complete mode=optimized mean_ms=11.553 std_ms=0.893 p95_ms=13.152
[2026-05-23 10:23:27] start mode=baseline model=APPNP_fp32.onnx device=GPU warmup=5 iters=100
[2026-05-23 10:23:27] creating session
[2026-05-23 10:23:28] session ready providers=OpenVINOExecutionProvider | CPUExecutionProvider
[2026-05-23 10:23:28] preparing inputs
[2026-05-23 10:23:28] inputs ready
[2026-05-23 10:23:28] warmup start
[2026-05-23 10:23:28] warmup done
[2026-05-23 10:23:28] benchmark iterations start
[2026-05-23 10:23:29] iteration 25/100 elapsed_s=0.2
[2026-05-23 10:23:29] iteration 50/100 elapsed_s=0.4
[2026-05-23 10:23:29] iteration 75/100 elapsed_s=0.6
[2026-05-23 10:23:29] iteration 100/100 elapsed_s=0.8
[2026-05-23 10:23:29] benchmark iterations done
[2026-05-23 10:23:29] mode complete mode=baseline mean_ms=7.691 std_ms=0.756 p95_ms=8.776
[2026-05-23 10:23:30] start mode=optimized model=APPNP_fp32.onnx device=GPU warmup=5 iters=100
[2026-05-23 10:23:30] creating session
[2026-05-23 10:23:31] session ready providers=OpenVINOExecutionProvider | CPUExecutionProvider
[2026-05-23 10:23:31] preparing inputs
[2026-05-23 10:23:31] inputs ready
[2026-05-23 10:23:31] warmup start
[2026-05-23 10:23:31] warmup done
[2026-05-23 10:23:31] benchmark iterations start
[2026-05-23 10:23:31] iteration 25/100 elapsed_s=0.2
[2026-05-23 10:23:32] iteration 50/100 elapsed_s=0.4
[2026-05-23 10:23:32] iteration 75/100 elapsed_s=0.6
[2026-05-23 10:23:32] iteration 100/100 elapsed_s=0.8
[2026-05-23 10:23:32] benchmark iterations done
[2026-05-23 10:23:32] mode complete mode=optimized mean_ms=7.934 std_ms=0.730 p95_ms=9.095
[2026-05-23 10:24:24] start mode=baseline model=APPNP_fp32.onnx device=GPU warmup=5 iters=100
[2026-05-23 10:24:24] creating session
[2026-05-23 10:24:25] session ready providers=OpenVINOExecutionProvider | CPUExecutionProvider
[2026-05-23 10:24:25] preparing inputs
[2026-05-23 10:24:27] inputs ready
[2026-05-23 10:24:27] warmup start
[2026-05-23 10:24:27] warmup done
[2026-05-23 10:24:27] benchmark iterations start
[2026-05-23 10:24:27] iteration 25/100 elapsed_s=0.2
[2026-05-23 10:24:27] iteration 50/100 elapsed_s=0.4
[2026-05-23 10:24:28] iteration 75/100 elapsed_s=0.6
[2026-05-23 10:24:28] iteration 100/100 elapsed_s=0.8
[2026-05-23 10:24:28] benchmark iterations done
[2026-05-23 10:24:28] mode complete mode=baseline mean_ms=8.428 std_ms=0.808 p95_ms=9.906
[2026-05-23 10:24:28] start mode=optimized model=APPNP_fp32.onnx device=GPU warmup=5 iters=100
[2026-05-23 10:24:28] creating session
[2026-05-23 10:24:30] session ready providers=OpenVINOExecutionProvider | CPUExecutionProvider
[2026-05-23 10:24:30] preparing inputs
[2026-05-23 10:24:31] inputs ready
[2026-05-23 10:24:31] warmup start
[2026-05-23 10:24:31] warmup done
[2026-05-23 10:24:31] benchmark iterations start
[2026-05-23 10:24:32] iteration 25/100 elapsed_s=0.2
[2026-05-23 10:24:32] iteration 50/100 elapsed_s=0.4
[2026-05-23 10:24:32] iteration 75/100 elapsed_s=0.6
[2026-05-23 10:24:32] iteration 100/100 elapsed_s=0.8
[2026-05-23 10:24:32] benchmark iterations done
[2026-05-23 10:24:32] mode complete mode=optimized mean_ms=8.260 std_ms=0.632 p95_ms=9.215
[2026-05-23 10:25:23] start mode=baseline model=APPNP_fp32.onnx device=GPU warmup=5 iters=100
[2026-05-23 10:25:23] creating session
[2026-05-23 10:25:24] session ready providers=OpenVINOExecutionProvider | CPUExecutionProvider
[2026-05-23 10:25:24] preparing inputs
[2026-05-23 10:25:27] inputs ready
[2026-05-23 10:25:27] warmup start
[2026-05-23 10:25:27] warmup done
[2026-05-23 10:25:27] benchmark iterations start
[2026-05-23 10:25:27] iteration 25/100 elapsed_s=0.2
[2026-05-23 10:25:27] iteration 50/100 elapsed_s=0.4
[2026-05-23 10:25:28] iteration 75/100 elapsed_s=0.6
[2026-05-23 10:25:28] iteration 100/100 elapsed_s=0.8
[2026-05-23 10:25:28] benchmark iterations done
[2026-05-23 10:25:28] mode complete mode=baseline mean_ms=7.774 std_ms=0.550 p95_ms=8.675
[2026-05-23 10:25:28] start mode=optimized model=APPNP_fp32.onnx device=GPU warmup=5 iters=100
[2026-05-23 10:25:28] creating session
[2026-05-23 10:25:30] session ready providers=OpenVINOExecutionProvider | CPUExecutionProvider
[2026-05-23 10:25:30] preparing inputs
[2026-05-23 10:25:32] inputs ready
[2026-05-23 10:25:32] warmup start
[2026-05-23 10:25:32] warmup done
[2026-05-23 10:25:32] benchmark iterations start
[2026-05-23 10:25:32] iteration 25/100 elapsed_s=0.2
[2026-05-23 10:25:32] iteration 50/100 elapsed_s=0.4
[2026-05-23 10:25:33] iteration 75/100 elapsed_s=0.6
[2026-05-23 10:25:33] iteration 100/100 elapsed_s=0.7
[2026-05-23 10:25:33] benchmark iterations done
[2026-05-23 10:25:33] mode complete mode=optimized mean_ms=7.416 std_ms=0.667 p95_ms=8.621
[2026-05-23 10:26:16] start mode=baseline model=APPNP_fp32.onnx device=CPU warmup=5 iters=100
[2026-05-23 10:26:16] creating session
[2026-05-23 10:26:16] session ready providers=OpenVINOExecutionProvider | CPUExecutionProvider
[2026-05-23 10:26:16] preparing inputs
[2026-05-23 10:26:17] inputs ready
[2026-05-23 10:26:17] warmup start
[2026-05-23 10:26:17] warmup done
[2026-05-23 10:26:17] benchmark iterations start
[2026-05-23 10:26:17] iteration 25/100 elapsed_s=0.3
[2026-05-23 10:26:17] iteration 50/100 elapsed_s=0.6
[2026-05-23 10:26:17] iteration 75/100 elapsed_s=0.9
[2026-05-23 10:26:18] iteration 100/100 elapsed_s=1.1
[2026-05-23 10:26:18] benchmark iterations done
[2026-05-23 10:26:18] mode complete mode=baseline mean_ms=11.257 std_ms=1.060 p95_ms=13.302
[2026-05-23 10:26:18] start mode=optimized model=APPNP_fp32.onnx device=CPU warmup=5 iters=100
[2026-05-23 10:26:18] creating session
[2026-05-23 10:26:18] session ready providers=OpenVINOExecutionProvider | CPUExecutionProvider
[2026-05-23 10:26:18] preparing inputs
[2026-05-23 10:26:19] inputs ready
[2026-05-23 10:26:19] warmup start
[2026-05-23 10:26:19] warmup done
[2026-05-23 10:26:19] benchmark iterations start
[2026-05-23 10:26:19] iteration 25/100 elapsed_s=0.4
[2026-05-23 10:26:19] iteration 50/100 elapsed_s=0.6
[2026-05-23 10:26:20] iteration 75/100 elapsed_s=0.9
[2026-05-23 10:26:20] iteration 100/100 elapsed_s=1.2
[2026-05-23 10:26:20] benchmark iterations done
[2026-05-23 10:26:20] mode complete mode=optimized mean_ms=12.207 std_ms=2.237 p95_ms=15.340
[2026-05-23 10:26:54] start mode=baseline model=APPNP_fp32.onnx device=CPU warmup=5 iters=100
[2026-05-23 10:26:54] creating session
[2026-05-23 10:26:54] session ready providers=OpenVINOExecutionProvider | CPUExecutionProvider
[2026-05-23 10:26:54] preparing inputs
[2026-05-23 10:26:56] inputs ready
[2026-05-23 10:26:56] warmup start
[2026-05-23 10:26:56] warmup done
[2026-05-23 10:26:56] benchmark iterations start
[2026-05-23 10:26:56] iteration 25/100 elapsed_s=0.3
[2026-05-23 10:26:57] iteration 50/100 elapsed_s=0.6
[2026-05-23 10:26:57] iteration 75/100 elapsed_s=0.9
[2026-05-23 10:26:57] iteration 100/100 elapsed_s=1.2
[2026-05-23 10:26:57] benchmark iterations done
[2026-05-23 10:26:57] mode complete mode=baseline mean_ms=12.453 std_ms=0.857 p95_ms=14.452
[2026-05-23 10:26:58] start mode=optimized model=APPNP_fp32.onnx device=CPU warmup=5 iters=100
[2026-05-23 10:26:58] creating session
[2026-05-23 10:26:58] session ready providers=OpenVINOExecutionProvider | CPUExecutionProvider
[2026-05-23 10:26:58] preparing inputs
[2026-05-23 10:27:00] inputs ready
[2026-05-23 10:27:00] warmup start
[2026-05-23 10:27:00] warmup done
[2026-05-23 10:27:00] benchmark iterations start
[2026-05-23 10:27:00] iteration 25/100 elapsed_s=0.3
[2026-05-23 10:27:00] iteration 50/100 elapsed_s=0.6
[2026-05-23 10:27:01] iteration 75/100 elapsed_s=0.9
[2026-05-23 10:27:01] iteration 100/100 elapsed_s=1.2
[2026-05-23 10:27:01] benchmark iterations done
[2026-05-23 10:27:01] mode complete mode=optimized mean_ms=12.372 std_ms=2.031 p95_ms=14.236
[2026-05-23 10:27:46] start mode=baseline model=APPNP_fp32.onnx device=CPU warmup=5 iters=100
[2026-05-23 10:27:46] creating session
[2026-05-23 10:27:47] session ready providers=OpenVINOExecutionProvider | CPUExecutionProvider
[2026-05-23 10:27:47] preparing inputs
[2026-05-23 10:27:49] inputs ready
[2026-05-23 10:27:49] warmup start
[2026-05-23 10:27:49] warmup done
[2026-05-23 10:27:49] benchmark iterations start
[2026-05-23 10:27:50] iteration 25/100 elapsed_s=0.3
[2026-05-23 10:27:50] iteration 50/100 elapsed_s=0.6
[2026-05-23 10:27:50] iteration 75/100 elapsed_s=0.9
[2026-05-23 10:27:50] iteration 100/100 elapsed_s=1.1
[2026-05-23 10:27:50] benchmark iterations done
[2026-05-23 10:27:50] mode complete mode=baseline mean_ms=11.355 std_ms=1.117 p95_ms=13.442
[2026-05-23 10:27:51] start mode=optimized model=APPNP_fp32.onnx device=CPU warmup=5 iters=100
[2026-05-23 10:27:51] creating session
[2026-05-23 10:27:51] session ready providers=OpenVINOExecutionProvider | CPUExecutionProvider
[2026-05-23 10:27:51] preparing inputs
[2026-05-23 10:27:54] inputs ready
[2026-05-23 10:27:54] warmup start
[2026-05-23 10:27:54] warmup done
[2026-05-23 10:27:54] benchmark iterations start
[2026-05-23 10:27:54] iteration 25/100 elapsed_s=0.3
[2026-05-23 10:27:54] iteration 50/100 elapsed_s=0.6
[2026-05-23 10:27:54] iteration 75/100 elapsed_s=0.9
[2026-05-23 10:27:55] iteration 100/100 elapsed_s=1.1
[2026-05-23 10:27:55] benchmark iterations done
[2026-05-23 10:27:55] mode complete mode=optimized mean_ms=11.202 std_ms=0.998 p95_ms=13.338
