[2026-05-23 11:27:39] start mode=baseline model=MPNN_fp32.onnx device=GPU warmup=5 iters=100
[2026-05-23 11:27:39] creating session
[2026-05-23 11:27:39] session ready providers=CPUExecutionProvider
[2026-05-23 11:27:39] preparing inputs
[2026-05-23 11:27:40] inputs ready
[2026-05-23 11:27:40] warmup start
[2026-05-23 11:27:40] warmup done
[2026-05-23 11:27:40] benchmark iterations start
[2026-05-23 11:27:40] iteration 25/100 elapsed_s=0.5
[2026-05-23 11:27:41] iteration 50/100 elapsed_s=1.0
[2026-05-23 11:27:41] iteration 75/100 elapsed_s=1.6
[2026-05-23 11:27:42] iteration 100/100 elapsed_s=2.1
[2026-05-23 11:27:42] benchmark iterations done
[2026-05-23 11:27:42] mode complete mode=baseline mean_ms=21.274 std_ms=3.339 p95_ms=27.863
[2026-05-23 11:27:42] start mode=optimized model=MPNN_fp32.onnx device=GPU warmup=5 iters=100
[2026-05-23 11:27:42] creating session
[2026-05-23 11:27:43] session ready providers=CPUExecutionProvider
[2026-05-23 11:27:43] preparing inputs
[2026-05-23 11:27:43] inputs ready
[2026-05-23 11:27:43] warmup start
[2026-05-23 11:27:43] warmup done
[2026-05-23 11:27:43] benchmark iterations start
[2026-05-23 11:27:44] iteration 25/100 elapsed_s=0.5
[2026-05-23 11:27:44] iteration 50/100 elapsed_s=1.0
[2026-05-23 11:27:45] iteration 75/100 elapsed_s=1.4
[2026-05-23 11:27:45] iteration 100/100 elapsed_s=1.8
[2026-05-23 11:27:45] benchmark iterations done
[2026-05-23 11:27:45] mode complete mode=optimized mean_ms=18.398 std_ms=3.836 p95_ms=28.716
[2026-05-23 11:28:12] start mode=baseline model=MPNN_fp32.onnx device=GPU warmup=5 iters=100
[2026-05-23 11:28:12] creating session
[2026-05-23 11:28:12] session ready providers=CPUExecutionProvider
[2026-05-23 11:28:12] preparing inputs
[2026-05-23 11:28:14] inputs ready
[2026-05-23 11:28:14] warmup start
[2026-05-23 11:28:14] warmup done
[2026-05-23 11:28:14] benchmark iterations start
[2026-05-23 11:28:15] iteration 25/100 elapsed_s=0.7
[2026-05-23 11:28:15] iteration 50/100 elapsed_s=1.2
[2026-05-23 11:28:16] iteration 75/100 elapsed_s=1.6
[2026-05-23 11:28:16] iteration 100/100 elapsed_s=2.1
[2026-05-23 11:28:16] benchmark iterations done
[2026-05-23 11:28:16] mode complete mode=baseline mean_ms=20.694 std_ms=9.915 p95_ms=38.900
[2026-05-23 11:28:17] start mode=optimized model=MPNN_fp32.onnx device=GPU warmup=5 iters=100
[2026-05-23 11:28:17] creating session
[2026-05-23 11:28:17] session ready providers=CPUExecutionProvider
[2026-05-23 11:28:17] preparing inputs
[2026-05-23 11:28:19] inputs ready
[2026-05-23 11:28:19] warmup start
[2026-05-23 11:28:19] warmup done
[2026-05-23 11:28:19] benchmark iterations start
[2026-05-23 11:28:20] iteration 25/100 elapsed_s=0.4
[2026-05-23 11:28:20] iteration 50/100 elapsed_s=1.1
[2026-05-23 11:28:21] iteration 75/100 elapsed_s=1.9
[2026-05-23 11:28:22] iteration 100/100 elapsed_s=2.7
[2026-05-23 11:28:22] benchmark iterations done
[2026-05-23 11:28:22] mode complete mode=optimized mean_ms=26.518 std_ms=11.793 p95_ms=52.088
[2026-05-23 11:28:49] start mode=baseline model=MPNN_fp32.onnx device=GPU warmup=5 iters=100
[2026-05-23 11:28:49] creating session
[2026-05-23 11:28:49] session ready providers=CPUExecutionProvider
[2026-05-23 11:28:49] preparing inputs
[2026-05-23 11:28:52] inputs ready
[2026-05-23 11:28:52] warmup start
[2026-05-23 11:28:52] warmup done
[2026-05-23 11:28:52] benchmark iterations start
[2026-05-23 11:28:53] iteration 25/100 elapsed_s=0.7
[2026-05-23 11:28:54] iteration 50/100 elapsed_s=1.3
[2026-05-23 11:28:54] iteration 75/100 elapsed_s=1.8
[2026-05-23 11:28:55] iteration 100/100 elapsed_s=2.3
[2026-05-23 11:28:55] benchmark iterations done
[2026-05-23 11:28:55] mode complete mode=baseline mean_ms=22.778 std_ms=6.355 p95_ms=35.137
[2026-05-23 11:28:55] start mode=optimized model=MPNN_fp32.onnx device=GPU warmup=5 iters=100
[2026-05-23 11:28:55] creating session
[2026-05-23 11:28:55] session ready providers=CPUExecutionProvider
[2026-05-23 11:28:55] preparing inputs
[2026-05-23 11:28:58] inputs ready
[2026-05-23 11:28:58] warmup start
[2026-05-23 11:28:58] warmup done
[2026-05-23 11:28:58] benchmark iterations start
[2026-05-23 11:28:59] iteration 25/100 elapsed_s=0.8
[2026-05-23 11:28:59] iteration 50/100 elapsed_s=1.5
[2026-05-23 11:29:00] iteration 75/100 elapsed_s=2.2
[2026-05-23 11:29:01] iteration 100/100 elapsed_s=2.9
[2026-05-23 11:29:01] benchmark iterations done
[2026-05-23 11:29:01] mode complete mode=optimized mean_ms=29.265 std_ms=11.564 p95_ms=50.628
[2026-05-23 11:31:53] start mode=baseline model=MPNN_fp32.onnx device=CPU warmup=5 iters=100
[2026-05-23 11:31:53] creating session
[2026-05-23 11:31:54] session ready providers=CPUExecutionProvider
[2026-05-23 11:31:54] preparing inputs
[2026-05-23 11:31:54] inputs ready
[2026-05-23 11:31:54] warmup start
[2026-05-23 11:31:54] warmup done
[2026-05-23 11:31:54] benchmark iterations start
[2026-05-23 11:31:55] iteration 25/100 elapsed_s=0.5
[2026-05-23 11:31:56] iteration 50/100 elapsed_s=1.1
[2026-05-23 11:31:56] iteration 75/100 elapsed_s=1.6
[2026-05-23 11:31:57] iteration 100/100 elapsed_s=2.1
[2026-05-23 11:31:57] benchmark iterations done
[2026-05-23 11:31:57] mode complete mode=baseline mean_ms=20.576 std_ms=2.937 p95_ms=24.476
[2026-05-23 11:31:57] start mode=optimized model=MPNN_fp32.onnx device=CPU warmup=5 iters=100
[2026-05-23 11:31:57] creating session
[2026-05-23 11:31:57] session ready providers=CPUExecutionProvider
[2026-05-23 11:31:57] preparing inputs
[2026-05-23 11:31:58] inputs ready
[2026-05-23 11:31:58] warmup start
[2026-05-23 11:31:58] warmup done
[2026-05-23 11:31:58] benchmark iterations start
[2026-05-23 11:31:58] iteration 25/100 elapsed_s=0.4
[2026-05-23 11:31:59] iteration 50/100 elapsed_s=0.8
[2026-05-23 11:31:59] iteration 75/100 elapsed_s=1.3
[2026-05-23 11:32:00] iteration 100/100 elapsed_s=1.8
[2026-05-23 11:32:00] benchmark iterations done
[2026-05-23 11:32:00] mode complete mode=optimized mean_ms=17.486 std_ms=3.085 p95_ms=22.393
[2026-05-23 11:32:26] start mode=baseline model=MPNN_fp32.onnx device=CPU warmup=5 iters=100
[2026-05-23 11:32:26] creating session
[2026-05-23 11:32:26] session ready providers=CPUExecutionProvider
[2026-05-23 11:32:26] preparing inputs
[2026-05-23 11:32:28] inputs ready
[2026-05-23 11:32:28] warmup start
[2026-05-23 11:32:28] warmup done
[2026-05-23 11:32:28] benchmark iterations start
[2026-05-23 11:32:29] iteration 25/100 elapsed_s=0.8
[2026-05-23 11:32:30] iteration 50/100 elapsed_s=1.5
[2026-05-23 11:32:30] iteration 75/100 elapsed_s=2.0
[2026-05-23 11:32:31] iteration 100/100 elapsed_s=2.5
[2026-05-23 11:32:31] benchmark iterations done
[2026-05-23 11:32:31] mode complete mode=baseline mean_ms=25.240 std_ms=9.178 p95_ms=44.727
[2026-05-23 11:32:31] start mode=optimized model=MPNN_fp32.onnx device=CPU warmup=5 iters=100
[2026-05-23 11:32:31] creating session
[2026-05-23 11:32:32] session ready providers=CPUExecutionProvider
[2026-05-23 11:32:32] preparing inputs
[2026-05-23 11:32:34] inputs ready
[2026-05-23 11:32:34] warmup start
[2026-05-23 11:32:34] warmup done
[2026-05-23 11:32:34] benchmark iterations start
[2026-05-23 11:32:34] iteration 25/100 elapsed_s=0.4
[2026-05-23 11:32:35] iteration 50/100 elapsed_s=0.9
[2026-05-23 11:32:36] iteration 75/100 elapsed_s=1.8
[2026-05-23 11:32:36] iteration 100/100 elapsed_s=2.5
[2026-05-23 11:32:36] benchmark iterations done
[2026-05-23 11:32:36] mode complete mode=optimized mean_ms=24.852 std_ms=11.777 p95_ms=47.530
[2026-05-23 11:33:05] start mode=baseline model=MPNN_fp32.onnx device=CPU warmup=5 iters=100
[2026-05-23 11:33:05] creating session
[2026-05-23 11:33:06] session ready providers=CPUExecutionProvider
[2026-05-23 11:33:06] preparing inputs
[2026-05-23 11:33:08] inputs ready
[2026-05-23 11:33:08] warmup start
[2026-05-23 11:33:08] warmup done
[2026-05-23 11:33:08] benchmark iterations start
[2026-05-23 11:33:09] iteration 25/100 elapsed_s=0.7
[2026-05-23 11:33:10] iteration 50/100 elapsed_s=1.4
[2026-05-23 11:33:11] iteration 75/100 elapsed_s=2.2
[2026-05-23 11:33:11] iteration 100/100 elapsed_s=2.8
[2026-05-23 11:33:11] benchmark iterations done
[2026-05-23 11:33:11] mode complete mode=baseline mean_ms=28.316 std_ms=11.047 p95_ms=47.310
[2026-05-23 11:33:11] start mode=optimized model=MPNN_fp32.onnx device=CPU warmup=5 iters=100
[2026-05-23 11:33:11] creating session
[2026-05-23 11:33:12] session ready providers=CPUExecutionProvider
[2026-05-23 11:33:12] preparing inputs
[2026-05-23 11:33:14] inputs ready
[2026-05-23 11:33:14] warmup start
[2026-05-23 11:33:15] warmup done
[2026-05-23 11:33:15] benchmark iterations start
[2026-05-23 11:33:15] iteration 25/100 elapsed_s=0.4
[2026-05-23 11:33:15] iteration 50/100 elapsed_s=0.9
[2026-05-23 11:33:16] iteration 75/100 elapsed_s=1.6
[2026-05-23 11:33:17] iteration 100/100 elapsed_s=2.3
[2026-05-23 11:33:17] benchmark iterations done
[2026-05-23 11:33:17] mode complete mode=optimized mean_ms=22.912 std_ms=10.403 p95_ms=44.698
