[2026-05-23 12:06:29] start mode=baseline model=bert-tiny_fp32.onnx device=NPU warmup=5 iters=100
[2026-05-23 12:06:29] creating session
[2026-05-23 12:06:29] session ready providers=OpenVINOExecutionProvider | CPUExecutionProvider
[2026-05-23 12:06:29] preparing inputs
[2026-05-23 12:06:29] inputs ready
[2026-05-23 12:06:29] warmup start
[2026-05-23 12:06:29] warmup done
[2026-05-23 12:06:29] benchmark iterations start
[2026-05-23 12:06:29] iteration 25/100 elapsed_s=0.1
[2026-05-23 12:06:30] iteration 50/100 elapsed_s=0.3
[2026-05-23 12:06:30] iteration 75/100 elapsed_s=0.4
[2026-05-23 12:06:30] iteration 100/100 elapsed_s=0.5
[2026-05-23 12:06:30] benchmark iterations done
[2026-05-23 12:06:30] mode complete mode=baseline mean_ms=5.210 std_ms=0.496 p95_ms=6.101
[2026-05-23 12:06:30] start mode=optimized model=bert-tiny_fp32.onnx device=NPU warmup=5 iters=100
[2026-05-23 12:06:30] creating session
[2026-05-23 12:06:30] session ready providers=OpenVINOExecutionProvider | CPUExecutionProvider
[2026-05-23 12:06:30] preparing inputs
[2026-05-23 12:06:30] inputs ready
[2026-05-23 12:06:30] warmup start
[2026-05-23 12:06:31] warmup done
[2026-05-23 12:06:31] benchmark iterations start
[2026-05-23 12:06:31] iteration 25/100 elapsed_s=0.2
[2026-05-23 12:06:31] iteration 50/100 elapsed_s=0.3
[2026-05-23 12:06:31] iteration 75/100 elapsed_s=0.4
[2026-05-23 12:06:31] iteration 100/100 elapsed_s=0.6
[2026-05-23 12:06:31] benchmark iterations done
[2026-05-23 12:06:31] mode complete mode=optimized mean_ms=5.616 std_ms=0.910 p95_ms=6.894
[2026-05-23 12:06:51] start mode=baseline model=bert-tiny_fp32.onnx device=NPU warmup=5 iters=100
[2026-05-23 12:06:51] creating session
[2026-05-23 12:06:51] session ready providers=OpenVINOExecutionProvider | CPUExecutionProvider
[2026-05-23 12:06:51] preparing inputs
[2026-05-23 12:06:51] inputs ready
[2026-05-23 12:06:51] warmup start
[2026-05-23 12:06:51] warmup done
[2026-05-23 12:06:51] benchmark iterations start
[2026-05-23 12:06:51] iteration 25/100 elapsed_s=0.1
[2026-05-23 12:06:51] iteration 50/100 elapsed_s=0.3
[2026-05-23 12:06:51] iteration 75/100 elapsed_s=0.4
[2026-05-23 12:06:52] iteration 100/100 elapsed_s=0.5
[2026-05-23 12:06:52] benchmark iterations done
[2026-05-23 12:06:52] mode complete mode=baseline mean_ms=5.374 std_ms=0.487 p95_ms=6.222
[2026-05-23 12:06:52] start mode=optimized model=bert-tiny_fp32.onnx device=NPU warmup=5 iters=100
[2026-05-23 12:06:52] creating session
[2026-05-23 12:06:52] session ready providers=OpenVINOExecutionProvider | CPUExecutionProvider
[2026-05-23 12:06:52] preparing inputs
[2026-05-23 12:06:52] inputs ready
[2026-05-23 12:06:52] warmup start
[2026-05-23 12:06:52] warmup done
[2026-05-23 12:06:52] benchmark iterations start
[2026-05-23 12:06:52] iteration 25/100 elapsed_s=0.1
[2026-05-23 12:06:53] iteration 50/100 elapsed_s=0.3
[2026-05-23 12:06:53] iteration 75/100 elapsed_s=0.4
[2026-05-23 12:06:53] iteration 100/100 elapsed_s=0.6
[2026-05-23 12:06:53] benchmark iterations done
[2026-05-23 12:06:53] mode complete mode=optimized mean_ms=5.784 std_ms=0.478 p95_ms=6.580
[2026-05-23 12:07:12] start mode=baseline model=bert-tiny_fp32.onnx device=NPU warmup=5 iters=100
[2026-05-23 12:07:12] creating session
[2026-05-23 12:07:13] session ready providers=OpenVINOExecutionProvider | CPUExecutionProvider
[2026-05-23 12:07:13] preparing inputs
[2026-05-23 12:07:13] inputs ready
[2026-05-23 12:07:13] warmup start
[2026-05-23 12:07:13] warmup done
[2026-05-23 12:07:13] benchmark iterations start
[2026-05-23 12:07:13] iteration 25/100 elapsed_s=0.2
[2026-05-23 12:07:13] iteration 50/100 elapsed_s=0.3
[2026-05-23 12:07:13] iteration 75/100 elapsed_s=0.5
[2026-05-23 12:07:13] iteration 100/100 elapsed_s=0.6
[2026-05-23 12:07:13] benchmark iterations done
[2026-05-23 12:07:14] mode complete mode=baseline mean_ms=6.125 std_ms=1.108 p95_ms=6.920
[2026-05-23 12:07:14] start mode=optimized model=bert-tiny_fp32.onnx device=NPU warmup=5 iters=100
[2026-05-23 12:07:14] creating session
[2026-05-23 12:07:14] session ready providers=OpenVINOExecutionProvider | CPUExecutionProvider
[2026-05-23 12:07:14] preparing inputs
[2026-05-23 12:07:14] inputs ready
[2026-05-23 12:07:14] warmup start
[2026-05-23 12:07:14] warmup done
[2026-05-23 12:07:14] benchmark iterations start
[2026-05-23 12:07:14] iteration 25/100 elapsed_s=0.1
[2026-05-23 12:07:15] iteration 50/100 elapsed_s=0.3
[2026-05-23 12:07:15] iteration 75/100 elapsed_s=0.4
[2026-05-23 12:07:15] iteration 100/100 elapsed_s=0.5
[2026-05-23 12:07:15] benchmark iterations done
[2026-05-23 12:07:15] mode complete mode=optimized mean_ms=5.388 std_ms=0.398 p95_ms=6.002
[2026-05-23 12:07:38] start mode=baseline model=bert-tiny_fp32.onnx device=CPU warmup=5 iters=100
[2026-05-23 12:07:38] creating session
[2026-05-23 12:07:38] session ready providers=OpenVINOExecutionProvider | CPUExecutionProvider
[2026-05-23 12:07:38] preparing inputs
[2026-05-23 12:07:38] inputs ready
[2026-05-23 12:07:38] warmup start
[2026-05-23 12:07:38] warmup done
[2026-05-23 12:07:38] benchmark iterations start
[2026-05-23 12:07:38] iteration 25/100 elapsed_s=0.2
[2026-05-23 12:07:38] iteration 50/100 elapsed_s=0.4
[2026-05-23 12:07:39] iteration 75/100 elapsed_s=0.5
[2026-05-23 12:07:39] iteration 100/100 elapsed_s=0.6
[2026-05-23 12:07:39] benchmark iterations done
[2026-05-23 12:07:39] mode complete mode=baseline mean_ms=6.448 std_ms=2.878 p95_ms=7.482
[2026-05-23 12:07:39] start mode=optimized model=bert-tiny_fp32.onnx device=CPU warmup=5 iters=100
[2026-05-23 12:07:39] creating session
[2026-05-23 12:07:39] session ready providers=OpenVINOExecutionProvider | CPUExecutionProvider
[2026-05-23 12:07:39] preparing inputs
[2026-05-23 12:07:39] inputs ready
[2026-05-23 12:07:39] warmup start
[2026-05-23 12:07:39] warmup done
[2026-05-23 12:07:39] benchmark iterations start
[2026-05-23 12:07:40] iteration 25/100 elapsed_s=0.2
[2026-05-23 12:07:40] iteration 50/100 elapsed_s=0.3
[2026-05-23 12:07:40] iteration 75/100 elapsed_s=0.5
[2026-05-23 12:07:40] iteration 100/100 elapsed_s=0.6
[2026-05-23 12:07:40] benchmark iterations done
[2026-05-23 12:07:40] mode complete mode=optimized mean_ms=6.216 std_ms=0.360 p95_ms=6.939
[2026-05-23 12:08:00] start mode=baseline model=bert-tiny_fp32.onnx device=CPU warmup=5 iters=100
[2026-05-23 12:08:00] creating session
[2026-05-23 12:08:00] session ready providers=OpenVINOExecutionProvider | CPUExecutionProvider
[2026-05-23 12:08:00] preparing inputs
[2026-05-23 12:08:00] inputs ready
[2026-05-23 12:08:00] warmup start
[2026-05-23 12:08:00] warmup done
[2026-05-23 12:08:00] benchmark iterations start
[2026-05-23 12:08:00] iteration 25/100 elapsed_s=0.2
[2026-05-23 12:08:00] iteration 50/100 elapsed_s=0.3
[2026-05-23 12:08:01] iteration 75/100 elapsed_s=0.4
[2026-05-23 12:08:01] iteration 100/100 elapsed_s=0.6
[2026-05-23 12:08:01] benchmark iterations done
[2026-05-23 12:08:01] mode complete mode=baseline mean_ms=5.729 std_ms=0.471 p95_ms=6.378
[2026-05-23 12:08:01] start mode=optimized model=bert-tiny_fp32.onnx device=CPU warmup=5 iters=100
[2026-05-23 12:08:01] creating session
[2026-05-23 12:08:01] session ready providers=OpenVINOExecutionProvider | CPUExecutionProvider
[2026-05-23 12:08:01] preparing inputs
[2026-05-23 12:08:01] inputs ready
[2026-05-23 12:08:01] warmup start
[2026-05-23 12:08:01] warmup done
[2026-05-23 12:08:01] benchmark iterations start
[2026-05-23 12:08:02] iteration 25/100 elapsed_s=0.2
[2026-05-23 12:08:02] iteration 50/100 elapsed_s=0.3
[2026-05-23 12:08:02] iteration 75/100 elapsed_s=0.5
[2026-05-23 12:08:02] iteration 100/100 elapsed_s=0.6
[2026-05-23 12:08:02] benchmark iterations done
[2026-05-23 12:08:02] mode complete mode=optimized mean_ms=5.991 std_ms=2.319 p95_ms=6.686
[2026-05-23 12:08:21] start mode=baseline model=bert-tiny_fp32.onnx device=CPU warmup=5 iters=100
[2026-05-23 12:08:21] creating session
[2026-05-23 12:08:22] session ready providers=OpenVINOExecutionProvider | CPUExecutionProvider
[2026-05-23 12:08:22] preparing inputs
[2026-05-23 12:08:22] inputs ready
[2026-05-23 12:08:22] warmup start
[2026-05-23 12:08:22] warmup done
[2026-05-23 12:08:22] benchmark iterations start
[2026-05-23 12:08:22] iteration 25/100 elapsed_s=0.2
[2026-05-23 12:08:22] iteration 50/100 elapsed_s=0.4
[2026-05-23 12:08:22] iteration 75/100 elapsed_s=0.5
[2026-05-23 12:08:22] iteration 100/100 elapsed_s=0.7
[2026-05-23 12:08:22] benchmark iterations done
[2026-05-23 12:08:22] mode complete mode=baseline mean_ms=6.812 std_ms=2.543 p95_ms=8.215
[2026-05-23 12:08:23] start mode=optimized model=bert-tiny_fp32.onnx device=CPU warmup=5 iters=100
[2026-05-23 12:08:23] creating session
[2026-05-23 12:08:23] session ready providers=OpenVINOExecutionProvider | CPUExecutionProvider
[2026-05-23 12:08:23] preparing inputs
[2026-05-23 12:08:23] inputs ready
[2026-05-23 12:08:23] warmup start
[2026-05-23 12:08:23] warmup done
[2026-05-23 12:08:23] benchmark iterations start
[2026-05-23 12:08:23] iteration 25/100 elapsed_s=0.2
[2026-05-23 12:08:23] iteration 50/100 elapsed_s=0.3
[2026-05-23 12:08:24] iteration 75/100 elapsed_s=0.5
[2026-05-23 12:08:24] iteration 100/100 elapsed_s=0.7
[2026-05-23 12:08:24] benchmark iterations done
[2026-05-23 12:08:24] mode complete mode=optimized mean_ms=6.511 std_ms=1.592 p95_ms=7.513
