[2026-05-23 16:05:41] start mode=baseline model=MPNN_fp32.onnx device=GPU warmup=5 iters=100
[2026-05-23 16:05:41] creating session
[2026-05-23 16:05:41] session ready providers=CPUExecutionProvider
[2026-05-23 16:05:41] preparing inputs
[2026-05-23 16:05:42] inputs ready
[2026-05-23 16:05:42] warmup start
[2026-05-23 16:05:42] warmup done
[2026-05-23 16:05:42] benchmark iterations start
[2026-05-23 16:05:43] iteration 25/100 elapsed_s=1.0
[2026-05-23 16:05:44] iteration 50/100 elapsed_s=2.0
[2026-05-23 16:05:45] iteration 75/100 elapsed_s=3.1
[2026-05-23 16:05:47] iteration 100/100 elapsed_s=4.5
[2026-05-23 16:05:47] benchmark iterations done
[2026-05-23 16:05:47] mode complete mode=baseline mean_ms=44.829 std_ms=9.969 p95_ms=64.185
[2026-05-23 16:05:47] start mode=optimized model=MPNN_fp32.onnx device=GPU warmup=5 iters=100
[2026-05-23 16:05:47] creating session
[2026-05-23 16:05:47] session ready providers=CPUExecutionProvider
[2026-05-23 16:05:47] preparing inputs
[2026-05-23 16:05:48] inputs ready
[2026-05-23 16:05:48] warmup start
[2026-05-23 16:05:48] warmup done
[2026-05-23 16:05:48] benchmark iterations start
[2026-05-23 16:05:49] iteration 25/100 elapsed_s=1.3
[2026-05-23 16:05:50] iteration 50/100 elapsed_s=2.3
[2026-05-23 16:05:51] iteration 75/100 elapsed_s=3.2
[2026-05-23 16:05:52] iteration 100/100 elapsed_s=4.1
[2026-05-23 16:05:52] benchmark iterations done
[2026-05-23 16:05:52] mode complete mode=optimized mean_ms=40.921 std_ms=13.641 p95_ms=64.790
[2026-05-23 16:11:35] start mode=baseline model=MPNN_fp32.onnx device=CPU warmup=5 iters=100
[2026-05-23 16:11:35] creating session
[2026-05-23 16:11:35] session ready providers=CPUExecutionProvider
[2026-05-23 16:11:35] preparing inputs
[2026-05-23 16:11:36] inputs ready
[2026-05-23 16:11:36] warmup start
[2026-05-23 16:11:36] warmup done
[2026-05-23 16:11:36] benchmark iterations start
[2026-05-23 16:11:37] iteration 25/100 elapsed_s=1.0
[2026-05-23 16:11:38] iteration 50/100 elapsed_s=1.9
[2026-05-23 16:11:39] iteration 75/100 elapsed_s=3.0
[2026-05-23 16:11:41] iteration 100/100 elapsed_s=4.5
[2026-05-23 16:11:41] benchmark iterations done
[2026-05-23 16:11:41] mode complete mode=baseline mean_ms=45.217 std_ms=12.691 p95_ms=69.552
[2026-05-23 16:11:41] start mode=optimized model=MPNN_fp32.onnx device=CPU warmup=5 iters=100
[2026-05-23 16:11:41] creating session
[2026-05-23 16:11:41] session ready providers=CPUExecutionProvider
[2026-05-23 16:11:41] preparing inputs
[2026-05-23 16:11:42] inputs ready
[2026-05-23 16:11:42] warmup start
[2026-05-23 16:11:42] warmup done
[2026-05-23 16:11:42] benchmark iterations start
[2026-05-23 16:11:44] iteration 25/100 elapsed_s=1.2
[2026-05-23 16:11:45] iteration 50/100 elapsed_s=2.1
[2026-05-23 16:11:45] iteration 75/100 elapsed_s=3.0
[2026-05-23 16:11:46] iteration 100/100 elapsed_s=3.9
[2026-05-23 16:11:46] benchmark iterations done
[2026-05-23 16:11:46] mode complete mode=optimized mean_ms=38.829 std_ms=10.074 p95_ms=58.199
