[2026-05-23 15:27:39] start mode=baseline model=GraphSAGE_int8.onnx device=NPU warmup=5 iters=100
[2026-05-23 15:27:39] creating session
[2026-05-23 15:27:39] session ready providers=OpenVINOExecutionProvider | CPUExecutionProvider
[2026-05-23 15:27:39] preparing inputs
[2026-05-23 15:27:39] inputs ready
[2026-05-23 15:27:39] warmup start
[2026-05-23 15:27:40] warmup done
[2026-05-23 15:27:40] benchmark iterations start
[2026-05-23 15:27:40] iteration 25/100 elapsed_s=0.4
[2026-05-23 15:27:40] iteration 50/100 elapsed_s=0.8
[2026-05-23 15:27:41] iteration 75/100 elapsed_s=1.2
[2026-05-23 15:27:41] iteration 100/100 elapsed_s=1.6
[2026-05-23 15:27:41] benchmark iterations done
[2026-05-23 15:27:41] mode complete mode=baseline mean_ms=15.995 std_ms=4.395 p95_ms=17.220
[2026-05-23 15:27:42] start mode=optimized model=GraphSAGE_int8.onnx device=NPU warmup=5 iters=100
[2026-05-23 15:27:42] creating session
[2026-05-23 15:27:42] session ready providers=OpenVINOExecutionProvider | CPUExecutionProvider
[2026-05-23 15:27:42] preparing inputs
[2026-05-23 15:27:42] inputs ready
[2026-05-23 15:27:42] warmup start
[2026-05-23 15:27:42] warmup done
[2026-05-23 15:27:42] benchmark iterations start
[2026-05-23 15:27:43] iteration 25/100 elapsed_s=0.4
[2026-05-23 15:27:43] iteration 50/100 elapsed_s=0.8
[2026-05-23 15:27:44] iteration 75/100 elapsed_s=1.2
[2026-05-23 15:27:44] iteration 100/100 elapsed_s=1.6
[2026-05-23 15:27:44] benchmark iterations done
[2026-05-23 15:27:44] mode complete mode=optimized mean_ms=15.835 std_ms=2.050 p95_ms=17.743
[2026-05-23 15:38:47] start mode=baseline model=GraphSAGE_int8.onnx device=GPU warmup=5 iters=100
[2026-05-23 15:38:47] creating session
[2026-05-23 15:38:52] session ready providers=OpenVINOExecutionProvider | CPUExecutionProvider
[2026-05-23 15:38:52] preparing inputs
[2026-05-23 15:38:52] inputs ready
[2026-05-23 15:38:52] warmup start
[2026-05-23 15:38:52] warmup done
[2026-05-23 15:38:52] benchmark iterations start
[2026-05-23 15:38:52] iteration 25/100 elapsed_s=0.2
[2026-05-23 15:38:52] iteration 50/100 elapsed_s=0.4
[2026-05-23 15:38:53] iteration 75/100 elapsed_s=0.5
[2026-05-23 15:38:53] iteration 100/100 elapsed_s=0.7
[2026-05-23 15:38:53] benchmark iterations done
[2026-05-23 15:38:53] mode complete mode=baseline mean_ms=7.263 std_ms=0.551 p95_ms=8.009
[2026-05-23 15:38:53] start mode=optimized model=GraphSAGE_int8.onnx device=GPU warmup=5 iters=100
[2026-05-23 15:38:53] creating session
[2026-05-23 15:38:55] session ready providers=OpenVINOExecutionProvider | CPUExecutionProvider
[2026-05-23 15:38:55] preparing inputs
[2026-05-23 15:38:55] inputs ready
[2026-05-23 15:38:55] warmup start
[2026-05-23 15:38:55] warmup done
[2026-05-23 15:38:55] benchmark iterations start
[2026-05-23 15:38:55] iteration 25/100 elapsed_s=0.2
[2026-05-23 15:38:55] iteration 50/100 elapsed_s=0.4
[2026-05-23 15:38:55] iteration 75/100 elapsed_s=0.5
[2026-05-23 15:38:55] iteration 100/100 elapsed_s=0.7
[2026-05-23 15:38:55] benchmark iterations done
[2026-05-23 15:38:55] mode complete mode=optimized mean_ms=7.287 std_ms=0.534 p95_ms=8.118
[2026-05-23 15:46:26] start mode=baseline model=GraphSAGE_int8.onnx device=CPU warmup=5 iters=100
[2026-05-23 15:46:26] creating session
[2026-05-23 15:46:26] session ready providers=OpenVINOExecutionProvider | CPUExecutionProvider
[2026-05-23 15:46:26] preparing inputs
[2026-05-23 15:46:27] inputs ready
[2026-05-23 15:46:27] warmup start
[2026-05-23 15:46:27] warmup done
[2026-05-23 15:46:27] benchmark iterations start
[2026-05-23 15:46:27] iteration 25/100 elapsed_s=0.4
[2026-05-23 15:46:28] iteration 50/100 elapsed_s=0.8
[2026-05-23 15:46:28] iteration 75/100 elapsed_s=1.2
[2026-05-23 15:46:28] iteration 100/100 elapsed_s=1.6
[2026-05-23 15:46:28] benchmark iterations done
[2026-05-23 15:46:28] mode complete mode=baseline mean_ms=15.519 std_ms=0.800 p95_ms=16.967
[2026-05-23 15:46:29] start mode=optimized model=GraphSAGE_int8.onnx device=CPU warmup=5 iters=100
[2026-05-23 15:46:29] creating session
[2026-05-23 15:46:29] session ready providers=OpenVINOExecutionProvider | CPUExecutionProvider
[2026-05-23 15:46:29] preparing inputs
[2026-05-23 15:46:29] inputs ready
[2026-05-23 15:46:29] warmup start
[2026-05-23 15:46:29] warmup done
[2026-05-23 15:46:29] benchmark iterations start
[2026-05-23 15:46:30] iteration 25/100 elapsed_s=0.4
[2026-05-23 15:46:30] iteration 50/100 elapsed_s=0.8
[2026-05-23 15:46:31] iteration 75/100 elapsed_s=1.2
[2026-05-23 15:46:31] iteration 100/100 elapsed_s=1.6
[2026-05-23 15:46:31] benchmark iterations done
[2026-05-23 15:46:31] mode complete mode=optimized mean_ms=15.622 std_ms=1.124 p95_ms=17.445
