[2026-05-23 16:15:46] start mode=baseline model=SGC_fp32.onnx device=NPU warmup=5 iters=100
[2026-05-23 16:15:46] creating session
[2026-05-23 16:15:46] session ready providers=OpenVINOExecutionProvider | CPUExecutionProvider
[2026-05-23 16:15:46] preparing inputs
[2026-05-23 16:15:47] inputs ready
[2026-05-23 16:15:47] warmup start
[2026-05-23 16:15:47] warmup done
[2026-05-23 16:15:47] benchmark iterations start
[2026-05-23 16:15:48] iteration 25/100 elapsed_s=0.6
[2026-05-23 16:15:48] iteration 50/100 elapsed_s=1.3
[2026-05-23 16:15:49] iteration 75/100 elapsed_s=1.9
[2026-05-23 16:15:50] iteration 100/100 elapsed_s=2.5
[2026-05-23 16:15:50] benchmark iterations done
[2026-05-23 16:15:50] mode complete mode=baseline mean_ms=25.465 std_ms=1.432 p95_ms=27.851
[2026-05-23 16:15:50] start mode=optimized model=SGC_fp32.onnx device=NPU warmup=5 iters=100
[2026-05-23 16:15:50] creating session
[2026-05-23 16:15:50] session ready providers=OpenVINOExecutionProvider | CPUExecutionProvider
[2026-05-23 16:15:50] preparing inputs
[2026-05-23 16:15:51] inputs ready
[2026-05-23 16:15:51] warmup start
[2026-05-23 16:15:51] warmup done
[2026-05-23 16:15:51] benchmark iterations start
[2026-05-23 16:15:51] iteration 25/100 elapsed_s=0.7
[2026-05-23 16:15:52] iteration 50/100 elapsed_s=1.4
[2026-05-23 16:15:53] iteration 75/100 elapsed_s=2.0
[2026-05-23 16:15:53] iteration 100/100 elapsed_s=2.7
[2026-05-23 16:15:53] benchmark iterations done
[2026-05-23 16:15:53] mode complete mode=optimized mean_ms=26.474 std_ms=2.038 p95_ms=29.533
[2026-05-23 16:44:52] start mode=baseline model=SGC_fp32.onnx device=GPU warmup=5 iters=100
[2026-05-23 16:44:52] creating session
[2026-05-23 16:44:54] session ready providers=OpenVINOExecutionProvider | CPUExecutionProvider
[2026-05-23 16:44:54] preparing inputs
[2026-05-23 16:44:54] inputs ready
[2026-05-23 16:44:54] warmup start
[2026-05-23 16:44:54] warmup done
[2026-05-23 16:44:54] benchmark iterations start
[2026-05-23 16:44:55] iteration 25/100 elapsed_s=1.1
[2026-05-23 16:44:56] iteration 50/100 elapsed_s=2.2
[2026-05-23 16:44:57] iteration 75/100 elapsed_s=3.4
[2026-05-23 16:44:58] iteration 100/100 elapsed_s=4.5
[2026-05-23 16:44:58] benchmark iterations done
[2026-05-23 16:44:58] mode complete mode=baseline mean_ms=44.740 std_ms=0.950 p95_ms=46.061
[2026-05-23 16:44:59] start mode=optimized model=SGC_fp32.onnx device=GPU warmup=5 iters=100
[2026-05-23 16:44:59] creating session
[2026-05-23 16:45:00] session ready providers=OpenVINOExecutionProvider | CPUExecutionProvider
[2026-05-23 16:45:00] preparing inputs
[2026-05-23 16:45:00] inputs ready
[2026-05-23 16:45:00] warmup start
[2026-05-23 16:45:01] warmup done
[2026-05-23 16:45:01] benchmark iterations start
[2026-05-23 16:45:02] iteration 25/100 elapsed_s=1.1
[2026-05-23 16:45:03] iteration 50/100 elapsed_s=2.2
[2026-05-23 16:45:04] iteration 75/100 elapsed_s=3.4
[2026-05-23 16:45:05] iteration 100/100 elapsed_s=4.5
[2026-05-23 16:45:05] benchmark iterations done
[2026-05-23 16:45:05] mode complete mode=optimized mean_ms=44.651 std_ms=0.879 p95_ms=46.017
[2026-05-23 17:21:11] start mode=baseline model=SGC_fp32.onnx device=CPU warmup=5 iters=100
[2026-05-23 17:21:11] creating session
[2026-05-23 17:21:11] session ready providers=OpenVINOExecutionProvider | CPUExecutionProvider
[2026-05-23 17:21:11] preparing inputs
[2026-05-23 17:21:12] inputs ready
[2026-05-23 17:21:12] warmup start
[2026-05-23 17:21:12] warmup done
[2026-05-23 17:21:12] benchmark iterations start
[2026-05-23 17:21:13] iteration 25/100 elapsed_s=0.6
[2026-05-23 17:21:13] iteration 50/100 elapsed_s=1.2
[2026-05-23 17:21:14] iteration 75/100 elapsed_s=1.9
[2026-05-23 17:21:14] iteration 100/100 elapsed_s=2.5
[2026-05-23 17:21:14] benchmark iterations done
[2026-05-23 17:21:14] mode complete mode=baseline mean_ms=24.950 std_ms=1.261 p95_ms=26.954
[2026-05-23 17:21:15] start mode=optimized model=SGC_fp32.onnx device=CPU warmup=5 iters=100
[2026-05-23 17:21:15] creating session
[2026-05-23 17:21:15] session ready providers=OpenVINOExecutionProvider | CPUExecutionProvider
[2026-05-23 17:21:15] preparing inputs
[2026-05-23 17:21:15] inputs ready
[2026-05-23 17:21:15] warmup start
[2026-05-23 17:21:16] warmup done
[2026-05-23 17:21:16] benchmark iterations start
[2026-05-23 17:21:16] iteration 25/100 elapsed_s=0.6
[2026-05-23 17:21:17] iteration 50/100 elapsed_s=1.3
[2026-05-23 17:21:18] iteration 75/100 elapsed_s=1.9
[2026-05-23 17:21:18] iteration 100/100 elapsed_s=2.5
[2026-05-23 17:21:18] benchmark iterations done
[2026-05-23 17:21:18] mode complete mode=optimized mean_ms=24.969 std_ms=1.304 p95_ms=27.264
