[2026-05-23 12:19:57] start mode=baseline model=resnet50_int8.onnx device=NPU warmup=5 iters=100
[2026-05-23 12:19:57] creating session
[2026-05-23 12:19:57] session ready providers=OpenVINOExecutionProvider | CPUExecutionProvider
[2026-05-23 12:19:57] preparing inputs
[2026-05-23 12:19:57] inputs ready
[2026-05-23 12:19:57] warmup start
[2026-05-23 12:20:02] warmup done
[2026-05-23 12:20:02] benchmark iterations start
[2026-05-23 12:20:03] iteration 25/100 elapsed_s=0.2
[2026-05-23 12:20:03] iteration 50/100 elapsed_s=0.3
[2026-05-23 12:20:03] iteration 75/100 elapsed_s=0.4
[2026-05-23 12:20:03] iteration 100/100 elapsed_s=0.5
[2026-05-23 12:20:03] benchmark iterations done
[2026-05-23 12:20:03] mode complete mode=baseline mean_ms=4.950 std_ms=1.175 p95_ms=7.994
[2026-05-23 12:20:03] start mode=optimized model=resnet50_int8.onnx device=NPU warmup=5 iters=100
[2026-05-23 12:20:03] creating session
[2026-05-23 12:20:03] session ready providers=OpenVINOExecutionProvider | CPUExecutionProvider
[2026-05-23 12:20:03] preparing inputs
[2026-05-23 12:20:03] inputs ready
[2026-05-23 12:20:03] warmup start
[2026-05-23 12:20:08] warmup done
[2026-05-23 12:20:08] benchmark iterations start
[2026-05-23 12:20:09] iteration 25/100 elapsed_s=0.2
[2026-05-23 12:20:09] iteration 50/100 elapsed_s=0.3
[2026-05-23 12:20:09] iteration 75/100 elapsed_s=0.4
[2026-05-23 12:20:09] iteration 100/100 elapsed_s=0.5
[2026-05-23 12:20:09] benchmark iterations done
[2026-05-23 12:20:09] mode complete mode=optimized mean_ms=4.942 std_ms=1.092 p95_ms=7.670
[2026-05-23 12:21:07] start mode=baseline model=resnet50_int8.onnx device=NPU warmup=5 iters=100
[2026-05-23 12:21:07] creating session
[2026-05-23 12:21:07] session ready providers=OpenVINOExecutionProvider | CPUExecutionProvider
[2026-05-23 12:21:07] preparing inputs
[2026-05-23 12:21:07] inputs ready
[2026-05-23 12:21:07] warmup start
[2026-05-23 12:21:13] warmup done
[2026-05-23 12:21:13] benchmark iterations start
[2026-05-23 12:21:13] iteration 25/100 elapsed_s=0.2
[2026-05-23 12:21:13] iteration 50/100 elapsed_s=0.3
[2026-05-23 12:21:13] iteration 75/100 elapsed_s=0.4
[2026-05-23 12:21:13] iteration 100/100 elapsed_s=0.5
[2026-05-23 12:21:13] benchmark iterations done
[2026-05-23 12:21:13] mode complete mode=baseline mean_ms=4.843 std_ms=1.120 p95_ms=7.529
[2026-05-23 12:21:13] start mode=optimized model=resnet50_int8.onnx device=NPU warmup=5 iters=100
[2026-05-23 12:21:13] creating session
[2026-05-23 12:21:13] session ready providers=OpenVINOExecutionProvider | CPUExecutionProvider
[2026-05-23 12:21:13] preparing inputs
[2026-05-23 12:21:13] inputs ready
[2026-05-23 12:21:13] warmup start
[2026-05-23 12:21:19] warmup done
[2026-05-23 12:21:19] benchmark iterations start
[2026-05-23 12:21:19] iteration 25/100 elapsed_s=0.2
[2026-05-23 12:21:19] iteration 50/100 elapsed_s=0.3
[2026-05-23 12:21:19] iteration 75/100 elapsed_s=0.4
[2026-05-23 12:21:19] iteration 100/100 elapsed_s=0.5
[2026-05-23 12:21:19] benchmark iterations done
[2026-05-23 12:21:19] mode complete mode=optimized mean_ms=5.016 std_ms=1.131 p95_ms=7.988
[2026-05-23 12:22:18] start mode=baseline model=resnet50_int8.onnx device=NPU warmup=5 iters=100
[2026-05-23 12:22:18] creating session
[2026-05-23 12:22:18] session ready providers=OpenVINOExecutionProvider | CPUExecutionProvider
[2026-05-23 12:22:18] preparing inputs
[2026-05-23 12:22:18] inputs ready
[2026-05-23 12:22:18] warmup start
[2026-05-23 12:22:23] warmup done
[2026-05-23 12:22:23] benchmark iterations start
[2026-05-23 12:22:24] iteration 25/100 elapsed_s=0.2
[2026-05-23 12:22:24] iteration 50/100 elapsed_s=0.3
[2026-05-23 12:22:24] iteration 75/100 elapsed_s=0.4
[2026-05-23 12:22:24] iteration 100/100 elapsed_s=0.5
[2026-05-23 12:22:24] benchmark iterations done
[2026-05-23 12:22:24] mode complete mode=baseline mean_ms=4.870 std_ms=1.181 p95_ms=8.224
[2026-05-23 12:22:24] start mode=optimized model=resnet50_int8.onnx device=NPU warmup=5 iters=100
[2026-05-23 12:22:24] creating session
[2026-05-23 12:22:24] session ready providers=OpenVINOExecutionProvider | CPUExecutionProvider
[2026-05-23 12:22:24] preparing inputs
[2026-05-23 12:22:24] inputs ready
[2026-05-23 12:22:24] warmup start
[2026-05-23 12:22:29] warmup done
[2026-05-23 12:22:29] benchmark iterations start
[2026-05-23 12:22:30] iteration 25/100 elapsed_s=0.2
[2026-05-23 12:22:30] iteration 50/100 elapsed_s=0.3
[2026-05-23 12:22:30] iteration 75/100 elapsed_s=0.4
[2026-05-23 12:22:30] iteration 100/100 elapsed_s=0.5
[2026-05-23 12:22:30] benchmark iterations done
[2026-05-23 12:22:30] mode complete mode=optimized mean_ms=4.964 std_ms=1.122 p95_ms=7.980
[2026-05-23 12:23:18] start mode=baseline model=resnet50_int8.onnx device=GPU warmup=5 iters=100
[2026-05-23 12:23:18] creating session
[2026-05-23 12:23:21] session ready providers=OpenVINOExecutionProvider | CPUExecutionProvider
[2026-05-23 12:23:21] preparing inputs
[2026-05-23 12:23:21] inputs ready
[2026-05-23 12:23:21] warmup start
[2026-05-23 12:23:21] warmup done
[2026-05-23 12:23:21] benchmark iterations start
[2026-05-23 12:23:21] iteration 25/100 elapsed_s=0.1
[2026-05-23 12:23:21] iteration 50/100 elapsed_s=0.3
[2026-05-23 12:23:22] iteration 75/100 elapsed_s=0.4
[2026-05-23 12:23:22] iteration 100/100 elapsed_s=0.6
[2026-05-23 12:23:22] benchmark iterations done
[2026-05-23 12:23:22] mode complete mode=baseline mean_ms=5.880 std_ms=0.624 p95_ms=7.248
[2026-05-23 12:23:22] start mode=optimized model=resnet50_int8.onnx device=GPU warmup=5 iters=100
[2026-05-23 12:23:22] creating session
[2026-05-23 12:23:25] session ready providers=OpenVINOExecutionProvider | CPUExecutionProvider
[2026-05-23 12:23:25] preparing inputs
[2026-05-23 12:23:25] inputs ready
[2026-05-23 12:23:25] warmup start
[2026-05-23 12:23:25] warmup done
[2026-05-23 12:23:25] benchmark iterations start
[2026-05-23 12:23:25] iteration 25/100 elapsed_s=0.1
[2026-05-23 12:23:25] iteration 50/100 elapsed_s=0.3
[2026-05-23 12:23:25] iteration 75/100 elapsed_s=0.4
[2026-05-23 12:23:26] iteration 100/100 elapsed_s=0.6
[2026-05-23 12:23:26] benchmark iterations done
[2026-05-23 12:23:26] mode complete mode=optimized mean_ms=5.803 std_ms=0.656 p95_ms=6.870
[2026-05-23 12:24:09] start mode=baseline model=resnet50_int8.onnx device=GPU warmup=5 iters=100
[2026-05-23 12:24:09] creating session
[2026-05-23 12:24:11] session ready providers=OpenVINOExecutionProvider | CPUExecutionProvider
[2026-05-23 12:24:11] preparing inputs
[2026-05-23 12:24:11] inputs ready
[2026-05-23 12:24:11] warmup start
[2026-05-23 12:24:12] warmup done
[2026-05-23 12:24:12] benchmark iterations start
[2026-05-23 12:24:12] iteration 25/100 elapsed_s=0.1
[2026-05-23 12:24:12] iteration 50/100 elapsed_s=0.3
[2026-05-23 12:24:12] iteration 75/100 elapsed_s=0.4
[2026-05-23 12:24:12] iteration 100/100 elapsed_s=0.6
[2026-05-23 12:24:12] benchmark iterations done
[2026-05-23 12:24:12] mode complete mode=baseline mean_ms=5.763 std_ms=0.527 p95_ms=6.598
[2026-05-23 12:24:12] start mode=optimized model=resnet50_int8.onnx device=GPU warmup=5 iters=100
[2026-05-23 12:24:12] creating session
[2026-05-23 12:24:15] session ready providers=OpenVINOExecutionProvider | CPUExecutionProvider
[2026-05-23 12:24:15] preparing inputs
[2026-05-23 12:24:15] inputs ready
[2026-05-23 12:24:15] warmup start
[2026-05-23 12:24:15] warmup done
[2026-05-23 12:24:15] benchmark iterations start
[2026-05-23 12:24:16] iteration 25/100 elapsed_s=0.1
[2026-05-23 12:24:16] iteration 50/100 elapsed_s=0.3
[2026-05-23 12:24:16] iteration 75/100 elapsed_s=0.4
[2026-05-23 12:24:16] iteration 100/100 elapsed_s=0.6
[2026-05-23 12:24:16] benchmark iterations done
[2026-05-23 12:24:16] mode complete mode=optimized mean_ms=5.971 std_ms=0.737 p95_ms=7.438
[2026-05-23 12:24:59] start mode=baseline model=resnet50_int8.onnx device=GPU warmup=5 iters=100
[2026-05-23 12:24:59] creating session
[2026-05-23 12:25:02] session ready providers=OpenVINOExecutionProvider | CPUExecutionProvider
[2026-05-23 12:25:02] preparing inputs
[2026-05-23 12:25:02] inputs ready
[2026-05-23 12:25:02] warmup start
[2026-05-23 12:25:02] warmup done
[2026-05-23 12:25:02] benchmark iterations start
[2026-05-23 12:25:02] iteration 25/100 elapsed_s=0.1
[2026-05-23 12:25:02] iteration 50/100 elapsed_s=0.3
[2026-05-23 12:25:02] iteration 75/100 elapsed_s=0.4
[2026-05-23 12:25:03] iteration 100/100 elapsed_s=0.6
[2026-05-23 12:25:03] benchmark iterations done
[2026-05-23 12:25:03] mode complete mode=baseline mean_ms=5.806 std_ms=0.622 p95_ms=6.844
[2026-05-23 12:25:03] start mode=optimized model=resnet50_int8.onnx device=GPU warmup=5 iters=100
[2026-05-23 12:25:03] creating session
[2026-05-23 12:25:06] session ready providers=OpenVINOExecutionProvider | CPUExecutionProvider
[2026-05-23 12:25:06] preparing inputs
[2026-05-23 12:25:06] inputs ready
[2026-05-23 12:25:06] warmup start
[2026-05-23 12:25:06] warmup done
[2026-05-23 12:25:06] benchmark iterations start
[2026-05-23 12:25:06] iteration 25/100 elapsed_s=0.1
[2026-05-23 12:25:06] iteration 50/100 elapsed_s=0.3
[2026-05-23 12:25:06] iteration 75/100 elapsed_s=0.4
[2026-05-23 12:25:06] iteration 100/100 elapsed_s=0.6
[2026-05-23 12:25:06] benchmark iterations done
[2026-05-23 12:25:06] mode complete mode=optimized mean_ms=5.873 std_ms=0.560 p95_ms=6.788
[2026-05-23 12:25:54] start mode=baseline model=resnet50_int8.onnx device=CPU warmup=5 iters=100
[2026-05-23 12:25:54] creating session
[2026-05-23 12:25:55] session ready providers=OpenVINOExecutionProvider | CPUExecutionProvider
[2026-05-23 12:25:55] preparing inputs
[2026-05-23 12:25:55] inputs ready
[2026-05-23 12:25:55] warmup start
[2026-05-23 12:25:55] warmup done
[2026-05-23 12:25:55] benchmark iterations start
[2026-05-23 12:25:56] iteration 25/100 elapsed_s=0.5
[2026-05-23 12:25:56] iteration 50/100 elapsed_s=1.1
[2026-05-23 12:25:57] iteration 75/100 elapsed_s=1.5
[2026-05-23 12:25:57] iteration 100/100 elapsed_s=2.0
[2026-05-23 12:25:57] benchmark iterations done
[2026-05-23 12:25:57] mode complete mode=baseline mean_ms=20.332 std_ms=2.398 p95_ms=25.790
[2026-05-23 12:25:57] start mode=optimized model=resnet50_int8.onnx device=CPU warmup=5 iters=100
[2026-05-23 12:25:57] creating session
[2026-05-23 12:25:59] session ready providers=OpenVINOExecutionProvider | CPUExecutionProvider
[2026-05-23 12:25:59] preparing inputs
[2026-05-23 12:25:59] inputs ready
[2026-05-23 12:25:59] warmup start
[2026-05-23 12:25:59] warmup done
[2026-05-23 12:25:59] benchmark iterations start
[2026-05-23 12:25:59] iteration 25/100 elapsed_s=0.5
[2026-05-23 12:26:00] iteration 50/100 elapsed_s=0.9
[2026-05-23 12:26:00] iteration 75/100 elapsed_s=1.4
[2026-05-23 12:26:01] iteration 100/100 elapsed_s=1.9
[2026-05-23 12:26:01] benchmark iterations done
[2026-05-23 12:26:01] mode complete mode=optimized mean_ms=19.325 std_ms=1.680 p95_ms=22.441
[2026-05-23 12:26:47] start mode=baseline model=resnet50_int8.onnx device=CPU warmup=5 iters=100
[2026-05-23 12:26:47] creating session
[2026-05-23 12:26:48] session ready providers=OpenVINOExecutionProvider | CPUExecutionProvider
[2026-05-23 12:26:48] preparing inputs
[2026-05-23 12:26:48] inputs ready
[2026-05-23 12:26:48] warmup start
[2026-05-23 12:26:48] warmup done
[2026-05-23 12:26:48] benchmark iterations start
[2026-05-23 12:26:49] iteration 25/100 elapsed_s=0.5
[2026-05-23 12:26:49] iteration 50/100 elapsed_s=0.9
[2026-05-23 12:26:50] iteration 75/100 elapsed_s=1.4
[2026-05-23 12:26:50] iteration 100/100 elapsed_s=1.9
[2026-05-23 12:26:50] benchmark iterations done
[2026-05-23 12:26:50] mode complete mode=baseline mean_ms=18.907 std_ms=1.046 p95_ms=20.689
[2026-05-23 12:26:50] start mode=optimized model=resnet50_int8.onnx device=CPU warmup=5 iters=100
[2026-05-23 12:26:50] creating session
[2026-05-23 12:26:52] session ready providers=OpenVINOExecutionProvider | CPUExecutionProvider
[2026-05-23 12:26:52] preparing inputs
[2026-05-23 12:26:52] inputs ready
[2026-05-23 12:26:52] warmup start
[2026-05-23 12:26:52] warmup done
[2026-05-23 12:26:52] benchmark iterations start
[2026-05-23 12:26:52] iteration 25/100 elapsed_s=0.4
[2026-05-23 12:26:53] iteration 50/100 elapsed_s=0.9
[2026-05-23 12:26:53] iteration 75/100 elapsed_s=1.4
[2026-05-23 12:26:54] iteration 100/100 elapsed_s=1.8
[2026-05-23 12:26:54] benchmark iterations done
[2026-05-23 12:26:54] mode complete mode=optimized mean_ms=17.936 std_ms=1.174 p95_ms=19.691
[2026-05-23 12:27:41] start mode=baseline model=resnet50_int8.onnx device=CPU warmup=5 iters=100
[2026-05-23 12:27:41] creating session
[2026-05-23 12:27:42] session ready providers=OpenVINOExecutionProvider | CPUExecutionProvider
[2026-05-23 12:27:42] preparing inputs
[2026-05-23 12:27:42] inputs ready
[2026-05-23 12:27:42] warmup start
[2026-05-23 12:27:42] warmup done
[2026-05-23 12:27:42] benchmark iterations start
[2026-05-23 12:27:42] iteration 25/100 elapsed_s=0.4
[2026-05-23 12:27:43] iteration 50/100 elapsed_s=0.9
[2026-05-23 12:27:43] iteration 75/100 elapsed_s=1.4
[2026-05-23 12:27:44] iteration 100/100 elapsed_s=1.8
[2026-05-23 12:27:44] benchmark iterations done
[2026-05-23 12:27:44] mode complete mode=baseline mean_ms=18.181 std_ms=3.042 p95_ms=19.320
[2026-05-23 12:27:44] start mode=optimized model=resnet50_int8.onnx device=CPU warmup=5 iters=100
[2026-05-23 12:27:44] creating session
[2026-05-23 12:27:45] session ready providers=OpenVINOExecutionProvider | CPUExecutionProvider
[2026-05-23 12:27:45] preparing inputs
[2026-05-23 12:27:45] inputs ready
[2026-05-23 12:27:45] warmup start
[2026-05-23 12:27:45] warmup done
[2026-05-23 12:27:45] benchmark iterations start
[2026-05-23 12:27:46] iteration 25/100 elapsed_s=0.4
[2026-05-23 12:27:46] iteration 50/100 elapsed_s=0.9
[2026-05-23 12:27:47] iteration 75/100 elapsed_s=1.4
[2026-05-23 12:27:47] iteration 100/100 elapsed_s=1.9
[2026-05-23 12:27:47] benchmark iterations done
[2026-05-23 12:27:47] mode complete mode=optimized mean_ms=18.697 std_ms=2.788 p95_ms=25.855
