[2026-05-23 16:08:02] start mode=baseline model=MPNN_int8.onnx device=GPU warmup=5 iters=100
[2026-05-23 16:08:02] creating session
[2026-05-23 16:08:02] session ready providers=CPUExecutionProvider
[2026-05-23 16:08:02] preparing inputs
[2026-05-23 16:08:03] inputs ready
[2026-05-23 16:08:03] warmup start
[2026-05-23 16:08:03] warmup done
[2026-05-23 16:08:03] benchmark iterations start
[2026-05-23 16:08:07] iteration 25/100 elapsed_s=3.5
[2026-05-23 16:08:10] iteration 50/100 elapsed_s=6.4
[2026-05-23 16:08:13] iteration 75/100 elapsed_s=9.7
[2026-05-23 16:08:17] iteration 100/100 elapsed_s=13.1
[2026-05-23 16:08:17] benchmark iterations done
[2026-05-23 16:08:17] mode complete mode=baseline mean_ms=131.066 std_ms=19.159 p95_ms=161.484
[2026-05-23 16:08:17] start mode=optimized model=MPNN_int8.onnx device=GPU warmup=5 iters=100
[2026-05-23 16:08:17] creating session
[2026-05-23 16:08:17] session ready providers=CPUExecutionProvider
[2026-05-23 16:08:17] preparing inputs
[2026-05-23 16:08:18] inputs ready
[2026-05-23 16:08:18] warmup start
[2026-05-23 16:08:18] warmup done
[2026-05-23 16:08:18] benchmark iterations start
[2026-05-23 16:08:21] iteration 25/100 elapsed_s=3.0
[2026-05-23 16:08:25] iteration 50/100 elapsed_s=6.4
[2026-05-23 16:08:27] iteration 75/100 elapsed_s=9.1
[2026-05-23 16:08:30] iteration 100/100 elapsed_s=11.8
[2026-05-23 16:08:30] benchmark iterations done
[2026-05-23 16:08:30] mode complete mode=optimized mean_ms=117.724 std_ms=19.685 p95_ms=157.637
[2026-05-23 16:13:49] start mode=baseline model=MPNN_int8.onnx device=CPU warmup=5 iters=100
[2026-05-23 16:13:49] creating session
[2026-05-23 16:13:49] session ready providers=CPUExecutionProvider
[2026-05-23 16:13:49] preparing inputs
[2026-05-23 16:13:50] inputs ready
[2026-05-23 16:13:50] warmup start
[2026-05-23 16:13:50] warmup done
[2026-05-23 16:13:50] benchmark iterations start
[2026-05-23 16:13:54] iteration 25/100 elapsed_s=3.6
[2026-05-23 16:13:57] iteration 50/100 elapsed_s=6.8
[2026-05-23 16:14:00] iteration 75/100 elapsed_s=9.9
[2026-05-23 16:14:04] iteration 100/100 elapsed_s=13.5
[2026-05-23 16:14:04] benchmark iterations done
[2026-05-23 16:14:04] mode complete mode=baseline mean_ms=134.736 std_ms=23.421 p95_ms=191.109
[2026-05-23 16:14:04] start mode=optimized model=MPNN_int8.onnx device=CPU warmup=5 iters=100
[2026-05-23 16:14:04] creating session
[2026-05-23 16:14:04] session ready providers=CPUExecutionProvider
[2026-05-23 16:14:04] preparing inputs
[2026-05-23 16:14:05] inputs ready
[2026-05-23 16:14:05] warmup start
[2026-05-23 16:14:06] warmup done
[2026-05-23 16:14:06] benchmark iterations start
[2026-05-23 16:14:08] iteration 25/100 elapsed_s=2.1
[2026-05-23 16:14:10] iteration 50/100 elapsed_s=4.7
[2026-05-23 16:14:13] iteration 75/100 elapsed_s=7.5
[2026-05-23 16:14:15] iteration 100/100 elapsed_s=9.9
[2026-05-23 16:14:15] benchmark iterations done
[2026-05-23 16:14:15] mode complete mode=optimized mean_ms=98.995 std_ms=18.130 p95_ms=132.683
