[2026-05-23 14:59:58] start mode=baseline model=GIN_int8.onnx device=NPU warmup=5 iters=100
[2026-05-23 14:59:58] creating session
[2026-05-23 14:59:58] session ready providers=OpenVINOExecutionProvider | CPUExecutionProvider
[2026-05-23 14:59:58] preparing inputs
[2026-05-23 14:59:58] inputs ready
[2026-05-23 14:59:58] warmup start
[2026-05-23 14:59:59] warmup done
[2026-05-23 14:59:59] benchmark iterations start
[2026-05-23 14:59:59] iteration 25/100 elapsed_s=0.7
[2026-05-23 15:00:00] iteration 50/100 elapsed_s=1.4
[2026-05-23 15:00:01] iteration 75/100 elapsed_s=2.1
[2026-05-23 15:00:02] iteration 100/100 elapsed_s=2.8
[2026-05-23 15:00:02] benchmark iterations done
[2026-05-23 15:00:02] mode complete mode=baseline mean_ms=28.044 std_ms=1.426 p95_ms=30.086
[2026-05-23 15:00:02] start mode=optimized model=GIN_int8.onnx device=NPU warmup=5 iters=100
[2026-05-23 15:00:02] creating session
[2026-05-23 15:00:02] session ready providers=OpenVINOExecutionProvider | CPUExecutionProvider
[2026-05-23 15:00:02] preparing inputs
[2026-05-23 15:00:02] inputs ready
[2026-05-23 15:00:02] warmup start
[2026-05-23 15:00:03] warmup done
[2026-05-23 15:00:03] benchmark iterations start
[2026-05-23 15:00:03] iteration 25/100 elapsed_s=0.7
[2026-05-23 15:00:04] iteration 50/100 elapsed_s=1.4
[2026-05-23 15:00:05] iteration 75/100 elapsed_s=2.1
[2026-05-23 15:00:05] iteration 100/100 elapsed_s=2.8
[2026-05-23 15:00:05] benchmark iterations done
[2026-05-23 15:00:05] mode complete mode=optimized mean_ms=27.782 std_ms=1.608 p95_ms=29.516
[2026-05-23 15:10:47] start mode=baseline model=GIN_int8.onnx device=GPU warmup=5 iters=100
[2026-05-23 15:10:47] creating session
[2026-05-23 15:10:52] session ready providers=OpenVINOExecutionProvider | CPUExecutionProvider
[2026-05-23 15:10:52] preparing inputs
[2026-05-23 15:10:52] inputs ready
[2026-05-23 15:10:52] warmup start
[2026-05-23 15:10:52] warmup done
[2026-05-23 15:10:52] benchmark iterations start
[2026-05-23 15:10:53] iteration 25/100 elapsed_s=0.3
[2026-05-23 15:10:53] iteration 50/100 elapsed_s=0.7
[2026-05-23 15:10:53] iteration 75/100 elapsed_s=1.0
[2026-05-23 15:10:54] iteration 100/100 elapsed_s=1.4
[2026-05-23 15:10:54] benchmark iterations done
[2026-05-23 15:10:54] mode complete mode=baseline mean_ms=13.844 std_ms=0.705 p95_ms=14.982
[2026-05-23 15:10:54] start mode=optimized model=GIN_int8.onnx device=GPU warmup=5 iters=100
[2026-05-23 15:10:54] creating session
[2026-05-23 15:10:55] session ready providers=OpenVINOExecutionProvider | CPUExecutionProvider
[2026-05-23 15:10:55] preparing inputs
[2026-05-23 15:10:55] inputs ready
[2026-05-23 15:10:55] warmup start
[2026-05-23 15:10:55] warmup done
[2026-05-23 15:10:55] benchmark iterations start
[2026-05-23 15:10:56] iteration 25/100 elapsed_s=0.3
[2026-05-23 15:10:56] iteration 50/100 elapsed_s=0.7
[2026-05-23 15:10:56] iteration 75/100 elapsed_s=1.0
[2026-05-23 15:10:57] iteration 100/100 elapsed_s=1.4
[2026-05-23 15:10:57] benchmark iterations done
[2026-05-23 15:10:57] mode complete mode=optimized mean_ms=13.801 std_ms=0.827 p95_ms=15.058
[2026-05-23 15:17:34] start mode=baseline model=GIN_int8.onnx device=CPU warmup=5 iters=100
[2026-05-23 15:17:34] creating session
[2026-05-23 15:17:34] session ready providers=OpenVINOExecutionProvider | CPUExecutionProvider
[2026-05-23 15:17:34] preparing inputs
[2026-05-23 15:17:35] inputs ready
[2026-05-23 15:17:35] warmup start
[2026-05-23 15:17:35] warmup done
[2026-05-23 15:17:35] benchmark iterations start
[2026-05-23 15:17:36] iteration 25/100 elapsed_s=0.7
[2026-05-23 15:17:36] iteration 50/100 elapsed_s=1.4
[2026-05-23 15:17:37] iteration 75/100 elapsed_s=2.1
[2026-05-23 15:17:38] iteration 100/100 elapsed_s=2.8
[2026-05-23 15:17:38] benchmark iterations done
[2026-05-23 15:17:38] mode complete mode=baseline mean_ms=27.773 std_ms=1.310 p95_ms=30.165
[2026-05-23 15:17:38] start mode=optimized model=GIN_int8.onnx device=CPU warmup=5 iters=100
[2026-05-23 15:17:38] creating session
[2026-05-23 15:17:38] session ready providers=OpenVINOExecutionProvider | CPUExecutionProvider
[2026-05-23 15:17:38] preparing inputs
[2026-05-23 15:17:39] inputs ready
[2026-05-23 15:17:39] warmup start
[2026-05-23 15:17:39] warmup done
[2026-05-23 15:17:39] benchmark iterations start
[2026-05-23 15:17:40] iteration 25/100 elapsed_s=0.7
[2026-05-23 15:17:40] iteration 50/100 elapsed_s=1.4
[2026-05-23 15:17:41] iteration 75/100 elapsed_s=2.1
[2026-05-23 15:17:42] iteration 100/100 elapsed_s=2.8
[2026-05-23 15:17:42] benchmark iterations done
[2026-05-23 15:17:42] mode complete mode=optimized mean_ms=27.977 std_ms=1.400 p95_ms=30.258
