[2026-05-23 14:53:51] start mode=baseline model=GCN_fp32.onnx device=NPU warmup=5 iters=100
[2026-05-23 14:53:51] creating session
[2026-05-23 14:53:51] session ready providers=OpenVINOExecutionProvider | CPUExecutionProvider
[2026-05-23 14:53:51] preparing inputs
[2026-05-23 14:53:51] inputs ready
[2026-05-23 14:53:51] warmup start
[2026-05-23 14:53:51] warmup done
[2026-05-23 14:53:51] benchmark iterations start
[2026-05-23 14:53:52] iteration 25/100 elapsed_s=0.3
[2026-05-23 14:53:52] iteration 50/100 elapsed_s=0.7
[2026-05-23 14:53:52] iteration 75/100 elapsed_s=1.0
[2026-05-23 14:53:53] iteration 100/100 elapsed_s=1.3
[2026-05-23 14:53:53] benchmark iterations done
[2026-05-23 14:53:53] mode complete mode=baseline mean_ms=13.106 std_ms=1.615 p95_ms=14.471
[2026-05-23 14:53:53] start mode=optimized model=GCN_fp32.onnx device=NPU warmup=5 iters=100
[2026-05-23 14:53:53] creating session
[2026-05-23 14:53:53] session ready providers=OpenVINOExecutionProvider | CPUExecutionProvider
[2026-05-23 14:53:53] preparing inputs
[2026-05-23 14:53:54] inputs ready
[2026-05-23 14:53:54] warmup start
[2026-05-23 14:53:54] warmup done
[2026-05-23 14:53:54] benchmark iterations start
[2026-05-23 14:53:54] iteration 25/100 elapsed_s=0.3
[2026-05-23 14:53:55] iteration 50/100 elapsed_s=0.7
[2026-05-23 14:53:55] iteration 75/100 elapsed_s=1.0
[2026-05-23 14:53:55] iteration 100/100 elapsed_s=1.3
[2026-05-23 14:53:55] benchmark iterations done
[2026-05-23 14:53:55] mode complete mode=optimized mean_ms=13.211 std_ms=1.506 p95_ms=14.927
[2026-05-23 14:57:27] start mode=baseline model=GCN_fp32.onnx device=CPU warmup=5 iters=100
[2026-05-23 14:57:27] creating session
[2026-05-23 14:57:27] session ready providers=OpenVINOExecutionProvider | CPUExecutionProvider
[2026-05-23 14:57:27] preparing inputs
[2026-05-23 14:57:28] inputs ready
[2026-05-23 14:57:28] warmup start
[2026-05-23 14:57:28] warmup done
[2026-05-23 14:57:28] benchmark iterations start
[2026-05-23 14:57:28] iteration 25/100 elapsed_s=0.3
[2026-05-23 14:57:29] iteration 50/100 elapsed_s=0.7
[2026-05-23 14:57:29] iteration 75/100 elapsed_s=1.0
[2026-05-23 14:57:29] iteration 100/100 elapsed_s=1.3
[2026-05-23 14:57:29] benchmark iterations done
[2026-05-23 14:57:29] mode complete mode=baseline mean_ms=13.091 std_ms=1.355 p95_ms=14.695
[2026-05-23 14:57:30] start mode=optimized model=GCN_fp32.onnx device=CPU warmup=5 iters=100
[2026-05-23 14:57:30] creating session
[2026-05-23 14:57:30] session ready providers=OpenVINOExecutionProvider | CPUExecutionProvider
[2026-05-23 14:57:30] preparing inputs
[2026-05-23 14:57:30] inputs ready
[2026-05-23 14:57:30] warmup start
[2026-05-23 14:57:30] warmup done
[2026-05-23 14:57:30] benchmark iterations start
[2026-05-23 14:57:31] iteration 25/100 elapsed_s=0.3
[2026-05-23 14:57:31] iteration 50/100 elapsed_s=0.7
[2026-05-23 14:57:31] iteration 75/100 elapsed_s=1.0
[2026-05-23 14:57:32] iteration 100/100 elapsed_s=1.3
[2026-05-23 14:57:32] benchmark iterations done
[2026-05-23 14:57:32] mode complete mode=optimized mean_ms=13.192 std_ms=1.375 p95_ms=14.331
