[2026-05-23 14:52:59] start mode=baseline model=GCN_fp32.onnx device=NPU warmup=5 iters=100
[2026-05-23 14:52:59] creating session
[2026-05-23 14:52:59] session ready providers=OpenVINOExecutionProvider | CPUExecutionProvider
[2026-05-23 14:52:59] preparing inputs
[2026-05-23 14:52:59] inputs ready
[2026-05-23 14:52:59] warmup start
[2026-05-23 14:52:59] warmup done
[2026-05-23 14:52:59] benchmark iterations start
[2026-05-23 14:53:00] iteration 25/100 elapsed_s=0.1
[2026-05-23 14:53:00] iteration 50/100 elapsed_s=0.3
[2026-05-23 14:53:00] iteration 75/100 elapsed_s=0.4
[2026-05-23 14:53:00] iteration 100/100 elapsed_s=0.5
[2026-05-23 14:53:00] benchmark iterations done
[2026-05-23 14:53:00] mode complete mode=baseline mean_ms=4.658 std_ms=0.916 p95_ms=6.291
[2026-05-23 14:53:00] start mode=optimized model=GCN_fp32.onnx device=NPU warmup=5 iters=100
[2026-05-23 14:53:00] creating session
[2026-05-23 14:53:00] session ready providers=OpenVINOExecutionProvider | CPUExecutionProvider
[2026-05-23 14:53:00] preparing inputs
[2026-05-23 14:53:01] inputs ready
[2026-05-23 14:53:01] warmup start
[2026-05-23 14:53:01] warmup done
[2026-05-23 14:53:01] benchmark iterations start
[2026-05-23 14:53:01] iteration 25/100 elapsed_s=0.1
[2026-05-23 14:53:01] iteration 50/100 elapsed_s=0.3
[2026-05-23 14:53:01] iteration 75/100 elapsed_s=0.4
[2026-05-23 14:53:01] iteration 100/100 elapsed_s=0.5
[2026-05-23 14:53:01] benchmark iterations done
[2026-05-23 14:53:01] mode complete mode=optimized mean_ms=4.769 std_ms=0.892 p95_ms=6.589
[2026-05-23 14:56:36] start mode=baseline model=GCN_fp32.onnx device=CPU warmup=5 iters=100
[2026-05-23 14:56:36] creating session
[2026-05-23 14:56:36] session ready providers=OpenVINOExecutionProvider | CPUExecutionProvider
[2026-05-23 14:56:36] preparing inputs
[2026-05-23 14:56:37] inputs ready
[2026-05-23 14:56:37] warmup start
[2026-05-23 14:56:37] warmup done
[2026-05-23 14:56:37] benchmark iterations start
[2026-05-23 14:56:37] iteration 25/100 elapsed_s=0.1
[2026-05-23 14:56:37] iteration 50/100 elapsed_s=0.3
[2026-05-23 14:56:37] iteration 75/100 elapsed_s=0.4
[2026-05-23 14:56:37] iteration 100/100 elapsed_s=0.5
[2026-05-23 14:56:37] benchmark iterations done
[2026-05-23 14:56:37] mode complete mode=baseline mean_ms=4.737 std_ms=0.818 p95_ms=6.326
[2026-05-23 14:56:38] start mode=optimized model=GCN_fp32.onnx device=CPU warmup=5 iters=100
[2026-05-23 14:56:38] creating session
[2026-05-23 14:56:38] session ready providers=OpenVINOExecutionProvider | CPUExecutionProvider
[2026-05-23 14:56:38] preparing inputs
[2026-05-23 14:56:38] inputs ready
[2026-05-23 14:56:38] warmup start
[2026-05-23 14:56:38] warmup done
[2026-05-23 14:56:38] benchmark iterations start
[2026-05-23 14:56:38] iteration 25/100 elapsed_s=0.1
[2026-05-23 14:56:38] iteration 50/100 elapsed_s=0.3
[2026-05-23 14:56:39] iteration 75/100 elapsed_s=0.4
[2026-05-23 14:56:39] iteration 100/100 elapsed_s=0.5
[2026-05-23 14:56:39] benchmark iterations done
[2026-05-23 14:56:39] mode complete mode=optimized mean_ms=4.777 std_ms=1.077 p95_ms=6.138
