[2026-05-23 10:40:35] start mode=baseline model=GCN_int8.onnx device=NPU warmup=5 iters=100
[2026-05-23 10:40:35] creating session
[2026-05-23 10:40:36] session ready providers=OpenVINOExecutionProvider | CPUExecutionProvider
[2026-05-23 10:40:36] preparing inputs
[2026-05-23 10:40:36] inputs ready
[2026-05-23 10:40:36] warmup start
[2026-05-23 10:40:36] warmup done
[2026-05-23 10:40:36] benchmark iterations start
[2026-05-23 10:40:36] iteration 25/100 elapsed_s=0.2
[2026-05-23 10:40:36] iteration 50/100 elapsed_s=0.4
[2026-05-23 10:40:37] iteration 75/100 elapsed_s=0.6
[2026-05-23 10:40:37] iteration 100/100 elapsed_s=0.8
[2026-05-23 10:40:37] benchmark iterations done
[2026-05-23 10:40:37] mode complete mode=baseline mean_ms=7.589 std_ms=1.297 p95_ms=10.296
[2026-05-23 10:40:37] start mode=optimized model=GCN_int8.onnx device=NPU warmup=5 iters=100
[2026-05-23 10:40:37] creating session
[2026-05-23 10:40:37] session ready providers=OpenVINOExecutionProvider | CPUExecutionProvider
[2026-05-23 10:40:37] preparing inputs
[2026-05-23 10:40:38] inputs ready
[2026-05-23 10:40:38] warmup start
[2026-05-23 10:40:38] warmup done
[2026-05-23 10:40:38] benchmark iterations start
[2026-05-23 10:40:38] iteration 25/100 elapsed_s=0.2
[2026-05-23 10:40:38] iteration 50/100 elapsed_s=0.4
[2026-05-23 10:40:38] iteration 75/100 elapsed_s=0.6
[2026-05-23 10:40:38] iteration 100/100 elapsed_s=0.7
[2026-05-23 10:40:38] benchmark iterations done
[2026-05-23 10:40:39] mode complete mode=optimized mean_ms=7.438 std_ms=1.181 p95_ms=10.027
[2026-05-23 10:41:17] start mode=baseline model=GCN_int8.onnx device=NPU warmup=5 iters=100
[2026-05-23 10:41:17] creating session
[2026-05-23 10:41:18] session ready providers=OpenVINOExecutionProvider | CPUExecutionProvider
[2026-05-23 10:41:18] preparing inputs
[2026-05-23 10:41:20] inputs ready
[2026-05-23 10:41:20] warmup start
[2026-05-23 10:41:20] warmup done
[2026-05-23 10:41:20] benchmark iterations start
[2026-05-23 10:41:20] iteration 25/100 elapsed_s=0.2
[2026-05-23 10:41:20] iteration 50/100 elapsed_s=0.4
[2026-05-23 10:41:20] iteration 75/100 elapsed_s=0.6
[2026-05-23 10:41:20] iteration 100/100 elapsed_s=0.8
[2026-05-23 10:41:20] benchmark iterations done
[2026-05-23 10:41:20] mode complete mode=baseline mean_ms=7.926 std_ms=0.909 p95_ms=9.599
[2026-05-23 10:41:21] start mode=optimized model=GCN_int8.onnx device=NPU warmup=5 iters=100
[2026-05-23 10:41:21] creating session
[2026-05-23 10:41:21] session ready providers=OpenVINOExecutionProvider | CPUExecutionProvider
[2026-05-23 10:41:21] preparing inputs
[2026-05-23 10:41:23] inputs ready
[2026-05-23 10:41:23] warmup start
[2026-05-23 10:41:23] warmup done
[2026-05-23 10:41:23] benchmark iterations start
[2026-05-23 10:41:23] iteration 25/100 elapsed_s=0.2
[2026-05-23 10:41:24] iteration 50/100 elapsed_s=0.4
[2026-05-23 10:41:24] iteration 75/100 elapsed_s=0.6
[2026-05-23 10:41:24] iteration 100/100 elapsed_s=0.8
[2026-05-23 10:41:24] benchmark iterations done
[2026-05-23 10:41:24] mode complete mode=optimized mean_ms=7.479 std_ms=1.452 p95_ms=10.992
[2026-05-23 10:42:10] start mode=baseline model=GCN_int8.onnx device=NPU warmup=5 iters=100
[2026-05-23 10:42:10] creating session
[2026-05-23 10:42:10] session ready providers=OpenVINOExecutionProvider | CPUExecutionProvider
[2026-05-23 10:42:10] preparing inputs
[2026-05-23 10:42:12] inputs ready
[2026-05-23 10:42:12] warmup start
[2026-05-23 10:42:12] warmup done
[2026-05-23 10:42:12] benchmark iterations start
[2026-05-23 10:42:13] iteration 25/100 elapsed_s=0.2
[2026-05-23 10:42:13] iteration 50/100 elapsed_s=0.4
[2026-05-23 10:42:13] iteration 75/100 elapsed_s=0.5
[2026-05-23 10:42:13] iteration 100/100 elapsed_s=0.7
[2026-05-23 10:42:13] benchmark iterations done
[2026-05-23 10:42:13] mode complete mode=baseline mean_ms=7.117 std_ms=1.160 p95_ms=10.015
[2026-05-23 10:42:13] start mode=optimized model=GCN_int8.onnx device=NPU warmup=5 iters=100
[2026-05-23 10:42:13] creating session
[2026-05-23 10:42:14] session ready providers=OpenVINOExecutionProvider | CPUExecutionProvider
[2026-05-23 10:42:14] preparing inputs
[2026-05-23 10:42:16] inputs ready
[2026-05-23 10:42:16] warmup start
[2026-05-23 10:42:16] warmup done
[2026-05-23 10:42:16] benchmark iterations start
[2026-05-23 10:42:16] iteration 25/100 elapsed_s=0.2
[2026-05-23 10:42:17] iteration 50/100 elapsed_s=0.5
[2026-05-23 10:42:17] iteration 75/100 elapsed_s=0.6
[2026-05-23 10:42:17] iteration 100/100 elapsed_s=0.8
[2026-05-23 10:42:17] benchmark iterations done
[2026-05-23 10:42:17] mode complete mode=optimized mean_ms=8.205 std_ms=2.645 p95_ms=12.011
[2026-05-23 10:46:53] start mode=baseline model=GCN_int8.onnx device=CPU warmup=5 iters=100
[2026-05-23 10:46:53] creating session
[2026-05-23 10:46:53] session ready providers=OpenVINOExecutionProvider | CPUExecutionProvider
[2026-05-23 10:46:53] preparing inputs
[2026-05-23 10:46:54] inputs ready
[2026-05-23 10:46:54] warmup start
[2026-05-23 10:46:54] warmup done
[2026-05-23 10:46:54] benchmark iterations start
[2026-05-23 10:46:54] iteration 25/100 elapsed_s=0.2
[2026-05-23 10:46:54] iteration 50/100 elapsed_s=0.4
[2026-05-23 10:46:54] iteration 75/100 elapsed_s=0.6
[2026-05-23 10:46:55] iteration 100/100 elapsed_s=0.8
[2026-05-23 10:46:55] benchmark iterations done
[2026-05-23 10:46:55] mode complete mode=baseline mean_ms=7.646 std_ms=1.318 p95_ms=10.810
[2026-05-23 10:46:55] start mode=optimized model=GCN_int8.onnx device=CPU warmup=5 iters=100
[2026-05-23 10:46:55] creating session
[2026-05-23 10:46:55] session ready providers=OpenVINOExecutionProvider | CPUExecutionProvider
[2026-05-23 10:46:55] preparing inputs
[2026-05-23 10:46:55] inputs ready
[2026-05-23 10:46:55] warmup start
[2026-05-23 10:46:56] warmup done
[2026-05-23 10:46:56] benchmark iterations start
[2026-05-23 10:46:56] iteration 25/100 elapsed_s=0.2
[2026-05-23 10:46:56] iteration 50/100 elapsed_s=0.4
[2026-05-23 10:46:56] iteration 75/100 elapsed_s=0.6
[2026-05-23 10:46:56] iteration 100/100 elapsed_s=0.8
[2026-05-23 10:46:56] benchmark iterations done
[2026-05-23 10:46:56] mode complete mode=optimized mean_ms=8.024 std_ms=1.843 p95_ms=13.103
[2026-05-23 10:47:13] start mode=baseline model=GCN_int8.onnx device=CPU warmup=5 iters=100
[2026-05-23 10:47:13] creating session
[2026-05-23 10:47:13] session ready providers=OpenVINOExecutionProvider | CPUExecutionProvider
[2026-05-23 10:47:13] preparing inputs
[2026-05-23 10:47:15] inputs ready
[2026-05-23 10:47:15] warmup start
[2026-05-23 10:47:15] warmup done
[2026-05-23 10:47:15] benchmark iterations start
[2026-05-23 10:47:16] iteration 25/100 elapsed_s=0.2
[2026-05-23 10:47:16] iteration 50/100 elapsed_s=0.4
[2026-05-23 10:47:16] iteration 75/100 elapsed_s=0.6
[2026-05-23 10:47:16] iteration 100/100 elapsed_s=0.8
[2026-05-23 10:47:16] benchmark iterations done
[2026-05-23 10:47:16] mode complete mode=baseline mean_ms=7.463 std_ms=1.701 p95_ms=9.074
[2026-05-23 10:47:17] start mode=optimized model=GCN_int8.onnx device=CPU warmup=5 iters=100
[2026-05-23 10:47:17] creating session
[2026-05-23 10:47:17] session ready providers=OpenVINOExecutionProvider | CPUExecutionProvider
[2026-05-23 10:47:17] preparing inputs
[2026-05-23 10:47:19] inputs ready
[2026-05-23 10:47:19] warmup start
[2026-05-23 10:47:19] warmup done
[2026-05-23 10:47:19] benchmark iterations start
[2026-05-23 10:47:19] iteration 25/100 elapsed_s=0.2
[2026-05-23 10:47:19] iteration 50/100 elapsed_s=0.4
[2026-05-23 10:47:19] iteration 75/100 elapsed_s=0.6
[2026-05-23 10:47:20] iteration 100/100 elapsed_s=0.7
[2026-05-23 10:47:20] benchmark iterations done
[2026-05-23 10:47:20] mode complete mode=optimized mean_ms=7.287 std_ms=1.148 p95_ms=8.570
[2026-05-23 10:47:41] start mode=baseline model=GCN_int8.onnx device=CPU warmup=5 iters=100
[2026-05-23 10:47:41] creating session
[2026-05-23 10:47:41] session ready providers=OpenVINOExecutionProvider | CPUExecutionProvider
[2026-05-23 10:47:41] preparing inputs
[2026-05-23 10:47:43] inputs ready
[2026-05-23 10:47:43] warmup start
[2026-05-23 10:47:43] warmup done
[2026-05-23 10:47:43] benchmark iterations start
[2026-05-23 10:47:44] iteration 25/100 elapsed_s=0.2
[2026-05-23 10:47:44] iteration 50/100 elapsed_s=0.4
[2026-05-23 10:47:44] iteration 75/100 elapsed_s=0.6
[2026-05-23 10:47:44] iteration 100/100 elapsed_s=0.8
[2026-05-23 10:47:44] benchmark iterations done
[2026-05-23 10:47:44] mode complete mode=baseline mean_ms=7.624 std_ms=1.940 p95_ms=12.517
[2026-05-23 10:47:45] start mode=optimized model=GCN_int8.onnx device=CPU warmup=5 iters=100
[2026-05-23 10:47:45] creating session
[2026-05-23 10:47:45] session ready providers=OpenVINOExecutionProvider | CPUExecutionProvider
[2026-05-23 10:47:45] preparing inputs
[2026-05-23 10:47:47] inputs ready
[2026-05-23 10:47:47] warmup start
[2026-05-23 10:47:47] warmup done
[2026-05-23 10:47:47] benchmark iterations start
[2026-05-23 10:47:47] iteration 25/100 elapsed_s=0.2
[2026-05-23 10:47:48] iteration 50/100 elapsed_s=0.4
[2026-05-23 10:47:48] iteration 75/100 elapsed_s=0.6
[2026-05-23 10:47:48] iteration 100/100 elapsed_s=0.7
[2026-05-23 10:47:48] benchmark iterations done
[2026-05-23 10:47:48] mode complete mode=optimized mean_ms=7.162 std_ms=1.511 p95_ms=10.440
