[2026-05-23 10:40:23] start mode=baseline model=GCN_fp32.onnx device=NPU warmup=5 iters=100
[2026-05-23 10:40:23] creating session
[2026-05-23 10:40:23] session ready providers=OpenVINOExecutionProvider | CPUExecutionProvider
[2026-05-23 10:40:23] preparing inputs
[2026-05-23 10:40:23] inputs ready
[2026-05-23 10:40:23] warmup start
[2026-05-23 10:40:23] warmup done
[2026-05-23 10:40:23] benchmark iterations start
[2026-05-23 10:40:23] iteration 25/100 elapsed_s=0.2
[2026-05-23 10:40:24] iteration 50/100 elapsed_s=0.4
[2026-05-23 10:40:24] iteration 75/100 elapsed_s=0.6
[2026-05-23 10:40:24] iteration 100/100 elapsed_s=0.8
[2026-05-23 10:40:24] benchmark iterations done
[2026-05-23 10:40:24] mode complete mode=baseline mean_ms=7.520 std_ms=1.422 p95_ms=11.019
[2026-05-23 10:40:24] start mode=optimized model=GCN_fp32.onnx device=NPU warmup=5 iters=100
[2026-05-23 10:40:24] creating session
[2026-05-23 10:40:25] session ready providers=OpenVINOExecutionProvider | CPUExecutionProvider
[2026-05-23 10:40:25] preparing inputs
[2026-05-23 10:40:25] inputs ready
[2026-05-23 10:40:25] warmup start
[2026-05-23 10:40:25] warmup done
[2026-05-23 10:40:25] benchmark iterations start
[2026-05-23 10:40:25] iteration 25/100 elapsed_s=0.2
[2026-05-23 10:40:25] iteration 50/100 elapsed_s=0.4
[2026-05-23 10:40:26] iteration 75/100 elapsed_s=0.6
[2026-05-23 10:40:26] iteration 100/100 elapsed_s=0.8
[2026-05-23 10:40:26] benchmark iterations done
[2026-05-23 10:40:26] mode complete mode=optimized mean_ms=7.724 std_ms=1.523 p95_ms=11.549
[2026-05-23 10:40:55] start mode=baseline model=GCN_fp32.onnx device=NPU warmup=5 iters=100
[2026-05-23 10:40:55] creating session
[2026-05-23 10:40:55] session ready providers=OpenVINOExecutionProvider | CPUExecutionProvider
[2026-05-23 10:40:55] preparing inputs
[2026-05-23 10:40:57] inputs ready
[2026-05-23 10:40:57] warmup start
[2026-05-23 10:40:57] warmup done
[2026-05-23 10:40:57] benchmark iterations start
[2026-05-23 10:40:57] iteration 25/100 elapsed_s=0.2
[2026-05-23 10:40:57] iteration 50/100 elapsed_s=0.4
[2026-05-23 10:40:58] iteration 75/100 elapsed_s=0.6
[2026-05-23 10:40:58] iteration 100/100 elapsed_s=0.8
[2026-05-23 10:40:58] benchmark iterations done
[2026-05-23 10:40:58] mode complete mode=baseline mean_ms=7.558 std_ms=0.832 p95_ms=8.610
[2026-05-23 10:40:58] start mode=optimized model=GCN_fp32.onnx device=NPU warmup=5 iters=100
[2026-05-23 10:40:58] creating session
[2026-05-23 10:40:58] session ready providers=OpenVINOExecutionProvider | CPUExecutionProvider
[2026-05-23 10:40:58] preparing inputs
[2026-05-23 10:41:00] inputs ready
[2026-05-23 10:41:00] warmup start
[2026-05-23 10:41:00] warmup done
[2026-05-23 10:41:00] benchmark iterations start
[2026-05-23 10:41:01] iteration 25/100 elapsed_s=0.2
[2026-05-23 10:41:01] iteration 50/100 elapsed_s=0.4
[2026-05-23 10:41:01] iteration 75/100 elapsed_s=0.6
[2026-05-23 10:41:01] iteration 100/100 elapsed_s=0.8
[2026-05-23 10:41:01] benchmark iterations done
[2026-05-23 10:41:01] mode complete mode=optimized mean_ms=8.269 std_ms=1.623 p95_ms=11.047
[2026-05-23 10:41:45] start mode=baseline model=GCN_fp32.onnx device=NPU warmup=5 iters=100
[2026-05-23 10:41:45] creating session
[2026-05-23 10:41:45] session ready providers=OpenVINOExecutionProvider | CPUExecutionProvider
[2026-05-23 10:41:45] preparing inputs
[2026-05-23 10:41:48] inputs ready
[2026-05-23 10:41:48] warmup start
[2026-05-23 10:41:48] warmup done
[2026-05-23 10:41:48] benchmark iterations start
[2026-05-23 10:41:48] iteration 25/100 elapsed_s=0.2
[2026-05-23 10:41:48] iteration 50/100 elapsed_s=0.4
[2026-05-23 10:41:48] iteration 75/100 elapsed_s=0.6
[2026-05-23 10:41:49] iteration 100/100 elapsed_s=0.8
[2026-05-23 10:41:49] benchmark iterations done
[2026-05-23 10:41:49] mode complete mode=baseline mean_ms=7.699 std_ms=2.017 p95_ms=11.267
[2026-05-23 10:41:49] start mode=optimized model=GCN_fp32.onnx device=NPU warmup=5 iters=100
[2026-05-23 10:41:49] creating session
[2026-05-23 10:41:49] session ready providers=OpenVINOExecutionProvider | CPUExecutionProvider
[2026-05-23 10:41:49] preparing inputs
[2026-05-23 10:41:52] inputs ready
[2026-05-23 10:41:52] warmup start
[2026-05-23 10:41:52] warmup done
[2026-05-23 10:41:52] benchmark iterations start
[2026-05-23 10:41:52] iteration 25/100 elapsed_s=0.2
[2026-05-23 10:41:52] iteration 50/100 elapsed_s=0.4
[2026-05-23 10:41:52] iteration 75/100 elapsed_s=0.6
[2026-05-23 10:41:52] iteration 100/100 elapsed_s=0.8
[2026-05-23 10:41:52] benchmark iterations done
[2026-05-23 10:41:52] mode complete mode=optimized mean_ms=7.522 std_ms=1.323 p95_ms=10.781
[2026-05-23 10:42:34] start mode=baseline model=GCN_fp32.onnx device=GPU warmup=5 iters=100
[2026-05-23 10:42:34] creating session
[2026-05-23 10:42:35] session ready providers=OpenVINOExecutionProvider | CPUExecutionProvider
[2026-05-23 10:42:35] preparing inputs
[2026-05-23 10:42:35] inputs ready
[2026-05-23 10:42:35] warmup start
[2026-05-23 10:42:35] warmup done
[2026-05-23 10:42:35] benchmark iterations start
[2026-05-23 10:42:35] iteration 25/100 elapsed_s=0.2
[2026-05-23 10:42:36] iteration 50/100 elapsed_s=0.4
[2026-05-23 10:42:36] iteration 75/100 elapsed_s=0.6
[2026-05-23 10:42:36] iteration 100/100 elapsed_s=0.8
[2026-05-23 10:42:36] benchmark iterations done
[2026-05-23 10:42:36] mode complete mode=baseline mean_ms=7.867 std_ms=1.078 p95_ms=9.183
[2026-05-23 10:42:36] start mode=optimized model=GCN_fp32.onnx device=GPU warmup=5 iters=100
[2026-05-23 10:42:36] creating session
[2026-05-23 10:42:38] session ready providers=OpenVINOExecutionProvider | CPUExecutionProvider
[2026-05-23 10:42:38] preparing inputs
[2026-05-23 10:42:38] inputs ready
[2026-05-23 10:42:38] warmup start
[2026-05-23 10:42:38] warmup done
[2026-05-23 10:42:38] benchmark iterations start
[2026-05-23 10:42:38] iteration 25/100 elapsed_s=0.2
[2026-05-23 10:42:38] iteration 50/100 elapsed_s=0.4
[2026-05-23 10:42:38] iteration 75/100 elapsed_s=0.6
[2026-05-23 10:42:39] iteration 100/100 elapsed_s=0.7
[2026-05-23 10:42:39] benchmark iterations done
[2026-05-23 10:42:39] mode complete mode=optimized mean_ms=7.423 std_ms=0.641 p95_ms=8.414
[2026-05-23 10:43:49] start mode=baseline model=GCN_fp32.onnx device=GPU warmup=5 iters=100
[2026-05-23 10:43:49] creating session
[2026-05-23 10:43:50] session ready providers=OpenVINOExecutionProvider | CPUExecutionProvider
[2026-05-23 10:43:50] preparing inputs
[2026-05-23 10:43:52] inputs ready
[2026-05-23 10:43:52] warmup start
[2026-05-23 10:43:52] warmup done
[2026-05-23 10:43:52] benchmark iterations start
[2026-05-23 10:43:52] iteration 25/100 elapsed_s=0.2
[2026-05-23 10:43:52] iteration 50/100 elapsed_s=0.3
[2026-05-23 10:43:52] iteration 75/100 elapsed_s=0.5
[2026-05-23 10:43:53] iteration 100/100 elapsed_s=0.7
[2026-05-23 10:43:53] benchmark iterations done
[2026-05-23 10:43:53] mode complete mode=baseline mean_ms=6.481 std_ms=0.604 p95_ms=7.393
[2026-05-23 10:43:53] start mode=optimized model=GCN_fp32.onnx device=GPU warmup=5 iters=100
[2026-05-23 10:43:53] creating session
[2026-05-23 10:43:55] session ready providers=OpenVINOExecutionProvider | CPUExecutionProvider
[2026-05-23 10:43:55] preparing inputs
[2026-05-23 10:43:56] inputs ready
[2026-05-23 10:43:56] warmup start
[2026-05-23 10:43:56] warmup done
[2026-05-23 10:43:56] benchmark iterations start
[2026-05-23 10:43:56] iteration 25/100 elapsed_s=0.2
[2026-05-23 10:43:57] iteration 50/100 elapsed_s=0.3
[2026-05-23 10:43:57] iteration 75/100 elapsed_s=0.5
[2026-05-23 10:43:57] iteration 100/100 elapsed_s=0.7
[2026-05-23 10:43:57] benchmark iterations done
[2026-05-23 10:43:57] mode complete mode=optimized mean_ms=6.484 std_ms=0.575 p95_ms=7.427
[2026-05-23 10:44:22] start mode=baseline model=GCN_fp32.onnx device=GPU warmup=5 iters=100
[2026-05-23 10:44:22] creating session
[2026-05-23 10:44:23] session ready providers=OpenVINOExecutionProvider | CPUExecutionProvider
[2026-05-23 10:44:23] preparing inputs
[2026-05-23 10:44:26] inputs ready
[2026-05-23 10:44:26] warmup start
[2026-05-23 10:44:26] warmup done
[2026-05-23 10:44:26] benchmark iterations start
[2026-05-23 10:44:26] iteration 25/100 elapsed_s=0.2
[2026-05-23 10:44:26] iteration 50/100 elapsed_s=0.3
[2026-05-23 10:44:26] iteration 75/100 elapsed_s=0.5
[2026-05-23 10:44:26] iteration 100/100 elapsed_s=0.7
[2026-05-23 10:44:26] benchmark iterations done
[2026-05-23 10:44:26] mode complete mode=baseline mean_ms=6.936 std_ms=0.724 p95_ms=8.043
[2026-05-23 10:44:27] start mode=optimized model=GCN_fp32.onnx device=GPU warmup=5 iters=100
[2026-05-23 10:44:27] creating session
[2026-05-23 10:44:28] session ready providers=OpenVINOExecutionProvider | CPUExecutionProvider
[2026-05-23 10:44:28] preparing inputs
[2026-05-23 10:44:31] inputs ready
[2026-05-23 10:44:31] warmup start
[2026-05-23 10:44:31] warmup done
[2026-05-23 10:44:31] benchmark iterations start
[2026-05-23 10:44:31] iteration 25/100 elapsed_s=0.2
[2026-05-23 10:44:31] iteration 50/100 elapsed_s=0.3
[2026-05-23 10:44:31] iteration 75/100 elapsed_s=0.5
[2026-05-23 10:44:31] iteration 100/100 elapsed_s=0.7
[2026-05-23 10:44:31] benchmark iterations done
[2026-05-23 10:44:31] mode complete mode=optimized mean_ms=6.690 std_ms=0.554 p95_ms=7.493
[2026-05-23 10:45:27] start mode=baseline model=GCN_fp32.onnx device=CPU warmup=5 iters=100
[2026-05-23 10:45:27] creating session
[2026-05-23 10:45:28] session ready providers=OpenVINOExecutionProvider | CPUExecutionProvider
[2026-05-23 10:45:28] preparing inputs
[2026-05-23 10:45:28] inputs ready
[2026-05-23 10:45:28] warmup start
[2026-05-23 10:45:28] warmup done
[2026-05-23 10:45:28] benchmark iterations start
[2026-05-23 10:45:28] iteration 25/100 elapsed_s=0.2
[2026-05-23 10:45:29] iteration 50/100 elapsed_s=0.4
[2026-05-23 10:45:29] iteration 75/100 elapsed_s=0.6
[2026-05-23 10:45:29] iteration 100/100 elapsed_s=0.8
[2026-05-23 10:45:29] benchmark iterations done
[2026-05-23 10:45:29] mode complete mode=baseline mean_ms=7.690 std_ms=1.275 p95_ms=11.271
[2026-05-23 10:45:29] start mode=optimized model=GCN_fp32.onnx device=CPU warmup=5 iters=100
[2026-05-23 10:45:29] creating session
[2026-05-23 10:45:29] session ready providers=OpenVINOExecutionProvider | CPUExecutionProvider
[2026-05-23 10:45:29] preparing inputs
[2026-05-23 10:45:30] inputs ready
[2026-05-23 10:45:30] warmup start
[2026-05-23 10:45:30] warmup done
[2026-05-23 10:45:30] benchmark iterations start
[2026-05-23 10:45:30] iteration 25/100 elapsed_s=0.2
[2026-05-23 10:45:30] iteration 50/100 elapsed_s=0.4
[2026-05-23 10:45:31] iteration 75/100 elapsed_s=0.6
[2026-05-23 10:45:31] iteration 100/100 elapsed_s=0.8
[2026-05-23 10:45:31] benchmark iterations done
[2026-05-23 10:45:31] mode complete mode=optimized mean_ms=7.836 std_ms=1.592 p95_ms=12.803
[2026-05-23 10:45:47] start mode=baseline model=GCN_fp32.onnx device=CPU warmup=5 iters=100
[2026-05-23 10:45:47] creating session
[2026-05-23 10:45:47] session ready providers=OpenVINOExecutionProvider | CPUExecutionProvider
[2026-05-23 10:45:47] preparing inputs
[2026-05-23 10:45:49] inputs ready
[2026-05-23 10:45:49] warmup start
[2026-05-23 10:45:49] warmup done
[2026-05-23 10:45:49] benchmark iterations start
[2026-05-23 10:45:49] iteration 25/100 elapsed_s=0.2
[2026-05-23 10:45:50] iteration 50/100 elapsed_s=0.3
[2026-05-23 10:45:50] iteration 75/100 elapsed_s=0.5
[2026-05-23 10:45:50] iteration 100/100 elapsed_s=0.7
[2026-05-23 10:45:50] benchmark iterations done
[2026-05-23 10:45:50] mode complete mode=baseline mean_ms=7.328 std_ms=1.091 p95_ms=9.134
[2026-05-23 10:45:50] start mode=optimized model=GCN_fp32.onnx device=CPU warmup=5 iters=100
[2026-05-23 10:45:50] creating session
[2026-05-23 10:45:51] session ready providers=OpenVINOExecutionProvider | CPUExecutionProvider
[2026-05-23 10:45:51] preparing inputs
[2026-05-23 10:45:52] inputs ready
[2026-05-23 10:45:52] warmup start
[2026-05-23 10:45:52] warmup done
[2026-05-23 10:45:52] benchmark iterations start
[2026-05-23 10:45:53] iteration 25/100 elapsed_s=0.2
[2026-05-23 10:45:53] iteration 50/100 elapsed_s=0.4
[2026-05-23 10:45:53] iteration 75/100 elapsed_s=0.6
[2026-05-23 10:45:53] iteration 100/100 elapsed_s=0.8
[2026-05-23 10:45:53] benchmark iterations done
[2026-05-23 10:45:53] mode complete mode=optimized mean_ms=7.616 std_ms=1.177 p95_ms=8.909
[2026-05-23 10:46:14] start mode=baseline model=GCN_fp32.onnx device=CPU warmup=5 iters=100
[2026-05-23 10:46:14] creating session
[2026-05-23 10:46:15] session ready providers=OpenVINOExecutionProvider | CPUExecutionProvider
[2026-05-23 10:46:15] preparing inputs
[2026-05-23 10:46:17] inputs ready
[2026-05-23 10:46:17] warmup start
[2026-05-23 10:46:17] warmup done
[2026-05-23 10:46:17] benchmark iterations start
[2026-05-23 10:46:17] iteration 25/100 elapsed_s=0.2
[2026-05-23 10:46:18] iteration 50/100 elapsed_s=0.4
[2026-05-23 10:46:18] iteration 75/100 elapsed_s=0.6
[2026-05-23 10:46:18] iteration 100/100 elapsed_s=0.7
[2026-05-23 10:46:18] benchmark iterations done
[2026-05-23 10:46:18] mode complete mode=baseline mean_ms=7.402 std_ms=1.746 p95_ms=11.853
[2026-05-23 10:46:18] start mode=optimized model=GCN_fp32.onnx device=CPU warmup=5 iters=100
[2026-05-23 10:46:18] creating session
[2026-05-23 10:46:18] session ready providers=OpenVINOExecutionProvider | CPUExecutionProvider
[2026-05-23 10:46:18] preparing inputs
[2026-05-23 10:46:21] inputs ready
[2026-05-23 10:46:21] warmup start
[2026-05-23 10:46:21] warmup done
[2026-05-23 10:46:21] benchmark iterations start
[2026-05-23 10:46:21] iteration 25/100 elapsed_s=0.2
[2026-05-23 10:46:21] iteration 50/100 elapsed_s=0.4
[2026-05-23 10:46:21] iteration 75/100 elapsed_s=0.6
[2026-05-23 10:46:21] iteration 100/100 elapsed_s=0.7
[2026-05-23 10:46:21] benchmark iterations done
[2026-05-23 10:46:21] mode complete mode=optimized mean_ms=7.295 std_ms=1.761 p95_ms=11.981
