[2026-05-23 12:45:14] start mode=baseline model=APPNP_int8.onnx device=NPU warmup=5 iters=100
[2026-05-23 12:45:14] creating session
[2026-05-23 12:45:15] session ready providers=OpenVINOExecutionProvider | CPUExecutionProvider
[2026-05-23 12:45:15] preparing inputs
[2026-05-23 12:45:15] inputs ready
[2026-05-23 12:45:15] warmup start
[2026-05-23 12:45:15] warmup done
[2026-05-23 12:45:15] benchmark iterations start
[2026-05-23 12:45:15] iteration 25/100 elapsed_s=0.1
[2026-05-23 12:45:15] iteration 50/100 elapsed_s=0.3
[2026-05-23 12:45:16] iteration 75/100 elapsed_s=0.4
[2026-05-23 12:45:16] iteration 100/100 elapsed_s=0.5
[2026-05-23 12:45:16] benchmark iterations done
[2026-05-23 12:45:16] mode complete mode=baseline mean_ms=5.442 std_ms=1.243 p95_ms=8.047
[2026-05-23 12:45:16] start mode=optimized model=APPNP_int8.onnx device=NPU warmup=5 iters=100
[2026-05-23 12:45:16] creating session
[2026-05-23 12:45:17] session ready providers=OpenVINOExecutionProvider | CPUExecutionProvider
[2026-05-23 12:45:17] preparing inputs
[2026-05-23 12:45:17] inputs ready
[2026-05-23 12:45:17] warmup start
[2026-05-23 12:45:17] warmup done
[2026-05-23 12:45:17] benchmark iterations start
[2026-05-23 12:45:17] iteration 25/100 elapsed_s=0.2
[2026-05-23 12:45:18] iteration 50/100 elapsed_s=0.4
[2026-05-23 12:45:18] iteration 75/100 elapsed_s=0.5
[2026-05-23 12:45:18] iteration 100/100 elapsed_s=0.7
[2026-05-23 12:45:18] benchmark iterations done
[2026-05-23 12:45:18] mode complete mode=optimized mean_ms=6.872 std_ms=2.082 p95_ms=10.478
[2026-05-23 14:32:45] start mode=baseline model=APPNP_int8.onnx device=GPU warmup=5 iters=100
[2026-05-23 14:32:45] creating session
[2026-05-23 14:33:01] session ready providers=OpenVINOExecutionProvider | CPUExecutionProvider
[2026-05-23 14:33:01] preparing inputs
[2026-05-23 14:33:01] inputs ready
[2026-05-23 14:33:01] warmup start
[2026-05-23 14:33:01] warmup done
[2026-05-23 14:33:01] benchmark iterations start
[2026-05-23 14:33:01] iteration 25/100 elapsed_s=0.1
[2026-05-23 14:33:01] iteration 50/100 elapsed_s=0.2
[2026-05-23 14:33:01] iteration 75/100 elapsed_s=0.2
[2026-05-23 14:33:01] iteration 100/100 elapsed_s=0.3
[2026-05-23 14:33:01] benchmark iterations done
[2026-05-23 14:33:01] mode complete mode=baseline mean_ms=2.879 std_ms=0.619 p95_ms=4.288
[2026-05-23 14:33:01] start mode=optimized model=APPNP_int8.onnx device=GPU warmup=5 iters=100
[2026-05-23 14:33:01] creating session
[2026-05-23 14:33:14] session ready providers=OpenVINOExecutionProvider | CPUExecutionProvider
[2026-05-23 14:33:14] preparing inputs
[2026-05-23 14:33:14] inputs ready
[2026-05-23 14:33:14] warmup start
[2026-05-23 14:33:14] warmup done
[2026-05-23 14:33:14] benchmark iterations start
[2026-05-23 14:33:14] iteration 25/100 elapsed_s=0.1
[2026-05-23 14:33:14] iteration 50/100 elapsed_s=0.2
[2026-05-23 14:33:14] iteration 75/100 elapsed_s=0.2
[2026-05-23 14:33:14] iteration 100/100 elapsed_s=0.3
[2026-05-23 14:33:14] benchmark iterations done
[2026-05-23 14:33:14] mode complete mode=optimized mean_ms=3.034 std_ms=0.729 p95_ms=4.530
[2026-05-23 14:38:05] start mode=baseline model=APPNP_int8.onnx device=CPU warmup=5 iters=100
[2026-05-23 14:38:05] creating session
[2026-05-23 14:38:06] session ready providers=OpenVINOExecutionProvider | CPUExecutionProvider
[2026-05-23 14:38:06] preparing inputs
[2026-05-23 14:38:06] inputs ready
[2026-05-23 14:38:06] warmup start
[2026-05-23 14:38:06] warmup done
[2026-05-23 14:38:06] benchmark iterations start
[2026-05-23 14:38:06] iteration 25/100 elapsed_s=0.1
[2026-05-23 14:38:06] iteration 50/100 elapsed_s=0.2
[2026-05-23 14:38:06] iteration 75/100 elapsed_s=0.3
[2026-05-23 14:38:07] iteration 100/100 elapsed_s=0.5
[2026-05-23 14:38:07] benchmark iterations done
[2026-05-23 14:38:07] mode complete mode=baseline mean_ms=4.527 std_ms=0.653 p95_ms=5.683
[2026-05-23 14:38:07] start mode=optimized model=APPNP_int8.onnx device=CPU warmup=5 iters=100
[2026-05-23 14:38:07] creating session
[2026-05-23 14:38:07] session ready providers=OpenVINOExecutionProvider | CPUExecutionProvider
[2026-05-23 14:38:07] preparing inputs
[2026-05-23 14:38:08] inputs ready
[2026-05-23 14:38:08] warmup start
[2026-05-23 14:38:08] warmup done
[2026-05-23 14:38:08] benchmark iterations start
[2026-05-23 14:38:08] iteration 25/100 elapsed_s=0.1
[2026-05-23 14:38:08] iteration 50/100 elapsed_s=0.2
[2026-05-23 14:38:08] iteration 75/100 elapsed_s=0.4
[2026-05-23 14:38:08] iteration 100/100 elapsed_s=0.5
[2026-05-23 14:38:08] benchmark iterations done
[2026-05-23 14:38:08] mode complete mode=optimized mean_ms=4.577 std_ms=1.090 p95_ms=5.331
