[2026-05-23 14:59:32] start mode=baseline model=GIN_fp32.onnx device=NPU warmup=5 iters=100
[2026-05-23 14:59:32] creating session
[2026-05-23 14:59:33] session ready providers=OpenVINOExecutionProvider | CPUExecutionProvider
[2026-05-23 14:59:33] preparing inputs
[2026-05-23 14:59:33] inputs ready
[2026-05-23 14:59:33] warmup start
[2026-05-23 14:59:33] warmup done
[2026-05-23 14:59:33] benchmark iterations start
[2026-05-23 14:59:34] iteration 25/100 elapsed_s=0.7
[2026-05-23 14:59:35] iteration 50/100 elapsed_s=1.4
[2026-05-23 14:59:35] iteration 75/100 elapsed_s=2.1
[2026-05-23 14:59:36] iteration 100/100 elapsed_s=2.8
[2026-05-23 14:59:36] benchmark iterations done
[2026-05-23 14:59:36] mode complete mode=baseline mean_ms=27.728 std_ms=1.221 p95_ms=29.640
[2026-05-23 14:59:36] start mode=optimized model=GIN_fp32.onnx device=NPU warmup=5 iters=100
[2026-05-23 14:59:36] creating session
[2026-05-23 14:59:36] session ready providers=OpenVINOExecutionProvider | CPUExecutionProvider
[2026-05-23 14:59:36] preparing inputs
[2026-05-23 14:59:37] inputs ready
[2026-05-23 14:59:37] warmup start
[2026-05-23 14:59:37] warmup done
[2026-05-23 14:59:37] benchmark iterations start
[2026-05-23 14:59:38] iteration 25/100 elapsed_s=0.7
[2026-05-23 14:59:39] iteration 50/100 elapsed_s=1.4
[2026-05-23 14:59:39] iteration 75/100 elapsed_s=2.1
[2026-05-23 14:59:40] iteration 100/100 elapsed_s=2.8
[2026-05-23 14:59:40] benchmark iterations done
[2026-05-23 14:59:40] mode complete mode=optimized mean_ms=27.890 std_ms=1.371 p95_ms=30.249
[2026-05-23 15:10:28] start mode=baseline model=GIN_fp32.onnx device=GPU warmup=5 iters=100
[2026-05-23 15:10:28] creating session
[2026-05-23 15:10:29] session ready providers=OpenVINOExecutionProvider | CPUExecutionProvider
[2026-05-23 15:10:29] preparing inputs
[2026-05-23 15:10:29] inputs ready
[2026-05-23 15:10:29] warmup start
[2026-05-23 15:10:29] warmup done
[2026-05-23 15:10:29] benchmark iterations start
[2026-05-23 15:10:29] iteration 25/100 elapsed_s=0.3
[2026-05-23 15:10:30] iteration 50/100 elapsed_s=0.6
[2026-05-23 15:10:30] iteration 75/100 elapsed_s=0.9
[2026-05-23 15:10:30] iteration 100/100 elapsed_s=1.2
[2026-05-23 15:10:30] benchmark iterations done
[2026-05-23 15:10:30] mode complete mode=baseline mean_ms=12.465 std_ms=0.560 p95_ms=13.371
[2026-05-23 15:10:31] start mode=optimized model=GIN_fp32.onnx device=GPU warmup=5 iters=100
[2026-05-23 15:10:31] creating session
[2026-05-23 15:10:32] session ready providers=OpenVINOExecutionProvider | CPUExecutionProvider
[2026-05-23 15:10:32] preparing inputs
[2026-05-23 15:10:32] inputs ready
[2026-05-23 15:10:32] warmup start
[2026-05-23 15:10:32] warmup done
[2026-05-23 15:10:32] benchmark iterations start
[2026-05-23 15:10:32] iteration 25/100 elapsed_s=0.3
[2026-05-23 15:10:33] iteration 50/100 elapsed_s=0.6
[2026-05-23 15:10:33] iteration 75/100 elapsed_s=0.9
[2026-05-23 15:10:33] iteration 100/100 elapsed_s=1.3
[2026-05-23 15:10:33] benchmark iterations done
[2026-05-23 15:10:33] mode complete mode=optimized mean_ms=12.522 std_ms=0.623 p95_ms=13.619
[2026-05-23 15:17:09] start mode=baseline model=GIN_fp32.onnx device=CPU warmup=5 iters=100
[2026-05-23 15:17:09] creating session
[2026-05-23 15:17:09] session ready providers=OpenVINOExecutionProvider | CPUExecutionProvider
[2026-05-23 15:17:09] preparing inputs
[2026-05-23 15:17:10] inputs ready
[2026-05-23 15:17:10] warmup start
[2026-05-23 15:17:10] warmup done
[2026-05-23 15:17:10] benchmark iterations start
[2026-05-23 15:17:10] iteration 25/100 elapsed_s=0.7
[2026-05-23 15:17:11] iteration 50/100 elapsed_s=1.4
[2026-05-23 15:17:12] iteration 75/100 elapsed_s=2.1
[2026-05-23 15:17:13] iteration 100/100 elapsed_s=2.8
[2026-05-23 15:17:13] benchmark iterations done
[2026-05-23 15:17:13] mode complete mode=baseline mean_ms=27.822 std_ms=1.264 p95_ms=29.991
[2026-05-23 15:17:13] start mode=optimized model=GIN_fp32.onnx device=CPU warmup=5 iters=100
[2026-05-23 15:17:13] creating session
[2026-05-23 15:17:13] session ready providers=OpenVINOExecutionProvider | CPUExecutionProvider
[2026-05-23 15:17:13] preparing inputs
[2026-05-23 15:17:13] inputs ready
[2026-05-23 15:17:13] warmup start
[2026-05-23 15:17:14] warmup done
[2026-05-23 15:17:14] benchmark iterations start
[2026-05-23 15:17:14] iteration 25/100 elapsed_s=0.7
[2026-05-23 15:17:15] iteration 50/100 elapsed_s=1.4
[2026-05-23 15:17:16] iteration 75/100 elapsed_s=2.1
[2026-05-23 15:17:17] iteration 100/100 elapsed_s=2.8
[2026-05-23 15:17:17] benchmark iterations done
[2026-05-23 15:17:17] mode complete mode=optimized mean_ms=27.815 std_ms=1.636 p95_ms=30.400
