[2026-05-23 14:42:14] start mode=baseline model=GAT_fp32.onnx device=NPU warmup=5 iters=100
[2026-05-23 14:42:14] creating session
[2026-05-23 14:42:14] session ready providers=OpenVINOExecutionProvider | CPUExecutionProvider
[2026-05-23 14:42:14] preparing inputs
[2026-05-23 14:42:15] inputs ready
[2026-05-23 14:42:15] warmup start
[2026-05-23 14:42:15] warmup done
[2026-05-23 14:42:15] benchmark iterations start
[2026-05-23 14:42:15] iteration 25/100 elapsed_s=0.3
[2026-05-23 14:42:15] iteration 50/100 elapsed_s=0.6
[2026-05-23 14:42:16] iteration 75/100 elapsed_s=0.9
[2026-05-23 14:42:16] iteration 100/100 elapsed_s=1.1
[2026-05-23 14:42:16] benchmark iterations done
[2026-05-23 14:42:16] mode complete mode=baseline mean_ms=11.165 std_ms=1.303 p95_ms=14.263
[2026-05-23 14:42:16] start mode=optimized model=GAT_fp32.onnx device=NPU warmup=5 iters=100
[2026-05-23 14:42:16] creating session
[2026-05-23 14:42:16] session ready providers=OpenVINOExecutionProvider | CPUExecutionProvider
[2026-05-23 14:42:16] preparing inputs
[2026-05-23 14:42:17] inputs ready
[2026-05-23 14:42:17] warmup start
[2026-05-23 14:42:17] warmup done
[2026-05-23 14:42:17] benchmark iterations start
[2026-05-23 14:42:17] iteration 25/100 elapsed_s=0.3
[2026-05-23 14:42:18] iteration 50/100 elapsed_s=0.6
[2026-05-23 14:42:18] iteration 75/100 elapsed_s=0.8
[2026-05-23 14:42:18] iteration 100/100 elapsed_s=1.1
[2026-05-23 14:42:18] benchmark iterations done
[2026-05-23 14:42:18] mode complete mode=optimized mean_ms=11.124 std_ms=1.396 p95_ms=13.734
[2026-05-23 14:46:04] start mode=baseline model=GAT_fp32.onnx device=GPU warmup=5 iters=100
[2026-05-23 14:46:04] creating session
[2026-05-23 14:46:05] session ready providers=OpenVINOExecutionProvider | CPUExecutionProvider
[2026-05-23 14:46:05] preparing inputs
[2026-05-23 14:46:05] inputs ready
[2026-05-23 14:46:05] warmup start
[2026-05-23 14:46:05] warmup done
[2026-05-23 14:46:05] benchmark iterations start
[2026-05-23 14:46:06] iteration 25/100 elapsed_s=0.2
[2026-05-23 14:46:06] iteration 50/100 elapsed_s=0.3
[2026-05-23 14:46:06] iteration 75/100 elapsed_s=0.5
[2026-05-23 14:46:06] iteration 100/100 elapsed_s=0.7
[2026-05-23 14:46:06] benchmark iterations done
[2026-05-23 14:46:06] mode complete mode=baseline mean_ms=6.684 std_ms=0.750 p95_ms=7.880
[2026-05-23 14:46:06] start mode=optimized model=GAT_fp32.onnx device=GPU warmup=5 iters=100
[2026-05-23 14:46:06] creating session
[2026-05-23 14:46:08] session ready providers=OpenVINOExecutionProvider | CPUExecutionProvider
[2026-05-23 14:46:08] preparing inputs
[2026-05-23 14:46:08] inputs ready
[2026-05-23 14:46:08] warmup start
[2026-05-23 14:46:08] warmup done
[2026-05-23 14:46:08] benchmark iterations start
[2026-05-23 14:46:08] iteration 25/100 elapsed_s=0.2
[2026-05-23 14:46:09] iteration 50/100 elapsed_s=0.3
[2026-05-23 14:46:09] iteration 75/100 elapsed_s=0.5
[2026-05-23 14:46:09] iteration 100/100 elapsed_s=0.7
[2026-05-23 14:46:09] benchmark iterations done
[2026-05-23 14:46:09] mode complete mode=optimized mean_ms=6.720 std_ms=0.741 p95_ms=7.878
[2026-05-23 14:49:27] start mode=baseline model=GAT_fp32.onnx device=CPU warmup=5 iters=100
[2026-05-23 14:49:27] creating session
[2026-05-23 14:49:27] session ready providers=OpenVINOExecutionProvider | CPUExecutionProvider
[2026-05-23 14:49:27] preparing inputs
[2026-05-23 14:49:28] inputs ready
[2026-05-23 14:49:28] warmup start
[2026-05-23 14:49:28] warmup done
[2026-05-23 14:49:28] benchmark iterations start
[2026-05-23 14:49:28] iteration 25/100 elapsed_s=0.3
[2026-05-23 14:49:28] iteration 50/100 elapsed_s=0.6
[2026-05-23 14:49:29] iteration 75/100 elapsed_s=0.8
[2026-05-23 14:49:29] iteration 100/100 elapsed_s=1.1
[2026-05-23 14:49:29] benchmark iterations done
[2026-05-23 14:49:29] mode complete mode=baseline mean_ms=11.038 std_ms=1.497 p95_ms=13.706
[2026-05-23 14:49:29] start mode=optimized model=GAT_fp32.onnx device=CPU warmup=5 iters=100
[2026-05-23 14:49:29] creating session
[2026-05-23 14:49:29] session ready providers=OpenVINOExecutionProvider | CPUExecutionProvider
[2026-05-23 14:49:29] preparing inputs
[2026-05-23 14:49:30] inputs ready
[2026-05-23 14:49:30] warmup start
[2026-05-23 14:49:30] warmup done
[2026-05-23 14:49:30] benchmark iterations start
[2026-05-23 14:49:30] iteration 25/100 elapsed_s=0.3
[2026-05-23 14:49:31] iteration 50/100 elapsed_s=0.6
[2026-05-23 14:49:31] iteration 75/100 elapsed_s=0.8
[2026-05-23 14:49:31] iteration 100/100 elapsed_s=1.1
[2026-05-23 14:49:31] benchmark iterations done
[2026-05-23 14:49:31] mode complete mode=optimized mean_ms=11.056 std_ms=1.161 p95_ms=13.112
