[2026-05-23 10:30:24] start mode=baseline model=GAT_fp32.onnx device=NPU warmup=5 iters=100
[2026-05-23 10:30:24] creating session
[2026-05-23 10:30:24] session ready providers=OpenVINOExecutionProvider | CPUExecutionProvider
[2026-05-23 10:30:24] preparing inputs
[2026-05-23 10:30:24] inputs ready
[2026-05-23 10:30:24] warmup start
[2026-05-23 10:30:24] warmup done
[2026-05-23 10:30:24] benchmark iterations start
[2026-05-23 10:30:25] iteration 25/100 elapsed_s=0.3
[2026-05-23 10:30:25] iteration 50/100 elapsed_s=0.5
[2026-05-23 10:30:25] iteration 75/100 elapsed_s=0.8
[2026-05-23 10:30:25] iteration 100/100 elapsed_s=1.0
[2026-05-23 10:30:25] benchmark iterations done
[2026-05-23 10:30:25] mode complete mode=baseline mean_ms=9.982 std_ms=1.204 p95_ms=13.076
[2026-05-23 10:30:26] start mode=optimized model=GAT_fp32.onnx device=NPU warmup=5 iters=100
[2026-05-23 10:30:26] creating session
[2026-05-23 10:30:26] session ready providers=OpenVINOExecutionProvider | CPUExecutionProvider
[2026-05-23 10:30:26] preparing inputs
[2026-05-23 10:30:26] inputs ready
[2026-05-23 10:30:26] warmup start
[2026-05-23 10:30:26] warmup done
[2026-05-23 10:30:26] benchmark iterations start
[2026-05-23 10:30:27] iteration 25/100 elapsed_s=0.3
[2026-05-23 10:30:27] iteration 50/100 elapsed_s=0.5
[2026-05-23 10:30:27] iteration 75/100 elapsed_s=0.8
[2026-05-23 10:30:27] iteration 100/100 elapsed_s=1.0
[2026-05-23 10:30:27] benchmark iterations done
[2026-05-23 10:30:27] mode complete mode=optimized mean_ms=9.980 std_ms=1.245 p95_ms=12.454
[2026-05-23 10:30:48] start mode=baseline model=GAT_fp32.onnx device=NPU warmup=5 iters=100
[2026-05-23 10:30:48] creating session
[2026-05-23 10:30:49] session ready providers=OpenVINOExecutionProvider | CPUExecutionProvider
[2026-05-23 10:30:49] preparing inputs
[2026-05-23 10:30:51] inputs ready
[2026-05-23 10:30:51] warmup start
[2026-05-23 10:30:51] warmup done
[2026-05-23 10:30:51] benchmark iterations start
[2026-05-23 10:30:51] iteration 25/100 elapsed_s=0.3
[2026-05-23 10:30:51] iteration 50/100 elapsed_s=0.6
[2026-05-23 10:30:52] iteration 75/100 elapsed_s=0.9
[2026-05-23 10:30:52] iteration 100/100 elapsed_s=1.2
[2026-05-23 10:30:52] benchmark iterations done
[2026-05-23 10:30:52] mode complete mode=baseline mean_ms=11.463 std_ms=1.183 p95_ms=13.778
[2026-05-23 10:30:52] start mode=optimized model=GAT_fp32.onnx device=NPU warmup=5 iters=100
[2026-05-23 10:30:52] creating session
[2026-05-23 10:30:52] session ready providers=OpenVINOExecutionProvider | CPUExecutionProvider
[2026-05-23 10:30:52] preparing inputs
[2026-05-23 10:30:54] inputs ready
[2026-05-23 10:30:54] warmup start
[2026-05-23 10:30:55] warmup done
[2026-05-23 10:30:55] benchmark iterations start
[2026-05-23 10:30:55] iteration 25/100 elapsed_s=0.3
[2026-05-23 10:30:55] iteration 50/100 elapsed_s=0.5
[2026-05-23 10:30:55] iteration 75/100 elapsed_s=0.7
[2026-05-23 10:30:56] iteration 100/100 elapsed_s=1.0
[2026-05-23 10:30:56] benchmark iterations done
[2026-05-23 10:30:56] mode complete mode=optimized mean_ms=9.945 std_ms=0.947 p95_ms=11.236
[2026-05-23 10:31:19] start mode=baseline model=GAT_fp32.onnx device=NPU warmup=5 iters=100
[2026-05-23 10:31:19] creating session
[2026-05-23 10:31:19] session ready providers=OpenVINOExecutionProvider | CPUExecutionProvider
[2026-05-23 10:31:19] preparing inputs
[2026-05-23 10:31:22] inputs ready
[2026-05-23 10:31:22] warmup start
[2026-05-23 10:31:22] warmup done
[2026-05-23 10:31:22] benchmark iterations start
[2026-05-23 10:31:22] iteration 25/100 elapsed_s=0.3
[2026-05-23 10:31:22] iteration 50/100 elapsed_s=0.5
[2026-05-23 10:31:22] iteration 75/100 elapsed_s=0.7
[2026-05-23 10:31:23] iteration 100/100 elapsed_s=1.0
[2026-05-23 10:31:23] benchmark iterations done
[2026-05-23 10:31:23] mode complete mode=baseline mean_ms=9.792 std_ms=1.130 p95_ms=12.735
[2026-05-23 10:31:23] start mode=optimized model=GAT_fp32.onnx device=NPU warmup=5 iters=100
[2026-05-23 10:31:23] creating session
[2026-05-23 10:31:23] session ready providers=OpenVINOExecutionProvider | CPUExecutionProvider
[2026-05-23 10:31:23] preparing inputs
[2026-05-23 10:31:26] inputs ready
[2026-05-23 10:31:26] warmup start
[2026-05-23 10:31:26] warmup done
[2026-05-23 10:31:26] benchmark iterations start
[2026-05-23 10:31:26] iteration 25/100 elapsed_s=0.3
[2026-05-23 10:31:26] iteration 50/100 elapsed_s=0.5
[2026-05-23 10:31:26] iteration 75/100 elapsed_s=0.8
[2026-05-23 10:31:27] iteration 100/100 elapsed_s=1.0
[2026-05-23 10:31:27] benchmark iterations done
[2026-05-23 10:31:27] mode complete mode=optimized mean_ms=10.054 std_ms=3.261 p95_ms=12.924
[2026-05-23 10:31:41] start mode=baseline model=GAT_fp32.onnx device=GPU warmup=5 iters=100
[2026-05-23 10:31:41] creating session
[2026-05-23 10:31:43] session ready providers=OpenVINOExecutionProvider | CPUExecutionProvider
[2026-05-23 10:31:43] preparing inputs
[2026-05-23 10:31:43] inputs ready
[2026-05-23 10:31:43] warmup start
[2026-05-23 10:31:43] warmup done
[2026-05-23 10:31:43] benchmark iterations start
[2026-05-23 10:31:43] iteration 25/100 elapsed_s=0.2
[2026-05-23 10:31:43] iteration 50/100 elapsed_s=0.4
[2026-05-23 10:31:43] iteration 75/100 elapsed_s=0.6
[2026-05-23 10:31:44] iteration 100/100 elapsed_s=0.8
[2026-05-23 10:31:44] benchmark iterations done
[2026-05-23 10:31:44] mode complete mode=baseline mean_ms=8.215 std_ms=0.720 p95_ms=9.246
[2026-05-23 10:31:44] start mode=optimized model=GAT_fp32.onnx device=GPU warmup=5 iters=100
[2026-05-23 10:31:44] creating session
[2026-05-23 10:31:45] session ready providers=OpenVINOExecutionProvider | CPUExecutionProvider
[2026-05-23 10:31:45] preparing inputs
[2026-05-23 10:31:46] inputs ready
[2026-05-23 10:31:46] warmup start
[2026-05-23 10:31:46] warmup done
[2026-05-23 10:31:46] benchmark iterations start
[2026-05-23 10:31:46] iteration 25/100 elapsed_s=0.2
[2026-05-23 10:31:46] iteration 50/100 elapsed_s=0.4
[2026-05-23 10:31:46] iteration 75/100 elapsed_s=0.6
[2026-05-23 10:31:46] iteration 100/100 elapsed_s=0.8
[2026-05-23 10:31:46] benchmark iterations done
[2026-05-23 10:31:46] mode complete mode=optimized mean_ms=8.218 std_ms=0.866 p95_ms=9.605
[2026-05-23 10:32:07] start mode=baseline model=GAT_fp32.onnx device=GPU warmup=5 iters=100
[2026-05-23 10:32:07] creating session
[2026-05-23 10:32:08] session ready providers=OpenVINOExecutionProvider | CPUExecutionProvider
[2026-05-23 10:32:08] preparing inputs
[2026-05-23 10:32:10] inputs ready
[2026-05-23 10:32:10] warmup start
[2026-05-23 10:32:10] warmup done
[2026-05-23 10:32:10] benchmark iterations start
[2026-05-23 10:32:10] iteration 25/100 elapsed_s=0.2
[2026-05-23 10:32:10] iteration 50/100 elapsed_s=0.5
[2026-05-23 10:32:11] iteration 75/100 elapsed_s=0.7
[2026-05-23 10:32:11] iteration 100/100 elapsed_s=0.9
[2026-05-23 10:32:11] benchmark iterations done
[2026-05-23 10:32:11] mode complete mode=baseline mean_ms=9.036 std_ms=0.668 p95_ms=10.241
[2026-05-23 10:32:11] start mode=optimized model=GAT_fp32.onnx device=GPU warmup=5 iters=100
[2026-05-23 10:32:11] creating session
[2026-05-23 10:32:13] session ready providers=OpenVINOExecutionProvider | CPUExecutionProvider
[2026-05-23 10:32:13] preparing inputs
[2026-05-23 10:32:14] inputs ready
[2026-05-23 10:32:14] warmup start
[2026-05-23 10:32:14] warmup done
[2026-05-23 10:32:14] benchmark iterations start
[2026-05-23 10:32:15] iteration 25/100 elapsed_s=0.2
[2026-05-23 10:32:15] iteration 50/100 elapsed_s=0.4
[2026-05-23 10:32:15] iteration 75/100 elapsed_s=0.7
[2026-05-23 10:32:15] iteration 100/100 elapsed_s=0.9
[2026-05-23 10:32:15] benchmark iterations done
[2026-05-23 10:32:15] mode complete mode=optimized mean_ms=8.754 std_ms=0.591 p95_ms=9.630
[2026-05-23 10:32:38] start mode=baseline model=GAT_fp32.onnx device=GPU warmup=5 iters=100
[2026-05-23 10:32:38] creating session
[2026-05-23 10:32:39] session ready providers=OpenVINOExecutionProvider | CPUExecutionProvider
[2026-05-23 10:32:39] preparing inputs
[2026-05-23 10:32:42] inputs ready
[2026-05-23 10:32:42] warmup start
[2026-05-23 10:32:42] warmup done
[2026-05-23 10:32:42] benchmark iterations start
[2026-05-23 10:32:42] iteration 25/100 elapsed_s=0.2
[2026-05-23 10:32:42] iteration 50/100 elapsed_s=0.4
[2026-05-23 10:32:42] iteration 75/100 elapsed_s=0.6
[2026-05-23 10:32:42] iteration 100/100 elapsed_s=0.8
[2026-05-23 10:32:42] benchmark iterations done
[2026-05-23 10:32:42] mode complete mode=baseline mean_ms=8.360 std_ms=0.474 p95_ms=9.159
[2026-05-23 10:32:43] start mode=optimized model=GAT_fp32.onnx device=GPU warmup=5 iters=100
[2026-05-23 10:32:43] creating session
[2026-05-23 10:32:44] session ready providers=OpenVINOExecutionProvider | CPUExecutionProvider
[2026-05-23 10:32:44] preparing inputs
[2026-05-23 10:32:47] inputs ready
[2026-05-23 10:32:47] warmup start
[2026-05-23 10:32:47] warmup done
[2026-05-23 10:32:47] benchmark iterations start
[2026-05-23 10:32:47] iteration 25/100 elapsed_s=0.2
[2026-05-23 10:32:47] iteration 50/100 elapsed_s=0.4
[2026-05-23 10:32:47] iteration 75/100 elapsed_s=0.6
[2026-05-23 10:32:48] iteration 100/100 elapsed_s=0.8
[2026-05-23 10:32:48] benchmark iterations done
[2026-05-23 10:32:48] mode complete mode=optimized mean_ms=8.230 std_ms=0.580 p95_ms=9.164
[2026-05-23 10:32:58] start mode=baseline model=GAT_fp32.onnx device=CPU warmup=5 iters=100
[2026-05-23 10:32:58] creating session
[2026-05-23 10:32:58] session ready providers=OpenVINOExecutionProvider | CPUExecutionProvider
[2026-05-23 10:32:58] preparing inputs
[2026-05-23 10:32:59] inputs ready
[2026-05-23 10:32:59] warmup start
[2026-05-23 10:32:59] warmup done
[2026-05-23 10:32:59] benchmark iterations start
[2026-05-23 10:32:59] iteration 25/100 elapsed_s=0.3
[2026-05-23 10:32:59] iteration 50/100 elapsed_s=0.5
[2026-05-23 10:33:00] iteration 75/100 elapsed_s=0.8
[2026-05-23 10:33:00] iteration 100/100 elapsed_s=1.0
[2026-05-23 10:33:00] benchmark iterations done
[2026-05-23 10:33:00] mode complete mode=baseline mean_ms=10.319 std_ms=1.226 p95_ms=13.275
[2026-05-23 10:33:00] start mode=optimized model=GAT_fp32.onnx device=CPU warmup=5 iters=100
[2026-05-23 10:33:00] creating session
[2026-05-23 10:33:00] session ready providers=OpenVINOExecutionProvider | CPUExecutionProvider
[2026-05-23 10:33:00] preparing inputs
[2026-05-23 10:33:01] inputs ready
[2026-05-23 10:33:01] warmup start
[2026-05-23 10:33:01] warmup done
[2026-05-23 10:33:01] benchmark iterations start
[2026-05-23 10:33:01] iteration 25/100 elapsed_s=0.3
[2026-05-23 10:33:02] iteration 50/100 elapsed_s=0.5
[2026-05-23 10:33:02] iteration 75/100 elapsed_s=0.8
[2026-05-23 10:33:02] iteration 100/100 elapsed_s=1.0
[2026-05-23 10:33:02] benchmark iterations done
[2026-05-23 10:33:02] mode complete mode=optimized mean_ms=10.285 std_ms=1.245 p95_ms=12.455
[2026-05-23 10:33:18] start mode=baseline model=GAT_fp32.onnx device=CPU warmup=5 iters=100
[2026-05-23 10:33:18] creating session
[2026-05-23 10:33:18] session ready providers=OpenVINOExecutionProvider | CPUExecutionProvider
[2026-05-23 10:33:18] preparing inputs
[2026-05-23 10:33:20] inputs ready
[2026-05-23 10:33:20] warmup start
[2026-05-23 10:33:20] warmup done
[2026-05-23 10:33:20] benchmark iterations start
[2026-05-23 10:33:21] iteration 25/100 elapsed_s=0.3
[2026-05-23 10:33:21] iteration 50/100 elapsed_s=0.5
[2026-05-23 10:33:21] iteration 75/100 elapsed_s=0.8
[2026-05-23 10:33:21] iteration 100/100 elapsed_s=1.0
[2026-05-23 10:33:21] benchmark iterations done
[2026-05-23 10:33:21] mode complete mode=baseline mean_ms=10.120 std_ms=0.971 p95_ms=11.639
[2026-05-23 10:33:22] start mode=optimized model=GAT_fp32.onnx device=CPU warmup=5 iters=100
[2026-05-23 10:33:22] creating session
[2026-05-23 10:33:22] session ready providers=OpenVINOExecutionProvider | CPUExecutionProvider
[2026-05-23 10:33:22] preparing inputs
[2026-05-23 10:33:24] inputs ready
[2026-05-23 10:33:24] warmup start
[2026-05-23 10:33:24] warmup done
[2026-05-23 10:33:24] benchmark iterations start
[2026-05-23 10:33:24] iteration 25/100 elapsed_s=0.3
[2026-05-23 10:33:24] iteration 50/100 elapsed_s=0.6
[2026-05-23 10:33:25] iteration 75/100 elapsed_s=0.8
[2026-05-23 10:33:25] iteration 100/100 elapsed_s=1.1
[2026-05-23 10:33:25] benchmark iterations done
[2026-05-23 10:33:25] mode complete mode=optimized mean_ms=11.005 std_ms=2.292 p95_ms=13.094
[2026-05-23 10:33:43] start mode=baseline model=GAT_fp32.onnx device=CPU warmup=5 iters=100
[2026-05-23 10:33:43] creating session
[2026-05-23 10:33:44] session ready providers=OpenVINOExecutionProvider | CPUExecutionProvider
[2026-05-23 10:33:44] preparing inputs
[2026-05-23 10:33:46] inputs ready
[2026-05-23 10:33:46] warmup start
[2026-05-23 10:33:46] warmup done
[2026-05-23 10:33:46] benchmark iterations start
[2026-05-23 10:33:47] iteration 25/100 elapsed_s=0.3
[2026-05-23 10:33:47] iteration 50/100 elapsed_s=0.5
[2026-05-23 10:33:47] iteration 75/100 elapsed_s=0.8
[2026-05-23 10:33:47] iteration 100/100 elapsed_s=1.0
[2026-05-23 10:33:47] benchmark iterations done
[2026-05-23 10:33:47] mode complete mode=baseline mean_ms=10.142 std_ms=1.464 p95_ms=12.723
[2026-05-23 10:33:48] start mode=optimized model=GAT_fp32.onnx device=CPU warmup=5 iters=100
[2026-05-23 10:33:48] creating session
[2026-05-23 10:33:48] session ready providers=OpenVINOExecutionProvider | CPUExecutionProvider
[2026-05-23 10:33:48] preparing inputs
[2026-05-23 10:33:50] inputs ready
[2026-05-23 10:33:50] warmup start
[2026-05-23 10:33:50] warmup done
[2026-05-23 10:33:50] benchmark iterations start
[2026-05-23 10:33:51] iteration 25/100 elapsed_s=0.3
[2026-05-23 10:33:51] iteration 50/100 elapsed_s=0.5
[2026-05-23 10:33:51] iteration 75/100 elapsed_s=0.8
[2026-05-23 10:33:51] iteration 100/100 elapsed_s=1.1
[2026-05-23 10:33:51] benchmark iterations done
[2026-05-23 10:33:51] mode complete mode=optimized mean_ms=10.932 std_ms=2.877 p95_ms=13.113
