[2026-05-23 16:04:03] start mode=baseline model=MPNN_int8.onnx device=GPU warmup=5 iters=100
[2026-05-23 16:04:03] creating session
[2026-05-23 16:04:03] session ready providers=CPUExecutionProvider
[2026-05-23 16:04:03] preparing inputs
[2026-05-23 16:04:04] inputs ready
[2026-05-23 16:04:04] warmup start
[2026-05-23 16:04:04] warmup done
[2026-05-23 16:04:04] benchmark iterations start
[2026-05-23 16:04:04] iteration 25/100 elapsed_s=0.2
[2026-05-23 16:04:05] iteration 50/100 elapsed_s=0.5
[2026-05-23 16:04:05] iteration 75/100 elapsed_s=0.7
[2026-05-23 16:04:05] iteration 100/100 elapsed_s=0.9
[2026-05-23 16:04:05] benchmark iterations done
[2026-05-23 16:04:05] mode complete mode=baseline mean_ms=9.034 std_ms=3.093 p95_ms=15.099
[2026-05-23 16:04:05] start mode=optimized model=MPNN_int8.onnx device=GPU warmup=5 iters=100
[2026-05-23 16:04:05] creating session
[2026-05-23 16:04:05] session ready providers=CPUExecutionProvider
[2026-05-23 16:04:05] preparing inputs
[2026-05-23 16:04:06] inputs ready
[2026-05-23 16:04:06] warmup start
[2026-05-23 16:04:06] warmup done
[2026-05-23 16:04:06] benchmark iterations start
[2026-05-23 16:04:06] iteration 25/100 elapsed_s=0.2
[2026-05-23 16:04:07] iteration 50/100 elapsed_s=0.4
[2026-05-23 16:04:07] iteration 75/100 elapsed_s=0.6
[2026-05-23 16:04:07] iteration 100/100 elapsed_s=0.8
[2026-05-23 16:04:07] benchmark iterations done
[2026-05-23 16:04:07] mode complete mode=optimized mean_ms=8.132 std_ms=3.378 p95_ms=14.644
[2026-05-23 16:10:01] start mode=baseline model=MPNN_int8.onnx device=CPU warmup=5 iters=100
[2026-05-23 16:10:01] creating session
[2026-05-23 16:10:01] session ready providers=CPUExecutionProvider
[2026-05-23 16:10:01] preparing inputs
[2026-05-23 16:10:02] inputs ready
[2026-05-23 16:10:02] warmup start
[2026-05-23 16:10:02] warmup done
[2026-05-23 16:10:02] benchmark iterations start
[2026-05-23 16:10:02] iteration 25/100 elapsed_s=0.2
[2026-05-23 16:10:02] iteration 50/100 elapsed_s=0.4
[2026-05-23 16:10:03] iteration 75/100 elapsed_s=0.5
[2026-05-23 16:10:03] iteration 100/100 elapsed_s=0.7
[2026-05-23 16:10:03] benchmark iterations done
[2026-05-23 16:10:03] mode complete mode=baseline mean_ms=6.922 std_ms=3.482 p95_ms=10.575
[2026-05-23 16:10:03] start mode=optimized model=MPNN_int8.onnx device=CPU warmup=5 iters=100
[2026-05-23 16:10:03] creating session
[2026-05-23 16:10:03] session ready providers=CPUExecutionProvider
[2026-05-23 16:10:03] preparing inputs
[2026-05-23 16:10:04] inputs ready
[2026-05-23 16:10:04] warmup start
[2026-05-23 16:10:04] warmup done
[2026-05-23 16:10:04] benchmark iterations start
[2026-05-23 16:10:04] iteration 25/100 elapsed_s=0.2
[2026-05-23 16:10:04] iteration 50/100 elapsed_s=0.4
[2026-05-23 16:10:04] iteration 75/100 elapsed_s=0.6
[2026-05-23 16:10:05] iteration 100/100 elapsed_s=0.8
[2026-05-23 16:10:05] benchmark iterations done
[2026-05-23 16:10:05] mode complete mode=optimized mean_ms=7.679 std_ms=6.365 p95_ms=9.010
