[2026-05-23 12:13:33] start mode=baseline model=mobilenetv2_fp32.onnx device=NPU warmup=5 iters=100
[2026-05-23 12:13:33] creating session
[2026-05-23 12:13:35] session ready providers=OpenVINOExecutionProvider | CPUExecutionProvider
[2026-05-23 12:13:35] preparing inputs
[2026-05-23 12:13:35] inputs ready
[2026-05-23 12:13:35] warmup start
[2026-05-23 12:13:35] warmup done
[2026-05-23 12:13:35] benchmark iterations start
[2026-05-23 12:13:36] iteration 25/100 elapsed_s=0.1
[2026-05-23 12:13:36] iteration 50/100 elapsed_s=0.1
[2026-05-23 12:13:36] iteration 75/100 elapsed_s=0.2
[2026-05-23 12:13:36] iteration 100/100 elapsed_s=0.2
[2026-05-23 12:13:36] benchmark iterations done
[2026-05-23 12:13:36] mode complete mode=baseline mean_ms=1.936 std_ms=0.569 p95_ms=2.662
[2026-05-23 12:13:36] start mode=optimized model=mobilenetv2_fp32.onnx device=NPU warmup=5 iters=100
[2026-05-23 12:13:36] creating session
[2026-05-23 12:13:38] session ready providers=OpenVINOExecutionProvider | CPUExecutionProvider
[2026-05-23 12:13:38] preparing inputs
[2026-05-23 12:13:38] inputs ready
[2026-05-23 12:13:38] warmup start
[2026-05-23 12:13:38] warmup done
[2026-05-23 12:13:38] benchmark iterations start
[2026-05-23 12:13:38] iteration 25/100 elapsed_s=0.1
[2026-05-23 12:13:38] iteration 50/100 elapsed_s=0.1
[2026-05-23 12:13:38] iteration 75/100 elapsed_s=0.2
[2026-05-23 12:13:38] iteration 100/100 elapsed_s=0.2
[2026-05-23 12:13:38] benchmark iterations done
[2026-05-23 12:13:38] mode complete mode=optimized mean_ms=1.893 std_ms=0.441 p95_ms=2.594
[2026-05-23 12:14:08] start mode=baseline model=mobilenetv2_fp32.onnx device=NPU warmup=5 iters=100
[2026-05-23 12:14:08] creating session
[2026-05-23 12:14:10] session ready providers=OpenVINOExecutionProvider | CPUExecutionProvider
[2026-05-23 12:14:10] preparing inputs
[2026-05-23 12:14:10] inputs ready
[2026-05-23 12:14:10] warmup start
[2026-05-23 12:14:10] warmup done
[2026-05-23 12:14:10] benchmark iterations start
[2026-05-23 12:14:10] iteration 25/100 elapsed_s=0.1
[2026-05-23 12:14:10] iteration 50/100 elapsed_s=0.1
[2026-05-23 12:14:10] iteration 75/100 elapsed_s=0.2
[2026-05-23 12:14:10] iteration 100/100 elapsed_s=0.2
[2026-05-23 12:14:10] benchmark iterations done
[2026-05-23 12:14:10] mode complete mode=baseline mean_ms=2.008 std_ms=0.482 p95_ms=2.630
[2026-05-23 12:14:10] start mode=optimized model=mobilenetv2_fp32.onnx device=NPU warmup=5 iters=100
[2026-05-23 12:14:10] creating session
[2026-05-23 12:14:12] session ready providers=OpenVINOExecutionProvider | CPUExecutionProvider
[2026-05-23 12:14:12] preparing inputs
[2026-05-23 12:14:12] inputs ready
[2026-05-23 12:14:12] warmup start
[2026-05-23 12:14:12] warmup done
[2026-05-23 12:14:12] benchmark iterations start
[2026-05-23 12:14:12] iteration 25/100 elapsed_s=0.1
[2026-05-23 12:14:12] iteration 50/100 elapsed_s=0.1
[2026-05-23 12:14:12] iteration 75/100 elapsed_s=0.2
[2026-05-23 12:14:12] iteration 100/100 elapsed_s=0.2
[2026-05-23 12:14:12] benchmark iterations done
[2026-05-23 12:14:12] mode complete mode=optimized mean_ms=1.929 std_ms=0.447 p95_ms=2.586
[2026-05-23 12:14:41] start mode=baseline model=mobilenetv2_fp32.onnx device=NPU warmup=5 iters=100
[2026-05-23 12:14:41] creating session
[2026-05-23 12:14:43] session ready providers=OpenVINOExecutionProvider | CPUExecutionProvider
[2026-05-23 12:14:43] preparing inputs
[2026-05-23 12:14:43] inputs ready
[2026-05-23 12:14:43] warmup start
[2026-05-23 12:14:43] warmup done
[2026-05-23 12:14:43] benchmark iterations start
[2026-05-23 12:14:43] iteration 25/100 elapsed_s=0.1
[2026-05-23 12:14:43] iteration 50/100 elapsed_s=0.1
[2026-05-23 12:14:43] iteration 75/100 elapsed_s=0.2
[2026-05-23 12:14:43] iteration 100/100 elapsed_s=0.2
[2026-05-23 12:14:43] benchmark iterations done
[2026-05-23 12:14:43] mode complete mode=baseline mean_ms=2.469 std_ms=0.104 p95_ms=2.694
[2026-05-23 12:14:43] start mode=optimized model=mobilenetv2_fp32.onnx device=NPU warmup=5 iters=100
[2026-05-23 12:14:43] creating session
[2026-05-23 12:14:45] session ready providers=OpenVINOExecutionProvider | CPUExecutionProvider
[2026-05-23 12:14:45] preparing inputs
[2026-05-23 12:14:45] inputs ready
[2026-05-23 12:14:45] warmup start
[2026-05-23 12:14:45] warmup done
[2026-05-23 12:14:45] benchmark iterations start
[2026-05-23 12:14:45] iteration 25/100 elapsed_s=0.1
[2026-05-23 12:14:45] iteration 50/100 elapsed_s=0.1
[2026-05-23 12:14:45] iteration 75/100 elapsed_s=0.2
[2026-05-23 12:14:45] iteration 100/100 elapsed_s=0.2
[2026-05-23 12:14:45] benchmark iterations done
[2026-05-23 12:14:45] mode complete mode=optimized mean_ms=1.885 std_ms=0.438 p95_ms=2.523
[2026-05-23 12:15:15] start mode=baseline model=mobilenetv2_fp32.onnx device=GPU warmup=5 iters=100
[2026-05-23 12:15:15] creating session
[2026-05-23 12:15:16] session ready providers=OpenVINOExecutionProvider | CPUExecutionProvider
[2026-05-23 12:15:16] preparing inputs
[2026-05-23 12:15:16] inputs ready
[2026-05-23 12:15:16] warmup start
[2026-05-23 12:15:16] warmup done
[2026-05-23 12:15:16] benchmark iterations start
[2026-05-23 12:15:17] iteration 25/100 elapsed_s=0.1
[2026-05-23 12:15:17] iteration 50/100 elapsed_s=0.1
[2026-05-23 12:15:17] iteration 75/100 elapsed_s=0.2
[2026-05-23 12:15:17] iteration 100/100 elapsed_s=0.2
[2026-05-23 12:15:17] benchmark iterations done
[2026-05-23 12:15:17] mode complete mode=baseline mean_ms=2.057 std_ms=0.328 p95_ms=2.899
[2026-05-23 12:15:17] start mode=optimized model=mobilenetv2_fp32.onnx device=GPU warmup=5 iters=100
[2026-05-23 12:15:17] creating session
[2026-05-23 12:15:18] session ready providers=OpenVINOExecutionProvider | CPUExecutionProvider
[2026-05-23 12:15:18] preparing inputs
[2026-05-23 12:15:18] inputs ready
[2026-05-23 12:15:18] warmup start
[2026-05-23 12:15:18] warmup done
[2026-05-23 12:15:18] benchmark iterations start
[2026-05-23 12:15:18] iteration 25/100 elapsed_s=0.1
[2026-05-23 12:15:18] iteration 50/100 elapsed_s=0.1
[2026-05-23 12:15:18] iteration 75/100 elapsed_s=0.2
[2026-05-23 12:15:18] iteration 100/100 elapsed_s=0.2
[2026-05-23 12:15:18] benchmark iterations done
[2026-05-23 12:15:19] mode complete mode=optimized mean_ms=2.049 std_ms=0.319 p95_ms=2.865
[2026-05-23 12:15:44] start mode=baseline model=mobilenetv2_fp32.onnx device=GPU warmup=5 iters=100
[2026-05-23 12:15:44] creating session
[2026-05-23 12:15:46] session ready providers=OpenVINOExecutionProvider | CPUExecutionProvider
[2026-05-23 12:15:46] preparing inputs
[2026-05-23 12:15:46] inputs ready
[2026-05-23 12:15:46] warmup start
[2026-05-23 12:15:46] warmup done
[2026-05-23 12:15:46] benchmark iterations start
[2026-05-23 12:15:46] iteration 25/100 elapsed_s=0.1
[2026-05-23 12:15:46] iteration 50/100 elapsed_s=0.1
[2026-05-23 12:15:46] iteration 75/100 elapsed_s=0.2
[2026-05-23 12:15:46] iteration 100/100 elapsed_s=0.2
[2026-05-23 12:15:46] benchmark iterations done
[2026-05-23 12:15:46] mode complete mode=baseline mean_ms=2.040 std_ms=0.346 p95_ms=2.907
[2026-05-23 12:15:46] start mode=optimized model=mobilenetv2_fp32.onnx device=GPU warmup=5 iters=100
[2026-05-23 12:15:46] creating session
[2026-05-23 12:15:48] session ready providers=OpenVINOExecutionProvider | CPUExecutionProvider
[2026-05-23 12:15:48] preparing inputs
[2026-05-23 12:15:48] inputs ready
[2026-05-23 12:15:48] warmup start
[2026-05-23 12:15:48] warmup done
[2026-05-23 12:15:48] benchmark iterations start
[2026-05-23 12:15:48] iteration 25/100 elapsed_s=0.1
[2026-05-23 12:15:48] iteration 50/100 elapsed_s=0.1
[2026-05-23 12:15:48] iteration 75/100 elapsed_s=0.2
[2026-05-23 12:15:48] iteration 100/100 elapsed_s=0.2
[2026-05-23 12:15:48] benchmark iterations done
[2026-05-23 12:15:48] mode complete mode=optimized mean_ms=2.007 std_ms=0.312 p95_ms=2.833
[2026-05-23 12:16:14] start mode=baseline model=mobilenetv2_fp32.onnx device=GPU warmup=5 iters=100
[2026-05-23 12:16:14] creating session
[2026-05-23 12:16:16] session ready providers=OpenVINOExecutionProvider | CPUExecutionProvider
[2026-05-23 12:16:16] preparing inputs
[2026-05-23 12:16:16] inputs ready
[2026-05-23 12:16:16] warmup start
[2026-05-23 12:16:16] warmup done
[2026-05-23 12:16:16] benchmark iterations start
[2026-05-23 12:16:16] iteration 25/100 elapsed_s=0.0
[2026-05-23 12:16:16] iteration 50/100 elapsed_s=0.1
[2026-05-23 12:16:16] iteration 75/100 elapsed_s=0.1
[2026-05-23 12:16:16] iteration 100/100 elapsed_s=0.2
[2026-05-23 12:16:16] benchmark iterations done
[2026-05-23 12:16:16] mode complete mode=baseline mean_ms=1.968 std_ms=0.246 p95_ms=2.321
[2026-05-23 12:16:16] start mode=optimized model=mobilenetv2_fp32.onnx device=GPU warmup=5 iters=100
[2026-05-23 12:16:16] creating session
[2026-05-23 12:16:17] session ready providers=OpenVINOExecutionProvider | CPUExecutionProvider
[2026-05-23 12:16:17] preparing inputs
[2026-05-23 12:16:17] inputs ready
[2026-05-23 12:16:17] warmup start
[2026-05-23 12:16:17] warmup done
[2026-05-23 12:16:17] benchmark iterations start
[2026-05-23 12:16:17] iteration 25/100 elapsed_s=0.1
[2026-05-23 12:16:17] iteration 50/100 elapsed_s=0.1
[2026-05-23 12:16:18] iteration 75/100 elapsed_s=0.2
[2026-05-23 12:16:18] iteration 100/100 elapsed_s=0.2
[2026-05-23 12:16:18] benchmark iterations done
[2026-05-23 12:16:18] mode complete mode=optimized mean_ms=2.062 std_ms=0.338 p95_ms=2.873
[2026-05-23 12:16:44] start mode=baseline model=mobilenetv2_fp32.onnx device=CPU warmup=5 iters=100
[2026-05-23 12:16:44] creating session
[2026-05-23 12:16:44] session ready providers=OpenVINOExecutionProvider | CPUExecutionProvider
[2026-05-23 12:16:44] preparing inputs
[2026-05-23 12:16:44] inputs ready
[2026-05-23 12:16:44] warmup start
[2026-05-23 12:16:44] warmup done
[2026-05-23 12:16:44] benchmark iterations start
[2026-05-23 12:16:44] iteration 25/100 elapsed_s=0.2
[2026-05-23 12:16:45] iteration 50/100 elapsed_s=0.4
[2026-05-23 12:16:45] iteration 75/100 elapsed_s=0.6
[2026-05-23 12:16:45] iteration 100/100 elapsed_s=0.8
[2026-05-23 12:16:45] benchmark iterations done
[2026-05-23 12:16:45] mode complete mode=baseline mean_ms=8.292 std_ms=0.849 p95_ms=9.703
[2026-05-23 12:16:45] start mode=optimized model=mobilenetv2_fp32.onnx device=CPU warmup=5 iters=100
[2026-05-23 12:16:45] creating session
[2026-05-23 12:16:46] session ready providers=OpenVINOExecutionProvider | CPUExecutionProvider
[2026-05-23 12:16:46] preparing inputs
[2026-05-23 12:16:46] inputs ready
[2026-05-23 12:16:46] warmup start
[2026-05-23 12:16:46] warmup done
[2026-05-23 12:16:46] benchmark iterations start
[2026-05-23 12:16:46] iteration 25/100 elapsed_s=0.2
[2026-05-23 12:16:46] iteration 50/100 elapsed_s=0.4
[2026-05-23 12:16:47] iteration 75/100 elapsed_s=0.6
[2026-05-23 12:16:47] iteration 100/100 elapsed_s=0.8
[2026-05-23 12:16:47] benchmark iterations done
[2026-05-23 12:16:47] mode complete mode=optimized mean_ms=8.331 std_ms=1.042 p95_ms=9.810
[2026-05-23 12:17:08] start mode=baseline model=mobilenetv2_fp32.onnx device=CPU warmup=5 iters=100
[2026-05-23 12:17:08] creating session
[2026-05-23 12:17:08] session ready providers=OpenVINOExecutionProvider | CPUExecutionProvider
[2026-05-23 12:17:08] preparing inputs
[2026-05-23 12:17:08] inputs ready
[2026-05-23 12:17:08] warmup start
[2026-05-23 12:17:08] warmup done
[2026-05-23 12:17:08] benchmark iterations start
[2026-05-23 12:17:08] iteration 25/100 elapsed_s=0.3
[2026-05-23 12:17:09] iteration 50/100 elapsed_s=0.5
[2026-05-23 12:17:09] iteration 75/100 elapsed_s=0.7
[2026-05-23 12:17:09] iteration 100/100 elapsed_s=0.9
[2026-05-23 12:17:09] benchmark iterations done
[2026-05-23 12:17:09] mode complete mode=baseline mean_ms=8.906 std_ms=1.540 p95_ms=12.253
[2026-05-23 12:17:09] start mode=optimized model=mobilenetv2_fp32.onnx device=CPU warmup=5 iters=100
[2026-05-23 12:17:09] creating session
[2026-05-23 12:17:10] session ready providers=OpenVINOExecutionProvider | CPUExecutionProvider
[2026-05-23 12:17:10] preparing inputs
[2026-05-23 12:17:10] inputs ready
[2026-05-23 12:17:10] warmup start
[2026-05-23 12:17:10] warmup done
[2026-05-23 12:17:10] benchmark iterations start
[2026-05-23 12:17:10] iteration 25/100 elapsed_s=0.2
[2026-05-23 12:17:10] iteration 50/100 elapsed_s=0.5
[2026-05-23 12:17:11] iteration 75/100 elapsed_s=0.7
[2026-05-23 12:17:11] iteration 100/100 elapsed_s=0.9
[2026-05-23 12:17:11] benchmark iterations done
[2026-05-23 12:17:11] mode complete mode=optimized mean_ms=9.273 std_ms=1.609 p95_ms=11.980
[2026-05-23 12:17:32] start mode=baseline model=mobilenetv2_fp32.onnx device=CPU warmup=5 iters=100
[2026-05-23 12:17:32] creating session
[2026-05-23 12:17:32] session ready providers=OpenVINOExecutionProvider | CPUExecutionProvider
[2026-05-23 12:17:32] preparing inputs
[2026-05-23 12:17:32] inputs ready
[2026-05-23 12:17:32] warmup start
[2026-05-23 12:17:32] warmup done
[2026-05-23 12:17:32] benchmark iterations start
[2026-05-23 12:17:32] iteration 25/100 elapsed_s=0.2
[2026-05-23 12:17:33] iteration 50/100 elapsed_s=0.4
[2026-05-23 12:17:33] iteration 75/100 elapsed_s=0.6
[2026-05-23 12:17:33] iteration 100/100 elapsed_s=0.9
[2026-05-23 12:17:33] benchmark iterations done
[2026-05-23 12:17:33] mode complete mode=baseline mean_ms=8.653 std_ms=1.004 p95_ms=10.038
[2026-05-23 12:17:33] start mode=optimized model=mobilenetv2_fp32.onnx device=CPU warmup=5 iters=100
[2026-05-23 12:17:33] creating session
[2026-05-23 12:17:34] session ready providers=OpenVINOExecutionProvider | CPUExecutionProvider
[2026-05-23 12:17:34] preparing inputs
[2026-05-23 12:17:34] inputs ready
[2026-05-23 12:17:34] warmup start
[2026-05-23 12:17:34] warmup done
[2026-05-23 12:17:34] benchmark iterations start
[2026-05-23 12:17:34] iteration 25/100 elapsed_s=0.2
[2026-05-23 12:17:34] iteration 50/100 elapsed_s=0.4
[2026-05-23 12:17:34] iteration 75/100 elapsed_s=0.6
[2026-05-23 12:17:35] iteration 100/100 elapsed_s=0.8
[2026-05-23 12:17:35] benchmark iterations done
[2026-05-23 12:17:35] mode complete mode=optimized mean_ms=8.251 std_ms=0.814 p95_ms=9.603
