[2026-05-23 15:01:37] start mode=baseline model=GIN_int8.onnx device=NPU warmup=5 iters=100
[2026-05-23 15:01:37] creating session
[2026-05-23 15:01:37] session ready providers=OpenVINOExecutionProvider | CPUExecutionProvider
[2026-05-23 15:01:37] preparing inputs
[2026-05-23 15:01:37] inputs ready
[2026-05-23 15:01:37] warmup start
[2026-05-23 15:01:38] warmup done
[2026-05-23 15:01:38] benchmark iterations start
[2026-05-23 15:01:39] iteration 25/100 elapsed_s=1.4
[2026-05-23 15:01:40] iteration 50/100 elapsed_s=2.7
[2026-05-23 15:01:42] iteration 75/100 elapsed_s=4.1
[2026-05-23 15:01:43] iteration 100/100 elapsed_s=5.6
[2026-05-23 15:01:43] benchmark iterations done
[2026-05-23 15:01:43] mode complete mode=baseline mean_ms=56.378 std_ms=4.255 p95_ms=63.387
[2026-05-23 15:01:43] start mode=optimized model=GIN_int8.onnx device=NPU warmup=5 iters=100
[2026-05-23 15:01:43] creating session
[2026-05-23 15:01:44] session ready providers=OpenVINOExecutionProvider | CPUExecutionProvider
[2026-05-23 15:01:44] preparing inputs
[2026-05-23 15:01:44] inputs ready
[2026-05-23 15:01:44] warmup start
[2026-05-23 15:01:44] warmup done
[2026-05-23 15:01:44] benchmark iterations start
[2026-05-23 15:01:46] iteration 25/100 elapsed_s=1.3
[2026-05-23 15:01:47] iteration 50/100 elapsed_s=2.7
[2026-05-23 15:01:48] iteration 75/100 elapsed_s=4.0
[2026-05-23 15:01:50] iteration 100/100 elapsed_s=5.5
[2026-05-23 15:01:50] benchmark iterations done
[2026-05-23 15:01:50] mode complete mode=optimized mean_ms=55.343 std_ms=3.982 p95_ms=63.265
[2026-05-23 15:12:03] start mode=baseline model=GIN_int8.onnx device=GPU warmup=5 iters=100
[2026-05-23 15:12:03] creating session
[2026-05-23 15:12:05] session ready providers=OpenVINOExecutionProvider | CPUExecutionProvider
[2026-05-23 15:12:05] preparing inputs
[2026-05-23 15:12:05] inputs ready
[2026-05-23 15:12:05] warmup start
[2026-05-23 15:12:05] warmup done
[2026-05-23 15:12:05] benchmark iterations start
[2026-05-23 15:12:06] iteration 25/100 elapsed_s=0.7
[2026-05-23 15:12:06] iteration 50/100 elapsed_s=1.3
[2026-05-23 15:12:07] iteration 75/100 elapsed_s=2.0
[2026-05-23 15:12:08] iteration 100/100 elapsed_s=2.7
[2026-05-23 15:12:08] benchmark iterations done
[2026-05-23 15:12:08] mode complete mode=baseline mean_ms=26.922 std_ms=1.199 p95_ms=28.369
[2026-05-23 15:12:08] start mode=optimized model=GIN_int8.onnx device=GPU warmup=5 iters=100
[2026-05-23 15:12:08] creating session
[2026-05-23 15:12:09] session ready providers=OpenVINOExecutionProvider | CPUExecutionProvider
[2026-05-23 15:12:09] preparing inputs
[2026-05-23 15:12:09] inputs ready
[2026-05-23 15:12:09] warmup start
[2026-05-23 15:12:10] warmup done
[2026-05-23 15:12:10] benchmark iterations start
[2026-05-23 15:12:10] iteration 25/100 elapsed_s=0.7
[2026-05-23 15:12:11] iteration 50/100 elapsed_s=1.4
[2026-05-23 15:12:12] iteration 75/100 elapsed_s=2.0
[2026-05-23 15:12:12] iteration 100/100 elapsed_s=2.7
[2026-05-23 15:12:12] benchmark iterations done
[2026-05-23 15:12:12] mode complete mode=optimized mean_ms=27.165 std_ms=1.145 p95_ms=28.717
[2026-05-23 15:19:15] start mode=baseline model=GIN_int8.onnx device=CPU warmup=5 iters=100
[2026-05-23 15:19:15] creating session
[2026-05-23 15:19:15] session ready providers=OpenVINOExecutionProvider | CPUExecutionProvider
[2026-05-23 15:19:15] preparing inputs
[2026-05-23 15:19:15] inputs ready
[2026-05-23 15:19:15] warmup start
[2026-05-23 15:19:16] warmup done
[2026-05-23 15:19:16] benchmark iterations start
[2026-05-23 15:19:17] iteration 25/100 elapsed_s=1.3
[2026-05-23 15:19:18] iteration 50/100 elapsed_s=2.7
[2026-05-23 15:19:20] iteration 75/100 elapsed_s=4.2
[2026-05-23 15:19:21] iteration 100/100 elapsed_s=5.7
[2026-05-23 15:19:21] benchmark iterations done
[2026-05-23 15:19:21] mode complete mode=baseline mean_ms=56.483 std_ms=4.937 p95_ms=66.233
[2026-05-23 15:19:22] start mode=optimized model=GIN_int8.onnx device=CPU warmup=5 iters=100
[2026-05-23 15:19:22] creating session
[2026-05-23 15:19:22] session ready providers=OpenVINOExecutionProvider | CPUExecutionProvider
[2026-05-23 15:19:22] preparing inputs
[2026-05-23 15:19:22] inputs ready
[2026-05-23 15:19:22] warmup start
[2026-05-23 15:19:23] warmup done
[2026-05-23 15:19:23] benchmark iterations start
[2026-05-23 15:19:24] iteration 25/100 elapsed_s=1.3
[2026-05-23 15:19:25] iteration 50/100 elapsed_s=2.7
[2026-05-23 15:19:27] iteration 75/100 elapsed_s=4.1
[2026-05-23 15:19:28] iteration 100/100 elapsed_s=5.6
[2026-05-23 15:19:28] benchmark iterations done
[2026-05-23 15:19:28] mode complete mode=optimized mean_ms=55.545 std_ms=4.422 p95_ms=63.166
