[2026-05-23 15:27:33] start mode=baseline model=GraphSAGE_fp32.onnx device=NPU warmup=5 iters=100
[2026-05-23 15:27:33] creating session
[2026-05-23 15:27:33] session ready providers=OpenVINOExecutionProvider | CPUExecutionProvider
[2026-05-23 15:27:33] preparing inputs
[2026-05-23 15:27:33] inputs ready
[2026-05-23 15:27:33] warmup start
[2026-05-23 15:27:33] warmup done
[2026-05-23 15:27:33] benchmark iterations start
[2026-05-23 15:27:34] iteration 25/100 elapsed_s=0.4
[2026-05-23 15:27:34] iteration 50/100 elapsed_s=0.8
[2026-05-23 15:27:35] iteration 75/100 elapsed_s=1.2
[2026-05-23 15:27:35] iteration 100/100 elapsed_s=1.6
[2026-05-23 15:27:35] benchmark iterations done
[2026-05-23 15:27:35] mode complete mode=baseline mean_ms=15.693 std_ms=0.904 p95_ms=17.494
[2026-05-23 15:27:35] start mode=optimized model=GraphSAGE_fp32.onnx device=NPU warmup=5 iters=100
[2026-05-23 15:27:35] creating session
[2026-05-23 15:27:35] session ready providers=OpenVINOExecutionProvider | CPUExecutionProvider
[2026-05-23 15:27:35] preparing inputs
[2026-05-23 15:27:36] inputs ready
[2026-05-23 15:27:36] warmup start
[2026-05-23 15:27:36] warmup done
[2026-05-23 15:27:36] benchmark iterations start
[2026-05-23 15:27:37] iteration 25/100 elapsed_s=0.4
[2026-05-23 15:27:37] iteration 50/100 elapsed_s=0.8
[2026-05-23 15:27:37] iteration 75/100 elapsed_s=1.2
[2026-05-23 15:27:38] iteration 100/100 elapsed_s=1.6
[2026-05-23 15:27:38] benchmark iterations done
[2026-05-23 15:27:38] mode complete mode=optimized mean_ms=15.880 std_ms=1.353 p95_ms=17.545
[2026-05-23 15:38:41] start mode=baseline model=GraphSAGE_fp32.onnx device=GPU warmup=5 iters=100
[2026-05-23 15:38:41] creating session
[2026-05-23 15:38:42] session ready providers=OpenVINOExecutionProvider | CPUExecutionProvider
[2026-05-23 15:38:42] preparing inputs
[2026-05-23 15:38:42] inputs ready
[2026-05-23 15:38:42] warmup start
[2026-05-23 15:38:42] warmup done
[2026-05-23 15:38:42] benchmark iterations start
[2026-05-23 15:38:42] iteration 25/100 elapsed_s=0.2
[2026-05-23 15:38:42] iteration 50/100 elapsed_s=0.5
[2026-05-23 15:38:43] iteration 75/100 elapsed_s=0.7
[2026-05-23 15:38:43] iteration 100/100 elapsed_s=0.9
[2026-05-23 15:38:43] benchmark iterations done
[2026-05-23 15:38:43] mode complete mode=baseline mean_ms=9.334 std_ms=0.620 p95_ms=10.153
[2026-05-23 15:38:43] start mode=optimized model=GraphSAGE_fp32.onnx device=GPU warmup=5 iters=100
[2026-05-23 15:38:43] creating session
[2026-05-23 15:38:45] session ready providers=OpenVINOExecutionProvider | CPUExecutionProvider
[2026-05-23 15:38:45] preparing inputs
[2026-05-23 15:38:45] inputs ready
[2026-05-23 15:38:45] warmup start
[2026-05-23 15:38:45] warmup done
[2026-05-23 15:38:45] benchmark iterations start
[2026-05-23 15:38:45] iteration 25/100 elapsed_s=0.2
[2026-05-23 15:38:45] iteration 50/100 elapsed_s=0.5
[2026-05-23 15:38:45] iteration 75/100 elapsed_s=0.7
[2026-05-23 15:38:46] iteration 100/100 elapsed_s=0.9
[2026-05-23 15:38:46] benchmark iterations done
[2026-05-23 15:38:46] mode complete mode=optimized mean_ms=9.422 std_ms=0.643 p95_ms=10.346
[2026-05-23 15:46:20] start mode=baseline model=GraphSAGE_fp32.onnx device=CPU warmup=5 iters=100
[2026-05-23 15:46:20] creating session
[2026-05-23 15:46:20] session ready providers=OpenVINOExecutionProvider | CPUExecutionProvider
[2026-05-23 15:46:20] preparing inputs
[2026-05-23 15:46:20] inputs ready
[2026-05-23 15:46:20] warmup start
[2026-05-23 15:46:21] warmup done
[2026-05-23 15:46:21] benchmark iterations start
[2026-05-23 15:46:21] iteration 25/100 elapsed_s=0.4
[2026-05-23 15:46:21] iteration 50/100 elapsed_s=0.8
[2026-05-23 15:46:22] iteration 75/100 elapsed_s=1.2
[2026-05-23 15:46:22] iteration 100/100 elapsed_s=1.6
[2026-05-23 15:46:22] benchmark iterations done
[2026-05-23 15:46:22] mode complete mode=baseline mean_ms=15.736 std_ms=0.723 p95_ms=17.068
[2026-05-23 15:46:22] start mode=optimized model=GraphSAGE_fp32.onnx device=CPU warmup=5 iters=100
[2026-05-23 15:46:22] creating session
[2026-05-23 15:46:23] session ready providers=OpenVINOExecutionProvider | CPUExecutionProvider
[2026-05-23 15:46:23] preparing inputs
[2026-05-23 15:46:23] inputs ready
[2026-05-23 15:46:23] warmup start
[2026-05-23 15:46:23] warmup done
[2026-05-23 15:46:23] benchmark iterations start
[2026-05-23 15:46:24] iteration 25/100 elapsed_s=0.4
[2026-05-23 15:46:24] iteration 50/100 elapsed_s=0.8
[2026-05-23 15:46:25] iteration 75/100 elapsed_s=1.2
[2026-05-23 15:46:25] iteration 100/100 elapsed_s=1.6
[2026-05-23 15:46:25] benchmark iterations done
[2026-05-23 15:46:25] mode complete mode=optimized mean_ms=15.758 std_ms=0.822 p95_ms=17.239
