[2026-05-23 16:24:37] start mode=baseline model=SGC_int8.onnx device=NPU warmup=5 iters=100
[2026-05-23 16:24:37] creating session
[2026-05-23 16:24:37] session ready providers=OpenVINOExecutionProvider | CPUExecutionProvider
[2026-05-23 16:24:37] preparing inputs
[2026-05-23 16:24:37] inputs ready
[2026-05-23 16:24:37] warmup start
[2026-05-23 16:24:40] warmup done
[2026-05-23 16:24:40] benchmark iterations start
[2026-05-23 16:24:52] iteration 25/100 elapsed_s=11.6
[2026-05-23 16:25:03] iteration 50/100 elapsed_s=23.2
[2026-05-23 16:25:15] iteration 75/100 elapsed_s=34.6
[2026-05-23 16:25:26] iteration 100/100 elapsed_s=46.1
[2026-05-23 16:25:26] benchmark iterations done
[2026-05-23 16:25:26] mode complete mode=baseline mean_ms=461.068 std_ms=12.671 p95_ms=482.998
[2026-05-23 16:25:26] start mode=optimized model=SGC_int8.onnx device=NPU warmup=5 iters=100
[2026-05-23 16:25:26] creating session
[2026-05-23 16:25:27] session ready providers=OpenVINOExecutionProvider | CPUExecutionProvider
[2026-05-23 16:25:27] preparing inputs
[2026-05-23 16:25:27] inputs ready
[2026-05-23 16:25:27] warmup start
[2026-05-23 16:25:30] warmup done
[2026-05-23 16:25:30] benchmark iterations start
[2026-05-23 16:25:41] iteration 25/100 elapsed_s=11.3
[2026-05-23 16:25:53] iteration 50/100 elapsed_s=22.8
[2026-05-23 16:26:04] iteration 75/100 elapsed_s=34.1
[2026-05-23 16:26:15] iteration 100/100 elapsed_s=45.6
[2026-05-23 16:26:15] benchmark iterations done
[2026-05-23 16:26:15] mode complete mode=optimized mean_ms=455.599 std_ms=12.985 p95_ms=475.547
[2026-05-23 16:58:20] start mode=baseline model=SGC_int8.onnx device=GPU warmup=5 iters=100
[2026-05-23 16:58:20] creating session
[2026-05-23 16:58:29] session ready providers=OpenVINOExecutionProvider | CPUExecutionProvider
[2026-05-23 16:58:29] preparing inputs
[2026-05-23 16:58:29] inputs ready
[2026-05-23 16:58:29] warmup start
[2026-05-23 16:58:31] warmup done
[2026-05-23 16:58:31] benchmark iterations start
[2026-05-23 16:58:44] iteration 25/100 elapsed_s=12.2
[2026-05-23 16:58:56] iteration 50/100 elapsed_s=24.4
[2026-05-23 16:59:08] iteration 75/100 elapsed_s=36.6
[2026-05-23 16:59:20] iteration 100/100 elapsed_s=48.8
[2026-05-23 16:59:20] benchmark iterations done
[2026-05-23 16:59:20] mode complete mode=baseline mean_ms=488.036 std_ms=2.267 p95_ms=491.409
[2026-05-23 16:59:21] start mode=optimized model=SGC_int8.onnx device=GPU warmup=5 iters=100
[2026-05-23 16:59:21] creating session
[2026-05-23 16:59:22] session ready providers=OpenVINOExecutionProvider | CPUExecutionProvider
[2026-05-23 16:59:22] preparing inputs
[2026-05-23 16:59:22] inputs ready
[2026-05-23 16:59:22] warmup start
[2026-05-23 16:59:25] warmup done
[2026-05-23 16:59:25] benchmark iterations start
[2026-05-23 16:59:37] iteration 25/100 elapsed_s=12.2
[2026-05-23 16:59:49] iteration 50/100 elapsed_s=24.4
[2026-05-23 17:00:01] iteration 75/100 elapsed_s=36.6
[2026-05-23 17:00:14] iteration 100/100 elapsed_s=48.8
[2026-05-23 17:00:14] benchmark iterations done
[2026-05-23 17:00:14] mode complete mode=optimized mean_ms=488.176 std_ms=2.401 p95_ms=492.005
[2026-05-23 17:29:55] start mode=baseline model=SGC_int8.onnx device=CPU warmup=5 iters=100
[2026-05-23 17:29:55] creating session
[2026-05-23 17:29:55] session ready providers=OpenVINOExecutionProvider | CPUExecutionProvider
[2026-05-23 17:29:55] preparing inputs
[2026-05-23 17:29:56] inputs ready
[2026-05-23 17:29:56] warmup start
[2026-05-23 17:29:58] warmup done
[2026-05-23 17:29:58] benchmark iterations start
[2026-05-23 17:30:09] iteration 25/100 elapsed_s=11.3
[2026-05-23 17:30:21] iteration 50/100 elapsed_s=22.7
[2026-05-23 17:30:32] iteration 75/100 elapsed_s=34.1
[2026-05-23 17:30:44] iteration 100/100 elapsed_s=45.5
[2026-05-23 17:30:44] benchmark iterations done
[2026-05-23 17:30:44] mode complete mode=baseline mean_ms=454.704 std_ms=13.793 p95_ms=481.050
[2026-05-23 17:30:44] start mode=optimized model=SGC_int8.onnx device=CPU warmup=5 iters=100
[2026-05-23 17:30:44] creating session
[2026-05-23 17:30:44] session ready providers=OpenVINOExecutionProvider | CPUExecutionProvider
[2026-05-23 17:30:44] preparing inputs
[2026-05-23 17:30:45] inputs ready
[2026-05-23 17:30:45] warmup start
[2026-05-23 17:30:47] warmup done
[2026-05-23 17:30:47] benchmark iterations start
[2026-05-23 17:30:58] iteration 25/100 elapsed_s=11.3
[2026-05-23 17:31:10] iteration 50/100 elapsed_s=22.8
[2026-05-23 17:31:21] iteration 75/100 elapsed_s=34.3
[2026-05-23 17:31:33] iteration 100/100 elapsed_s=45.7
[2026-05-23 17:31:33] benchmark iterations done
[2026-05-23 17:31:33] mode complete mode=optimized mean_ms=456.574 std_ms=19.547 p95_ms=481.364
