[2026-05-23 14:59:49] start mode=baseline model=GIN_fp32.onnx device=NPU warmup=5 iters=100
[2026-05-23 14:59:49] creating session
[2026-05-23 14:59:49] session ready providers=OpenVINOExecutionProvider | CPUExecutionProvider
[2026-05-23 14:59:49] preparing inputs
[2026-05-23 14:59:50] inputs ready
[2026-05-23 14:59:50] warmup start
[2026-05-23 14:59:50] warmup done
[2026-05-23 14:59:50] benchmark iterations start
[2026-05-23 14:59:51] iteration 25/100 elapsed_s=0.7
[2026-05-23 14:59:51] iteration 50/100 elapsed_s=1.4
[2026-05-23 14:59:52] iteration 75/100 elapsed_s=2.1
[2026-05-23 14:59:53] iteration 100/100 elapsed_s=2.8
[2026-05-23 14:59:53] benchmark iterations done
[2026-05-23 14:59:53] mode complete mode=baseline mean_ms=27.982 std_ms=1.399 p95_ms=30.195
[2026-05-23 14:59:53] start mode=optimized model=GIN_fp32.onnx device=NPU warmup=5 iters=100
[2026-05-23 14:59:53] creating session
[2026-05-23 14:59:53] session ready providers=OpenVINOExecutionProvider | CPUExecutionProvider
[2026-05-23 14:59:53] preparing inputs
[2026-05-23 14:59:54] inputs ready
[2026-05-23 14:59:54] warmup start
[2026-05-23 14:59:54] warmup done
[2026-05-23 14:59:54] benchmark iterations start
[2026-05-23 14:59:55] iteration 25/100 elapsed_s=0.7
[2026-05-23 14:59:55] iteration 50/100 elapsed_s=1.4
[2026-05-23 14:59:56] iteration 75/100 elapsed_s=2.1
[2026-05-23 14:59:57] iteration 100/100 elapsed_s=2.8
[2026-05-23 14:59:57] benchmark iterations done
[2026-05-23 14:59:57] mode complete mode=optimized mean_ms=27.981 std_ms=1.181 p95_ms=30.092
[2026-05-23 15:10:41] start mode=baseline model=GIN_fp32.onnx device=GPU warmup=5 iters=100
[2026-05-23 15:10:41] creating session
[2026-05-23 15:10:42] session ready providers=OpenVINOExecutionProvider | CPUExecutionProvider
[2026-05-23 15:10:42] preparing inputs
[2026-05-23 15:10:42] inputs ready
[2026-05-23 15:10:42] warmup start
[2026-05-23 15:10:42] warmup done
[2026-05-23 15:10:42] benchmark iterations start
[2026-05-23 15:10:42] iteration 25/100 elapsed_s=0.3
[2026-05-23 15:10:43] iteration 50/100 elapsed_s=0.6
[2026-05-23 15:10:43] iteration 75/100 elapsed_s=0.9
[2026-05-23 15:10:43] iteration 100/100 elapsed_s=1.3
[2026-05-23 15:10:43] benchmark iterations done
[2026-05-23 15:10:43] mode complete mode=baseline mean_ms=12.577 std_ms=0.617 p95_ms=13.585
[2026-05-23 15:10:44] start mode=optimized model=GIN_fp32.onnx device=GPU warmup=5 iters=100
[2026-05-23 15:10:44] creating session
[2026-05-23 15:10:45] session ready providers=OpenVINOExecutionProvider | CPUExecutionProvider
[2026-05-23 15:10:45] preparing inputs
[2026-05-23 15:10:45] inputs ready
[2026-05-23 15:10:45] warmup start
[2026-05-23 15:10:45] warmup done
[2026-05-23 15:10:45] benchmark iterations start
[2026-05-23 15:10:45] iteration 25/100 elapsed_s=0.3
[2026-05-23 15:10:46] iteration 50/100 elapsed_s=0.6
[2026-05-23 15:10:46] iteration 75/100 elapsed_s=0.9
[2026-05-23 15:10:46] iteration 100/100 elapsed_s=1.3
[2026-05-23 15:10:46] benchmark iterations done
[2026-05-23 15:10:46] mode complete mode=optimized mean_ms=12.520 std_ms=0.509 p95_ms=13.336
[2026-05-23 15:17:25] start mode=baseline model=GIN_fp32.onnx device=CPU warmup=5 iters=100
[2026-05-23 15:17:25] creating session
[2026-05-23 15:17:26] session ready providers=OpenVINOExecutionProvider | CPUExecutionProvider
[2026-05-23 15:17:26] preparing inputs
[2026-05-23 15:17:26] inputs ready
[2026-05-23 15:17:26] warmup start
[2026-05-23 15:17:26] warmup done
[2026-05-23 15:17:26] benchmark iterations start
[2026-05-23 15:17:27] iteration 25/100 elapsed_s=0.7
[2026-05-23 15:17:28] iteration 50/100 elapsed_s=1.4
[2026-05-23 15:17:28] iteration 75/100 elapsed_s=2.1
[2026-05-23 15:17:29] iteration 100/100 elapsed_s=2.8
[2026-05-23 15:17:29] benchmark iterations done
[2026-05-23 15:17:29] mode complete mode=baseline mean_ms=27.803 std_ms=1.343 p95_ms=30.044
[2026-05-23 15:17:29] start mode=optimized model=GIN_fp32.onnx device=CPU warmup=5 iters=100
[2026-05-23 15:17:29] creating session
[2026-05-23 15:17:30] session ready providers=OpenVINOExecutionProvider | CPUExecutionProvider
[2026-05-23 15:17:30] preparing inputs
[2026-05-23 15:17:30] inputs ready
[2026-05-23 15:17:30] warmup start
[2026-05-23 15:17:30] warmup done
[2026-05-23 15:17:30] benchmark iterations start
[2026-05-23 15:17:31] iteration 25/100 elapsed_s=0.7
[2026-05-23 15:17:32] iteration 50/100 elapsed_s=1.4
[2026-05-23 15:17:32] iteration 75/100 elapsed_s=2.1
[2026-05-23 15:17:33] iteration 100/100 elapsed_s=2.8
[2026-05-23 15:17:33] benchmark iterations done
[2026-05-23 15:17:33] mode complete mode=optimized mean_ms=28.189 std_ms=3.594 p95_ms=30.337
