[2026-05-23 16:15:55] start mode=baseline model=SGC_int8.onnx device=NPU warmup=5 iters=100
[2026-05-23 16:15:55] creating session
[2026-05-23 16:15:55] session ready providers=OpenVINOExecutionProvider | CPUExecutionProvider
[2026-05-23 16:15:55] preparing inputs
[2026-05-23 16:15:55] inputs ready
[2026-05-23 16:15:55] warmup start
[2026-05-23 16:15:56] warmup done
[2026-05-23 16:15:56] benchmark iterations start
[2026-05-23 16:15:57] iteration 25/100 elapsed_s=1.3
[2026-05-23 16:15:58] iteration 50/100 elapsed_s=2.6
[2026-05-23 16:15:59] iteration 75/100 elapsed_s=4.0
[2026-05-23 16:16:01] iteration 100/100 elapsed_s=5.3
[2026-05-23 16:16:01] benchmark iterations done
[2026-05-23 16:16:01] mode complete mode=baseline mean_ms=52.792 std_ms=4.201 p95_ms=58.540
[2026-05-23 16:16:01] start mode=optimized model=SGC_int8.onnx device=NPU warmup=5 iters=100
[2026-05-23 16:16:01] creating session
[2026-05-23 16:16:01] session ready providers=OpenVINOExecutionProvider | CPUExecutionProvider
[2026-05-23 16:16:01] preparing inputs
[2026-05-23 16:16:02] inputs ready
[2026-05-23 16:16:02] warmup start
[2026-05-23 16:16:02] warmup done
[2026-05-23 16:16:02] benchmark iterations start
[2026-05-23 16:16:03] iteration 25/100 elapsed_s=1.3
[2026-05-23 16:16:05] iteration 50/100 elapsed_s=2.6
[2026-05-23 16:16:06] iteration 75/100 elapsed_s=3.9
[2026-05-23 16:16:07] iteration 100/100 elapsed_s=5.2
[2026-05-23 16:16:07] benchmark iterations done
[2026-05-23 16:16:07] mode complete mode=optimized mean_ms=52.075 std_ms=4.116 p95_ms=58.085
[2026-05-23 16:45:06] start mode=baseline model=SGC_int8.onnx device=GPU warmup=5 iters=100
[2026-05-23 16:45:06] creating session
[2026-05-23 16:45:14] session ready providers=OpenVINOExecutionProvider | CPUExecutionProvider
[2026-05-23 16:45:14] preparing inputs
[2026-05-23 16:45:14] inputs ready
[2026-05-23 16:45:14] warmup start
[2026-05-23 16:45:15] warmup done
[2026-05-23 16:45:15] benchmark iterations start
[2026-05-23 16:45:16] iteration 25/100 elapsed_s=1.1
[2026-05-23 16:45:17] iteration 50/100 elapsed_s=2.3
[2026-05-23 16:45:18] iteration 75/100 elapsed_s=3.4
[2026-05-23 16:45:19] iteration 100/100 elapsed_s=4.5
[2026-05-23 16:45:19] benchmark iterations done
[2026-05-23 16:45:19] mode complete mode=baseline mean_ms=44.983 std_ms=0.844 p95_ms=46.276
[2026-05-23 16:45:20] start mode=optimized model=SGC_int8.onnx device=GPU warmup=5 iters=100
[2026-05-23 16:45:20] creating session
[2026-05-23 16:45:24] session ready providers=OpenVINOExecutionProvider | CPUExecutionProvider
[2026-05-23 16:45:24] preparing inputs
[2026-05-23 16:45:24] inputs ready
[2026-05-23 16:45:24] warmup start
[2026-05-23 16:45:24] warmup done
[2026-05-23 16:45:24] benchmark iterations start
[2026-05-23 16:45:25] iteration 25/100 elapsed_s=1.1
[2026-05-23 16:45:26] iteration 50/100 elapsed_s=2.3
[2026-05-23 16:45:27] iteration 75/100 elapsed_s=3.4
[2026-05-23 16:45:28] iteration 100/100 elapsed_s=4.5
[2026-05-23 16:45:28] benchmark iterations done
[2026-05-23 16:45:28] mode complete mode=optimized mean_ms=44.871 std_ms=1.056 p95_ms=46.500
[2026-05-23 17:21:19] start mode=baseline model=SGC_int8.onnx device=CPU warmup=5 iters=100
[2026-05-23 17:21:19] creating session
[2026-05-23 17:21:19] session ready providers=OpenVINOExecutionProvider | CPUExecutionProvider
[2026-05-23 17:21:19] preparing inputs
[2026-05-23 17:21:20] inputs ready
[2026-05-23 17:21:20] warmup start
[2026-05-23 17:21:20] warmup done
[2026-05-23 17:21:20] benchmark iterations start
[2026-05-23 17:21:21] iteration 25/100 elapsed_s=1.3
[2026-05-23 17:21:23] iteration 50/100 elapsed_s=2.5
[2026-05-23 17:21:24] iteration 75/100 elapsed_s=3.8
[2026-05-23 17:21:25] iteration 100/100 elapsed_s=5.1
[2026-05-23 17:21:25] benchmark iterations done
[2026-05-23 17:21:25] mode complete mode=baseline mean_ms=51.000 std_ms=3.552 p95_ms=56.484
[2026-05-23 17:21:26] start mode=optimized model=SGC_int8.onnx device=CPU warmup=5 iters=100
[2026-05-23 17:21:26] creating session
[2026-05-23 17:21:26] session ready providers=OpenVINOExecutionProvider | CPUExecutionProvider
[2026-05-23 17:21:26] preparing inputs
[2026-05-23 17:21:26] inputs ready
[2026-05-23 17:21:26] warmup start
[2026-05-23 17:21:27] warmup done
[2026-05-23 17:21:27] benchmark iterations start
[2026-05-23 17:21:28] iteration 25/100 elapsed_s=1.2
[2026-05-23 17:21:29] iteration 50/100 elapsed_s=2.5
[2026-05-23 17:21:30] iteration 75/100 elapsed_s=3.8
[2026-05-23 17:21:32] iteration 100/100 elapsed_s=5.0
[2026-05-23 17:21:32] benchmark iterations done
[2026-05-23 17:21:32] mode complete mode=optimized mean_ms=50.355 std_ms=3.188 p95_ms=55.569
