[2026-05-23 14:54:43] start mode=baseline model=GCN_int8.onnx device=NPU warmup=5 iters=100
[2026-05-23 14:54:43] creating session
[2026-05-23 14:54:43] session ready providers=OpenVINOExecutionProvider | CPUExecutionProvider
[2026-05-23 14:54:43] preparing inputs
[2026-05-23 14:54:43] inputs ready
[2026-05-23 14:54:43] warmup start
[2026-05-23 14:54:44] warmup done
[2026-05-23 14:54:44] benchmark iterations start
[2026-05-23 14:54:44] iteration 25/100 elapsed_s=0.6
[2026-05-23 14:54:45] iteration 50/100 elapsed_s=1.2
[2026-05-23 14:54:46] iteration 75/100 elapsed_s=1.9
[2026-05-23 14:54:46] iteration 100/100 elapsed_s=2.4
[2026-05-23 14:54:46] benchmark iterations done
[2026-05-23 14:54:46] mode complete mode=baseline mean_ms=24.360 std_ms=1.655 p95_ms=27.114
[2026-05-23 14:54:46] start mode=optimized model=GCN_int8.onnx device=NPU warmup=5 iters=100
[2026-05-23 14:54:46] creating session
[2026-05-23 14:54:47] session ready providers=OpenVINOExecutionProvider | CPUExecutionProvider
[2026-05-23 14:54:47] preparing inputs
[2026-05-23 14:54:47] inputs ready
[2026-05-23 14:54:47] warmup start
[2026-05-23 14:54:47] warmup done
[2026-05-23 14:54:47] benchmark iterations start
[2026-05-23 14:54:48] iteration 25/100 elapsed_s=0.6
[2026-05-23 14:54:48] iteration 50/100 elapsed_s=1.1
[2026-05-23 14:54:49] iteration 75/100 elapsed_s=1.7
[2026-05-23 14:54:50] iteration 100/100 elapsed_s=2.3
[2026-05-23 14:54:50] benchmark iterations done
[2026-05-23 14:54:50] mode complete mode=optimized mean_ms=22.887 std_ms=1.097 p95_ms=24.841
[2026-05-23 14:58:19] start mode=baseline model=GCN_int8.onnx device=CPU warmup=5 iters=100
[2026-05-23 14:58:19] creating session
[2026-05-23 14:58:19] session ready providers=OpenVINOExecutionProvider | CPUExecutionProvider
[2026-05-23 14:58:19] preparing inputs
[2026-05-23 14:58:19] inputs ready
[2026-05-23 14:58:19] warmup start
[2026-05-23 14:58:19] warmup done
[2026-05-23 14:58:19] benchmark iterations start
[2026-05-23 14:58:20] iteration 25/100 elapsed_s=0.6
[2026-05-23 14:58:21] iteration 50/100 elapsed_s=1.2
[2026-05-23 14:58:21] iteration 75/100 elapsed_s=1.7
[2026-05-23 14:58:22] iteration 100/100 elapsed_s=2.3
[2026-05-23 14:58:22] benchmark iterations done
[2026-05-23 14:58:22] mode complete mode=baseline mean_ms=22.825 std_ms=1.203 p95_ms=25.213
[2026-05-23 14:58:22] start mode=optimized model=GCN_int8.onnx device=CPU warmup=5 iters=100
[2026-05-23 14:58:22] creating session
[2026-05-23 14:58:22] session ready providers=OpenVINOExecutionProvider | CPUExecutionProvider
[2026-05-23 14:58:22] preparing inputs
[2026-05-23 14:58:23] inputs ready
[2026-05-23 14:58:23] warmup start
[2026-05-23 14:58:23] warmup done
[2026-05-23 14:58:23] benchmark iterations start
[2026-05-23 14:58:23] iteration 25/100 elapsed_s=0.6
[2026-05-23 14:58:24] iteration 50/100 elapsed_s=1.2
[2026-05-23 14:58:25] iteration 75/100 elapsed_s=1.7
[2026-05-23 14:58:25] iteration 100/100 elapsed_s=2.3
[2026-05-23 14:58:25] benchmark iterations done
[2026-05-23 14:58:25] mode complete mode=optimized mean_ms=23.105 std_ms=1.302 p95_ms=25.180
