[2026-05-23 10:20:55] start mode=baseline model=APPNP_int8.onnx device=NPU warmup=5 iters=100
[2026-05-23 10:20:55] creating session
[2026-05-23 10:20:56] session ready providers=OpenVINOExecutionProvider | CPUExecutionProvider
[2026-05-23 10:20:56] preparing inputs
[2026-05-23 10:20:56] inputs ready
[2026-05-23 10:20:56] warmup start
[2026-05-23 10:20:56] warmup done
[2026-05-23 10:20:56] benchmark iterations start
[2026-05-23 10:20:57] iteration 25/100 elapsed_s=0.4
[2026-05-23 10:20:57] iteration 50/100 elapsed_s=0.7
[2026-05-23 10:20:57] iteration 75/100 elapsed_s=1.0
[2026-05-23 10:20:58] iteration 100/100 elapsed_s=1.4
[2026-05-23 10:20:58] benchmark iterations done
[2026-05-23 10:20:58] mode complete mode=baseline mean_ms=13.476 std_ms=1.002 p95_ms=15.215
[2026-05-23 10:20:58] start mode=optimized model=APPNP_int8.onnx device=NPU warmup=5 iters=100
[2026-05-23 10:20:58] creating session
[2026-05-23 10:20:59] session ready providers=OpenVINOExecutionProvider | CPUExecutionProvider
[2026-05-23 10:20:59] preparing inputs
[2026-05-23 10:20:59] inputs ready
[2026-05-23 10:20:59] warmup start
[2026-05-23 10:20:59] warmup done
[2026-05-23 10:20:59] benchmark iterations start
[2026-05-23 10:20:59] iteration 25/100 elapsed_s=0.4
[2026-05-23 10:20:59] iteration 50/100 elapsed_s=0.7
[2026-05-23 10:21:00] iteration 75/100 elapsed_s=1.0
[2026-05-23 10:21:00] iteration 100/100 elapsed_s=1.4
[2026-05-23 10:21:00] benchmark iterations done
[2026-05-23 10:21:00] mode complete mode=optimized mean_ms=13.579 std_ms=1.224 p95_ms=15.244
[2026-05-23 10:21:43] start mode=baseline model=APPNP_int8.onnx device=NPU warmup=5 iters=100
[2026-05-23 10:21:43] creating session
[2026-05-23 10:21:43] session ready providers=OpenVINOExecutionProvider | CPUExecutionProvider
[2026-05-23 10:21:43] preparing inputs
[2026-05-23 10:21:45] inputs ready
[2026-05-23 10:21:45] warmup start
[2026-05-23 10:21:46] warmup done
[2026-05-23 10:21:46] benchmark iterations start
[2026-05-23 10:21:46] iteration 25/100 elapsed_s=0.4
[2026-05-23 10:21:46] iteration 50/100 elapsed_s=0.7
[2026-05-23 10:21:47] iteration 75/100 elapsed_s=1.1
[2026-05-23 10:21:47] iteration 100/100 elapsed_s=1.4
[2026-05-23 10:21:47] benchmark iterations done
[2026-05-23 10:21:47] mode complete mode=baseline mean_ms=14.349 std_ms=0.787 p95_ms=15.537
[2026-05-23 10:21:47] start mode=optimized model=APPNP_int8.onnx device=NPU warmup=5 iters=100
[2026-05-23 10:21:47] creating session
[2026-05-23 10:21:48] session ready providers=OpenVINOExecutionProvider | CPUExecutionProvider
[2026-05-23 10:21:48] preparing inputs
[2026-05-23 10:21:50] inputs ready
[2026-05-23 10:21:50] warmup start
[2026-05-23 10:21:50] warmup done
[2026-05-23 10:21:50] benchmark iterations start
[2026-05-23 10:21:50] iteration 25/100 elapsed_s=0.4
[2026-05-23 10:21:51] iteration 50/100 elapsed_s=0.8
[2026-05-23 10:21:51] iteration 75/100 elapsed_s=1.1
[2026-05-23 10:21:52] iteration 100/100 elapsed_s=1.5
[2026-05-23 10:21:52] benchmark iterations done
[2026-05-23 10:21:52] mode complete mode=optimized mean_ms=14.765 std_ms=1.211 p95_ms=17.243
[2026-05-23 10:22:44] start mode=baseline model=APPNP_int8.onnx device=NPU warmup=5 iters=100
[2026-05-23 10:22:44] creating session
[2026-05-23 10:22:44] session ready providers=OpenVINOExecutionProvider | CPUExecutionProvider
[2026-05-23 10:22:44] preparing inputs
[2026-05-23 10:22:47] inputs ready
[2026-05-23 10:22:47] warmup start
[2026-05-23 10:22:47] warmup done
[2026-05-23 10:22:47] benchmark iterations start
[2026-05-23 10:22:47] iteration 25/100 elapsed_s=0.3
[2026-05-23 10:22:48] iteration 50/100 elapsed_s=0.7
[2026-05-23 10:22:48] iteration 75/100 elapsed_s=1.0
[2026-05-23 10:22:48] iteration 100/100 elapsed_s=1.4
[2026-05-23 10:22:48] benchmark iterations done
[2026-05-23 10:22:48] mode complete mode=baseline mean_ms=13.517 std_ms=0.762 p95_ms=14.540
[2026-05-23 10:22:49] start mode=optimized model=APPNP_int8.onnx device=NPU warmup=5 iters=100
[2026-05-23 10:22:49] creating session
[2026-05-23 10:22:49] session ready providers=OpenVINOExecutionProvider | CPUExecutionProvider
[2026-05-23 10:22:49] preparing inputs
[2026-05-23 10:22:52] inputs ready
[2026-05-23 10:22:52] warmup start
[2026-05-23 10:22:52] warmup done
[2026-05-23 10:22:52] benchmark iterations start
[2026-05-23 10:22:52] iteration 25/100 elapsed_s=0.3
[2026-05-23 10:22:52] iteration 50/100 elapsed_s=0.7
[2026-05-23 10:22:53] iteration 75/100 elapsed_s=1.1
[2026-05-23 10:22:53] iteration 100/100 elapsed_s=1.4
[2026-05-23 10:22:53] benchmark iterations done
[2026-05-23 10:22:53] mode complete mode=optimized mean_ms=13.869 std_ms=3.285 p95_ms=15.480
[2026-05-23 10:23:33] start mode=baseline model=APPNP_int8.onnx device=GPU warmup=5 iters=100
[2026-05-23 10:23:33] creating session
[2026-05-23 10:23:46] session ready providers=OpenVINOExecutionProvider | CPUExecutionProvider
[2026-05-23 10:23:46] preparing inputs
[2026-05-23 10:23:46] inputs ready
[2026-05-23 10:23:46] warmup start
[2026-05-23 10:23:47] warmup done
[2026-05-23 10:23:47] benchmark iterations start
[2026-05-23 10:23:47] iteration 25/100 elapsed_s=0.2
[2026-05-23 10:23:47] iteration 50/100 elapsed_s=0.4
[2026-05-23 10:23:47] iteration 75/100 elapsed_s=0.5
[2026-05-23 10:23:47] iteration 100/100 elapsed_s=0.7
[2026-05-23 10:23:47] benchmark iterations done
[2026-05-23 10:23:47] mode complete mode=baseline mean_ms=6.882 std_ms=0.760 p95_ms=8.265
[2026-05-23 10:23:48] start mode=optimized model=APPNP_int8.onnx device=GPU warmup=5 iters=100
[2026-05-23 10:23:48] creating session
[2026-05-23 10:23:51] session ready providers=OpenVINOExecutionProvider | CPUExecutionProvider
[2026-05-23 10:23:51] preparing inputs
[2026-05-23 10:23:51] inputs ready
[2026-05-23 10:23:51] warmup start
[2026-05-23 10:23:51] warmup done
[2026-05-23 10:23:51] benchmark iterations start
[2026-05-23 10:23:51] iteration 25/100 elapsed_s=0.2
[2026-05-23 10:23:51] iteration 50/100 elapsed_s=0.3
[2026-05-23 10:23:51] iteration 75/100 elapsed_s=0.5
[2026-05-23 10:23:51] iteration 100/100 elapsed_s=0.7
[2026-05-23 10:23:51] benchmark iterations done
[2026-05-23 10:23:51] mode complete mode=optimized mean_ms=6.815 std_ms=0.663 p95_ms=7.946
[2026-05-23 10:24:33] start mode=baseline model=APPNP_int8.onnx device=GPU warmup=5 iters=100
[2026-05-23 10:24:33] creating session
[2026-05-23 10:24:35] session ready providers=OpenVINOExecutionProvider | CPUExecutionProvider
[2026-05-23 10:24:35] preparing inputs
[2026-05-23 10:24:37] inputs ready
[2026-05-23 10:24:37] warmup start
[2026-05-23 10:24:37] warmup done
[2026-05-23 10:24:37] benchmark iterations start
[2026-05-23 10:24:37] iteration 25/100 elapsed_s=0.2
[2026-05-23 10:24:37] iteration 50/100 elapsed_s=0.4
[2026-05-23 10:24:38] iteration 75/100 elapsed_s=0.5
[2026-05-23 10:24:38] iteration 100/100 elapsed_s=0.7
[2026-05-23 10:24:38] benchmark iterations done
[2026-05-23 10:24:38] mode complete mode=baseline mean_ms=7.157 std_ms=0.645 p95_ms=8.345
[2026-05-23 10:24:38] start mode=optimized model=APPNP_int8.onnx device=GPU warmup=5 iters=100
[2026-05-23 10:24:38] creating session
[2026-05-23 10:24:40] session ready providers=OpenVINOExecutionProvider | CPUExecutionProvider
[2026-05-23 10:24:40] preparing inputs
[2026-05-23 10:24:41] inputs ready
[2026-05-23 10:24:41] warmup start
[2026-05-23 10:24:41] warmup done
[2026-05-23 10:24:41] benchmark iterations start
[2026-05-23 10:24:42] iteration 25/100 elapsed_s=0.2
[2026-05-23 10:24:42] iteration 50/100 elapsed_s=0.4
[2026-05-23 10:24:42] iteration 75/100 elapsed_s=0.6
[2026-05-23 10:24:42] iteration 100/100 elapsed_s=0.8
[2026-05-23 10:24:42] benchmark iterations done
[2026-05-23 10:24:42] mode complete mode=optimized mean_ms=7.525 std_ms=0.647 p95_ms=8.755
[2026-05-23 10:25:34] start mode=baseline model=APPNP_int8.onnx device=GPU warmup=5 iters=100
[2026-05-23 10:25:34] creating session
[2026-05-23 10:25:35] session ready providers=OpenVINOExecutionProvider | CPUExecutionProvider
[2026-05-23 10:25:35] preparing inputs
[2026-05-23 10:25:38] inputs ready
[2026-05-23 10:25:38] warmup start
[2026-05-23 10:25:38] warmup done
[2026-05-23 10:25:38] benchmark iterations start
[2026-05-23 10:25:38] iteration 25/100 elapsed_s=0.2
[2026-05-23 10:25:38] iteration 50/100 elapsed_s=0.3
[2026-05-23 10:25:38] iteration 75/100 elapsed_s=0.5
[2026-05-23 10:25:39] iteration 100/100 elapsed_s=0.7
[2026-05-23 10:25:39] benchmark iterations done
[2026-05-23 10:25:39] mode complete mode=baseline mean_ms=6.820 std_ms=0.636 p95_ms=7.976
[2026-05-23 10:25:39] start mode=optimized model=APPNP_int8.onnx device=GPU warmup=5 iters=100
[2026-05-23 10:25:39] creating session
[2026-05-23 10:25:41] session ready providers=OpenVINOExecutionProvider | CPUExecutionProvider
[2026-05-23 10:25:41] preparing inputs
[2026-05-23 10:25:43] inputs ready
[2026-05-23 10:25:43] warmup start
[2026-05-23 10:25:43] warmup done
[2026-05-23 10:25:43] benchmark iterations start
[2026-05-23 10:25:43] iteration 25/100 elapsed_s=0.2
[2026-05-23 10:25:43] iteration 50/100 elapsed_s=0.4
[2026-05-23 10:25:44] iteration 75/100 elapsed_s=0.5
[2026-05-23 10:25:44] iteration 100/100 elapsed_s=0.7
[2026-05-23 10:25:44] benchmark iterations done
[2026-05-23 10:25:44] mode complete mode=optimized mean_ms=7.156 std_ms=0.785 p95_ms=8.422
[2026-05-23 10:26:21] start mode=baseline model=APPNP_int8.onnx device=CPU warmup=5 iters=100
[2026-05-23 10:26:21] creating session
[2026-05-23 10:26:22] session ready providers=OpenVINOExecutionProvider | CPUExecutionProvider
[2026-05-23 10:26:22] preparing inputs
[2026-05-23 10:26:22] inputs ready
[2026-05-23 10:26:22] warmup start
[2026-05-23 10:26:22] warmup done
[2026-05-23 10:26:22] benchmark iterations start
[2026-05-23 10:26:22] iteration 25/100 elapsed_s=0.4
[2026-05-23 10:26:23] iteration 50/100 elapsed_s=0.7
[2026-05-23 10:26:23] iteration 75/100 elapsed_s=1.0
[2026-05-23 10:26:23] iteration 100/100 elapsed_s=1.4
[2026-05-23 10:26:23] benchmark iterations done
[2026-05-23 10:26:23] mode complete mode=baseline mean_ms=13.697 std_ms=1.244 p95_ms=16.008
[2026-05-23 10:26:24] start mode=optimized model=APPNP_int8.onnx device=CPU warmup=5 iters=100
[2026-05-23 10:26:24] creating session
[2026-05-23 10:26:24] session ready providers=OpenVINOExecutionProvider | CPUExecutionProvider
[2026-05-23 10:26:24] preparing inputs
[2026-05-23 10:26:24] inputs ready
[2026-05-23 10:26:24] warmup start
[2026-05-23 10:26:24] warmup done
[2026-05-23 10:26:24] benchmark iterations start
[2026-05-23 10:26:25] iteration 25/100 elapsed_s=0.4
[2026-05-23 10:26:25] iteration 50/100 elapsed_s=0.7
[2026-05-23 10:26:26] iteration 75/100 elapsed_s=1.1
[2026-05-23 10:26:26] iteration 100/100 elapsed_s=1.5
[2026-05-23 10:26:26] benchmark iterations done
[2026-05-23 10:26:26] mode complete mode=optimized mean_ms=14.632 std_ms=1.980 p95_ms=18.498
[2026-05-23 10:27:02] start mode=baseline model=APPNP_int8.onnx device=CPU warmup=5 iters=100
[2026-05-23 10:27:02] creating session
[2026-05-23 10:27:03] session ready providers=OpenVINOExecutionProvider | CPUExecutionProvider
[2026-05-23 10:27:03] preparing inputs
[2026-05-23 10:27:05] inputs ready
[2026-05-23 10:27:05] warmup start
[2026-05-23 10:27:05] warmup done
[2026-05-23 10:27:05] benchmark iterations start
[2026-05-23 10:27:05] iteration 25/100 elapsed_s=0.4
[2026-05-23 10:27:05] iteration 50/100 elapsed_s=0.8
[2026-05-23 10:27:06] iteration 75/100 elapsed_s=1.1
[2026-05-23 10:27:06] iteration 100/100 elapsed_s=1.5
[2026-05-23 10:27:06] benchmark iterations done
[2026-05-23 10:27:06] mode complete mode=baseline mean_ms=14.838 std_ms=1.473 p95_ms=18.439
[2026-05-23 10:27:06] start mode=optimized model=APPNP_int8.onnx device=CPU warmup=5 iters=100
[2026-05-23 10:27:06] creating session
[2026-05-23 10:27:07] session ready providers=OpenVINOExecutionProvider | CPUExecutionProvider
[2026-05-23 10:27:07] preparing inputs
[2026-05-23 10:27:09] inputs ready
[2026-05-23 10:27:09] warmup start
[2026-05-23 10:27:09] warmup done
[2026-05-23 10:27:09] benchmark iterations start
[2026-05-23 10:27:09] iteration 25/100 elapsed_s=0.4
[2026-05-23 10:27:10] iteration 50/100 elapsed_s=0.7
[2026-05-23 10:27:10] iteration 75/100 elapsed_s=1.1
[2026-05-23 10:27:10] iteration 100/100 elapsed_s=1.5
[2026-05-23 10:27:10] benchmark iterations done
[2026-05-23 10:27:10] mode complete mode=optimized mean_ms=14.470 std_ms=0.679 p95_ms=15.652
[2026-05-23 10:27:56] start mode=baseline model=APPNP_int8.onnx device=CPU warmup=5 iters=100
[2026-05-23 10:27:56] creating session
[2026-05-23 10:27:56] session ready providers=OpenVINOExecutionProvider | CPUExecutionProvider
[2026-05-23 10:27:56] preparing inputs
[2026-05-23 10:27:59] inputs ready
[2026-05-23 10:27:59] warmup start
[2026-05-23 10:27:59] warmup done
[2026-05-23 10:27:59] benchmark iterations start
[2026-05-23 10:27:59] iteration 25/100 elapsed_s=0.4
[2026-05-23 10:28:00] iteration 50/100 elapsed_s=0.7
[2026-05-23 10:28:00] iteration 75/100 elapsed_s=1.1
[2026-05-23 10:28:00] iteration 100/100 elapsed_s=1.4
[2026-05-23 10:28:00] benchmark iterations done
[2026-05-23 10:28:00] mode complete mode=baseline mean_ms=14.252 std_ms=3.525 p95_ms=16.594
[2026-05-23 10:28:01] start mode=optimized model=APPNP_int8.onnx device=CPU warmup=5 iters=100
[2026-05-23 10:28:01] creating session
[2026-05-23 10:28:01] session ready providers=OpenVINOExecutionProvider | CPUExecutionProvider
[2026-05-23 10:28:01] preparing inputs
[2026-05-23 10:28:04] inputs ready
[2026-05-23 10:28:04] warmup start
[2026-05-23 10:28:04] warmup done
[2026-05-23 10:28:04] benchmark iterations start
[2026-05-23 10:28:04] iteration 25/100 elapsed_s=0.4
[2026-05-23 10:28:05] iteration 50/100 elapsed_s=0.7
[2026-05-23 10:28:05] iteration 75/100 elapsed_s=1.1
[2026-05-23 10:28:05] iteration 100/100 elapsed_s=1.4
[2026-05-23 10:28:05] benchmark iterations done
[2026-05-23 10:28:05] mode complete mode=optimized mean_ms=13.952 std_ms=1.820 p95_ms=17.981
