[2026-05-23 15:04:28] start mode=baseline model=GIN_fp32.onnx device=NPU warmup=5 iters=100
[2026-05-23 15:04:28] creating session
[2026-05-23 15:04:29] session ready providers=OpenVINOExecutionProvider | CPUExecutionProvider
[2026-05-23 15:04:29] preparing inputs
[2026-05-23 15:04:29] inputs ready
[2026-05-23 15:04:29] warmup start
[2026-05-23 15:04:30] warmup done
[2026-05-23 15:04:30] benchmark iterations start
[2026-05-23 15:04:36] iteration 25/100 elapsed_s=5.7
[2026-05-23 15:04:41] iteration 50/100 elapsed_s=11.2
[2026-05-23 15:04:47] iteration 75/100 elapsed_s=16.7
[2026-05-23 15:04:53] iteration 100/100 elapsed_s=22.3
[2026-05-23 15:04:53] benchmark iterations done
[2026-05-23 15:04:53] mode complete mode=baseline mean_ms=223.151 std_ms=15.722 p95_ms=250.898
[2026-05-23 15:04:53] start mode=optimized model=GIN_fp32.onnx device=NPU warmup=5 iters=100
[2026-05-23 15:04:53] creating session
[2026-05-23 15:04:53] session ready providers=OpenVINOExecutionProvider | CPUExecutionProvider
[2026-05-23 15:04:53] preparing inputs
[2026-05-23 15:04:54] inputs ready
[2026-05-23 15:04:54] warmup start
[2026-05-23 15:04:55] warmup done
[2026-05-23 15:04:55] benchmark iterations start
[2026-05-23 15:05:00] iteration 25/100 elapsed_s=5.6
[2026-05-23 15:05:06] iteration 50/100 elapsed_s=11.2
[2026-05-23 15:05:11] iteration 75/100 elapsed_s=16.7
[2026-05-23 15:05:17] iteration 100/100 elapsed_s=22.1
[2026-05-23 15:05:17] benchmark iterations done
[2026-05-23 15:05:17] mode complete mode=optimized mean_ms=220.848 std_ms=14.461 p95_ms=249.189
[2026-05-23 15:13:44] start mode=baseline model=GIN_fp32.onnx device=GPU warmup=5 iters=100
[2026-05-23 15:13:44] creating session
[2026-05-23 15:13:45] session ready providers=OpenVINOExecutionProvider | CPUExecutionProvider
[2026-05-23 15:13:45] preparing inputs
[2026-05-23 15:13:46] inputs ready
[2026-05-23 15:13:46] warmup start
[2026-05-23 15:13:46] warmup done
[2026-05-23 15:13:46] benchmark iterations start
[2026-05-23 15:13:49] iteration 25/100 elapsed_s=2.5
[2026-05-23 15:13:51] iteration 50/100 elapsed_s=5.0
[2026-05-23 15:13:54] iteration 75/100 elapsed_s=7.5
[2026-05-23 15:13:56] iteration 100/100 elapsed_s=9.9
[2026-05-23 15:13:56] benchmark iterations done
[2026-05-23 15:13:56] mode complete mode=baseline mean_ms=99.436 std_ms=1.804 p95_ms=101.402
[2026-05-23 15:13:57] start mode=optimized model=GIN_fp32.onnx device=GPU warmup=5 iters=100
[2026-05-23 15:13:57] creating session
[2026-05-23 15:13:58] session ready providers=OpenVINOExecutionProvider | CPUExecutionProvider
[2026-05-23 15:13:58] preparing inputs
[2026-05-23 15:13:58] inputs ready
[2026-05-23 15:13:58] warmup start
[2026-05-23 15:13:59] warmup done
[2026-05-23 15:13:59] benchmark iterations start
[2026-05-23 15:14:01] iteration 25/100 elapsed_s=2.5
[2026-05-23 15:14:04] iteration 50/100 elapsed_s=5.0
[2026-05-23 15:14:06] iteration 75/100 elapsed_s=7.5
[2026-05-23 15:14:09] iteration 100/100 elapsed_s=9.9
[2026-05-23 15:14:09] benchmark iterations done
[2026-05-23 15:14:09] mode complete mode=optimized mean_ms=99.386 std_ms=1.543 p95_ms=101.659
[2026-05-23 15:22:08] start mode=baseline model=GIN_fp32.onnx device=CPU warmup=5 iters=100
[2026-05-23 15:22:08] creating session
[2026-05-23 15:22:08] session ready providers=OpenVINOExecutionProvider | CPUExecutionProvider
[2026-05-23 15:22:08] preparing inputs
[2026-05-23 15:22:08] inputs ready
[2026-05-23 15:22:08] warmup start
[2026-05-23 15:22:09] warmup done
[2026-05-23 15:22:09] benchmark iterations start
[2026-05-23 15:22:15] iteration 25/100 elapsed_s=5.7
[2026-05-23 15:22:21] iteration 50/100 elapsed_s=11.2
[2026-05-23 15:22:26] iteration 75/100 elapsed_s=16.7
[2026-05-23 15:22:32] iteration 100/100 elapsed_s=22.5
[2026-05-23 15:22:32] benchmark iterations done
[2026-05-23 15:22:32] mode complete mode=baseline mean_ms=224.585 std_ms=16.839 p95_ms=250.844
[2026-05-23 15:22:32] start mode=optimized model=GIN_fp32.onnx device=CPU warmup=5 iters=100
[2026-05-23 15:22:32] creating session
[2026-05-23 15:22:32] session ready providers=OpenVINOExecutionProvider | CPUExecutionProvider
[2026-05-23 15:22:32] preparing inputs
[2026-05-23 15:22:33] inputs ready
[2026-05-23 15:22:33] warmup start
[2026-05-23 15:22:34] warmup done
[2026-05-23 15:22:34] benchmark iterations start
[2026-05-23 15:22:40] iteration 25/100 elapsed_s=5.7
[2026-05-23 15:22:46] iteration 50/100 elapsed_s=11.5
[2026-05-23 15:22:51] iteration 75/100 elapsed_s=17.1
[2026-05-23 15:22:57] iteration 100/100 elapsed_s=22.6
[2026-05-23 15:22:57] benchmark iterations done
[2026-05-23 15:22:57] mode complete mode=optimized mean_ms=225.482 std_ms=15.786 p95_ms=248.974
