[2026-05-23 15:01:22] start mode=baseline model=GIN_int8.onnx device=NPU warmup=5 iters=100
[2026-05-23 15:01:22] creating session
[2026-05-23 15:01:22] session ready providers=OpenVINOExecutionProvider | CPUExecutionProvider
[2026-05-23 15:01:22] preparing inputs
[2026-05-23 15:01:23] inputs ready
[2026-05-23 15:01:23] warmup start
[2026-05-23 15:01:23] warmup done
[2026-05-23 15:01:23] benchmark iterations start
[2026-05-23 15:01:25] iteration 25/100 elapsed_s=1.3
[2026-05-23 15:01:26] iteration 50/100 elapsed_s=2.7
[2026-05-23 15:01:27] iteration 75/100 elapsed_s=4.2
[2026-05-23 15:01:29] iteration 100/100 elapsed_s=5.6
[2026-05-23 15:01:29] benchmark iterations done
[2026-05-23 15:01:29] mode complete mode=baseline mean_ms=56.352 std_ms=4.441 p95_ms=64.196
[2026-05-23 15:01:29] start mode=optimized model=GIN_int8.onnx device=NPU warmup=5 iters=100
[2026-05-23 15:01:29] creating session
[2026-05-23 15:01:30] session ready providers=OpenVINOExecutionProvider | CPUExecutionProvider
[2026-05-23 15:01:30] preparing inputs
[2026-05-23 15:01:30] inputs ready
[2026-05-23 15:01:30] warmup start
[2026-05-23 15:01:30] warmup done
[2026-05-23 15:01:30] benchmark iterations start
[2026-05-23 15:01:32] iteration 25/100 elapsed_s=1.4
[2026-05-23 15:01:33] iteration 50/100 elapsed_s=2.7
[2026-05-23 15:01:34] iteration 75/100 elapsed_s=4.2
[2026-05-23 15:01:36] iteration 100/100 elapsed_s=5.6
[2026-05-23 15:01:36] benchmark iterations done
[2026-05-23 15:01:36] mode complete mode=optimized mean_ms=56.404 std_ms=4.287 p95_ms=64.650
[2026-05-23 15:11:53] start mode=baseline model=GIN_int8.onnx device=GPU warmup=5 iters=100
[2026-05-23 15:11:53] creating session
[2026-05-23 15:11:55] session ready providers=OpenVINOExecutionProvider | CPUExecutionProvider
[2026-05-23 15:11:55] preparing inputs
[2026-05-23 15:11:55] inputs ready
[2026-05-23 15:11:55] warmup start
[2026-05-23 15:11:55] warmup done
[2026-05-23 15:11:55] benchmark iterations start
[2026-05-23 15:11:56] iteration 25/100 elapsed_s=0.7
[2026-05-23 15:11:56] iteration 50/100 elapsed_s=1.3
[2026-05-23 15:11:57] iteration 75/100 elapsed_s=2.0
[2026-05-23 15:11:58] iteration 100/100 elapsed_s=2.7
[2026-05-23 15:11:58] benchmark iterations done
[2026-05-23 15:11:58] mode complete mode=baseline mean_ms=27.094 std_ms=1.117 p95_ms=28.623
[2026-05-23 15:11:58] start mode=optimized model=GIN_int8.onnx device=GPU warmup=5 iters=100
[2026-05-23 15:11:58] creating session
[2026-05-23 15:12:00] session ready providers=OpenVINOExecutionProvider | CPUExecutionProvider
[2026-05-23 15:12:00] preparing inputs
[2026-05-23 15:12:00] inputs ready
[2026-05-23 15:12:00] warmup start
[2026-05-23 15:12:00] warmup done
[2026-05-23 15:12:00] benchmark iterations start
[2026-05-23 15:12:00] iteration 25/100 elapsed_s=0.7
[2026-05-23 15:12:01] iteration 50/100 elapsed_s=1.3
[2026-05-23 15:12:02] iteration 75/100 elapsed_s=2.0
[2026-05-23 15:12:02] iteration 100/100 elapsed_s=2.7
[2026-05-23 15:12:02] benchmark iterations done
[2026-05-23 15:12:02] mode complete mode=optimized mean_ms=26.976 std_ms=1.033 p95_ms=28.266
[2026-05-23 15:19:00] start mode=baseline model=GIN_int8.onnx device=CPU warmup=5 iters=100
[2026-05-23 15:19:00] creating session
[2026-05-23 15:19:00] session ready providers=OpenVINOExecutionProvider | CPUExecutionProvider
[2026-05-23 15:19:00] preparing inputs
[2026-05-23 15:19:01] inputs ready
[2026-05-23 15:19:01] warmup start
[2026-05-23 15:19:01] warmup done
[2026-05-23 15:19:01] benchmark iterations start
[2026-05-23 15:19:02] iteration 25/100 elapsed_s=1.3
[2026-05-23 15:19:04] iteration 50/100 elapsed_s=2.8
[2026-05-23 15:19:05] iteration 75/100 elapsed_s=4.3
[2026-05-23 15:19:07] iteration 100/100 elapsed_s=5.7
[2026-05-23 15:19:07] benchmark iterations done
[2026-05-23 15:19:07] mode complete mode=baseline mean_ms=57.070 std_ms=5.847 p95_ms=66.535
[2026-05-23 15:19:07] start mode=optimized model=GIN_int8.onnx device=CPU warmup=5 iters=100
[2026-05-23 15:19:07] creating session
[2026-05-23 15:19:07] session ready providers=OpenVINOExecutionProvider | CPUExecutionProvider
[2026-05-23 15:19:07] preparing inputs
[2026-05-23 15:19:08] inputs ready
[2026-05-23 15:19:08] warmup start
[2026-05-23 15:19:08] warmup done
[2026-05-23 15:19:08] benchmark iterations start
[2026-05-23 15:19:10] iteration 25/100 elapsed_s=1.3
[2026-05-23 15:19:11] iteration 50/100 elapsed_s=2.7
[2026-05-23 15:19:12] iteration 75/100 elapsed_s=4.2
[2026-05-23 15:19:14] iteration 100/100 elapsed_s=5.7
[2026-05-23 15:19:14] benchmark iterations done
[2026-05-23 15:19:14] mode complete mode=optimized mean_ms=57.024 std_ms=5.540 p95_ms=65.063
