[2026-05-23 14:43:00] start mode=baseline model=GATv2_fp32.onnx device=NPU warmup=5 iters=100
[2026-05-23 14:43:00] creating session
[2026-05-23 14:43:00] session ready providers=OpenVINOExecutionProvider | CPUExecutionProvider
[2026-05-23 14:43:00] preparing inputs
[2026-05-23 14:43:01] inputs ready
[2026-05-23 14:43:01] warmup start
[2026-05-23 14:43:01] warmup done
[2026-05-23 14:43:01] benchmark iterations start
[2026-05-23 14:43:02] iteration 25/100 elapsed_s=0.6
[2026-05-23 14:43:02] iteration 50/100 elapsed_s=1.2
[2026-05-23 14:43:03] iteration 75/100 elapsed_s=1.8
[2026-05-23 14:43:03] iteration 100/100 elapsed_s=2.4
[2026-05-23 14:43:03] benchmark iterations done
[2026-05-23 14:43:03] mode complete mode=baseline mean_ms=23.717 std_ms=1.503 p95_ms=25.773
[2026-05-23 14:43:04] start mode=optimized model=GATv2_fp32.onnx device=NPU warmup=5 iters=100
[2026-05-23 14:43:04] creating session
[2026-05-23 14:43:04] session ready providers=OpenVINOExecutionProvider | CPUExecutionProvider
[2026-05-23 14:43:04] preparing inputs
[2026-05-23 14:43:04] inputs ready
[2026-05-23 14:43:04] warmup start
[2026-05-23 14:43:05] warmup done
[2026-05-23 14:43:05] benchmark iterations start
[2026-05-23 14:43:05] iteration 25/100 elapsed_s=0.6
[2026-05-23 14:43:06] iteration 50/100 elapsed_s=1.2
[2026-05-23 14:43:06] iteration 75/100 elapsed_s=1.8
[2026-05-23 14:43:07] iteration 100/100 elapsed_s=2.4
[2026-05-23 14:43:07] benchmark iterations done
[2026-05-23 14:43:07] mode complete mode=optimized mean_ms=23.696 std_ms=1.293 p95_ms=26.245
[2026-05-23 14:46:59] start mode=baseline model=GATv2_fp32.onnx device=GPU warmup=5 iters=100
[2026-05-23 14:46:59] creating session
[2026-05-23 14:47:01] session ready providers=OpenVINOExecutionProvider | CPUExecutionProvider
[2026-05-23 14:47:01] preparing inputs
[2026-05-23 14:47:01] inputs ready
[2026-05-23 14:47:01] warmup start
[2026-05-23 14:47:01] warmup done
[2026-05-23 14:47:01] benchmark iterations start
[2026-05-23 14:47:01] iteration 25/100 elapsed_s=0.4
[2026-05-23 14:47:02] iteration 50/100 elapsed_s=0.9
[2026-05-23 14:47:02] iteration 75/100 elapsed_s=1.3
[2026-05-23 14:47:03] iteration 100/100 elapsed_s=1.8
[2026-05-23 14:47:03] benchmark iterations done
[2026-05-23 14:47:03] mode complete mode=baseline mean_ms=17.797 std_ms=0.751 p95_ms=19.078
[2026-05-23 14:47:03] start mode=optimized model=GATv2_fp32.onnx device=GPU warmup=5 iters=100
[2026-05-23 14:47:03] creating session
[2026-05-23 14:47:05] session ready providers=OpenVINOExecutionProvider | CPUExecutionProvider
[2026-05-23 14:47:05] preparing inputs
[2026-05-23 14:47:05] inputs ready
[2026-05-23 14:47:05] warmup start
[2026-05-23 14:47:05] warmup done
[2026-05-23 14:47:05] benchmark iterations start
[2026-05-23 14:47:05] iteration 25/100 elapsed_s=0.5
[2026-05-23 14:47:06] iteration 50/100 elapsed_s=0.9
[2026-05-23 14:47:06] iteration 75/100 elapsed_s=1.3
[2026-05-23 14:47:07] iteration 100/100 elapsed_s=1.8
[2026-05-23 14:47:07] benchmark iterations done
[2026-05-23 14:47:07] mode complete mode=optimized mean_ms=17.772 std_ms=0.752 p95_ms=19.165
[2026-05-23 14:50:12] start mode=baseline model=GATv2_fp32.onnx device=CPU warmup=5 iters=100
[2026-05-23 14:50:12] creating session
[2026-05-23 14:50:13] session ready providers=OpenVINOExecutionProvider | CPUExecutionProvider
[2026-05-23 14:50:13] preparing inputs
[2026-05-23 14:50:13] inputs ready
[2026-05-23 14:50:13] warmup start
[2026-05-23 14:50:13] warmup done
[2026-05-23 14:50:13] benchmark iterations start
[2026-05-23 14:50:14] iteration 25/100 elapsed_s=0.6
[2026-05-23 14:50:14] iteration 50/100 elapsed_s=1.2
[2026-05-23 14:50:15] iteration 75/100 elapsed_s=1.7
[2026-05-23 14:50:16] iteration 100/100 elapsed_s=2.3
[2026-05-23 14:50:16] benchmark iterations done
[2026-05-23 14:50:16] mode complete mode=baseline mean_ms=23.275 std_ms=1.172 p95_ms=25.834
[2026-05-23 14:50:16] start mode=optimized model=GATv2_fp32.onnx device=CPU warmup=5 iters=100
[2026-05-23 14:50:16] creating session
[2026-05-23 14:50:16] session ready providers=OpenVINOExecutionProvider | CPUExecutionProvider
[2026-05-23 14:50:16] preparing inputs
[2026-05-23 14:50:17] inputs ready
[2026-05-23 14:50:17] warmup start
[2026-05-23 14:50:17] warmup done
[2026-05-23 14:50:17] benchmark iterations start
[2026-05-23 14:50:17] iteration 25/100 elapsed_s=0.6
[2026-05-23 14:50:18] iteration 50/100 elapsed_s=1.2
[2026-05-23 14:50:18] iteration 75/100 elapsed_s=1.7
[2026-05-23 14:50:19] iteration 100/100 elapsed_s=2.3
[2026-05-23 14:50:19] benchmark iterations done
[2026-05-23 14:50:19] mode complete mode=optimized mean_ms=23.045 std_ms=1.216 p95_ms=25.007
