[2026-05-23 16:07:40] start mode=baseline model=MPNN_fp32.onnx device=GPU warmup=5 iters=100
[2026-05-23 16:07:40] creating session
[2026-05-23 16:07:40] session ready providers=CPUExecutionProvider
[2026-05-23 16:07:40] preparing inputs
[2026-05-23 16:07:41] inputs ready
[2026-05-23 16:07:41] warmup start
[2026-05-23 16:07:41] warmup done
[2026-05-23 16:07:41] benchmark iterations start
[2026-05-23 16:07:43] iteration 25/100 elapsed_s=2.2
[2026-05-23 16:07:46] iteration 50/100 elapsed_s=5.0
[2026-05-23 16:07:49] iteration 75/100 elapsed_s=7.5
[2026-05-23 16:07:51] iteration 100/100 elapsed_s=9.5
[2026-05-23 16:07:51] benchmark iterations done
[2026-05-23 16:07:51] mode complete mode=baseline mean_ms=94.898 std_ms=21.660 p95_ms=134.432
[2026-05-23 16:07:51] start mode=optimized model=MPNN_fp32.onnx device=GPU warmup=5 iters=100
[2026-05-23 16:07:51] creating session
[2026-05-23 16:07:51] session ready providers=CPUExecutionProvider
[2026-05-23 16:07:51] preparing inputs
[2026-05-23 16:07:52] inputs ready
[2026-05-23 16:07:52] warmup start
[2026-05-23 16:07:52] warmup done
[2026-05-23 16:07:52] benchmark iterations start
[2026-05-23 16:07:55] iteration 25/100 elapsed_s=2.4
[2026-05-23 16:07:57] iteration 50/100 elapsed_s=4.9
[2026-05-23 16:07:59] iteration 75/100 elapsed_s=6.6
[2026-05-23 16:08:01] iteration 100/100 elapsed_s=8.4
[2026-05-23 16:08:01] benchmark iterations done
[2026-05-23 16:08:01] mode complete mode=optimized mean_ms=83.741 std_ms=20.064 p95_ms=121.362
[2026-05-23 16:13:27] start mode=baseline model=MPNN_fp32.onnx device=CPU warmup=5 iters=100
[2026-05-23 16:13:27] creating session
[2026-05-23 16:13:27] session ready providers=CPUExecutionProvider
[2026-05-23 16:13:27] preparing inputs
[2026-05-23 16:13:28] inputs ready
[2026-05-23 16:13:28] warmup start
[2026-05-23 16:13:28] warmup done
[2026-05-23 16:13:28] benchmark iterations start
[2026-05-23 16:13:30] iteration 25/100 elapsed_s=2.0
[2026-05-23 16:13:32] iteration 50/100 elapsed_s=3.9
[2026-05-23 16:13:35] iteration 75/100 elapsed_s=6.8
[2026-05-23 16:13:38] iteration 100/100 elapsed_s=9.8
[2026-05-23 16:13:38] benchmark iterations done
[2026-05-23 16:13:38] mode complete mode=baseline mean_ms=98.054 std_ms=27.384 p95_ms=153.383
[2026-05-23 16:13:38] start mode=optimized model=MPNN_fp32.onnx device=CPU warmup=5 iters=100
[2026-05-23 16:13:38] creating session
[2026-05-23 16:13:39] session ready providers=CPUExecutionProvider
[2026-05-23 16:13:39] preparing inputs
[2026-05-23 16:13:39] inputs ready
[2026-05-23 16:13:39] warmup start
[2026-05-23 16:13:40] warmup done
[2026-05-23 16:13:40] benchmark iterations start
[2026-05-23 16:13:42] iteration 25/100 elapsed_s=1.8
[2026-05-23 16:13:44] iteration 50/100 elapsed_s=3.9
[2026-05-23 16:13:46] iteration 75/100 elapsed_s=6.2
[2026-05-23 16:13:48] iteration 100/100 elapsed_s=8.0
[2026-05-23 16:13:48] benchmark iterations done
[2026-05-23 16:13:48] mode complete mode=optimized mean_ms=80.366 std_ms=17.369 p95_ms=114.047
