[2026-05-23 15:00:53] start mode=baseline model=GIN_fp32.onnx device=NPU warmup=5 iters=100
[2026-05-23 15:00:53] creating session
[2026-05-23 15:00:53] session ready providers=OpenVINOExecutionProvider | CPUExecutionProvider
[2026-05-23 15:00:53] preparing inputs
[2026-05-23 15:00:54] inputs ready
[2026-05-23 15:00:54] warmup start
[2026-05-23 15:00:54] warmup done
[2026-05-23 15:00:54] benchmark iterations start
[2026-05-23 15:00:55] iteration 25/100 elapsed_s=1.4
[2026-05-23 15:00:57] iteration 50/100 elapsed_s=2.8
[2026-05-23 15:00:58] iteration 75/100 elapsed_s=4.3
[2026-05-23 15:01:00] iteration 100/100 elapsed_s=5.7
[2026-05-23 15:01:00] benchmark iterations done
[2026-05-23 15:01:00] mode complete mode=baseline mean_ms=56.693 std_ms=4.288 p95_ms=63.758
[2026-05-23 15:01:00] start mode=optimized model=GIN_fp32.onnx device=NPU warmup=5 iters=100
[2026-05-23 15:01:00] creating session
[2026-05-23 15:01:00] session ready providers=OpenVINOExecutionProvider | CPUExecutionProvider
[2026-05-23 15:01:00] preparing inputs
[2026-05-23 15:01:01] inputs ready
[2026-05-23 15:01:01] warmup start
[2026-05-23 15:01:01] warmup done
[2026-05-23 15:01:01] benchmark iterations start
[2026-05-23 15:01:02] iteration 25/100 elapsed_s=1.4
[2026-05-23 15:01:04] iteration 50/100 elapsed_s=2.8
[2026-05-23 15:01:05] iteration 75/100 elapsed_s=4.3
[2026-05-23 15:01:07] iteration 100/100 elapsed_s=5.7
[2026-05-23 15:01:07] benchmark iterations done
[2026-05-23 15:01:07] mode complete mode=optimized mean_ms=57.240 std_ms=4.880 p95_ms=65.218
[2026-05-23 15:11:30] start mode=baseline model=GIN_fp32.onnx device=GPU warmup=5 iters=100
[2026-05-23 15:11:30] creating session
[2026-05-23 15:11:31] session ready providers=OpenVINOExecutionProvider | CPUExecutionProvider
[2026-05-23 15:11:31] preparing inputs
[2026-05-23 15:11:31] inputs ready
[2026-05-23 15:11:31] warmup start
[2026-05-23 15:11:32] warmup done
[2026-05-23 15:11:32] benchmark iterations start
[2026-05-23 15:11:32] iteration 25/100 elapsed_s=0.6
[2026-05-23 15:11:33] iteration 50/100 elapsed_s=1.2
[2026-05-23 15:11:33] iteration 75/100 elapsed_s=1.9
[2026-05-23 15:11:34] iteration 100/100 elapsed_s=2.5
[2026-05-23 15:11:34] benchmark iterations done
[2026-05-23 15:11:34] mode complete mode=baseline mean_ms=24.842 std_ms=0.861 p95_ms=26.500
[2026-05-23 15:11:34] start mode=optimized model=GIN_fp32.onnx device=GPU warmup=5 iters=100
[2026-05-23 15:11:34] creating session
[2026-05-23 15:11:36] session ready providers=OpenVINOExecutionProvider | CPUExecutionProvider
[2026-05-23 15:11:36] preparing inputs
[2026-05-23 15:11:36] inputs ready
[2026-05-23 15:11:36] warmup start
[2026-05-23 15:11:36] warmup done
[2026-05-23 15:11:36] benchmark iterations start
[2026-05-23 15:11:36] iteration 25/100 elapsed_s=0.6
[2026-05-23 15:11:37] iteration 50/100 elapsed_s=1.2
[2026-05-23 15:11:38] iteration 75/100 elapsed_s=1.9
[2026-05-23 15:11:38] iteration 100/100 elapsed_s=2.5
[2026-05-23 15:11:38] benchmark iterations done
[2026-05-23 15:11:38] mode complete mode=optimized mean_ms=25.041 std_ms=0.988 p95_ms=27.108
[2026-05-23 15:18:31] start mode=baseline model=GIN_fp32.onnx device=CPU warmup=5 iters=100
[2026-05-23 15:18:31] creating session
[2026-05-23 15:18:31] session ready providers=OpenVINOExecutionProvider | CPUExecutionProvider
[2026-05-23 15:18:31] preparing inputs
[2026-05-23 15:18:31] inputs ready
[2026-05-23 15:18:31] warmup start
[2026-05-23 15:18:32] warmup done
[2026-05-23 15:18:32] benchmark iterations start
[2026-05-23 15:18:33] iteration 25/100 elapsed_s=1.4
[2026-05-23 15:18:35] iteration 50/100 elapsed_s=2.9
[2026-05-23 15:18:36] iteration 75/100 elapsed_s=4.4
[2026-05-23 15:18:37] iteration 100/100 elapsed_s=5.7
[2026-05-23 15:18:37] benchmark iterations done
[2026-05-23 15:18:37] mode complete mode=baseline mean_ms=57.231 std_ms=4.562 p95_ms=64.843
[2026-05-23 15:18:38] start mode=optimized model=GIN_fp32.onnx device=CPU warmup=5 iters=100
[2026-05-23 15:18:38] creating session
[2026-05-23 15:18:38] session ready providers=OpenVINOExecutionProvider | CPUExecutionProvider
[2026-05-23 15:18:38] preparing inputs
[2026-05-23 15:18:38] inputs ready
[2026-05-23 15:18:38] warmup start
[2026-05-23 15:18:39] warmup done
[2026-05-23 15:18:39] benchmark iterations start
[2026-05-23 15:18:40] iteration 25/100 elapsed_s=1.4
[2026-05-23 15:18:42] iteration 50/100 elapsed_s=2.8
[2026-05-23 15:18:43] iteration 75/100 elapsed_s=4.3
[2026-05-23 15:18:45] iteration 100/100 elapsed_s=5.7
[2026-05-23 15:18:45] benchmark iterations done
[2026-05-23 15:18:45] mode complete mode=optimized mean_ms=57.034 std_ms=5.023 p95_ms=65.233
