[2026-05-23 14:54:50] start mode=baseline model=GCN_int8.onnx device=NPU warmup=5 iters=100
[2026-05-23 14:54:50] creating session
[2026-05-23 14:54:51] session ready providers=OpenVINOExecutionProvider | CPUExecutionProvider
[2026-05-23 14:54:51] preparing inputs
[2026-05-23 14:54:51] inputs ready
[2026-05-23 14:54:51] warmup start
[2026-05-23 14:54:51] warmup done
[2026-05-23 14:54:51] benchmark iterations start
[2026-05-23 14:54:52] iteration 25/100 elapsed_s=0.6
[2026-05-23 14:54:52] iteration 50/100 elapsed_s=1.2
[2026-05-23 14:54:53] iteration 75/100 elapsed_s=1.7
[2026-05-23 14:54:53] iteration 100/100 elapsed_s=2.3
[2026-05-23 14:54:53] benchmark iterations done
[2026-05-23 14:54:53] mode complete mode=baseline mean_ms=23.036 std_ms=1.159 p95_ms=24.870
[2026-05-23 14:54:54] start mode=optimized model=GCN_int8.onnx device=NPU warmup=5 iters=100
[2026-05-23 14:54:54] creating session
[2026-05-23 14:54:54] session ready providers=OpenVINOExecutionProvider | CPUExecutionProvider
[2026-05-23 14:54:54] preparing inputs
[2026-05-23 14:54:54] inputs ready
[2026-05-23 14:54:54] warmup start
[2026-05-23 14:54:55] warmup done
[2026-05-23 14:54:55] benchmark iterations start
[2026-05-23 14:54:55] iteration 25/100 elapsed_s=0.6
[2026-05-23 14:54:56] iteration 50/100 elapsed_s=1.1
[2026-05-23 14:54:56] iteration 75/100 elapsed_s=1.7
[2026-05-23 14:54:57] iteration 100/100 elapsed_s=2.3
[2026-05-23 14:54:57] benchmark iterations done
[2026-05-23 14:54:57] mode complete mode=optimized mean_ms=22.658 std_ms=1.206 p95_ms=24.953
[2026-05-23 14:58:26] start mode=baseline model=GCN_int8.onnx device=CPU warmup=5 iters=100
[2026-05-23 14:58:26] creating session
[2026-05-23 14:58:26] session ready providers=OpenVINOExecutionProvider | CPUExecutionProvider
[2026-05-23 14:58:26] preparing inputs
[2026-05-23 14:58:27] inputs ready
[2026-05-23 14:58:27] warmup start
[2026-05-23 14:58:27] warmup done
[2026-05-23 14:58:27] benchmark iterations start
[2026-05-23 14:58:27] iteration 25/100 elapsed_s=0.6
[2026-05-23 14:58:28] iteration 50/100 elapsed_s=1.2
[2026-05-23 14:58:28] iteration 75/100 elapsed_s=1.7
[2026-05-23 14:58:29] iteration 100/100 elapsed_s=2.3
[2026-05-23 14:58:29] benchmark iterations done
[2026-05-23 14:58:29] mode complete mode=baseline mean_ms=23.415 std_ms=2.655 p95_ms=25.916
[2026-05-23 14:58:29] start mode=optimized model=GCN_int8.onnx device=CPU warmup=5 iters=100
[2026-05-23 14:58:29] creating session
[2026-05-23 14:58:30] session ready providers=OpenVINOExecutionProvider | CPUExecutionProvider
[2026-05-23 14:58:30] preparing inputs
[2026-05-23 14:58:30] inputs ready
[2026-05-23 14:58:30] warmup start
[2026-05-23 14:58:30] warmup done
[2026-05-23 14:58:30] benchmark iterations start
[2026-05-23 14:58:31] iteration 25/100 elapsed_s=0.6
[2026-05-23 14:58:31] iteration 50/100 elapsed_s=1.1
[2026-05-23 14:58:32] iteration 75/100 elapsed_s=1.7
[2026-05-23 14:58:33] iteration 100/100 elapsed_s=2.3
[2026-05-23 14:58:33] benchmark iterations done
[2026-05-23 14:58:33] mode complete mode=optimized mean_ms=22.836 std_ms=1.192 p95_ms=24.625
