[2026-05-23 15:29:18] start mode=baseline model=GraphSAGE_fp32.onnx device=NPU warmup=5 iters=100
[2026-05-23 15:29:18] creating session
[2026-05-23 15:29:18] session ready providers=OpenVINOExecutionProvider | CPUExecutionProvider
[2026-05-23 15:29:18] preparing inputs
[2026-05-23 15:29:19] inputs ready
[2026-05-23 15:29:19] warmup start
[2026-05-23 15:29:19] warmup done
[2026-05-23 15:29:19] benchmark iterations start
[2026-05-23 15:29:21] iteration 25/100 elapsed_s=1.4
[2026-05-23 15:29:22] iteration 50/100 elapsed_s=2.8
[2026-05-23 15:29:24] iteration 75/100 elapsed_s=4.4
[2026-05-23 15:29:25] iteration 100/100 elapsed_s=5.8
[2026-05-23 15:29:25] benchmark iterations done
[2026-05-23 15:29:25] mode complete mode=baseline mean_ms=57.841 std_ms=4.801 p95_ms=65.080
[2026-05-23 15:29:25] start mode=optimized model=GraphSAGE_fp32.onnx device=NPU warmup=5 iters=100
[2026-05-23 15:29:25] creating session
[2026-05-23 15:29:26] session ready providers=OpenVINOExecutionProvider | CPUExecutionProvider
[2026-05-23 15:29:26] preparing inputs
[2026-05-23 15:29:26] inputs ready
[2026-05-23 15:29:26] warmup start
[2026-05-23 15:29:26] warmup done
[2026-05-23 15:29:26] benchmark iterations start
[2026-05-23 15:29:28] iteration 25/100 elapsed_s=1.4
[2026-05-23 15:29:29] iteration 50/100 elapsed_s=2.8
[2026-05-23 15:29:31] iteration 75/100 elapsed_s=4.4
[2026-05-23 15:29:32] iteration 100/100 elapsed_s=5.9
[2026-05-23 15:29:32] benchmark iterations done
[2026-05-23 15:29:32] mode complete mode=optimized mean_ms=58.587 std_ms=6.744 p95_ms=74.231
[2026-05-23 15:40:21] start mode=baseline model=GraphSAGE_fp32.onnx device=GPU warmup=5 iters=100
[2026-05-23 15:40:21] creating session
[2026-05-23 15:40:22] session ready providers=OpenVINOExecutionProvider | CPUExecutionProvider
[2026-05-23 15:40:22] preparing inputs
[2026-05-23 15:40:22] inputs ready
[2026-05-23 15:40:22] warmup start
[2026-05-23 15:40:22] warmup done
[2026-05-23 15:40:22] benchmark iterations start
[2026-05-23 15:40:23] iteration 25/100 elapsed_s=0.9
[2026-05-23 15:40:24] iteration 50/100 elapsed_s=1.8
[2026-05-23 15:40:25] iteration 75/100 elapsed_s=2.6
[2026-05-23 15:40:26] iteration 100/100 elapsed_s=3.5
[2026-05-23 15:40:26] benchmark iterations done
[2026-05-23 15:40:26] mode complete mode=baseline mean_ms=35.013 std_ms=0.465 p95_ms=35.816
[2026-05-23 15:40:26] start mode=optimized model=GraphSAGE_fp32.onnx device=GPU warmup=5 iters=100
[2026-05-23 15:40:26] creating session
[2026-05-23 15:40:28] session ready providers=OpenVINOExecutionProvider | CPUExecutionProvider
[2026-05-23 15:40:28] preparing inputs
[2026-05-23 15:40:28] inputs ready
[2026-05-23 15:40:28] warmup start
[2026-05-23 15:40:28] warmup done
[2026-05-23 15:40:28] benchmark iterations start
[2026-05-23 15:40:29] iteration 25/100 elapsed_s=0.9
[2026-05-23 15:40:30] iteration 50/100 elapsed_s=1.7
[2026-05-23 15:40:30] iteration 75/100 elapsed_s=2.6
[2026-05-23 15:40:31] iteration 100/100 elapsed_s=3.5
[2026-05-23 15:40:31] benchmark iterations done
[2026-05-23 15:40:31] mode complete mode=optimized mean_ms=34.934 std_ms=0.431 p95_ms=35.770
[2026-05-23 15:48:05] start mode=baseline model=GraphSAGE_fp32.onnx device=CPU warmup=5 iters=100
[2026-05-23 15:48:05] creating session
[2026-05-23 15:48:05] session ready providers=OpenVINOExecutionProvider | CPUExecutionProvider
[2026-05-23 15:48:05] preparing inputs
[2026-05-23 15:48:06] inputs ready
[2026-05-23 15:48:06] warmup start
[2026-05-23 15:48:06] warmup done
[2026-05-23 15:48:06] benchmark iterations start
[2026-05-23 15:48:07] iteration 25/100 elapsed_s=1.4
[2026-05-23 15:48:09] iteration 50/100 elapsed_s=2.8
[2026-05-23 15:48:10] iteration 75/100 elapsed_s=4.4
[2026-05-23 15:48:12] iteration 100/100 elapsed_s=5.9
[2026-05-23 15:48:12] benchmark iterations done
[2026-05-23 15:48:12] mode complete mode=baseline mean_ms=58.869 std_ms=6.233 p95_ms=68.209
[2026-05-23 15:48:12] start mode=optimized model=GraphSAGE_fp32.onnx device=CPU warmup=5 iters=100
[2026-05-23 15:48:12] creating session
[2026-05-23 15:48:13] session ready providers=OpenVINOExecutionProvider | CPUExecutionProvider
[2026-05-23 15:48:13] preparing inputs
[2026-05-23 15:48:13] inputs ready
[2026-05-23 15:48:13] warmup start
[2026-05-23 15:48:13] warmup done
[2026-05-23 15:48:13] benchmark iterations start
[2026-05-23 15:48:15] iteration 25/100 elapsed_s=1.4
[2026-05-23 15:48:16] iteration 50/100 elapsed_s=2.9
[2026-05-23 15:48:18] iteration 75/100 elapsed_s=4.6
[2026-05-23 15:48:19] iteration 100/100 elapsed_s=6.2
[2026-05-23 15:48:19] benchmark iterations done
[2026-05-23 15:48:19] mode complete mode=optimized mean_ms=61.645 std_ms=8.187 p95_ms=78.899
