[2026-05-23 16:17:15] start mode=baseline model=SGC_int8.onnx device=NPU warmup=5 iters=100
[2026-05-23 16:17:15] creating session
[2026-05-23 16:17:16] session ready providers=OpenVINOExecutionProvider | CPUExecutionProvider
[2026-05-23 16:17:16] preparing inputs
[2026-05-23 16:17:16] inputs ready
[2026-05-23 16:17:16] warmup start
[2026-05-23 16:17:17] warmup done
[2026-05-23 16:17:17] benchmark iterations start
[2026-05-23 16:17:19] iteration 25/100 elapsed_s=2.7
[2026-05-23 16:17:22] iteration 50/100 elapsed_s=5.5
[2026-05-23 16:17:25] iteration 75/100 elapsed_s=8.4
[2026-05-23 16:17:28] iteration 100/100 elapsed_s=11.1
[2026-05-23 16:17:28] benchmark iterations done
[2026-05-23 16:17:28] mode complete mode=baseline mean_ms=111.345 std_ms=5.887 p95_ms=121.597
[2026-05-23 16:17:28] start mode=optimized model=SGC_int8.onnx device=NPU warmup=5 iters=100
[2026-05-23 16:17:28] creating session
[2026-05-23 16:17:28] session ready providers=OpenVINOExecutionProvider | CPUExecutionProvider
[2026-05-23 16:17:28] preparing inputs
[2026-05-23 16:17:29] inputs ready
[2026-05-23 16:17:29] warmup start
[2026-05-23 16:17:29] warmup done
[2026-05-23 16:17:29] benchmark iterations start
[2026-05-23 16:17:32] iteration 25/100 elapsed_s=2.8
[2026-05-23 16:17:35] iteration 50/100 elapsed_s=5.5
[2026-05-23 16:17:38] iteration 75/100 elapsed_s=8.3
[2026-05-23 16:17:41] iteration 100/100 elapsed_s=11.1
[2026-05-23 16:17:41] benchmark iterations done
[2026-05-23 16:17:41] mode complete mode=optimized mean_ms=110.829 std_ms=4.881 p95_ms=118.949
[2026-05-23 16:47:49] start mode=baseline model=SGC_int8.onnx device=GPU warmup=5 iters=100
[2026-05-23 16:47:49] creating session
[2026-05-23 16:47:58] session ready providers=OpenVINOExecutionProvider | CPUExecutionProvider
[2026-05-23 16:47:58] preparing inputs
[2026-05-23 16:47:58] inputs ready
[2026-05-23 16:47:58] warmup start
[2026-05-23 16:47:59] warmup done
[2026-05-23 16:47:59] benchmark iterations start
[2026-05-23 16:48:03] iteration 25/100 elapsed_s=4.0
[2026-05-23 16:48:07] iteration 50/100 elapsed_s=7.9
[2026-05-23 16:48:11] iteration 75/100 elapsed_s=11.9
[2026-05-23 16:48:15] iteration 100/100 elapsed_s=15.8
[2026-05-23 16:48:15] benchmark iterations done
[2026-05-23 16:48:15] mode complete mode=baseline mean_ms=157.990 std_ms=1.159 p95_ms=159.860
[2026-05-23 16:48:15] start mode=optimized model=SGC_int8.onnx device=GPU warmup=5 iters=100
[2026-05-23 16:48:15] creating session
[2026-05-23 16:48:22] session ready providers=OpenVINOExecutionProvider | CPUExecutionProvider
[2026-05-23 16:48:22] preparing inputs
[2026-05-23 16:48:22] inputs ready
[2026-05-23 16:48:22] warmup start
[2026-05-23 16:48:23] warmup done
[2026-05-23 16:48:23] benchmark iterations start
[2026-05-23 16:48:27] iteration 25/100 elapsed_s=3.9
[2026-05-23 16:48:31] iteration 50/100 elapsed_s=7.9
[2026-05-23 16:48:35] iteration 75/100 elapsed_s=11.8
[2026-05-23 16:48:39] iteration 100/100 elapsed_s=15.8
[2026-05-23 16:48:39] benchmark iterations done
[2026-05-23 16:48:39] mode complete mode=optimized mean_ms=157.739 std_ms=1.070 p95_ms=159.432
[2026-05-23 17:22:38] start mode=baseline model=SGC_int8.onnx device=CPU warmup=5 iters=100
[2026-05-23 17:22:38] creating session
[2026-05-23 17:22:38] session ready providers=OpenVINOExecutionProvider | CPUExecutionProvider
[2026-05-23 17:22:38] preparing inputs
[2026-05-23 17:22:39] inputs ready
[2026-05-23 17:22:39] warmup start
[2026-05-23 17:22:39] warmup done
[2026-05-23 17:22:39] benchmark iterations start
[2026-05-23 17:22:42] iteration 25/100 elapsed_s=2.9
[2026-05-23 17:22:45] iteration 50/100 elapsed_s=5.6
[2026-05-23 17:22:47] iteration 75/100 elapsed_s=8.3
[2026-05-23 17:22:50] iteration 100/100 elapsed_s=11.0
[2026-05-23 17:22:50] benchmark iterations done
[2026-05-23 17:22:50] mode complete mode=baseline mean_ms=110.291 std_ms=5.885 p95_ms=120.221
[2026-05-23 17:22:50] start mode=optimized model=SGC_int8.onnx device=CPU warmup=5 iters=100
[2026-05-23 17:22:50] creating session
[2026-05-23 17:22:51] session ready providers=OpenVINOExecutionProvider | CPUExecutionProvider
[2026-05-23 17:22:51] preparing inputs
[2026-05-23 17:22:51] inputs ready
[2026-05-23 17:22:51] warmup start
[2026-05-23 17:22:52] warmup done
[2026-05-23 17:22:52] benchmark iterations start
[2026-05-23 17:22:55] iteration 25/100 elapsed_s=2.7
[2026-05-23 17:22:57] iteration 50/100 elapsed_s=5.5
[2026-05-23 17:23:00] iteration 75/100 elapsed_s=8.2
[2026-05-23 17:23:03] iteration 100/100 elapsed_s=10.9
[2026-05-23 17:23:03] benchmark iterations done
[2026-05-23 17:23:03] mode complete mode=optimized mean_ms=109.345 std_ms=6.034 p95_ms=120.859
