[2026-05-23 15:29:33] start mode=baseline model=GraphSAGE_int8.onnx device=NPU warmup=5 iters=100
[2026-05-23 15:29:33] creating session
[2026-05-23 15:29:34] session ready providers=OpenVINOExecutionProvider | CPUExecutionProvider
[2026-05-23 15:29:34] preparing inputs
[2026-05-23 15:29:34] inputs ready
[2026-05-23 15:29:34] warmup start
[2026-05-23 15:29:34] warmup done
[2026-05-23 15:29:34] benchmark iterations start
[2026-05-23 15:29:36] iteration 25/100 elapsed_s=1.4
[2026-05-23 15:29:37] iteration 50/100 elapsed_s=2.8
[2026-05-23 15:29:39] iteration 75/100 elapsed_s=4.3
[2026-05-23 15:29:40] iteration 100/100 elapsed_s=5.7
[2026-05-23 15:29:40] benchmark iterations done
[2026-05-23 15:29:40] mode complete mode=baseline mean_ms=57.001 std_ms=4.481 p95_ms=64.372
[2026-05-23 15:29:40] start mode=optimized model=GraphSAGE_int8.onnx device=NPU warmup=5 iters=100
[2026-05-23 15:29:40] creating session
[2026-05-23 15:29:41] session ready providers=OpenVINOExecutionProvider | CPUExecutionProvider
[2026-05-23 15:29:41] preparing inputs
[2026-05-23 15:29:41] inputs ready
[2026-05-23 15:29:41] warmup start
[2026-05-23 15:29:41] warmup done
[2026-05-23 15:29:41] benchmark iterations start
[2026-05-23 15:29:43] iteration 25/100 elapsed_s=1.3
[2026-05-23 15:29:44] iteration 50/100 elapsed_s=2.8
[2026-05-23 15:29:46] iteration 75/100 elapsed_s=4.3
[2026-05-23 15:29:47] iteration 100/100 elapsed_s=5.7
[2026-05-23 15:29:47] benchmark iterations done
[2026-05-23 15:29:47] mode complete mode=optimized mean_ms=56.999 std_ms=4.751 p95_ms=66.328
[2026-05-23 15:40:32] start mode=baseline model=GraphSAGE_int8.onnx device=GPU warmup=5 iters=100
[2026-05-23 15:40:32] creating session
[2026-05-23 15:40:38] session ready providers=OpenVINOExecutionProvider | CPUExecutionProvider
[2026-05-23 15:40:38] preparing inputs
[2026-05-23 15:40:38] inputs ready
[2026-05-23 15:40:38] warmup start
[2026-05-23 15:40:38] warmup done
[2026-05-23 15:40:38] benchmark iterations start
[2026-05-23 15:40:39] iteration 25/100 elapsed_s=0.7
[2026-05-23 15:40:39] iteration 50/100 elapsed_s=1.3
[2026-05-23 15:40:40] iteration 75/100 elapsed_s=2.0
[2026-05-23 15:40:41] iteration 100/100 elapsed_s=2.7
[2026-05-23 15:40:41] benchmark iterations done
[2026-05-23 15:40:41] mode complete mode=baseline mean_ms=26.705 std_ms=1.094 p95_ms=28.144
[2026-05-23 15:40:41] start mode=optimized model=GraphSAGE_int8.onnx device=GPU warmup=5 iters=100
[2026-05-23 15:40:41] creating session
[2026-05-23 15:40:42] session ready providers=OpenVINOExecutionProvider | CPUExecutionProvider
[2026-05-23 15:40:42] preparing inputs
[2026-05-23 15:40:43] inputs ready
[2026-05-23 15:40:43] warmup start
[2026-05-23 15:40:43] warmup done
[2026-05-23 15:40:43] benchmark iterations start
[2026-05-23 15:40:43] iteration 25/100 elapsed_s=0.7
[2026-05-23 15:40:44] iteration 50/100 elapsed_s=1.3
[2026-05-23 15:40:45] iteration 75/100 elapsed_s=2.0
[2026-05-23 15:40:45] iteration 100/100 elapsed_s=2.7
[2026-05-23 15:40:45] benchmark iterations done
[2026-05-23 15:40:45] mode complete mode=optimized mean_ms=26.794 std_ms=1.326 p95_ms=28.430
[2026-05-23 15:48:21] start mode=baseline model=GraphSAGE_int8.onnx device=CPU warmup=5 iters=100
[2026-05-23 15:48:21] creating session
[2026-05-23 15:48:21] session ready providers=OpenVINOExecutionProvider | CPUExecutionProvider
[2026-05-23 15:48:21] preparing inputs
[2026-05-23 15:48:21] inputs ready
[2026-05-23 15:48:21] warmup start
[2026-05-23 15:48:22] warmup done
[2026-05-23 15:48:22] benchmark iterations start
[2026-05-23 15:48:23] iteration 25/100 elapsed_s=1.3
[2026-05-23 15:48:24] iteration 50/100 elapsed_s=2.8
[2026-05-23 15:48:26] iteration 75/100 elapsed_s=4.3
[2026-05-23 15:48:27] iteration 100/100 elapsed_s=5.7
[2026-05-23 15:48:27] benchmark iterations done
[2026-05-23 15:48:27] mode complete mode=baseline mean_ms=57.034 std_ms=4.842 p95_ms=64.131
[2026-05-23 15:48:28] start mode=optimized model=GraphSAGE_int8.onnx device=CPU warmup=5 iters=100
[2026-05-23 15:48:28] creating session
[2026-05-23 15:48:28] session ready providers=OpenVINOExecutionProvider | CPUExecutionProvider
[2026-05-23 15:48:28] preparing inputs
[2026-05-23 15:48:28] inputs ready
[2026-05-23 15:48:28] warmup start
[2026-05-23 15:48:29] warmup done
[2026-05-23 15:48:29] benchmark iterations start
[2026-05-23 15:48:30] iteration 25/100 elapsed_s=1.3
[2026-05-23 15:48:31] iteration 50/100 elapsed_s=2.7
[2026-05-23 15:48:33] iteration 75/100 elapsed_s=4.2
[2026-05-23 15:48:34] iteration 100/100 elapsed_s=5.7
[2026-05-23 15:48:34] benchmark iterations done
[2026-05-23 15:48:34] mode complete mode=optimized mean_ms=57.104 std_ms=5.004 p95_ms=64.764
