[2026-05-23 13:06:11] start mode=baseline model=APPNP_fp32.onnx device=NPU warmup=5 iters=100
[2026-05-23 13:06:11] creating session
[2026-05-23 13:06:11] session ready providers=OpenVINOExecutionProvider | CPUExecutionProvider
[2026-05-23 13:06:11] preparing inputs
[2026-05-23 13:06:11] inputs ready
[2026-05-23 13:06:11] warmup start
[2026-05-23 13:06:12] warmup done
[2026-05-23 13:06:12] benchmark iterations start
[2026-05-23 13:06:12] iteration 25/100 elapsed_s=0.3
[2026-05-23 13:06:12] iteration 50/100 elapsed_s=0.6
[2026-05-23 13:06:12] iteration 75/100 elapsed_s=0.9
[2026-05-23 13:06:13] iteration 100/100 elapsed_s=1.2
[2026-05-23 13:06:13] benchmark iterations done
[2026-05-23 13:06:13] mode complete mode=baseline mean_ms=11.982 std_ms=1.158 p95_ms=14.532
[2026-05-23 13:06:13] start mode=optimized model=APPNP_fp32.onnx device=NPU warmup=5 iters=100
[2026-05-23 13:06:13] creating session
[2026-05-23 13:06:14] session ready providers=OpenVINOExecutionProvider | CPUExecutionProvider
[2026-05-23 13:06:14] preparing inputs
[2026-05-23 13:06:14] inputs ready
[2026-05-23 13:06:14] warmup start
[2026-05-23 13:06:14] warmup done
[2026-05-23 13:06:14] benchmark iterations start
[2026-05-23 13:06:14] iteration 25/100 elapsed_s=0.3
[2026-05-23 13:06:15] iteration 50/100 elapsed_s=0.6
[2026-05-23 13:06:15] iteration 75/100 elapsed_s=0.9
[2026-05-23 13:06:15] iteration 100/100 elapsed_s=1.2
[2026-05-23 13:06:15] benchmark iterations done
[2026-05-23 13:06:15] mode complete mode=optimized mean_ms=12.125 std_ms=1.136 p95_ms=14.448
[2026-05-23 14:34:31] start mode=baseline model=APPNP_fp32.onnx device=GPU warmup=5 iters=100
[2026-05-23 14:34:31] creating session
[2026-05-23 14:34:33] session ready providers=OpenVINOExecutionProvider | CPUExecutionProvider
[2026-05-23 14:34:33] preparing inputs
[2026-05-23 14:34:33] inputs ready
[2026-05-23 14:34:33] warmup start
[2026-05-23 14:34:33] warmup done
[2026-05-23 14:34:33] benchmark iterations start
[2026-05-23 14:34:33] iteration 25/100 elapsed_s=0.2
[2026-05-23 14:34:33] iteration 50/100 elapsed_s=0.3
[2026-05-23 14:34:34] iteration 75/100 elapsed_s=0.5
[2026-05-23 14:34:34] iteration 100/100 elapsed_s=0.7
[2026-05-23 14:34:34] benchmark iterations done
[2026-05-23 14:34:34] mode complete mode=baseline mean_ms=6.521 std_ms=0.622 p95_ms=7.524
[2026-05-23 14:34:34] start mode=optimized model=APPNP_fp32.onnx device=GPU warmup=5 iters=100
[2026-05-23 14:34:34] creating session
[2026-05-23 14:34:35] session ready providers=OpenVINOExecutionProvider | CPUExecutionProvider
[2026-05-23 14:34:35] preparing inputs
[2026-05-23 14:34:36] inputs ready
[2026-05-23 14:34:36] warmup start
[2026-05-23 14:34:36] warmup done
[2026-05-23 14:34:36] benchmark iterations start
[2026-05-23 14:34:36] iteration 25/100 elapsed_s=0.2
[2026-05-23 14:34:36] iteration 50/100 elapsed_s=0.3
[2026-05-23 14:34:36] iteration 75/100 elapsed_s=0.5
[2026-05-23 14:34:36] iteration 100/100 elapsed_s=0.7
[2026-05-23 14:34:36] benchmark iterations done
[2026-05-23 14:34:36] mode complete mode=optimized mean_ms=6.746 std_ms=0.554 p95_ms=7.788
[2026-05-23 14:38:41] start mode=baseline model=APPNP_fp32.onnx device=CPU warmup=5 iters=100
[2026-05-23 14:38:41] creating session
[2026-05-23 14:38:41] session ready providers=OpenVINOExecutionProvider | CPUExecutionProvider
[2026-05-23 14:38:41] preparing inputs
[2026-05-23 14:38:42] inputs ready
[2026-05-23 14:38:42] warmup start
[2026-05-23 14:38:42] warmup done
[2026-05-23 14:38:42] benchmark iterations start
[2026-05-23 14:38:42] iteration 25/100 elapsed_s=0.3
[2026-05-23 14:38:42] iteration 50/100 elapsed_s=0.6
[2026-05-23 14:38:43] iteration 75/100 elapsed_s=0.9
[2026-05-23 14:38:43] iteration 100/100 elapsed_s=1.2
[2026-05-23 14:38:43] benchmark iterations done
[2026-05-23 14:38:43] mode complete mode=baseline mean_ms=12.315 std_ms=0.850 p95_ms=13.969
[2026-05-23 14:38:43] start mode=optimized model=APPNP_fp32.onnx device=CPU warmup=5 iters=100
[2026-05-23 14:38:43] creating session
[2026-05-23 14:38:44] session ready providers=OpenVINOExecutionProvider | CPUExecutionProvider
[2026-05-23 14:38:44] preparing inputs
[2026-05-23 14:38:44] inputs ready
[2026-05-23 14:38:44] warmup start
[2026-05-23 14:38:44] warmup done
[2026-05-23 14:38:44] benchmark iterations start
[2026-05-23 14:38:44] iteration 25/100 elapsed_s=0.3
[2026-05-23 14:38:45] iteration 50/100 elapsed_s=0.7
[2026-05-23 14:38:45] iteration 75/100 elapsed_s=1.0
[2026-05-23 14:38:45] iteration 100/100 elapsed_s=1.3
[2026-05-23 14:38:45] benchmark iterations done
[2026-05-23 14:38:45] mode complete mode=optimized mean_ms=12.643 std_ms=1.808 p95_ms=15.827
