[2026-05-23 10:49:11] start mode=baseline model=GIN_int8.onnx device=NPU warmup=5 iters=100
[2026-05-23 10:49:11] creating session
[2026-05-23 10:49:12] session ready providers=OpenVINOExecutionProvider | CPUExecutionProvider
[2026-05-23 10:49:12] preparing inputs
[2026-05-23 10:49:12] inputs ready
[2026-05-23 10:49:12] warmup start
[2026-05-23 10:49:12] warmup done
[2026-05-23 10:49:12] benchmark iterations start
[2026-05-23 10:49:14] iteration 25/100 elapsed_s=1.1
[2026-05-23 10:49:15] iteration 50/100 elapsed_s=2.1
[2026-05-23 10:49:16] iteration 75/100 elapsed_s=3.1
[2026-05-23 10:49:17] iteration 100/100 elapsed_s=4.1
[2026-05-23 10:49:17] benchmark iterations done
[2026-05-23 10:49:17] mode complete mode=baseline mean_ms=41.084 std_ms=2.709 p95_ms=45.617
[2026-05-23 10:49:17] start mode=optimized model=GIN_int8.onnx device=NPU warmup=5 iters=100
[2026-05-23 10:49:17] creating session
[2026-05-23 10:49:17] session ready providers=OpenVINOExecutionProvider | CPUExecutionProvider
[2026-05-23 10:49:17] preparing inputs
[2026-05-23 10:49:18] inputs ready
[2026-05-23 10:49:18] warmup start
[2026-05-23 10:49:18] warmup done
[2026-05-23 10:49:18] benchmark iterations start
[2026-05-23 10:49:19] iteration 25/100 elapsed_s=1.1
[2026-05-23 10:49:20] iteration 50/100 elapsed_s=2.2
[2026-05-23 10:49:21] iteration 75/100 elapsed_s=3.3
[2026-05-23 10:49:22] iteration 100/100 elapsed_s=4.3
[2026-05-23 10:49:22] benchmark iterations done
[2026-05-23 10:49:22] mode complete mode=optimized mean_ms=42.649 std_ms=4.588 p95_ms=47.201
[2026-05-23 10:50:41] start mode=baseline model=GIN_int8.onnx device=NPU warmup=5 iters=100
[2026-05-23 10:50:41] creating session
[2026-05-23 10:50:41] session ready providers=OpenVINOExecutionProvider | CPUExecutionProvider
[2026-05-23 10:50:41] preparing inputs
[2026-05-23 10:50:43] inputs ready
[2026-05-23 10:50:43] warmup start
[2026-05-23 10:50:43] warmup done
[2026-05-23 10:50:43] benchmark iterations start
[2026-05-23 10:50:45] iteration 25/100 elapsed_s=1.0
[2026-05-23 10:50:45] iteration 50/100 elapsed_s=2.0
[2026-05-23 10:50:46] iteration 75/100 elapsed_s=3.0
[2026-05-23 10:50:47] iteration 100/100 elapsed_s=4.0
[2026-05-23 10:50:47] benchmark iterations done
[2026-05-23 10:50:48] mode complete mode=baseline mean_ms=40.011 std_ms=4.056 p95_ms=44.552
[2026-05-23 10:50:48] start mode=optimized model=GIN_int8.onnx device=NPU warmup=5 iters=100
[2026-05-23 10:50:48] creating session
[2026-05-23 10:50:48] session ready providers=OpenVINOExecutionProvider | CPUExecutionProvider
[2026-05-23 10:50:48] preparing inputs
[2026-05-23 10:50:50] inputs ready
[2026-05-23 10:50:50] warmup start
[2026-05-23 10:50:50] warmup done
[2026-05-23 10:50:50] benchmark iterations start
[2026-05-23 10:50:51] iteration 25/100 elapsed_s=1.0
[2026-05-23 10:50:52] iteration 50/100 elapsed_s=2.0
[2026-05-23 10:50:53] iteration 75/100 elapsed_s=3.0
[2026-05-23 10:50:54] iteration 100/100 elapsed_s=4.0
[2026-05-23 10:50:54] benchmark iterations done
[2026-05-23 10:50:54] mode complete mode=optimized mean_ms=40.050 std_ms=3.018 p95_ms=44.158
[2026-05-23 10:52:16] start mode=baseline model=GIN_int8.onnx device=NPU warmup=5 iters=100
[2026-05-23 10:52:16] creating session
[2026-05-23 10:52:16] session ready providers=OpenVINOExecutionProvider | CPUExecutionProvider
[2026-05-23 10:52:16] preparing inputs
[2026-05-23 10:52:18] inputs ready
[2026-05-23 10:52:18] warmup start
[2026-05-23 10:52:19] warmup done
[2026-05-23 10:52:19] benchmark iterations start
[2026-05-23 10:52:20] iteration 25/100 elapsed_s=1.1
[2026-05-23 10:52:21] iteration 50/100 elapsed_s=2.2
[2026-05-23 10:52:22] iteration 75/100 elapsed_s=3.3
[2026-05-23 10:52:23] iteration 100/100 elapsed_s=4.3
[2026-05-23 10:52:23] benchmark iterations done
[2026-05-23 10:52:23] mode complete mode=baseline mean_ms=42.924 std_ms=6.567 p95_ms=51.217
[2026-05-23 10:52:23] start mode=optimized model=GIN_int8.onnx device=NPU warmup=5 iters=100
[2026-05-23 10:52:23] creating session
[2026-05-23 10:52:24] session ready providers=OpenVINOExecutionProvider | CPUExecutionProvider
[2026-05-23 10:52:24] preparing inputs
[2026-05-23 10:52:26] inputs ready
[2026-05-23 10:52:26] warmup start
[2026-05-23 10:52:26] warmup done
[2026-05-23 10:52:26] benchmark iterations start
[2026-05-23 10:52:27] iteration 25/100 elapsed_s=1.1
[2026-05-23 10:52:28] iteration 50/100 elapsed_s=2.1
[2026-05-23 10:52:29] iteration 75/100 elapsed_s=3.0
[2026-05-23 10:52:30] iteration 100/100 elapsed_s=4.0
[2026-05-23 10:52:30] benchmark iterations done
[2026-05-23 10:52:30] mode complete mode=optimized mean_ms=39.813 std_ms=2.675 p95_ms=44.105
[2026-05-23 10:53:38] start mode=baseline model=GIN_int8.onnx device=GPU warmup=5 iters=100
[2026-05-23 10:53:38] creating session
[2026-05-23 10:53:40] session ready providers=OpenVINOExecutionProvider | CPUExecutionProvider
[2026-05-23 10:53:40] preparing inputs
[2026-05-23 10:53:40] inputs ready
[2026-05-23 10:53:40] warmup start
[2026-05-23 10:53:40] warmup done
[2026-05-23 10:53:40] benchmark iterations start
[2026-05-23 10:53:41] iteration 25/100 elapsed_s=0.9
[2026-05-23 10:53:42] iteration 50/100 elapsed_s=1.9
[2026-05-23 10:53:43] iteration 75/100 elapsed_s=2.8
[2026-05-23 10:53:44] iteration 100/100 elapsed_s=3.7
[2026-05-23 10:53:44] benchmark iterations done
[2026-05-23 10:53:44] mode complete mode=baseline mean_ms=37.111 std_ms=0.553 p95_ms=37.947
[2026-05-23 10:53:44] start mode=optimized model=GIN_int8.onnx device=GPU warmup=5 iters=100
[2026-05-23 10:53:44] creating session
[2026-05-23 10:53:46] session ready providers=OpenVINOExecutionProvider | CPUExecutionProvider
[2026-05-23 10:53:46] preparing inputs
[2026-05-23 10:53:46] inputs ready
[2026-05-23 10:53:46] warmup start
[2026-05-23 10:53:46] warmup done
[2026-05-23 10:53:46] benchmark iterations start
[2026-05-23 10:53:47] iteration 25/100 elapsed_s=0.9
[2026-05-23 10:53:48] iteration 50/100 elapsed_s=1.8
[2026-05-23 10:53:49] iteration 75/100 elapsed_s=2.7
[2026-05-23 10:53:50] iteration 100/100 elapsed_s=3.6
[2026-05-23 10:53:50] benchmark iterations done
[2026-05-23 10:53:50] mode complete mode=optimized mean_ms=36.250 std_ms=0.673 p95_ms=37.268
[2026-05-23 10:55:06] start mode=baseline model=GIN_int8.onnx device=GPU warmup=5 iters=100
[2026-05-23 10:55:06] creating session
[2026-05-23 10:55:07] session ready providers=OpenVINOExecutionProvider | CPUExecutionProvider
[2026-05-23 10:55:07] preparing inputs
[2026-05-23 10:55:09] inputs ready
[2026-05-23 10:55:09] warmup start
[2026-05-23 10:55:09] warmup done
[2026-05-23 10:55:09] benchmark iterations start
[2026-05-23 10:55:10] iteration 25/100 elapsed_s=0.9
[2026-05-23 10:55:11] iteration 50/100 elapsed_s=1.8
[2026-05-23 10:55:12] iteration 75/100 elapsed_s=2.7
[2026-05-23 10:55:13] iteration 100/100 elapsed_s=3.6
[2026-05-23 10:55:13] benchmark iterations done
[2026-05-23 10:55:13] mode complete mode=baseline mean_ms=36.373 std_ms=0.531 p95_ms=37.182
[2026-05-23 10:55:13] start mode=optimized model=GIN_int8.onnx device=GPU warmup=5 iters=100
[2026-05-23 10:55:13] creating session
[2026-05-23 10:55:15] session ready providers=OpenVINOExecutionProvider | CPUExecutionProvider
[2026-05-23 10:55:15] preparing inputs
[2026-05-23 10:55:16] inputs ready
[2026-05-23 10:55:16] warmup start
[2026-05-23 10:55:17] warmup done
[2026-05-23 10:55:17] benchmark iterations start
[2026-05-23 10:55:17] iteration 25/100 elapsed_s=0.9
[2026-05-23 10:55:18] iteration 50/100 elapsed_s=1.9
[2026-05-23 10:55:19] iteration 75/100 elapsed_s=2.8
[2026-05-23 10:55:20] iteration 100/100 elapsed_s=3.7
[2026-05-23 10:55:20] benchmark iterations done
[2026-05-23 10:55:20] mode complete mode=optimized mean_ms=37.208 std_ms=0.649 p95_ms=38.239
[2026-05-23 10:56:45] start mode=baseline model=GIN_int8.onnx device=GPU warmup=5 iters=100
[2026-05-23 10:56:45] creating session
[2026-05-23 10:56:46] session ready providers=OpenVINOExecutionProvider | CPUExecutionProvider
[2026-05-23 10:56:46] preparing inputs
[2026-05-23 10:56:49] inputs ready
[2026-05-23 10:56:49] warmup start
[2026-05-23 10:56:49] warmup done
[2026-05-23 10:56:49] benchmark iterations start
[2026-05-23 10:56:50] iteration 25/100 elapsed_s=0.9
[2026-05-23 10:56:51] iteration 50/100 elapsed_s=1.8
[2026-05-23 10:56:52] iteration 75/100 elapsed_s=2.8
[2026-05-23 10:56:53] iteration 100/100 elapsed_s=3.7
[2026-05-23 10:56:53] benchmark iterations done
[2026-05-23 10:56:53] mode complete mode=baseline mean_ms=36.649 std_ms=0.573 p95_ms=37.578
[2026-05-23 10:56:53] start mode=optimized model=GIN_int8.onnx device=GPU warmup=5 iters=100
[2026-05-23 10:56:53] creating session
[2026-05-23 10:56:54] session ready providers=OpenVINOExecutionProvider | CPUExecutionProvider
[2026-05-23 10:56:54] preparing inputs
[2026-05-23 10:56:57] inputs ready
[2026-05-23 10:56:57] warmup start
[2026-05-23 10:56:57] warmup done
[2026-05-23 10:56:57] benchmark iterations start
[2026-05-23 10:56:58] iteration 25/100 elapsed_s=0.9
[2026-05-23 10:56:59] iteration 50/100 elapsed_s=1.9
[2026-05-23 10:57:00] iteration 75/100 elapsed_s=2.8
[2026-05-23 10:57:01] iteration 100/100 elapsed_s=3.7
[2026-05-23 10:57:01] benchmark iterations done
[2026-05-23 10:57:01] mode complete mode=optimized mean_ms=37.075 std_ms=0.744 p95_ms=38.128
[2026-05-23 10:58:01] start mode=baseline model=GIN_int8.onnx device=CPU warmup=5 iters=100
[2026-05-23 10:58:01] creating session
[2026-05-23 10:58:01] session ready providers=OpenVINOExecutionProvider | CPUExecutionProvider
[2026-05-23 10:58:01] preparing inputs
[2026-05-23 10:58:02] inputs ready
[2026-05-23 10:58:02] warmup start
[2026-05-23 10:58:02] warmup done
[2026-05-23 10:58:02] benchmark iterations start
[2026-05-23 10:58:03] iteration 25/100 elapsed_s=1.1
[2026-05-23 10:58:04] iteration 50/100 elapsed_s=2.1
[2026-05-23 10:58:05] iteration 75/100 elapsed_s=3.2
[2026-05-23 10:58:06] iteration 100/100 elapsed_s=4.3
[2026-05-23 10:58:06] benchmark iterations done
[2026-05-23 10:58:06] mode complete mode=baseline mean_ms=43.111 std_ms=3.048 p95_ms=48.296
[2026-05-23 10:58:07] start mode=optimized model=GIN_int8.onnx device=CPU warmup=5 iters=100
[2026-05-23 10:58:07] creating session
[2026-05-23 10:58:07] session ready providers=OpenVINOExecutionProvider | CPUExecutionProvider
[2026-05-23 10:58:07] preparing inputs
[2026-05-23 10:58:07] inputs ready
[2026-05-23 10:58:07] warmup start
[2026-05-23 10:58:08] warmup done
[2026-05-23 10:58:08] benchmark iterations start
[2026-05-23 10:58:09] iteration 25/100 elapsed_s=1.1
[2026-05-23 10:58:10] iteration 50/100 elapsed_s=2.1
[2026-05-23 10:58:11] iteration 75/100 elapsed_s=3.2
[2026-05-23 10:58:12] iteration 100/100 elapsed_s=4.2
[2026-05-23 10:58:12] benchmark iterations done
[2026-05-23 10:58:12] mode complete mode=optimized mean_ms=42.093 std_ms=1.967 p95_ms=45.529
[2026-05-23 10:59:25] start mode=baseline model=GIN_int8.onnx device=CPU warmup=5 iters=100
[2026-05-23 10:59:25] creating session
[2026-05-23 10:59:25] session ready providers=OpenVINOExecutionProvider | CPUExecutionProvider
[2026-05-23 10:59:25] preparing inputs
[2026-05-23 10:59:27] inputs ready
[2026-05-23 10:59:27] warmup start
[2026-05-23 10:59:27] warmup done
[2026-05-23 10:59:27] benchmark iterations start
[2026-05-23 10:59:28] iteration 25/100 elapsed_s=1.0
[2026-05-23 10:59:29] iteration 50/100 elapsed_s=2.1
[2026-05-23 10:59:30] iteration 75/100 elapsed_s=3.2
[2026-05-23 10:59:32] iteration 100/100 elapsed_s=4.4
[2026-05-23 10:59:32] benchmark iterations done
[2026-05-23 10:59:32] mode complete mode=baseline mean_ms=43.998 std_ms=4.406 p95_ms=50.611
[2026-05-23 10:59:32] start mode=optimized model=GIN_int8.onnx device=CPU warmup=5 iters=100
[2026-05-23 10:59:32] creating session
[2026-05-23 10:59:32] session ready providers=OpenVINOExecutionProvider | CPUExecutionProvider
[2026-05-23 10:59:32] preparing inputs
[2026-05-23 10:59:34] inputs ready
[2026-05-23 10:59:34] warmup start
[2026-05-23 10:59:34] warmup done
[2026-05-23 10:59:34] benchmark iterations start
[2026-05-23 10:59:35] iteration 25/100 elapsed_s=1.1
[2026-05-23 10:59:36] iteration 50/100 elapsed_s=2.2
[2026-05-23 10:59:37] iteration 75/100 elapsed_s=3.3
[2026-05-23 10:59:39] iteration 100/100 elapsed_s=4.4
[2026-05-23 10:59:39] benchmark iterations done
[2026-05-23 10:59:39] mode complete mode=optimized mean_ms=43.508 std_ms=3.251 p95_ms=48.718
[2026-05-23 11:00:59] start mode=baseline model=GIN_int8.onnx device=CPU warmup=5 iters=100
[2026-05-23 11:00:59] creating session
[2026-05-23 11:01:00] session ready providers=OpenVINOExecutionProvider | CPUExecutionProvider
[2026-05-23 11:01:00] preparing inputs
[2026-05-23 11:01:02] inputs ready
[2026-05-23 11:01:02] warmup start
[2026-05-23 11:01:02] warmup done
[2026-05-23 11:01:02] benchmark iterations start
[2026-05-23 11:01:03] iteration 25/100 elapsed_s=1.0
[2026-05-23 11:01:04] iteration 50/100 elapsed_s=2.0
[2026-05-23 11:01:05] iteration 75/100 elapsed_s=3.1
[2026-05-23 11:01:06] iteration 100/100 elapsed_s=4.3
[2026-05-23 11:01:06] benchmark iterations done
[2026-05-23 11:01:06] mode complete mode=baseline mean_ms=42.633 std_ms=4.786 p95_ms=49.072
[2026-05-23 11:01:07] start mode=optimized model=GIN_int8.onnx device=CPU warmup=5 iters=100
[2026-05-23 11:01:07] creating session
[2026-05-23 11:01:07] session ready providers=OpenVINOExecutionProvider | CPUExecutionProvider
[2026-05-23 11:01:07] preparing inputs
[2026-05-23 11:01:10] inputs ready
[2026-05-23 11:01:10] warmup start
[2026-05-23 11:01:10] warmup done
[2026-05-23 11:01:10] benchmark iterations start
[2026-05-23 11:01:11] iteration 25/100 elapsed_s=1.0
[2026-05-23 11:01:12] iteration 50/100 elapsed_s=2.0
[2026-05-23 11:01:13] iteration 75/100 elapsed_s=3.1
[2026-05-23 11:01:14] iteration 100/100 elapsed_s=4.2
[2026-05-23 11:01:14] benchmark iterations done
[2026-05-23 11:01:14] mode complete mode=optimized mean_ms=41.789 std_ms=3.305 p95_ms=48.266
