[2026-05-23 14:53:02] start mode=baseline model=GCN_fp32.onnx device=NPU warmup=5 iters=100
[2026-05-23 14:53:02] creating session
[2026-05-23 14:53:02] session ready providers=OpenVINOExecutionProvider | CPUExecutionProvider
[2026-05-23 14:53:02] preparing inputs
[2026-05-23 14:53:03] inputs ready
[2026-05-23 14:53:03] warmup start
[2026-05-23 14:53:03] warmup done
[2026-05-23 14:53:03] benchmark iterations start
[2026-05-23 14:53:03] iteration 25/100 elapsed_s=0.2
[2026-05-23 14:53:03] iteration 50/100 elapsed_s=0.3
[2026-05-23 14:53:03] iteration 75/100 elapsed_s=0.4
[2026-05-23 14:53:03] iteration 100/100 elapsed_s=0.5
[2026-05-23 14:53:03] benchmark iterations done
[2026-05-23 14:53:03] mode complete mode=baseline mean_ms=4.795 std_ms=1.072 p95_ms=7.010
[2026-05-23 14:53:04] start mode=optimized model=GCN_fp32.onnx device=NPU warmup=5 iters=100
[2026-05-23 14:53:04] creating session
[2026-05-23 14:53:04] session ready providers=OpenVINOExecutionProvider | CPUExecutionProvider
[2026-05-23 14:53:04] preparing inputs
[2026-05-23 14:53:04] inputs ready
[2026-05-23 14:53:04] warmup start
[2026-05-23 14:53:04] warmup done
[2026-05-23 14:53:04] benchmark iterations start
[2026-05-23 14:53:04] iteration 25/100 elapsed_s=0.1
[2026-05-23 14:53:05] iteration 50/100 elapsed_s=0.3
[2026-05-23 14:53:05] iteration 75/100 elapsed_s=0.4
[2026-05-23 14:53:05] iteration 100/100 elapsed_s=0.5
[2026-05-23 14:53:05] benchmark iterations done
[2026-05-23 14:53:05] mode complete mode=optimized mean_ms=4.784 std_ms=0.973 p95_ms=7.010
[2026-05-23 14:56:39] start mode=baseline model=GCN_fp32.onnx device=CPU warmup=5 iters=100
[2026-05-23 14:56:39] creating session
[2026-05-23 14:56:40] session ready providers=OpenVINOExecutionProvider | CPUExecutionProvider
[2026-05-23 14:56:40] preparing inputs
[2026-05-23 14:56:40] inputs ready
[2026-05-23 14:56:40] warmup start
[2026-05-23 14:56:40] warmup done
[2026-05-23 14:56:40] benchmark iterations start
[2026-05-23 14:56:40] iteration 25/100 elapsed_s=0.1
[2026-05-23 14:56:40] iteration 50/100 elapsed_s=0.3
[2026-05-23 14:56:40] iteration 75/100 elapsed_s=0.4
[2026-05-23 14:56:41] iteration 100/100 elapsed_s=0.5
[2026-05-23 14:56:41] benchmark iterations done
[2026-05-23 14:56:41] mode complete mode=baseline mean_ms=4.804 std_ms=1.006 p95_ms=6.367
[2026-05-23 14:56:41] start mode=optimized model=GCN_fp32.onnx device=CPU warmup=5 iters=100
[2026-05-23 14:56:41] creating session
[2026-05-23 14:56:41] session ready providers=OpenVINOExecutionProvider | CPUExecutionProvider
[2026-05-23 14:56:41] preparing inputs
[2026-05-23 14:56:42] inputs ready
[2026-05-23 14:56:42] warmup start
[2026-05-23 14:56:42] warmup done
[2026-05-23 14:56:42] benchmark iterations start
[2026-05-23 14:56:42] iteration 25/100 elapsed_s=0.1
[2026-05-23 14:56:42] iteration 50/100 elapsed_s=0.3
[2026-05-23 14:56:42] iteration 75/100 elapsed_s=0.4
[2026-05-23 14:56:42] iteration 100/100 elapsed_s=0.5
[2026-05-23 14:56:42] benchmark iterations done
[2026-05-23 14:56:42] mode complete mode=optimized mean_ms=4.924 std_ms=0.793 p95_ms=6.486
