[2026-05-23 14:41:52] start mode=baseline model=GAT_fp32.onnx device=NPU warmup=5 iters=100
[2026-05-23 14:41:52] creating session
[2026-05-23 14:41:52] session ready providers=OpenVINOExecutionProvider | CPUExecutionProvider
[2026-05-23 14:41:52] preparing inputs
[2026-05-23 14:41:53] inputs ready
[2026-05-23 14:41:53] warmup start
[2026-05-23 14:41:53] warmup done
[2026-05-23 14:41:53] benchmark iterations start
[2026-05-23 14:41:53] iteration 25/100 elapsed_s=0.2
[2026-05-23 14:41:53] iteration 50/100 elapsed_s=0.4
[2026-05-23 14:41:53] iteration 75/100 elapsed_s=0.6
[2026-05-23 14:41:54] iteration 100/100 elapsed_s=0.7
[2026-05-23 14:41:54] benchmark iterations done
[2026-05-23 14:41:54] mode complete mode=baseline mean_ms=7.101 std_ms=1.736 p95_ms=11.080
[2026-05-23 14:41:54] start mode=optimized model=GAT_fp32.onnx device=NPU warmup=5 iters=100
[2026-05-23 14:41:54] creating session
[2026-05-23 14:41:54] session ready providers=OpenVINOExecutionProvider | CPUExecutionProvider
[2026-05-23 14:41:54] preparing inputs
[2026-05-23 14:41:55] inputs ready
[2026-05-23 14:41:55] warmup start
[2026-05-23 14:41:55] warmup done
[2026-05-23 14:41:55] benchmark iterations start
[2026-05-23 14:41:55] iteration 25/100 elapsed_s=0.2
[2026-05-23 14:41:55] iteration 50/100 elapsed_s=0.4
[2026-05-23 14:41:55] iteration 75/100 elapsed_s=0.5
[2026-05-23 14:41:55] iteration 100/100 elapsed_s=0.7
[2026-05-23 14:41:55] benchmark iterations done
[2026-05-23 14:41:55] mode complete mode=optimized mean_ms=6.822 std_ms=1.207 p95_ms=9.577
[2026-05-23 14:45:35] start mode=baseline model=GAT_fp32.onnx device=GPU warmup=5 iters=100
[2026-05-23 14:45:35] creating session
[2026-05-23 14:45:36] session ready providers=OpenVINOExecutionProvider | CPUExecutionProvider
[2026-05-23 14:45:36] preparing inputs
[2026-05-23 14:45:37] inputs ready
[2026-05-23 14:45:37] warmup start
[2026-05-23 14:45:37] warmup done
[2026-05-23 14:45:37] benchmark iterations start
[2026-05-23 14:45:37] iteration 25/100 elapsed_s=0.1
[2026-05-23 14:45:37] iteration 50/100 elapsed_s=0.3
[2026-05-23 14:45:37] iteration 75/100 elapsed_s=0.4
[2026-05-23 14:45:37] iteration 100/100 elapsed_s=0.5
[2026-05-23 14:45:37] benchmark iterations done
[2026-05-23 14:45:37] mode complete mode=baseline mean_ms=4.994 std_ms=0.476 p95_ms=5.737
[2026-05-23 14:45:37] start mode=optimized model=GAT_fp32.onnx device=GPU warmup=5 iters=100
[2026-05-23 14:45:37] creating session
[2026-05-23 14:45:39] session ready providers=OpenVINOExecutionProvider | CPUExecutionProvider
[2026-05-23 14:45:39] preparing inputs
[2026-05-23 14:45:39] inputs ready
[2026-05-23 14:45:39] warmup start
[2026-05-23 14:45:39] warmup done
[2026-05-23 14:45:39] benchmark iterations start
[2026-05-23 14:45:39] iteration 25/100 elapsed_s=0.1
[2026-05-23 14:45:39] iteration 50/100 elapsed_s=0.3
[2026-05-23 14:45:40] iteration 75/100 elapsed_s=0.4
[2026-05-23 14:45:40] iteration 100/100 elapsed_s=0.5
[2026-05-23 14:45:40] benchmark iterations done
[2026-05-23 14:45:40] mode complete mode=optimized mean_ms=5.084 std_ms=0.534 p95_ms=6.159
[2026-05-23 14:49:06] start mode=baseline model=GAT_fp32.onnx device=CPU warmup=5 iters=100
[2026-05-23 14:49:06] creating session
[2026-05-23 14:49:06] session ready providers=OpenVINOExecutionProvider | CPUExecutionProvider
[2026-05-23 14:49:06] preparing inputs
[2026-05-23 14:49:06] inputs ready
[2026-05-23 14:49:06] warmup start
[2026-05-23 14:49:06] warmup done
[2026-05-23 14:49:06] benchmark iterations start
[2026-05-23 14:49:06] iteration 25/100 elapsed_s=0.2
[2026-05-23 14:49:07] iteration 50/100 elapsed_s=0.3
[2026-05-23 14:49:07] iteration 75/100 elapsed_s=0.5
[2026-05-23 14:49:07] iteration 100/100 elapsed_s=0.7
[2026-05-23 14:49:07] benchmark iterations done
[2026-05-23 14:49:07] mode complete mode=baseline mean_ms=6.746 std_ms=0.937 p95_ms=8.416
[2026-05-23 14:49:07] start mode=optimized model=GAT_fp32.onnx device=CPU warmup=5 iters=100
[2026-05-23 14:49:07] creating session
[2026-05-23 14:49:08] session ready providers=OpenVINOExecutionProvider | CPUExecutionProvider
[2026-05-23 14:49:08] preparing inputs
[2026-05-23 14:49:08] inputs ready
[2026-05-23 14:49:08] warmup start
[2026-05-23 14:49:08] warmup done
[2026-05-23 14:49:08] benchmark iterations start
[2026-05-23 14:49:08] iteration 25/100 elapsed_s=0.2
[2026-05-23 14:49:08] iteration 50/100 elapsed_s=0.4
[2026-05-23 14:49:08] iteration 75/100 elapsed_s=0.5
[2026-05-23 14:49:09] iteration 100/100 elapsed_s=0.7
[2026-05-23 14:49:09] benchmark iterations done
[2026-05-23 14:49:09] mode complete mode=optimized mean_ms=6.707 std_ms=1.236 p95_ms=8.607
