[2026-05-23 16:04:23] start mode=baseline model=MPNN_int8.onnx device=GPU warmup=5 iters=100
[2026-05-23 16:04:23] creating session
[2026-05-23 16:04:23] session ready providers=CPUExecutionProvider
[2026-05-23 16:04:23] preparing inputs
[2026-05-23 16:04:24] inputs ready
[2026-05-23 16:04:24] warmup start
[2026-05-23 16:04:24] warmup done
[2026-05-23 16:04:24] benchmark iterations start
[2026-05-23 16:04:24] iteration 25/100 elapsed_s=0.4
[2026-05-23 16:04:25] iteration 50/100 elapsed_s=0.9
[2026-05-23 16:04:25] iteration 75/100 elapsed_s=1.2
[2026-05-23 16:04:26] iteration 100/100 elapsed_s=1.6
[2026-05-23 16:04:26] benchmark iterations done
[2026-05-23 16:04:26] mode complete mode=baseline mean_ms=16.115 std_ms=4.242 p95_ms=25.439
[2026-05-23 16:04:26] start mode=optimized model=MPNN_int8.onnx device=GPU warmup=5 iters=100
[2026-05-23 16:04:26] creating session
[2026-05-23 16:04:26] session ready providers=CPUExecutionProvider
[2026-05-23 16:04:26] preparing inputs
[2026-05-23 16:04:27] inputs ready
[2026-05-23 16:04:27] warmup start
[2026-05-23 16:04:27] warmup done
[2026-05-23 16:04:27] benchmark iterations start
[2026-05-23 16:04:27] iteration 25/100 elapsed_s=0.4
[2026-05-23 16:04:28] iteration 50/100 elapsed_s=0.8
[2026-05-23 16:04:28] iteration 75/100 elapsed_s=1.1
[2026-05-23 16:04:28] iteration 100/100 elapsed_s=1.5
[2026-05-23 16:04:28] benchmark iterations done
[2026-05-23 16:04:28] mode complete mode=optimized mean_ms=14.894 std_ms=5.712 p95_ms=22.805
[2026-05-23 16:10:20] start mode=baseline model=MPNN_int8.onnx device=CPU warmup=5 iters=100
[2026-05-23 16:10:20] creating session
[2026-05-23 16:10:21] session ready providers=CPUExecutionProvider
[2026-05-23 16:10:21] preparing inputs
[2026-05-23 16:10:21] inputs ready
[2026-05-23 16:10:21] warmup start
[2026-05-23 16:10:21] warmup done
[2026-05-23 16:10:21] benchmark iterations start
[2026-05-23 16:10:22] iteration 25/100 elapsed_s=0.3
[2026-05-23 16:10:22] iteration 50/100 elapsed_s=0.7
[2026-05-23 16:10:22] iteration 75/100 elapsed_s=1.0
[2026-05-23 16:10:23] iteration 100/100 elapsed_s=1.3
[2026-05-23 16:10:23] benchmark iterations done
[2026-05-23 16:10:23] mode complete mode=baseline mean_ms=13.283 std_ms=3.185 p95_ms=18.782
[2026-05-23 16:10:23] start mode=optimized model=MPNN_int8.onnx device=CPU warmup=5 iters=100
[2026-05-23 16:10:23] creating session
[2026-05-23 16:10:23] session ready providers=CPUExecutionProvider
[2026-05-23 16:10:23] preparing inputs
[2026-05-23 16:10:24] inputs ready
[2026-05-23 16:10:24] warmup start
[2026-05-23 16:10:24] warmup done
[2026-05-23 16:10:24] benchmark iterations start
[2026-05-23 16:10:24] iteration 25/100 elapsed_s=0.4
[2026-05-23 16:10:25] iteration 50/100 elapsed_s=0.7
[2026-05-23 16:10:25] iteration 75/100 elapsed_s=1.2
[2026-05-23 16:10:25] iteration 100/100 elapsed_s=1.5
[2026-05-23 16:10:25] benchmark iterations done
[2026-05-23 16:10:25] mode complete mode=optimized mean_ms=15.124 std_ms=3.803 p95_ms=22.014
