[2026-05-23 12:45:19] start mode=baseline model=APPNP_int8.onnx device=NPU warmup=5 iters=100
[2026-05-23 12:45:19] creating session
[2026-05-23 12:45:20] session ready providers=OpenVINOExecutionProvider | CPUExecutionProvider
[2026-05-23 12:45:20] preparing inputs
[2026-05-23 12:45:20] inputs ready
[2026-05-23 12:45:20] warmup start
[2026-05-23 12:45:20] warmup done
[2026-05-23 12:45:20] benchmark iterations start
[2026-05-23 12:45:20] iteration 25/100 elapsed_s=0.1
[2026-05-23 12:45:20] iteration 50/100 elapsed_s=0.3
[2026-05-23 12:45:20] iteration 75/100 elapsed_s=0.4
[2026-05-23 12:45:20] iteration 100/100 elapsed_s=0.5
[2026-05-23 12:45:20] benchmark iterations done
[2026-05-23 12:45:20] mode complete mode=baseline mean_ms=4.941 std_ms=0.795 p95_ms=6.517
[2026-05-23 12:45:21] start mode=optimized model=APPNP_int8.onnx device=NPU warmup=5 iters=100
[2026-05-23 12:45:21] creating session
[2026-05-23 12:45:21] session ready providers=OpenVINOExecutionProvider | CPUExecutionProvider
[2026-05-23 12:45:21] preparing inputs
[2026-05-23 12:45:21] inputs ready
[2026-05-23 12:45:21] warmup start
[2026-05-23 12:45:21] warmup done
[2026-05-23 12:45:21] benchmark iterations start
[2026-05-23 12:45:21] iteration 25/100 elapsed_s=0.2
[2026-05-23 12:45:22] iteration 50/100 elapsed_s=0.3
[2026-05-23 12:45:22] iteration 75/100 elapsed_s=0.4
[2026-05-23 12:45:22] iteration 100/100 elapsed_s=0.5
[2026-05-23 12:45:22] benchmark iterations done
[2026-05-23 12:45:22] mode complete mode=optimized mean_ms=5.220 std_ms=1.197 p95_ms=7.391
[2026-05-23 14:33:15] start mode=baseline model=APPNP_int8.onnx device=GPU warmup=5 iters=100
[2026-05-23 14:33:15] creating session
[2026-05-23 14:33:17] session ready providers=OpenVINOExecutionProvider | CPUExecutionProvider
[2026-05-23 14:33:17] preparing inputs
[2026-05-23 14:33:17] inputs ready
[2026-05-23 14:33:17] warmup start
[2026-05-23 14:33:17] warmup done
[2026-05-23 14:33:17] benchmark iterations start
[2026-05-23 14:33:17] iteration 25/100 elapsed_s=0.1
[2026-05-23 14:33:17] iteration 50/100 elapsed_s=0.2
[2026-05-23 14:33:17] iteration 75/100 elapsed_s=0.3
[2026-05-23 14:33:17] iteration 100/100 elapsed_s=0.3
[2026-05-23 14:33:17] benchmark iterations done
[2026-05-23 14:33:17] mode complete mode=baseline mean_ms=3.255 std_ms=0.793 p95_ms=4.747
[2026-05-23 14:33:18] start mode=optimized model=APPNP_int8.onnx device=GPU warmup=5 iters=100
[2026-05-23 14:33:18] creating session
[2026-05-23 14:33:19] session ready providers=OpenVINOExecutionProvider | CPUExecutionProvider
[2026-05-23 14:33:19] preparing inputs
[2026-05-23 14:33:19] inputs ready
[2026-05-23 14:33:19] warmup start
[2026-05-23 14:33:19] warmup done
[2026-05-23 14:33:19] benchmark iterations start
[2026-05-23 14:33:19] iteration 25/100 elapsed_s=0.1
[2026-05-23 14:33:19] iteration 50/100 elapsed_s=0.2
[2026-05-23 14:33:20] iteration 75/100 elapsed_s=0.3
[2026-05-23 14:33:20] iteration 100/100 elapsed_s=0.3
[2026-05-23 14:33:20] benchmark iterations done
[2026-05-23 14:33:20] mode complete mode=optimized mean_ms=3.347 std_ms=1.091 p95_ms=5.025
[2026-05-23 14:38:09] start mode=baseline model=APPNP_int8.onnx device=CPU warmup=5 iters=100
[2026-05-23 14:38:09] creating session
[2026-05-23 14:38:09] session ready providers=OpenVINOExecutionProvider | CPUExecutionProvider
[2026-05-23 14:38:09] preparing inputs
[2026-05-23 14:38:09] inputs ready
[2026-05-23 14:38:09] warmup start
[2026-05-23 14:38:09] warmup done
[2026-05-23 14:38:09] benchmark iterations start
[2026-05-23 14:38:10] iteration 25/100 elapsed_s=0.1
[2026-05-23 14:38:10] iteration 50/100 elapsed_s=0.3
[2026-05-23 14:38:10] iteration 75/100 elapsed_s=0.4
[2026-05-23 14:38:10] iteration 100/100 elapsed_s=0.5
[2026-05-23 14:38:10] benchmark iterations done
[2026-05-23 14:38:10] mode complete mode=baseline mean_ms=4.826 std_ms=0.831 p95_ms=6.699
[2026-05-23 14:38:10] start mode=optimized model=APPNP_int8.onnx device=CPU warmup=5 iters=100
[2026-05-23 14:38:10] creating session
[2026-05-23 14:38:11] session ready providers=OpenVINOExecutionProvider | CPUExecutionProvider
[2026-05-23 14:38:11] preparing inputs
[2026-05-23 14:38:11] inputs ready
[2026-05-23 14:38:11] warmup start
[2026-05-23 14:38:11] warmup done
[2026-05-23 14:38:11] benchmark iterations start
[2026-05-23 14:38:11] iteration 25/100 elapsed_s=0.1
[2026-05-23 14:38:11] iteration 50/100 elapsed_s=0.2
[2026-05-23 14:38:11] iteration 75/100 elapsed_s=0.3
[2026-05-23 14:38:11] iteration 100/100 elapsed_s=0.5
[2026-05-23 14:38:11] benchmark iterations done
[2026-05-23 14:38:11] mode complete mode=optimized mean_ms=4.520 std_ms=0.614 p95_ms=5.772
