[2026-05-23 14:59:26] start mode=baseline model=GIN_int8.onnx device=NPU warmup=5 iters=100
[2026-05-23 14:59:26] creating session
[2026-05-23 14:59:26] session ready providers=OpenVINOExecutionProvider | CPUExecutionProvider
[2026-05-23 14:59:26] preparing inputs
[2026-05-23 14:59:27] inputs ready
[2026-05-23 14:59:27] warmup start
[2026-05-23 14:59:27] warmup done
[2026-05-23 14:59:27] benchmark iterations start
[2026-05-23 14:59:27] iteration 25/100 elapsed_s=0.4
[2026-05-23 14:59:28] iteration 50/100 elapsed_s=0.8
[2026-05-23 14:59:28] iteration 75/100 elapsed_s=1.2
[2026-05-23 14:59:28] iteration 100/100 elapsed_s=1.7
[2026-05-23 14:59:28] benchmark iterations done
[2026-05-23 14:59:28] mode complete mode=baseline mean_ms=16.807 std_ms=2.364 p95_ms=20.476
[2026-05-23 14:59:29] start mode=optimized model=GIN_int8.onnx device=NPU warmup=5 iters=100
[2026-05-23 14:59:29] creating session
[2026-05-23 14:59:29] session ready providers=OpenVINOExecutionProvider | CPUExecutionProvider
[2026-05-23 14:59:29] preparing inputs
[2026-05-23 14:59:29] inputs ready
[2026-05-23 14:59:29] warmup start
[2026-05-23 14:59:30] warmup done
[2026-05-23 14:59:30] benchmark iterations start
[2026-05-23 14:59:30] iteration 25/100 elapsed_s=0.4
[2026-05-23 14:59:30] iteration 50/100 elapsed_s=0.8
[2026-05-23 14:59:31] iteration 75/100 elapsed_s=1.2
[2026-05-23 14:59:31] iteration 100/100 elapsed_s=1.6
[2026-05-23 14:59:31] benchmark iterations done
[2026-05-23 14:59:31] mode complete mode=optimized mean_ms=15.871 std_ms=3.157 p95_ms=18.100
[2026-05-23 15:10:22] start mode=baseline model=GIN_int8.onnx device=GPU warmup=5 iters=100
[2026-05-23 15:10:22] creating session
[2026-05-23 15:10:23] session ready providers=OpenVINOExecutionProvider | CPUExecutionProvider
[2026-05-23 15:10:23] preparing inputs
[2026-05-23 15:10:23] inputs ready
[2026-05-23 15:10:23] warmup start
[2026-05-23 15:10:23] warmup done
[2026-05-23 15:10:23] benchmark iterations start
[2026-05-23 15:10:23] iteration 25/100 elapsed_s=0.2
[2026-05-23 15:10:23] iteration 50/100 elapsed_s=0.4
[2026-05-23 15:10:24] iteration 75/100 elapsed_s=0.5
[2026-05-23 15:10:24] iteration 100/100 elapsed_s=0.7
[2026-05-23 15:10:24] benchmark iterations done
[2026-05-23 15:10:24] mode complete mode=baseline mean_ms=6.966 std_ms=0.632 p95_ms=8.005
[2026-05-23 15:10:24] start mode=optimized model=GIN_int8.onnx device=GPU warmup=5 iters=100
[2026-05-23 15:10:24] creating session
[2026-05-23 15:10:26] session ready providers=OpenVINOExecutionProvider | CPUExecutionProvider
[2026-05-23 15:10:26] preparing inputs
[2026-05-23 15:10:26] inputs ready
[2026-05-23 15:10:26] warmup start
[2026-05-23 15:10:26] warmup done
[2026-05-23 15:10:26] benchmark iterations start
[2026-05-23 15:10:26] iteration 25/100 elapsed_s=0.2
[2026-05-23 15:10:26] iteration 50/100 elapsed_s=0.4
[2026-05-23 15:10:26] iteration 75/100 elapsed_s=0.5
[2026-05-23 15:10:26] iteration 100/100 elapsed_s=0.7
[2026-05-23 15:10:26] benchmark iterations done
[2026-05-23 15:10:26] mode complete mode=optimized mean_ms=6.948 std_ms=0.590 p95_ms=7.938
[2026-05-23 15:17:03] start mode=baseline model=GIN_int8.onnx device=CPU warmup=5 iters=100
[2026-05-23 15:17:03] creating session
[2026-05-23 15:17:03] session ready providers=OpenVINOExecutionProvider | CPUExecutionProvider
[2026-05-23 15:17:03] preparing inputs
[2026-05-23 15:17:03] inputs ready
[2026-05-23 15:17:03] warmup start
[2026-05-23 15:17:03] warmup done
[2026-05-23 15:17:03] benchmark iterations start
[2026-05-23 15:17:04] iteration 25/100 elapsed_s=0.4
[2026-05-23 15:17:04] iteration 50/100 elapsed_s=0.8
[2026-05-23 15:17:05] iteration 75/100 elapsed_s=1.2
[2026-05-23 15:17:05] iteration 100/100 elapsed_s=1.6
[2026-05-23 15:17:05] benchmark iterations done
[2026-05-23 15:17:05] mode complete mode=baseline mean_ms=15.914 std_ms=2.807 p95_ms=17.481
[2026-05-23 15:17:05] start mode=optimized model=GIN_int8.onnx device=CPU warmup=5 iters=100
[2026-05-23 15:17:05] creating session
[2026-05-23 15:17:06] session ready providers=OpenVINOExecutionProvider | CPUExecutionProvider
[2026-05-23 15:17:06] preparing inputs
[2026-05-23 15:17:06] inputs ready
[2026-05-23 15:17:06] warmup start
[2026-05-23 15:17:06] warmup done
[2026-05-23 15:17:06] benchmark iterations start
[2026-05-23 15:17:07] iteration 25/100 elapsed_s=0.4
[2026-05-23 15:17:07] iteration 50/100 elapsed_s=0.8
[2026-05-23 15:17:07] iteration 75/100 elapsed_s=1.2
[2026-05-23 15:17:08] iteration 100/100 elapsed_s=1.5
[2026-05-23 15:17:08] benchmark iterations done
[2026-05-23 15:17:08] mode complete mode=optimized mean_ms=15.445 std_ms=2.017 p95_ms=17.148
