[2026-05-23 16:17:41] start mode=baseline model=SGC_int8.onnx device=NPU warmup=5 iters=100
[2026-05-23 16:17:41] creating session
[2026-05-23 16:17:42] session ready providers=OpenVINOExecutionProvider | CPUExecutionProvider
[2026-05-23 16:17:42] preparing inputs
[2026-05-23 16:17:42] inputs ready
[2026-05-23 16:17:42] warmup start
[2026-05-23 16:17:43] warmup done
[2026-05-23 16:17:43] benchmark iterations start
[2026-05-23 16:17:45] iteration 25/100 elapsed_s=2.7
[2026-05-23 16:17:48] iteration 50/100 elapsed_s=5.6
[2026-05-23 16:17:51] iteration 75/100 elapsed_s=8.4
[2026-05-23 16:17:54] iteration 100/100 elapsed_s=11.2
[2026-05-23 16:17:54] benchmark iterations done
[2026-05-23 16:17:54] mode complete mode=baseline mean_ms=111.470 std_ms=6.636 p95_ms=121.318
[2026-05-23 16:17:54] start mode=optimized model=SGC_int8.onnx device=NPU warmup=5 iters=100
[2026-05-23 16:17:54] creating session
[2026-05-23 16:17:54] session ready providers=OpenVINOExecutionProvider | CPUExecutionProvider
[2026-05-23 16:17:54] preparing inputs
[2026-05-23 16:17:55] inputs ready
[2026-05-23 16:17:55] warmup start
[2026-05-23 16:17:55] warmup done
[2026-05-23 16:17:55] benchmark iterations start
[2026-05-23 16:17:58] iteration 25/100 elapsed_s=2.8
[2026-05-23 16:18:01] iteration 50/100 elapsed_s=5.5
[2026-05-23 16:18:04] iteration 75/100 elapsed_s=8.3
[2026-05-23 16:18:07] iteration 100/100 elapsed_s=11.2
[2026-05-23 16:18:07] benchmark iterations done
[2026-05-23 16:18:07] mode complete mode=optimized mean_ms=111.606 std_ms=5.770 p95_ms=120.038
[2026-05-23 16:48:39] start mode=baseline model=SGC_int8.onnx device=GPU warmup=5 iters=100
[2026-05-23 16:48:40] creating session
[2026-05-23 16:48:41] session ready providers=OpenVINOExecutionProvider | CPUExecutionProvider
[2026-05-23 16:48:41] preparing inputs
[2026-05-23 16:48:41] inputs ready
[2026-05-23 16:48:41] warmup start
[2026-05-23 16:48:42] warmup done
[2026-05-23 16:48:42] benchmark iterations start
[2026-05-23 16:48:46] iteration 25/100 elapsed_s=4.0
[2026-05-23 16:48:50] iteration 50/100 elapsed_s=7.9
[2026-05-23 16:48:54] iteration 75/100 elapsed_s=11.9
[2026-05-23 16:48:58] iteration 100/100 elapsed_s=15.8
[2026-05-23 16:48:58] benchmark iterations done
[2026-05-23 16:48:58] mode complete mode=baseline mean_ms=158.417 std_ms=1.021 p95_ms=160.232
[2026-05-23 16:48:58] start mode=optimized model=SGC_int8.onnx device=GPU warmup=5 iters=100
[2026-05-23 16:48:58] creating session
[2026-05-23 16:49:00] session ready providers=OpenVINOExecutionProvider | CPUExecutionProvider
[2026-05-23 16:49:00] preparing inputs
[2026-05-23 16:49:00] inputs ready
[2026-05-23 16:49:00] warmup start
[2026-05-23 16:49:01] warmup done
[2026-05-23 16:49:01] benchmark iterations start
[2026-05-23 16:49:05] iteration 25/100 elapsed_s=4.0
[2026-05-23 16:49:09] iteration 50/100 elapsed_s=7.9
[2026-05-23 16:49:13] iteration 75/100 elapsed_s=11.9
[2026-05-23 16:49:17] iteration 100/100 elapsed_s=15.8
[2026-05-23 16:49:17] benchmark iterations done
[2026-05-23 16:49:17] mode complete mode=optimized mean_ms=158.326 std_ms=1.099 p95_ms=160.042
[2026-05-23 17:23:03] start mode=baseline model=SGC_int8.onnx device=CPU warmup=5 iters=100
[2026-05-23 17:23:03] creating session
[2026-05-23 17:23:04] session ready providers=OpenVINOExecutionProvider | CPUExecutionProvider
[2026-05-23 17:23:04] preparing inputs
[2026-05-23 17:23:04] inputs ready
[2026-05-23 17:23:04] warmup start
[2026-05-23 17:23:05] warmup done
[2026-05-23 17:23:05] benchmark iterations start
[2026-05-23 17:23:08] iteration 25/100 elapsed_s=2.8
[2026-05-23 17:23:10] iteration 50/100 elapsed_s=5.6
[2026-05-23 17:23:13] iteration 75/100 elapsed_s=8.3
[2026-05-23 17:23:16] iteration 100/100 elapsed_s=11.1
[2026-05-23 17:23:16] benchmark iterations done
[2026-05-23 17:23:16] mode complete mode=baseline mean_ms=110.896 std_ms=5.010 p95_ms=119.931
[2026-05-23 17:23:16] start mode=optimized model=SGC_int8.onnx device=CPU warmup=5 iters=100
[2026-05-23 17:23:16] creating session
[2026-05-23 17:23:17] session ready providers=OpenVINOExecutionProvider | CPUExecutionProvider
[2026-05-23 17:23:17] preparing inputs
[2026-05-23 17:23:17] inputs ready
[2026-05-23 17:23:17] warmup start
[2026-05-23 17:23:18] warmup done
[2026-05-23 17:23:18] benchmark iterations start
[2026-05-23 17:23:20] iteration 25/100 elapsed_s=2.7
[2026-05-23 17:23:23] iteration 50/100 elapsed_s=5.5
[2026-05-23 17:23:26] iteration 75/100 elapsed_s=8.3
[2026-05-23 17:23:29] iteration 100/100 elapsed_s=11.0
[2026-05-23 17:23:29] benchmark iterations done
[2026-05-23 17:23:29] mode complete mode=optimized mean_ms=110.235 std_ms=6.029 p95_ms=120.124
