[2026-05-23 15:57:32] start mode=baseline model=GraphTransformer_fp32.onnx device=NPU warmup=5 iters=100
[2026-05-23 15:57:32] creating session
[2026-05-23 15:57:32] session ready providers=OpenVINOExecutionProvider | CPUExecutionProvider
[2026-05-23 15:57:32] preparing inputs
[2026-05-23 15:57:32] inputs ready
[2026-05-23 15:57:32] warmup start
[2026-05-23 15:57:32] warmup done
[2026-05-23 15:57:32] benchmark iterations start
[2026-05-23 15:57:33] iteration 25/100 elapsed_s=0.3
[2026-05-23 15:57:33] iteration 50/100 elapsed_s=0.6
[2026-05-23 15:57:33] iteration 75/100 elapsed_s=0.8
[2026-05-23 15:57:34] iteration 100/100 elapsed_s=1.1
[2026-05-23 15:57:34] benchmark iterations done
[2026-05-23 15:57:34] mode complete mode=baseline mean_ms=10.553 std_ms=1.555 p95_ms=14.376
[2026-05-23 15:57:34] start mode=optimized model=GraphTransformer_fp32.onnx device=NPU warmup=5 iters=100
[2026-05-23 15:57:34] creating session
[2026-05-23 15:57:34] session ready providers=OpenVINOExecutionProvider | CPUExecutionProvider
[2026-05-23 15:57:34] preparing inputs
[2026-05-23 15:57:35] inputs ready
[2026-05-23 15:57:35] warmup start
[2026-05-23 15:57:35] warmup done
[2026-05-23 15:57:35] benchmark iterations start
[2026-05-23 15:57:35] iteration 25/100 elapsed_s=0.3
[2026-05-23 15:57:35] iteration 50/100 elapsed_s=0.6
[2026-05-23 15:57:35] iteration 75/100 elapsed_s=0.8
[2026-05-23 15:57:36] iteration 100/100 elapsed_s=1.1
[2026-05-23 15:57:36] benchmark iterations done
[2026-05-23 15:57:36] mode complete mode=optimized mean_ms=10.851 std_ms=1.456 p95_ms=13.633
[2026-05-23 15:59:55] start mode=baseline model=GraphTransformer_fp32.onnx device=GPU warmup=5 iters=100
[2026-05-23 15:59:55] creating session
[2026-05-23 15:59:56] session ready providers=OpenVINOExecutionProvider | CPUExecutionProvider
[2026-05-23 15:59:56] preparing inputs
[2026-05-23 15:59:56] inputs ready
[2026-05-23 15:59:56] warmup start
[2026-05-23 15:59:56] warmup done
[2026-05-23 15:59:56] benchmark iterations start
[2026-05-23 15:59:57] iteration 25/100 elapsed_s=0.1
[2026-05-23 15:59:57] iteration 50/100 elapsed_s=0.2
[2026-05-23 15:59:57] iteration 75/100 elapsed_s=0.3
[2026-05-23 15:59:57] iteration 100/100 elapsed_s=0.4
[2026-05-23 15:59:57] benchmark iterations done
[2026-05-23 15:59:57] mode complete mode=baseline mean_ms=3.707 std_ms=0.505 p95_ms=4.798
[2026-05-23 15:59:57] start mode=optimized model=GraphTransformer_fp32.onnx device=GPU warmup=5 iters=100
[2026-05-23 15:59:57] creating session
[2026-05-23 15:59:59] session ready providers=OpenVINOExecutionProvider | CPUExecutionProvider
[2026-05-23 15:59:59] preparing inputs
[2026-05-23 15:59:59] inputs ready
[2026-05-23 15:59:59] warmup start
[2026-05-23 15:59:59] warmup done
[2026-05-23 15:59:59] benchmark iterations start
[2026-05-23 15:59:59] iteration 25/100 elapsed_s=0.1
[2026-05-23 15:59:59] iteration 50/100 elapsed_s=0.2
[2026-05-23 15:59:59] iteration 75/100 elapsed_s=0.3
[2026-05-23 15:59:59] iteration 100/100 elapsed_s=0.4
[2026-05-23 15:59:59] benchmark iterations done
[2026-05-23 15:59:59] mode complete mode=optimized mean_ms=3.523 std_ms=0.529 p95_ms=4.753
[2026-05-23 16:01:58] start mode=baseline model=GraphTransformer_fp32.onnx device=CPU warmup=5 iters=100
[2026-05-23 16:01:58] creating session
[2026-05-23 16:01:58] session ready providers=OpenVINOExecutionProvider | CPUExecutionProvider
[2026-05-23 16:01:58] preparing inputs
[2026-05-23 16:01:59] inputs ready
[2026-05-23 16:01:59] warmup start
[2026-05-23 16:01:59] warmup done
[2026-05-23 16:01:59] benchmark iterations start
[2026-05-23 16:01:59] iteration 25/100 elapsed_s=0.3
[2026-05-23 16:01:59] iteration 50/100 elapsed_s=0.5
[2026-05-23 16:02:00] iteration 75/100 elapsed_s=0.8
[2026-05-23 16:02:00] iteration 100/100 elapsed_s=1.1
[2026-05-23 16:02:00] benchmark iterations done
[2026-05-23 16:02:00] mode complete mode=baseline mean_ms=10.678 std_ms=1.230 p95_ms=12.260
[2026-05-23 16:02:00] start mode=optimized model=GraphTransformer_fp32.onnx device=CPU warmup=5 iters=100
[2026-05-23 16:02:00] creating session
[2026-05-23 16:02:00] session ready providers=OpenVINOExecutionProvider | CPUExecutionProvider
[2026-05-23 16:02:00] preparing inputs
[2026-05-23 16:02:01] inputs ready
[2026-05-23 16:02:01] warmup start
[2026-05-23 16:02:01] warmup done
[2026-05-23 16:02:01] benchmark iterations start
[2026-05-23 16:02:01] iteration 25/100 elapsed_s=0.3
[2026-05-23 16:02:02] iteration 50/100 elapsed_s=0.5
[2026-05-23 16:02:02] iteration 75/100 elapsed_s=0.8
[2026-05-23 16:02:02] iteration 100/100 elapsed_s=1.1
[2026-05-23 16:02:02] benchmark iterations done
[2026-05-23 16:02:02] mode complete mode=optimized mean_ms=10.673 std_ms=1.286 p95_ms=12.818
