[2026-05-23 14:42:53] start mode=baseline model=GAT_fp32.onnx device=NPU warmup=5 iters=100
[2026-05-23 14:42:53] creating session
[2026-05-23 14:42:54] session ready providers=OpenVINOExecutionProvider | CPUExecutionProvider
[2026-05-23 14:42:54] preparing inputs
[2026-05-23 14:42:54] inputs ready
[2026-05-23 14:42:54] warmup start
[2026-05-23 14:42:54] warmup done
[2026-05-23 14:42:54] benchmark iterations start
[2026-05-23 14:42:55] iteration 25/100 elapsed_s=0.5
[2026-05-23 14:42:55] iteration 50/100 elapsed_s=0.9
[2026-05-23 14:42:56] iteration 75/100 elapsed_s=1.4
[2026-05-23 14:42:56] iteration 100/100 elapsed_s=1.9
[2026-05-23 14:42:56] benchmark iterations done
[2026-05-23 14:42:56] mode complete mode=baseline mean_ms=18.653 std_ms=1.435 p95_ms=19.798
[2026-05-23 14:42:56] start mode=optimized model=GAT_fp32.onnx device=NPU warmup=5 iters=100
[2026-05-23 14:42:56] creating session
[2026-05-23 14:42:57] session ready providers=OpenVINOExecutionProvider | CPUExecutionProvider
[2026-05-23 14:42:57] preparing inputs
[2026-05-23 14:42:57] inputs ready
[2026-05-23 14:42:57] warmup start
[2026-05-23 14:42:57] warmup done
[2026-05-23 14:42:57] benchmark iterations start
[2026-05-23 14:42:58] iteration 25/100 elapsed_s=0.5
[2026-05-23 14:42:58] iteration 50/100 elapsed_s=0.9
[2026-05-23 14:42:59] iteration 75/100 elapsed_s=1.4
[2026-05-23 14:42:59] iteration 100/100 elapsed_s=1.9
[2026-05-23 14:42:59] benchmark iterations done
[2026-05-23 14:42:59] mode complete mode=optimized mean_ms=18.823 std_ms=1.255 p95_ms=21.079
[2026-05-23 14:46:50] start mode=baseline model=GAT_fp32.onnx device=GPU warmup=5 iters=100
[2026-05-23 14:46:50] creating session
[2026-05-23 14:46:52] session ready providers=OpenVINOExecutionProvider | CPUExecutionProvider
[2026-05-23 14:46:52] preparing inputs
[2026-05-23 14:46:52] inputs ready
[2026-05-23 14:46:52] warmup start
[2026-05-23 14:46:52] warmup done
[2026-05-23 14:46:52] benchmark iterations start
[2026-05-23 14:46:53] iteration 25/100 elapsed_s=0.4
[2026-05-23 14:46:53] iteration 50/100 elapsed_s=0.9
[2026-05-23 14:46:54] iteration 75/100 elapsed_s=1.3
[2026-05-23 14:46:54] iteration 100/100 elapsed_s=1.7
[2026-05-23 14:46:54] benchmark iterations done
[2026-05-23 14:46:54] mode complete mode=baseline mean_ms=17.325 std_ms=0.595 p95_ms=18.376
[2026-05-23 14:46:54] start mode=optimized model=GAT_fp32.onnx device=GPU warmup=5 iters=100
[2026-05-23 14:46:54] creating session
[2026-05-23 14:46:56] session ready providers=OpenVINOExecutionProvider | CPUExecutionProvider
[2026-05-23 14:46:56] preparing inputs
[2026-05-23 14:46:56] inputs ready
[2026-05-23 14:46:56] warmup start
[2026-05-23 14:46:56] warmup done
[2026-05-23 14:46:56] benchmark iterations start
[2026-05-23 14:46:57] iteration 25/100 elapsed_s=0.4
[2026-05-23 14:46:57] iteration 50/100 elapsed_s=0.9
[2026-05-23 14:46:57] iteration 75/100 elapsed_s=1.3
[2026-05-23 14:46:58] iteration 100/100 elapsed_s=1.7
[2026-05-23 14:46:58] benchmark iterations done
[2026-05-23 14:46:58] mode complete mode=optimized mean_ms=17.303 std_ms=0.796 p95_ms=18.513
[2026-05-23 14:50:06] start mode=baseline model=GAT_fp32.onnx device=CPU warmup=5 iters=100
[2026-05-23 14:50:06] creating session
[2026-05-23 14:50:06] session ready providers=OpenVINOExecutionProvider | CPUExecutionProvider
[2026-05-23 14:50:06] preparing inputs
[2026-05-23 14:50:06] inputs ready
[2026-05-23 14:50:06] warmup start
[2026-05-23 14:50:06] warmup done
[2026-05-23 14:50:06] benchmark iterations start
[2026-05-23 14:50:07] iteration 25/100 elapsed_s=0.5
[2026-05-23 14:50:07] iteration 50/100 elapsed_s=0.9
[2026-05-23 14:50:08] iteration 75/100 elapsed_s=1.4
[2026-05-23 14:50:08] iteration 100/100 elapsed_s=1.9
[2026-05-23 14:50:08] benchmark iterations done
[2026-05-23 14:50:08] mode complete mode=baseline mean_ms=18.654 std_ms=1.183 p95_ms=21.049
[2026-05-23 14:50:09] start mode=optimized model=GAT_fp32.onnx device=CPU warmup=5 iters=100
[2026-05-23 14:50:09] creating session
[2026-05-23 14:50:09] session ready providers=OpenVINOExecutionProvider | CPUExecutionProvider
[2026-05-23 14:50:09] preparing inputs
[2026-05-23 14:50:09] inputs ready
[2026-05-23 14:50:09] warmup start
[2026-05-23 14:50:09] warmup done
[2026-05-23 14:50:09] benchmark iterations start
[2026-05-23 14:50:10] iteration 25/100 elapsed_s=0.5
[2026-05-23 14:50:10] iteration 50/100 elapsed_s=0.9
[2026-05-23 14:50:11] iteration 75/100 elapsed_s=1.4
[2026-05-23 14:50:11] iteration 100/100 elapsed_s=1.8
[2026-05-23 14:50:11] benchmark iterations done
[2026-05-23 14:50:11] mode complete mode=optimized mean_ms=18.428 std_ms=1.040 p95_ms=20.215
