[2026-05-23 15:07:45] start mode=baseline model=GIN_int8.onnx device=NPU warmup=5 iters=100
[2026-05-23 15:07:45] creating session
[2026-05-23 15:07:46] session ready providers=OpenVINOExecutionProvider | CPUExecutionProvider
[2026-05-23 15:07:46] preparing inputs
[2026-05-23 15:07:46] inputs ready
[2026-05-23 15:07:46] warmup start
[2026-05-23 15:07:47] warmup done
[2026-05-23 15:07:47] benchmark iterations start
[2026-05-23 15:07:53] iteration 25/100 elapsed_s=5.5
[2026-05-23 15:07:58] iteration 50/100 elapsed_s=11.1
[2026-05-23 15:08:04] iteration 75/100 elapsed_s=16.5
[2026-05-23 15:08:09] iteration 100/100 elapsed_s=21.8
[2026-05-23 15:08:09] benchmark iterations done
[2026-05-23 15:08:09] mode complete mode=baseline mean_ms=217.781 std_ms=16.425 p95_ms=247.725
[2026-05-23 15:08:09] start mode=optimized model=GIN_int8.onnx device=NPU warmup=5 iters=100
[2026-05-23 15:08:09] creating session
[2026-05-23 15:08:10] session ready providers=OpenVINOExecutionProvider | CPUExecutionProvider
[2026-05-23 15:08:10] preparing inputs
[2026-05-23 15:08:10] inputs ready
[2026-05-23 15:08:10] warmup start
[2026-05-23 15:08:11] warmup done
[2026-05-23 15:08:11] benchmark iterations start
[2026-05-23 15:08:17] iteration 25/100 elapsed_s=5.5
[2026-05-23 15:08:22] iteration 50/100 elapsed_s=11.0
[2026-05-23 15:08:28] iteration 75/100 elapsed_s=16.4
[2026-05-23 15:08:33] iteration 100/100 elapsed_s=21.8
[2026-05-23 15:08:33] benchmark iterations done
[2026-05-23 15:08:33] mode complete mode=optimized mean_ms=217.562 std_ms=15.030 p95_ms=243.419
[2026-05-23 15:15:29] start mode=baseline model=GIN_int8.onnx device=GPU warmup=5 iters=100
[2026-05-23 15:15:29] creating session
[2026-05-23 15:15:30] session ready providers=OpenVINOExecutionProvider | CPUExecutionProvider
[2026-05-23 15:15:30] preparing inputs
[2026-05-23 15:15:30] inputs ready
[2026-05-23 15:15:30] warmup start
[2026-05-23 15:15:31] warmup done
[2026-05-23 15:15:31] benchmark iterations start
[2026-05-23 15:15:33] iteration 25/100 elapsed_s=2.4
[2026-05-23 15:15:35] iteration 50/100 elapsed_s=4.8
[2026-05-23 15:15:38] iteration 75/100 elapsed_s=7.2
[2026-05-23 15:15:40] iteration 100/100 elapsed_s=9.5
[2026-05-23 15:15:40] benchmark iterations done
[2026-05-23 15:15:40] mode complete mode=baseline mean_ms=95.378 std_ms=1.104 p95_ms=96.962
[2026-05-23 15:15:41] start mode=optimized model=GIN_int8.onnx device=GPU warmup=5 iters=100
[2026-05-23 15:15:41] creating session
[2026-05-23 15:15:42] session ready providers=OpenVINOExecutionProvider | CPUExecutionProvider
[2026-05-23 15:15:42] preparing inputs
[2026-05-23 15:15:42] inputs ready
[2026-05-23 15:15:42] warmup start
[2026-05-23 15:15:43] warmup done
[2026-05-23 15:15:43] benchmark iterations start
[2026-05-23 15:15:45] iteration 25/100 elapsed_s=2.4
[2026-05-23 15:15:48] iteration 50/100 elapsed_s=4.8
[2026-05-23 15:15:50] iteration 75/100 elapsed_s=7.1
[2026-05-23 15:15:52] iteration 100/100 elapsed_s=9.5
[2026-05-23 15:15:52] benchmark iterations done
[2026-05-23 15:15:52] mode complete mode=optimized mean_ms=95.322 std_ms=1.342 p95_ms=97.346
[2026-05-23 15:25:26] start mode=baseline model=GIN_int8.onnx device=CPU warmup=5 iters=100
[2026-05-23 15:25:26] creating session
[2026-05-23 15:25:26] session ready providers=OpenVINOExecutionProvider | CPUExecutionProvider
[2026-05-23 15:25:26] preparing inputs
[2026-05-23 15:25:27] inputs ready
[2026-05-23 15:25:27] warmup start
[2026-05-23 15:25:28] warmup done
[2026-05-23 15:25:28] benchmark iterations start
[2026-05-23 15:25:34] iteration 25/100 elapsed_s=5.6
[2026-05-23 15:25:39] iteration 50/100 elapsed_s=11.2
[2026-05-23 15:25:45] iteration 75/100 elapsed_s=16.7
[2026-05-23 15:25:50] iteration 100/100 elapsed_s=22.2
[2026-05-23 15:25:50] benchmark iterations done
[2026-05-23 15:25:50] mode complete mode=baseline mean_ms=222.241 std_ms=15.268 p95_ms=252.854
[2026-05-23 15:25:51] start mode=optimized model=GIN_int8.onnx device=CPU warmup=5 iters=100
[2026-05-23 15:25:51] creating session
[2026-05-23 15:25:51] session ready providers=OpenVINOExecutionProvider | CPUExecutionProvider
[2026-05-23 15:25:51] preparing inputs
[2026-05-23 15:25:51] inputs ready
[2026-05-23 15:25:51] warmup start
[2026-05-23 15:25:52] warmup done
[2026-05-23 15:25:52] benchmark iterations start
[2026-05-23 15:25:58] iteration 25/100 elapsed_s=5.7
[2026-05-23 15:26:04] iteration 50/100 elapsed_s=11.2
[2026-05-23 15:26:09] iteration 75/100 elapsed_s=16.8
[2026-05-23 15:26:15] iteration 100/100 elapsed_s=22.4
[2026-05-23 15:26:15] benchmark iterations done
[2026-05-23 15:26:15] mode complete mode=optimized mean_ms=223.937 std_ms=17.702 p95_ms=246.939
