[2026-05-23 13:06:21] start mode=baseline model=APPNP_fp32.onnx device=NPU warmup=5 iters=100
[2026-05-23 13:06:21] creating session
[2026-05-23 13:06:22] session ready providers=OpenVINOExecutionProvider | CPUExecutionProvider
[2026-05-23 13:06:22] preparing inputs
[2026-05-23 13:06:22] inputs ready
[2026-05-23 13:06:22] warmup start
[2026-05-23 13:06:22] warmup done
[2026-05-23 13:06:22] benchmark iterations start
[2026-05-23 13:06:22] iteration 25/100 elapsed_s=0.3
[2026-05-23 13:06:23] iteration 50/100 elapsed_s=0.6
[2026-05-23 13:06:23] iteration 75/100 elapsed_s=0.9
[2026-05-23 13:06:23] iteration 100/100 elapsed_s=1.2
[2026-05-23 13:06:23] benchmark iterations done
[2026-05-23 13:06:23] mode complete mode=baseline mean_ms=11.799 std_ms=1.002 p95_ms=14.277
[2026-05-23 13:06:24] start mode=optimized model=APPNP_fp32.onnx device=NPU warmup=5 iters=100
[2026-05-23 13:06:24] creating session
[2026-05-23 13:06:24] session ready providers=OpenVINOExecutionProvider | CPUExecutionProvider
[2026-05-23 13:06:24] preparing inputs
[2026-05-23 13:06:24] inputs ready
[2026-05-23 13:06:24] warmup start
[2026-05-23 13:06:25] warmup done
[2026-05-23 13:06:25] benchmark iterations start
[2026-05-23 13:06:25] iteration 25/100 elapsed_s=0.3
[2026-05-23 13:06:25] iteration 50/100 elapsed_s=0.6
[2026-05-23 13:06:25] iteration 75/100 elapsed_s=0.9
[2026-05-23 13:06:26] iteration 100/100 elapsed_s=1.1
[2026-05-23 13:06:26] benchmark iterations done
[2026-05-23 13:06:26] mode complete mode=optimized mean_ms=11.427 std_ms=1.607 p95_ms=12.006
[2026-05-23 14:34:43] start mode=baseline model=APPNP_fp32.onnx device=GPU warmup=5 iters=100
[2026-05-23 14:34:43] creating session
[2026-05-23 14:34:44] session ready providers=OpenVINOExecutionProvider | CPUExecutionProvider
[2026-05-23 14:34:44] preparing inputs
[2026-05-23 14:34:45] inputs ready
[2026-05-23 14:34:45] warmup start
[2026-05-23 14:34:45] warmup done
[2026-05-23 14:34:45] benchmark iterations start
[2026-05-23 14:34:45] iteration 25/100 elapsed_s=0.2
[2026-05-23 14:34:45] iteration 50/100 elapsed_s=0.3
[2026-05-23 14:34:45] iteration 75/100 elapsed_s=0.5
[2026-05-23 14:34:45] iteration 100/100 elapsed_s=0.7
[2026-05-23 14:34:45] benchmark iterations done
[2026-05-23 14:34:45] mode complete mode=baseline mean_ms=6.535 std_ms=0.636 p95_ms=7.631
[2026-05-23 14:34:46] start mode=optimized model=APPNP_fp32.onnx device=GPU warmup=5 iters=100
[2026-05-23 14:34:46] creating session
[2026-05-23 14:34:47] session ready providers=OpenVINOExecutionProvider | CPUExecutionProvider
[2026-05-23 14:34:47] preparing inputs
[2026-05-23 14:34:47] inputs ready
[2026-05-23 14:34:47] warmup start
[2026-05-23 14:34:47] warmup done
[2026-05-23 14:34:47] benchmark iterations start
[2026-05-23 14:34:47] iteration 25/100 elapsed_s=0.2
[2026-05-23 14:34:48] iteration 50/100 elapsed_s=0.3
[2026-05-23 14:34:48] iteration 75/100 elapsed_s=0.5
[2026-05-23 14:34:48] iteration 100/100 elapsed_s=0.7
[2026-05-23 14:34:48] benchmark iterations done
[2026-05-23 14:34:48] mode complete mode=optimized mean_ms=6.541 std_ms=0.701 p95_ms=7.603
[2026-05-23 14:38:51] start mode=baseline model=APPNP_fp32.onnx device=CPU warmup=5 iters=100
[2026-05-23 14:38:51] creating session
[2026-05-23 14:38:51] session ready providers=OpenVINOExecutionProvider | CPUExecutionProvider
[2026-05-23 14:38:51] preparing inputs
[2026-05-23 14:38:52] inputs ready
[2026-05-23 14:38:52] warmup start
[2026-05-23 14:38:52] warmup done
[2026-05-23 14:38:52] benchmark iterations start
[2026-05-23 14:38:52] iteration 25/100 elapsed_s=0.3
[2026-05-23 14:38:52] iteration 50/100 elapsed_s=0.6
[2026-05-23 14:38:53] iteration 75/100 elapsed_s=0.9
[2026-05-23 14:38:53] iteration 100/100 elapsed_s=1.2
[2026-05-23 14:38:53] benchmark iterations done
[2026-05-23 14:38:53] mode complete mode=baseline mean_ms=12.294 std_ms=0.722 p95_ms=13.544
[2026-05-23 14:38:53] start mode=optimized model=APPNP_fp32.onnx device=CPU warmup=5 iters=100
[2026-05-23 14:38:53] creating session
[2026-05-23 14:38:54] session ready providers=OpenVINOExecutionProvider | CPUExecutionProvider
[2026-05-23 14:38:54] preparing inputs
[2026-05-23 14:38:54] inputs ready
[2026-05-23 14:38:54] warmup start
[2026-05-23 14:38:54] warmup done
[2026-05-23 14:38:54] benchmark iterations start
[2026-05-23 14:38:54] iteration 25/100 elapsed_s=0.3
[2026-05-23 14:38:55] iteration 50/100 elapsed_s=0.6
[2026-05-23 14:38:55] iteration 75/100 elapsed_s=0.9
[2026-05-23 14:38:55] iteration 100/100 elapsed_s=1.2
[2026-05-23 14:38:55] benchmark iterations done
[2026-05-23 14:38:55] mode complete mode=optimized mean_ms=12.401 std_ms=0.753 p95_ms=13.672
