[2026-05-23 16:15:38] start mode=baseline model=SGC_fp32.onnx device=NPU warmup=5 iters=100
[2026-05-23 16:15:38] creating session
[2026-05-23 16:15:38] session ready providers=OpenVINOExecutionProvider | CPUExecutionProvider
[2026-05-23 16:15:38] preparing inputs
[2026-05-23 16:15:39] inputs ready
[2026-05-23 16:15:39] warmup start
[2026-05-23 16:15:39] warmup done
[2026-05-23 16:15:39] benchmark iterations start
[2026-05-23 16:15:40] iteration 25/100 elapsed_s=0.7
[2026-05-23 16:15:40] iteration 50/100 elapsed_s=1.3
[2026-05-23 16:15:41] iteration 75/100 elapsed_s=2.0
[2026-05-23 16:15:42] iteration 100/100 elapsed_s=2.6
[2026-05-23 16:15:42] benchmark iterations done
[2026-05-23 16:15:42] mode complete mode=baseline mean_ms=25.693 std_ms=2.496 p95_ms=28.311
[2026-05-23 16:15:42] start mode=optimized model=SGC_fp32.onnx device=NPU warmup=5 iters=100
[2026-05-23 16:15:42] creating session
[2026-05-23 16:15:42] session ready providers=OpenVINOExecutionProvider | CPUExecutionProvider
[2026-05-23 16:15:42] preparing inputs
[2026-05-23 16:15:43] inputs ready
[2026-05-23 16:15:43] warmup start
[2026-05-23 16:15:43] warmup done
[2026-05-23 16:15:43] benchmark iterations start
[2026-05-23 16:15:44] iteration 25/100 elapsed_s=0.6
[2026-05-23 16:15:44] iteration 50/100 elapsed_s=1.3
[2026-05-23 16:15:45] iteration 75/100 elapsed_s=1.9
[2026-05-23 16:15:45] iteration 100/100 elapsed_s=2.5
[2026-05-23 16:15:45] benchmark iterations done
[2026-05-23 16:15:45] mode complete mode=optimized mean_ms=25.280 std_ms=1.314 p95_ms=27.864
[2026-05-23 16:44:39] start mode=baseline model=SGC_fp32.onnx device=GPU warmup=5 iters=100
[2026-05-23 16:44:39] creating session
[2026-05-23 16:44:40] session ready providers=OpenVINOExecutionProvider | CPUExecutionProvider
[2026-05-23 16:44:40] preparing inputs
[2026-05-23 16:44:40] inputs ready
[2026-05-23 16:44:40] warmup start
[2026-05-23 16:44:41] warmup done
[2026-05-23 16:44:41] benchmark iterations start
[2026-05-23 16:44:42] iteration 25/100 elapsed_s=1.1
[2026-05-23 16:44:43] iteration 50/100 elapsed_s=2.2
[2026-05-23 16:44:44] iteration 75/100 elapsed_s=3.4
[2026-05-23 16:44:45] iteration 100/100 elapsed_s=4.5
[2026-05-23 16:44:45] benchmark iterations done
[2026-05-23 16:44:45] mode complete mode=baseline mean_ms=44.710 std_ms=0.997 p95_ms=46.163
[2026-05-23 16:44:45] start mode=optimized model=SGC_fp32.onnx device=GPU warmup=5 iters=100
[2026-05-23 16:44:45] creating session
[2026-05-23 16:44:47] session ready providers=OpenVINOExecutionProvider | CPUExecutionProvider
[2026-05-23 16:44:47] preparing inputs
[2026-05-23 16:44:47] inputs ready
[2026-05-23 16:44:47] warmup start
[2026-05-23 16:44:47] warmup done
[2026-05-23 16:44:47] benchmark iterations start
[2026-05-23 16:44:48] iteration 25/100 elapsed_s=1.1
[2026-05-23 16:44:49] iteration 50/100 elapsed_s=2.2
[2026-05-23 16:44:51] iteration 75/100 elapsed_s=3.3
[2026-05-23 16:44:52] iteration 100/100 elapsed_s=4.5
[2026-05-23 16:44:52] benchmark iterations done
[2026-05-23 16:44:52] mode complete mode=optimized mean_ms=44.590 std_ms=0.996 p95_ms=46.037
[2026-05-23 17:21:03] start mode=baseline model=SGC_fp32.onnx device=CPU warmup=5 iters=100
[2026-05-23 17:21:03] creating session
[2026-05-23 17:21:04] session ready providers=OpenVINOExecutionProvider | CPUExecutionProvider
[2026-05-23 17:21:04] preparing inputs
[2026-05-23 17:21:04] inputs ready
[2026-05-23 17:21:04] warmup start
[2026-05-23 17:21:04] warmup done
[2026-05-23 17:21:04] benchmark iterations start
[2026-05-23 17:21:05] iteration 25/100 elapsed_s=0.6
[2026-05-23 17:21:06] iteration 50/100 elapsed_s=1.3
[2026-05-23 17:21:06] iteration 75/100 elapsed_s=1.9
[2026-05-23 17:21:07] iteration 100/100 elapsed_s=2.5
[2026-05-23 17:21:07] benchmark iterations done
[2026-05-23 17:21:07] mode complete mode=baseline mean_ms=24.936 std_ms=1.192 p95_ms=27.048
[2026-05-23 17:21:07] start mode=optimized model=SGC_fp32.onnx device=CPU warmup=5 iters=100
[2026-05-23 17:21:07] creating session
[2026-05-23 17:21:07] session ready providers=OpenVINOExecutionProvider | CPUExecutionProvider
[2026-05-23 17:21:07] preparing inputs
[2026-05-23 17:21:08] inputs ready
[2026-05-23 17:21:08] warmup start
[2026-05-23 17:21:08] warmup done
[2026-05-23 17:21:08] benchmark iterations start
[2026-05-23 17:21:09] iteration 25/100 elapsed_s=0.6
[2026-05-23 17:21:09] iteration 50/100 elapsed_s=1.2
[2026-05-23 17:21:10] iteration 75/100 elapsed_s=1.9
[2026-05-23 17:21:10] iteration 100/100 elapsed_s=2.5
[2026-05-23 17:21:10] benchmark iterations done
[2026-05-23 17:21:10] mode complete mode=optimized mean_ms=25.247 std_ms=2.365 p95_ms=28.091
