[2026-05-23 15:28:14] start mode=baseline model=GraphSAGE_fp32.onnx device=NPU warmup=5 iters=100
[2026-05-23 15:28:14] creating session
[2026-05-23 15:28:14] session ready providers=OpenVINOExecutionProvider | CPUExecutionProvider
[2026-05-23 15:28:14] preparing inputs
[2026-05-23 15:28:15] inputs ready
[2026-05-23 15:28:15] warmup start
[2026-05-23 15:28:15] warmup done
[2026-05-23 15:28:15] benchmark iterations start
[2026-05-23 15:28:16] iteration 25/100 elapsed_s=0.7
[2026-05-23 15:28:16] iteration 50/100 elapsed_s=1.4
[2026-05-23 15:28:17] iteration 75/100 elapsed_s=2.1
[2026-05-23 15:28:18] iteration 100/100 elapsed_s=2.8
[2026-05-23 15:28:18] benchmark iterations done
[2026-05-23 15:28:18] mode complete mode=baseline mean_ms=28.456 std_ms=1.394 p95_ms=30.977
[2026-05-23 15:28:18] start mode=optimized model=GraphSAGE_fp32.onnx device=NPU warmup=5 iters=100
[2026-05-23 15:28:18] creating session
[2026-05-23 15:28:18] session ready providers=OpenVINOExecutionProvider | CPUExecutionProvider
[2026-05-23 15:28:18] preparing inputs
[2026-05-23 15:28:19] inputs ready
[2026-05-23 15:28:19] warmup start
[2026-05-23 15:28:19] warmup done
[2026-05-23 15:28:19] benchmark iterations start
[2026-05-23 15:28:20] iteration 25/100 elapsed_s=0.7
[2026-05-23 15:28:20] iteration 50/100 elapsed_s=1.4
[2026-05-23 15:28:21] iteration 75/100 elapsed_s=2.1
[2026-05-23 15:28:22] iteration 100/100 elapsed_s=2.8
[2026-05-23 15:28:22] benchmark iterations done
[2026-05-23 15:28:22] mode complete mode=optimized mean_ms=28.219 std_ms=1.550 p95_ms=31.229
[2026-05-23 15:39:23] start mode=baseline model=GraphSAGE_fp32.onnx device=GPU warmup=5 iters=100
[2026-05-23 15:39:23] creating session
[2026-05-23 15:39:25] session ready providers=OpenVINOExecutionProvider | CPUExecutionProvider
[2026-05-23 15:39:25] preparing inputs
[2026-05-23 15:39:25] inputs ready
[2026-05-23 15:39:25] warmup start
[2026-05-23 15:39:25] warmup done
[2026-05-23 15:39:25] benchmark iterations start
[2026-05-23 15:39:25] iteration 25/100 elapsed_s=0.5
[2026-05-23 15:39:26] iteration 50/100 elapsed_s=0.9
[2026-05-23 15:39:26] iteration 75/100 elapsed_s=1.3
[2026-05-23 15:39:27] iteration 100/100 elapsed_s=1.8
[2026-05-23 15:39:27] benchmark iterations done
[2026-05-23 15:39:27] mode complete mode=baseline mean_ms=17.933 std_ms=0.859 p95_ms=19.376
[2026-05-23 15:39:27] start mode=optimized model=GraphSAGE_fp32.onnx device=GPU warmup=5 iters=100
[2026-05-23 15:39:27] creating session
[2026-05-23 15:39:28] session ready providers=OpenVINOExecutionProvider | CPUExecutionProvider
[2026-05-23 15:39:28] preparing inputs
[2026-05-23 15:39:28] inputs ready
[2026-05-23 15:39:28] warmup start
[2026-05-23 15:39:28] warmup done
[2026-05-23 15:39:28] benchmark iterations start
[2026-05-23 15:39:29] iteration 25/100 elapsed_s=0.5
[2026-05-23 15:39:29] iteration 50/100 elapsed_s=0.9
[2026-05-23 15:39:30] iteration 75/100 elapsed_s=1.4
[2026-05-23 15:39:30] iteration 100/100 elapsed_s=1.8
[2026-05-23 15:39:30] benchmark iterations done
[2026-05-23 15:39:30] mode complete mode=optimized mean_ms=18.115 std_ms=0.963 p95_ms=19.545
[2026-05-23 15:47:01] start mode=baseline model=GraphSAGE_fp32.onnx device=CPU warmup=5 iters=100
[2026-05-23 15:47:01] creating session
[2026-05-23 15:47:01] session ready providers=OpenVINOExecutionProvider | CPUExecutionProvider
[2026-05-23 15:47:01] preparing inputs
[2026-05-23 15:47:02] inputs ready
[2026-05-23 15:47:02] warmup start
[2026-05-23 15:47:02] warmup done
[2026-05-23 15:47:02] benchmark iterations start
[2026-05-23 15:47:03] iteration 25/100 elapsed_s=0.7
[2026-05-23 15:47:03] iteration 50/100 elapsed_s=1.4
[2026-05-23 15:47:04] iteration 75/100 elapsed_s=2.1
[2026-05-23 15:47:05] iteration 100/100 elapsed_s=2.9
[2026-05-23 15:47:05] benchmark iterations done
[2026-05-23 15:47:05] mode complete mode=baseline mean_ms=28.467 std_ms=1.646 p95_ms=31.768
[2026-05-23 15:47:05] start mode=optimized model=GraphSAGE_fp32.onnx device=CPU warmup=5 iters=100
[2026-05-23 15:47:05] creating session
[2026-05-23 15:47:05] session ready providers=OpenVINOExecutionProvider | CPUExecutionProvider
[2026-05-23 15:47:05] preparing inputs
[2026-05-23 15:47:06] inputs ready
[2026-05-23 15:47:06] warmup start
[2026-05-23 15:47:06] warmup done
[2026-05-23 15:47:06] benchmark iterations start
[2026-05-23 15:47:07] iteration 25/100 elapsed_s=0.7
[2026-05-23 15:47:07] iteration 50/100 elapsed_s=1.4
[2026-05-23 15:47:08] iteration 75/100 elapsed_s=2.1
[2026-05-23 15:47:09] iteration 100/100 elapsed_s=2.8
[2026-05-23 15:47:09] benchmark iterations done
[2026-05-23 15:47:09] mode complete mode=optimized mean_ms=28.455 std_ms=1.469 p95_ms=31.000
