[2026-05-23 15:57:01] start mode=baseline model=GraphTransformer_fp32.onnx device=NPU warmup=5 iters=100
[2026-05-23 15:57:01] creating session
[2026-05-23 15:57:01] session ready providers=OpenVINOExecutionProvider | CPUExecutionProvider
[2026-05-23 15:57:01] preparing inputs
[2026-05-23 15:57:02] inputs ready
[2026-05-23 15:57:02] warmup start
[2026-05-23 15:57:02] warmup done
[2026-05-23 15:57:02] benchmark iterations start
[2026-05-23 15:57:02] iteration 25/100 elapsed_s=0.1
[2026-05-23 15:57:02] iteration 50/100 elapsed_s=0.2
[2026-05-23 15:57:02] iteration 75/100 elapsed_s=0.3
[2026-05-23 15:57:02] iteration 100/100 elapsed_s=0.4
[2026-05-23 15:57:02] benchmark iterations done
[2026-05-23 15:57:02] mode complete mode=baseline mean_ms=3.866 std_ms=0.952 p95_ms=5.351
[2026-05-23 15:57:02] start mode=optimized model=GraphTransformer_fp32.onnx device=NPU warmup=5 iters=100
[2026-05-23 15:57:02] creating session
[2026-05-23 15:57:03] session ready providers=OpenVINOExecutionProvider | CPUExecutionProvider
[2026-05-23 15:57:03] preparing inputs
[2026-05-23 15:57:03] inputs ready
[2026-05-23 15:57:03] warmup start
[2026-05-23 15:57:03] warmup done
[2026-05-23 15:57:03] benchmark iterations start
[2026-05-23 15:57:03] iteration 25/100 elapsed_s=0.1
[2026-05-23 15:57:03] iteration 50/100 elapsed_s=0.2
[2026-05-23 15:57:03] iteration 75/100 elapsed_s=0.3
[2026-05-23 15:57:03] iteration 100/100 elapsed_s=0.4
[2026-05-23 15:57:03] benchmark iterations done
[2026-05-23 15:57:03] mode complete mode=optimized mean_ms=4.092 std_ms=0.885 p95_ms=5.823
[2026-05-23 15:59:16] start mode=baseline model=GraphTransformer_fp32.onnx device=GPU warmup=5 iters=100
[2026-05-23 15:59:16] creating session
[2026-05-23 15:59:18] session ready providers=OpenVINOExecutionProvider | CPUExecutionProvider
[2026-05-23 15:59:18] preparing inputs
[2026-05-23 15:59:18] inputs ready
[2026-05-23 15:59:18] warmup start
[2026-05-23 15:59:18] warmup done
[2026-05-23 15:59:18] benchmark iterations start
[2026-05-23 15:59:18] iteration 25/100 elapsed_s=0.0
[2026-05-23 15:59:18] iteration 50/100 elapsed_s=0.1
[2026-05-23 15:59:18] iteration 75/100 elapsed_s=0.1
[2026-05-23 15:59:18] iteration 100/100 elapsed_s=0.2
[2026-05-23 15:59:18] benchmark iterations done
[2026-05-23 15:59:18] mode complete mode=baseline mean_ms=1.649 std_ms=0.287 p95_ms=2.376
[2026-05-23 15:59:19] start mode=optimized model=GraphTransformer_fp32.onnx device=GPU warmup=5 iters=100
[2026-05-23 15:59:19] creating session
[2026-05-23 15:59:20] session ready providers=OpenVINOExecutionProvider | CPUExecutionProvider
[2026-05-23 15:59:20] preparing inputs
[2026-05-23 15:59:20] inputs ready
[2026-05-23 15:59:20] warmup start
[2026-05-23 15:59:20] warmup done
[2026-05-23 15:59:20] benchmark iterations start
[2026-05-23 15:59:20] iteration 25/100 elapsed_s=0.0
[2026-05-23 15:59:20] iteration 50/100 elapsed_s=0.1
[2026-05-23 15:59:20] iteration 75/100 elapsed_s=0.1
[2026-05-23 15:59:20] iteration 100/100 elapsed_s=0.2
[2026-05-23 15:59:20] benchmark iterations done
[2026-05-23 15:59:20] mode complete mode=optimized mean_ms=1.619 std_ms=0.303 p95_ms=2.254
[2026-05-23 16:01:28] start mode=baseline model=GraphTransformer_fp32.onnx device=CPU warmup=5 iters=100
[2026-05-23 16:01:28] creating session
[2026-05-23 16:01:28] session ready providers=OpenVINOExecutionProvider | CPUExecutionProvider
[2026-05-23 16:01:28] preparing inputs
[2026-05-23 16:01:28] inputs ready
[2026-05-23 16:01:28] warmup start
[2026-05-23 16:01:29] warmup done
[2026-05-23 16:01:29] benchmark iterations start
[2026-05-23 16:01:29] iteration 25/100 elapsed_s=0.1
[2026-05-23 16:01:29] iteration 50/100 elapsed_s=0.2
[2026-05-23 16:01:29] iteration 75/100 elapsed_s=0.3
[2026-05-23 16:01:29] iteration 100/100 elapsed_s=0.4
[2026-05-23 16:01:29] benchmark iterations done
[2026-05-23 16:01:29] mode complete mode=baseline mean_ms=3.806 std_ms=0.724 p95_ms=4.985
[2026-05-23 16:01:29] start mode=optimized model=GraphTransformer_fp32.onnx device=CPU warmup=5 iters=100
[2026-05-23 16:01:29] creating session
[2026-05-23 16:01:29] session ready providers=OpenVINOExecutionProvider | CPUExecutionProvider
[2026-05-23 16:01:29] preparing inputs
[2026-05-23 16:01:30] inputs ready
[2026-05-23 16:01:30] warmup start
[2026-05-23 16:01:30] warmup done
[2026-05-23 16:01:30] benchmark iterations start
[2026-05-23 16:01:30] iteration 25/100 elapsed_s=0.1
[2026-05-23 16:01:30] iteration 50/100 elapsed_s=0.2
[2026-05-23 16:01:30] iteration 75/100 elapsed_s=0.3
[2026-05-23 16:01:30] iteration 100/100 elapsed_s=0.4
[2026-05-23 16:01:30] benchmark iterations done
[2026-05-23 16:01:30] mode complete mode=optimized mean_ms=3.936 std_ms=0.989 p95_ms=6.041
