[2026-05-23 12:06:25] start mode=baseline model=bert-tiny_fp32.onnx device=NPU warmup=5 iters=100
[2026-05-23 12:06:25] creating session
[2026-05-23 12:06:26] session ready providers=OpenVINOExecutionProvider | CPUExecutionProvider
[2026-05-23 12:06:26] preparing inputs
[2026-05-23 12:06:26] inputs ready
[2026-05-23 12:06:26] warmup start
[2026-05-23 12:06:26] warmup done
[2026-05-23 12:06:26] benchmark iterations start
[2026-05-23 12:06:26] iteration 25/100 elapsed_s=0.1
[2026-05-23 12:06:26] iteration 50/100 elapsed_s=0.3
[2026-05-23 12:06:26] iteration 75/100 elapsed_s=0.4
[2026-05-23 12:06:27] iteration 100/100 elapsed_s=0.5
[2026-05-23 12:06:27] benchmark iterations done
[2026-05-23 12:06:27] mode complete mode=baseline mean_ms=5.228 std_ms=0.714 p95_ms=6.024
[2026-05-23 12:06:27] start mode=optimized model=bert-tiny_fp32.onnx device=NPU warmup=5 iters=100
[2026-05-23 12:06:27] creating session
[2026-05-23 12:06:27] session ready providers=OpenVINOExecutionProvider | CPUExecutionProvider
[2026-05-23 12:06:27] preparing inputs
[2026-05-23 12:06:27] inputs ready
[2026-05-23 12:06:27] warmup start
[2026-05-23 12:06:27] warmup done
[2026-05-23 12:06:27] benchmark iterations start
[2026-05-23 12:06:27] iteration 25/100 elapsed_s=0.1
[2026-05-23 12:06:28] iteration 50/100 elapsed_s=0.3
[2026-05-23 12:06:28] iteration 75/100 elapsed_s=0.4
[2026-05-23 12:06:28] iteration 100/100 elapsed_s=0.5
[2026-05-23 12:06:28] benchmark iterations done
[2026-05-23 12:06:28] mode complete mode=optimized mean_ms=5.326 std_ms=0.401 p95_ms=5.957
[2026-05-23 12:06:48] start mode=baseline model=bert-tiny_fp32.onnx device=NPU warmup=5 iters=100
[2026-05-23 12:06:48] creating session
[2026-05-23 12:06:48] session ready providers=OpenVINOExecutionProvider | CPUExecutionProvider
[2026-05-23 12:06:48] preparing inputs
[2026-05-23 12:06:48] inputs ready
[2026-05-23 12:06:48] warmup start
[2026-05-23 12:06:48] warmup done
[2026-05-23 12:06:48] benchmark iterations start
[2026-05-23 12:06:48] iteration 25/100 elapsed_s=0.1
[2026-05-23 12:06:48] iteration 50/100 elapsed_s=0.3
[2026-05-23 12:06:48] iteration 75/100 elapsed_s=0.4
[2026-05-23 12:06:49] iteration 100/100 elapsed_s=0.5
[2026-05-23 12:06:49] benchmark iterations done
[2026-05-23 12:06:49] mode complete mode=baseline mean_ms=5.312 std_ms=0.619 p95_ms=6.446
[2026-05-23 12:06:49] start mode=optimized model=bert-tiny_fp32.onnx device=NPU warmup=5 iters=100
[2026-05-23 12:06:49] creating session
[2026-05-23 12:06:49] session ready providers=OpenVINOExecutionProvider | CPUExecutionProvider
[2026-05-23 12:06:49] preparing inputs
[2026-05-23 12:06:49] inputs ready
[2026-05-23 12:06:49] warmup start
[2026-05-23 12:06:49] warmup done
[2026-05-23 12:06:49] benchmark iterations start
[2026-05-23 12:06:49] iteration 25/100 elapsed_s=0.1
[2026-05-23 12:06:50] iteration 50/100 elapsed_s=0.3
[2026-05-23 12:06:50] iteration 75/100 elapsed_s=0.4
[2026-05-23 12:06:50] iteration 100/100 elapsed_s=0.6
[2026-05-23 12:06:50] benchmark iterations done
[2026-05-23 12:06:50] mode complete mode=optimized mean_ms=5.868 std_ms=0.511 p95_ms=6.721
[2026-05-23 12:07:09] start mode=baseline model=bert-tiny_fp32.onnx device=NPU warmup=5 iters=100
[2026-05-23 12:07:09] creating session
[2026-05-23 12:07:10] session ready providers=OpenVINOExecutionProvider | CPUExecutionProvider
[2026-05-23 12:07:10] preparing inputs
[2026-05-23 12:07:10] inputs ready
[2026-05-23 12:07:10] warmup start
[2026-05-23 12:07:10] warmup done
[2026-05-23 12:07:10] benchmark iterations start
[2026-05-23 12:07:10] iteration 25/100 elapsed_s=0.1
[2026-05-23 12:07:10] iteration 50/100 elapsed_s=0.3
[2026-05-23 12:07:10] iteration 75/100 elapsed_s=0.4
[2026-05-23 12:07:11] iteration 100/100 elapsed_s=0.6
[2026-05-23 12:07:11] benchmark iterations done
[2026-05-23 12:07:11] mode complete mode=baseline mean_ms=5.492 std_ms=0.517 p95_ms=6.097
[2026-05-23 12:07:11] start mode=optimized model=bert-tiny_fp32.onnx device=NPU warmup=5 iters=100
[2026-05-23 12:07:11] creating session
[2026-05-23 12:07:11] session ready providers=OpenVINOExecutionProvider | CPUExecutionProvider
[2026-05-23 12:07:11] preparing inputs
[2026-05-23 12:07:11] inputs ready
[2026-05-23 12:07:11] warmup start
[2026-05-23 12:07:11] warmup done
[2026-05-23 12:07:11] benchmark iterations start
[2026-05-23 12:07:11] iteration 25/100 elapsed_s=0.1
[2026-05-23 12:07:11] iteration 50/100 elapsed_s=0.3
[2026-05-23 12:07:12] iteration 75/100 elapsed_s=0.4
[2026-05-23 12:07:12] iteration 100/100 elapsed_s=0.6
[2026-05-23 12:07:12] benchmark iterations done
[2026-05-23 12:07:12] mode complete mode=optimized mean_ms=5.568 std_ms=0.456 p95_ms=6.363
[2026-05-23 12:07:31] start mode=baseline model=bert-tiny_fp32.onnx device=GPU warmup=5 iters=100
[2026-05-23 12:07:31] creating session
[2026-05-23 12:07:32] session ready providers=CPUExecutionProvider
[2026-05-23 12:07:32] preparing inputs
[2026-05-23 12:07:32] inputs ready
[2026-05-23 12:07:32] warmup start
[2026-05-23 12:07:33] start mode=baseline model=bert-tiny_fp32.onnx device=GPU warmup=5 iters=100
[2026-05-23 12:07:33] creating session
[2026-05-23 12:07:33] session ready providers=CPUExecutionProvider
[2026-05-23 12:07:33] preparing inputs
[2026-05-23 12:07:33] inputs ready
[2026-05-23 12:07:33] warmup start
[2026-05-23 12:07:34] start mode=baseline model=bert-tiny_fp32.onnx device=GPU warmup=5 iters=100
[2026-05-23 12:07:34] creating session
[2026-05-23 12:07:34] session ready providers=CPUExecutionProvider
[2026-05-23 12:07:34] preparing inputs
[2026-05-23 12:07:34] inputs ready
[2026-05-23 12:07:34] warmup start
[2026-05-23 12:07:35] start mode=baseline model=bert-tiny_fp32.onnx device=CPU warmup=5 iters=100
[2026-05-23 12:07:35] creating session
[2026-05-23 12:07:35] session ready providers=OpenVINOExecutionProvider | CPUExecutionProvider
[2026-05-23 12:07:35] preparing inputs
[2026-05-23 12:07:35] inputs ready
[2026-05-23 12:07:35] warmup start
[2026-05-23 12:07:35] warmup done
[2026-05-23 12:07:35] benchmark iterations start
[2026-05-23 12:07:35] iteration 25/100 elapsed_s=0.2
[2026-05-23 12:07:35] iteration 50/100 elapsed_s=0.3
[2026-05-23 12:07:36] iteration 75/100 elapsed_s=0.5
[2026-05-23 12:07:36] iteration 100/100 elapsed_s=0.6
[2026-05-23 12:07:36] benchmark iterations done
[2026-05-23 12:07:36] mode complete mode=baseline mean_ms=5.961 std_ms=1.950 p95_ms=7.219
[2026-05-23 12:07:36] start mode=optimized model=bert-tiny_fp32.onnx device=CPU warmup=5 iters=100
[2026-05-23 12:07:36] creating session
[2026-05-23 12:07:36] session ready providers=OpenVINOExecutionProvider | CPUExecutionProvider
[2026-05-23 12:07:36] preparing inputs
[2026-05-23 12:07:36] inputs ready
[2026-05-23 12:07:36] warmup start
[2026-05-23 12:07:36] warmup done
[2026-05-23 12:07:36] benchmark iterations start
[2026-05-23 12:07:37] iteration 25/100 elapsed_s=0.2
[2026-05-23 12:07:37] iteration 50/100 elapsed_s=0.3
[2026-05-23 12:07:37] iteration 75/100 elapsed_s=0.5
[2026-05-23 12:07:37] iteration 100/100 elapsed_s=0.6
[2026-05-23 12:07:37] benchmark iterations done
[2026-05-23 12:07:37] mode complete mode=optimized mean_ms=6.089 std_ms=0.709 p95_ms=7.139
[2026-05-23 12:07:57] start mode=baseline model=bert-tiny_fp32.onnx device=CPU warmup=5 iters=100
[2026-05-23 12:07:57] creating session
[2026-05-23 12:07:57] session ready providers=OpenVINOExecutionProvider | CPUExecutionProvider
[2026-05-23 12:07:57] preparing inputs
[2026-05-23 12:07:57] inputs ready
[2026-05-23 12:07:57] warmup start
[2026-05-23 12:07:57] warmup done
[2026-05-23 12:07:57] benchmark iterations start
[2026-05-23 12:07:57] iteration 25/100 elapsed_s=0.2
[2026-05-23 12:07:57] iteration 50/100 elapsed_s=0.3
[2026-05-23 12:07:58] iteration 75/100 elapsed_s=0.5
[2026-05-23 12:07:58] iteration 100/100 elapsed_s=0.6
[2026-05-23 12:07:58] benchmark iterations done
[2026-05-23 12:07:58] mode complete mode=baseline mean_ms=5.980 std_ms=1.000 p95_ms=7.187
[2026-05-23 12:07:58] start mode=optimized model=bert-tiny_fp32.onnx device=CPU warmup=5 iters=100
[2026-05-23 12:07:58] creating session
[2026-05-23 12:07:58] session ready providers=OpenVINOExecutionProvider | CPUExecutionProvider
[2026-05-23 12:07:58] preparing inputs
[2026-05-23 12:07:58] inputs ready
[2026-05-23 12:07:58] warmup start
[2026-05-23 12:07:58] warmup done
[2026-05-23 12:07:58] benchmark iterations start
[2026-05-23 12:07:59] iteration 25/100 elapsed_s=0.1
[2026-05-23 12:07:59] iteration 50/100 elapsed_s=0.3
[2026-05-23 12:07:59] iteration 75/100 elapsed_s=0.4
[2026-05-23 12:07:59] iteration 100/100 elapsed_s=0.6
[2026-05-23 12:07:59] benchmark iterations done
[2026-05-23 12:07:59] mode complete mode=optimized mean_ms=5.751 std_ms=0.518 p95_ms=6.593
[2026-05-23 12:08:18] start mode=baseline model=bert-tiny_fp32.onnx device=CPU warmup=5 iters=100
[2026-05-23 12:08:18] creating session
[2026-05-23 12:08:19] session ready providers=OpenVINOExecutionProvider | CPUExecutionProvider
[2026-05-23 12:08:19] preparing inputs
[2026-05-23 12:08:19] inputs ready
[2026-05-23 12:08:19] warmup start
[2026-05-23 12:08:19] warmup done
[2026-05-23 12:08:19] benchmark iterations start
[2026-05-23 12:08:19] iteration 25/100 elapsed_s=0.2
[2026-05-23 12:08:19] iteration 50/100 elapsed_s=0.3
[2026-05-23 12:08:19] iteration 75/100 elapsed_s=0.5
[2026-05-23 12:08:19] iteration 100/100 elapsed_s=0.6
[2026-05-23 12:08:19] benchmark iterations done
[2026-05-23 12:08:19] mode complete mode=baseline mean_ms=6.072 std_ms=0.599 p95_ms=7.013
[2026-05-23 12:08:20] start mode=optimized model=bert-tiny_fp32.onnx device=CPU warmup=5 iters=100
[2026-05-23 12:08:20] creating session
[2026-05-23 12:08:20] session ready providers=OpenVINOExecutionProvider | CPUExecutionProvider
[2026-05-23 12:08:20] preparing inputs
[2026-05-23 12:08:20] inputs ready
[2026-05-23 12:08:20] warmup start
[2026-05-23 12:08:20] warmup done
[2026-05-23 12:08:20] benchmark iterations start
[2026-05-23 12:08:20] iteration 25/100 elapsed_s=0.2
[2026-05-23 12:08:20] iteration 50/100 elapsed_s=0.3
[2026-05-23 12:08:21] iteration 75/100 elapsed_s=0.5
[2026-05-23 12:08:21] iteration 100/100 elapsed_s=0.6
[2026-05-23 12:08:21] benchmark iterations done
[2026-05-23 12:08:21] mode complete mode=optimized mean_ms=6.280 std_ms=0.365 p95_ms=6.818
[2026-05-23 12:09:21] start mode=baseline model=bert-tiny_fp32.onnx device=GPU warmup=5 iters=100
[2026-05-23 12:09:21] creating session
[2026-05-23 12:09:21] session ready providers=CPUExecutionProvider
[2026-05-23 12:09:21] preparing inputs
[2026-05-23 12:09:21] inputs ready
[2026-05-23 12:09:21] warmup start
[2026-05-23 12:09:21] start mode=baseline model=bert-tiny_fp32.onnx device=GPU warmup=5 iters=100
[2026-05-23 12:09:21] creating session
[2026-05-23 12:09:22] session ready providers=CPUExecutionProvider
[2026-05-23 12:09:22] preparing inputs
[2026-05-23 12:09:22] inputs ready
[2026-05-23 12:09:22] warmup start
[2026-05-23 12:09:22] start mode=baseline model=bert-tiny_fp32.onnx device=GPU warmup=5 iters=100
[2026-05-23 12:09:22] creating session
[2026-05-23 12:09:23] session ready providers=CPUExecutionProvider
[2026-05-23 12:09:23] preparing inputs
[2026-05-23 12:09:23] inputs ready
[2026-05-23 12:09:23] warmup start
