[2026-05-23 14:31:20] start mode=baseline model=APPNP_int8.onnx device=NPU warmup=5 iters=100
[2026-05-23 14:31:20] creating session
[2026-05-23 14:31:21] session ready providers=OpenVINOExecutionProvider | CPUExecutionProvider
[2026-05-23 14:31:21] preparing inputs
[2026-05-23 14:31:21] inputs ready
[2026-05-23 14:31:21] warmup start
[2026-05-23 14:31:21] warmup done
[2026-05-23 14:31:21] benchmark iterations start
[2026-05-23 14:31:22] iteration 25/100 elapsed_s=1.2
[2026-05-23 14:31:24] iteration 50/100 elapsed_s=2.3
[2026-05-23 14:31:25] iteration 75/100 elapsed_s=3.5
[2026-05-23 14:31:26] iteration 100/100 elapsed_s=4.6
[2026-05-23 14:31:26] benchmark iterations done
[2026-05-23 14:31:26] mode complete mode=baseline mean_ms=46.318 std_ms=4.464 p95_ms=50.242
[2026-05-23 14:31:26] start mode=optimized model=APPNP_int8.onnx device=NPU warmup=5 iters=100
[2026-05-23 14:31:26] creating session
[2026-05-23 14:31:27] session ready providers=OpenVINOExecutionProvider | CPUExecutionProvider
[2026-05-23 14:31:27] preparing inputs
[2026-05-23 14:31:27] inputs ready
[2026-05-23 14:31:27] warmup start
[2026-05-23 14:31:28] warmup done
[2026-05-23 14:31:28] benchmark iterations start
[2026-05-23 14:31:29] iteration 25/100 elapsed_s=1.1
[2026-05-23 14:31:30] iteration 50/100 elapsed_s=2.2
[2026-05-23 14:31:31] iteration 75/100 elapsed_s=3.3
[2026-05-23 14:31:32] iteration 100/100 elapsed_s=4.4
[2026-05-23 14:31:32] benchmark iterations done
[2026-05-23 14:31:32] mode complete mode=optimized mean_ms=44.004 std_ms=1.735 p95_ms=47.243
[2026-05-23 14:37:21] start mode=baseline model=APPNP_int8.onnx device=GPU warmup=5 iters=100
[2026-05-23 14:37:21] creating session
[2026-05-23 14:37:22] session ready providers=OpenVINOExecutionProvider | CPUExecutionProvider
[2026-05-23 14:37:22] preparing inputs
[2026-05-23 14:37:22] inputs ready
[2026-05-23 14:37:22] warmup start
[2026-05-23 14:37:23] warmup done
[2026-05-23 14:37:23] benchmark iterations start
[2026-05-23 14:37:23] iteration 25/100 elapsed_s=0.6
[2026-05-23 14:37:24] iteration 50/100 elapsed_s=1.1
[2026-05-23 14:37:24] iteration 75/100 elapsed_s=1.7
[2026-05-23 14:37:25] iteration 100/100 elapsed_s=2.2
[2026-05-23 14:37:25] benchmark iterations done
[2026-05-23 14:37:25] mode complete mode=baseline mean_ms=21.893 std_ms=0.918 p95_ms=23.127
[2026-05-23 14:37:25] start mode=optimized model=APPNP_int8.onnx device=GPU warmup=5 iters=100
[2026-05-23 14:37:25] creating session
[2026-05-23 14:37:27] session ready providers=OpenVINOExecutionProvider | CPUExecutionProvider
[2026-05-23 14:37:27] preparing inputs
[2026-05-23 14:37:27] inputs ready
[2026-05-23 14:37:27] warmup start
[2026-05-23 14:37:27] warmup done
[2026-05-23 14:37:27] benchmark iterations start
[2026-05-23 14:37:28] iteration 25/100 elapsed_s=0.5
[2026-05-23 14:37:28] iteration 50/100 elapsed_s=1.1
[2026-05-23 14:37:29] iteration 75/100 elapsed_s=1.6
[2026-05-23 14:37:29] iteration 100/100 elapsed_s=2.1
[2026-05-23 14:37:29] benchmark iterations done
[2026-05-23 14:37:29] mode complete mode=optimized mean_ms=21.347 std_ms=1.455 p95_ms=22.846
[2026-05-23 14:40:43] start mode=baseline model=APPNP_int8.onnx device=CPU warmup=5 iters=100
[2026-05-23 14:40:43] creating session
[2026-05-23 14:40:43] session ready providers=OpenVINOExecutionProvider | CPUExecutionProvider
[2026-05-23 14:40:43] preparing inputs
[2026-05-23 14:40:43] inputs ready
[2026-05-23 14:40:43] warmup start
[2026-05-23 14:40:44] warmup done
[2026-05-23 14:40:44] benchmark iterations start
[2026-05-23 14:40:45] iteration 25/100 elapsed_s=1.1
[2026-05-23 14:40:46] iteration 50/100 elapsed_s=2.3
[2026-05-23 14:40:47] iteration 75/100 elapsed_s=3.4
[2026-05-23 14:40:48] iteration 100/100 elapsed_s=4.6
[2026-05-23 14:40:48] benchmark iterations done
[2026-05-23 14:40:48] mode complete mode=baseline mean_ms=45.805 std_ms=2.601 p95_ms=51.105
[2026-05-23 14:40:49] start mode=optimized model=APPNP_int8.onnx device=CPU warmup=5 iters=100
[2026-05-23 14:40:49] creating session
[2026-05-23 14:40:49] session ready providers=OpenVINOExecutionProvider | CPUExecutionProvider
[2026-05-23 14:40:49] preparing inputs
[2026-05-23 14:40:49] inputs ready
[2026-05-23 14:40:49] warmup start
[2026-05-23 14:40:50] warmup done
[2026-05-23 14:40:50] benchmark iterations start
[2026-05-23 14:40:51] iteration 25/100 elapsed_s=1.2
[2026-05-23 14:40:52] iteration 50/100 elapsed_s=2.3
[2026-05-23 14:40:53] iteration 75/100 elapsed_s=3.4
[2026-05-23 14:40:54] iteration 100/100 elapsed_s=4.5
[2026-05-23 14:40:54] benchmark iterations done
[2026-05-23 14:40:54] mode complete mode=optimized mean_ms=44.905 std_ms=4.503 p95_ms=49.886
