[2026-05-23 15:30:44] start mode=baseline model=GraphSAGE_fp32.onnx device=NPU warmup=5 iters=100
[2026-05-23 15:30:44] creating session
[2026-05-23 15:30:44] session ready providers=OpenVINOExecutionProvider | CPUExecutionProvider
[2026-05-23 15:30:44] preparing inputs
[2026-05-23 15:30:45] inputs ready
[2026-05-23 15:30:45] warmup start
[2026-05-23 15:30:46] warmup done
[2026-05-23 15:30:46] benchmark iterations start
[2026-05-23 15:30:49] iteration 25/100 elapsed_s=3.0
[2026-05-23 15:30:51] iteration 50/100 elapsed_s=5.7
[2026-05-23 15:30:54] iteration 75/100 elapsed_s=8.8
[2026-05-23 15:30:57] iteration 100/100 elapsed_s=11.7
[2026-05-23 15:30:57] benchmark iterations done
[2026-05-23 15:30:57] mode complete mode=baseline mean_ms=116.569 std_ms=11.092 p95_ms=137.028
[2026-05-23 15:30:58] start mode=optimized model=GraphSAGE_fp32.onnx device=NPU warmup=5 iters=100
[2026-05-23 15:30:58] creating session
[2026-05-23 15:30:58] session ready providers=OpenVINOExecutionProvider | CPUExecutionProvider
[2026-05-23 15:30:58] preparing inputs
[2026-05-23 15:30:58] inputs ready
[2026-05-23 15:30:58] warmup start
[2026-05-23 15:30:59] warmup done
[2026-05-23 15:30:59] benchmark iterations start
[2026-05-23 15:31:02] iteration 25/100 elapsed_s=3.1
[2026-05-23 15:31:05] iteration 50/100 elapsed_s=5.9
[2026-05-23 15:31:08] iteration 75/100 elapsed_s=8.7
[2026-05-23 15:31:11] iteration 100/100 elapsed_s=11.8
[2026-05-23 15:31:11] benchmark iterations done
[2026-05-23 15:31:11] mode complete mode=optimized mean_ms=117.582 std_ms=9.394 p95_ms=130.976
[2026-05-23 15:41:25] start mode=baseline model=GraphSAGE_fp32.onnx device=GPU warmup=5 iters=100
[2026-05-23 15:41:25] creating session
[2026-05-23 15:41:26] session ready providers=OpenVINOExecutionProvider | CPUExecutionProvider
[2026-05-23 15:41:26] preparing inputs
[2026-05-23 15:41:26] inputs ready
[2026-05-23 15:41:26] warmup start
[2026-05-23 15:41:26] warmup done
[2026-05-23 15:41:26] benchmark iterations start
[2026-05-23 15:41:28] iteration 25/100 elapsed_s=1.7
[2026-05-23 15:41:30] iteration 50/100 elapsed_s=3.4
[2026-05-23 15:41:32] iteration 75/100 elapsed_s=5.1
[2026-05-23 15:41:33] iteration 100/100 elapsed_s=6.9
[2026-05-23 15:41:33] benchmark iterations done
[2026-05-23 15:41:33] mode complete mode=baseline mean_ms=68.615 std_ms=1.134 p95_ms=70.466
[2026-05-23 15:41:34] start mode=optimized model=GraphSAGE_fp32.onnx device=GPU warmup=5 iters=100
[2026-05-23 15:41:34] creating session
[2026-05-23 15:41:35] session ready providers=OpenVINOExecutionProvider | CPUExecutionProvider
[2026-05-23 15:41:35] preparing inputs
[2026-05-23 15:41:35] inputs ready
[2026-05-23 15:41:35] warmup start
[2026-05-23 15:41:36] warmup done
[2026-05-23 15:41:36] benchmark iterations start
[2026-05-23 15:41:37] iteration 25/100 elapsed_s=1.7
[2026-05-23 15:41:39] iteration 50/100 elapsed_s=3.4
[2026-05-23 15:41:41] iteration 75/100 elapsed_s=5.2
[2026-05-23 15:41:42] iteration 100/100 elapsed_s=6.9
[2026-05-23 15:41:42] benchmark iterations done
[2026-05-23 15:41:42] mode complete mode=optimized mean_ms=68.619 std_ms=1.003 p95_ms=70.238
[2026-05-23 15:49:31] start mode=baseline model=GraphSAGE_fp32.onnx device=CPU warmup=5 iters=100
[2026-05-23 15:49:31] creating session
[2026-05-23 15:49:31] session ready providers=OpenVINOExecutionProvider | CPUExecutionProvider
[2026-05-23 15:49:31] preparing inputs
[2026-05-23 15:49:31] inputs ready
[2026-05-23 15:49:31] warmup start
[2026-05-23 15:49:32] warmup done
[2026-05-23 15:49:32] benchmark iterations start
[2026-05-23 15:49:35] iteration 25/100 elapsed_s=3.0
[2026-05-23 15:49:38] iteration 50/100 elapsed_s=5.8
[2026-05-23 15:49:41] iteration 75/100 elapsed_s=8.6
[2026-05-23 15:49:44] iteration 100/100 elapsed_s=11.7
[2026-05-23 15:49:44] benchmark iterations done
[2026-05-23 15:49:44] mode complete mode=baseline mean_ms=116.642 std_ms=9.129 p95_ms=130.405
[2026-05-23 15:49:44] start mode=optimized model=GraphSAGE_fp32.onnx device=CPU warmup=5 iters=100
[2026-05-23 15:49:44] creating session
[2026-05-23 15:49:44] session ready providers=OpenVINOExecutionProvider | CPUExecutionProvider
[2026-05-23 15:49:44] preparing inputs
[2026-05-23 15:49:45] inputs ready
[2026-05-23 15:49:45] warmup start
[2026-05-23 15:49:45] warmup done
[2026-05-23 15:49:45] benchmark iterations start
[2026-05-23 15:49:48] iteration 25/100 elapsed_s=2.8
[2026-05-23 15:49:51] iteration 50/100 elapsed_s=5.8
[2026-05-23 15:49:54] iteration 75/100 elapsed_s=8.6
[2026-05-23 15:49:57] iteration 100/100 elapsed_s=11.6
[2026-05-23 15:49:57] benchmark iterations done
[2026-05-23 15:49:57] mode complete mode=optimized mean_ms=115.585 std_ms=9.787 p95_ms=130.545
