[2026-05-23 16:05:02] start mode=baseline model=MPNN_int8.onnx device=GPU warmup=5 iters=100
[2026-05-23 16:05:02] creating session
[2026-05-23 16:05:02] session ready providers=CPUExecutionProvider
[2026-05-23 16:05:02] preparing inputs
[2026-05-23 16:05:03] inputs ready
[2026-05-23 16:05:03] warmup start
[2026-05-23 16:05:03] warmup done
[2026-05-23 16:05:03] benchmark iterations start
[2026-05-23 16:05:04] iteration 25/100 elapsed_s=0.7
[2026-05-23 16:05:04] iteration 50/100 elapsed_s=1.4
[2026-05-23 16:05:05] iteration 75/100 elapsed_s=2.1
[2026-05-23 16:05:06] iteration 100/100 elapsed_s=2.9
[2026-05-23 16:05:06] benchmark iterations done
[2026-05-23 16:05:06] mode complete mode=baseline mean_ms=29.065 std_ms=5.219 p95_ms=37.809
[2026-05-23 16:05:06] start mode=optimized model=MPNN_int8.onnx device=GPU warmup=5 iters=100
[2026-05-23 16:05:06] creating session
[2026-05-23 16:05:07] session ready providers=CPUExecutionProvider
[2026-05-23 16:05:07] preparing inputs
[2026-05-23 16:05:07] inputs ready
[2026-05-23 16:05:07] warmup start
[2026-05-23 16:05:07] warmup done
[2026-05-23 16:05:07] benchmark iterations start
[2026-05-23 16:05:08] iteration 25/100 elapsed_s=0.7
[2026-05-23 16:05:09] iteration 50/100 elapsed_s=1.4
[2026-05-23 16:05:10] iteration 75/100 elapsed_s=2.1
[2026-05-23 16:05:10] iteration 100/100 elapsed_s=2.7
[2026-05-23 16:05:10] benchmark iterations done
[2026-05-23 16:05:10] mode complete mode=optimized mean_ms=27.031 std_ms=5.249 p95_ms=34.863
[2026-05-23 16:10:59] start mode=baseline model=MPNN_int8.onnx device=CPU warmup=5 iters=100
[2026-05-23 16:10:59] creating session
[2026-05-23 16:10:59] session ready providers=CPUExecutionProvider
[2026-05-23 16:10:59] preparing inputs
[2026-05-23 16:11:00] inputs ready
[2026-05-23 16:11:00] warmup start
[2026-05-23 16:11:00] warmup done
[2026-05-23 16:11:00] benchmark iterations start
[2026-05-23 16:11:01] iteration 25/100 elapsed_s=0.7
[2026-05-23 16:11:01] iteration 50/100 elapsed_s=1.4
[2026-05-23 16:11:02] iteration 75/100 elapsed_s=2.1
[2026-05-23 16:11:03] iteration 100/100 elapsed_s=2.9
[2026-05-23 16:11:03] benchmark iterations done
[2026-05-23 16:11:03] mode complete mode=baseline mean_ms=28.878 std_ms=4.459 p95_ms=36.705
[2026-05-23 16:11:03] start mode=optimized model=MPNN_int8.onnx device=CPU warmup=5 iters=100
[2026-05-23 16:11:03] creating session
[2026-05-23 16:11:03] session ready providers=CPUExecutionProvider
[2026-05-23 16:11:03] preparing inputs
[2026-05-23 16:11:04] inputs ready
[2026-05-23 16:11:04] warmup start
[2026-05-23 16:11:04] warmup done
[2026-05-23 16:11:04] benchmark iterations start
[2026-05-23 16:11:05] iteration 25/100 elapsed_s=0.7
[2026-05-23 16:11:06] iteration 50/100 elapsed_s=1.4
[2026-05-23 16:11:06] iteration 75/100 elapsed_s=2.0
[2026-05-23 16:11:07] iteration 100/100 elapsed_s=2.7
[2026-05-23 16:11:07] benchmark iterations done
[2026-05-23 16:11:07] mode complete mode=optimized mean_ms=26.713 std_ms=5.187 p95_ms=35.889
