[2026-05-23 15:00:38] start mode=baseline model=GIN_fp32.onnx device=NPU warmup=5 iters=100
[2026-05-23 15:00:38] creating session
[2026-05-23 15:00:39] session ready providers=OpenVINOExecutionProvider | CPUExecutionProvider
[2026-05-23 15:00:39] preparing inputs
[2026-05-23 15:00:39] inputs ready
[2026-05-23 15:00:39] warmup start
[2026-05-23 15:00:39] warmup done
[2026-05-23 15:00:39] benchmark iterations start
[2026-05-23 15:00:41] iteration 25/100 elapsed_s=1.4
[2026-05-23 15:00:42] iteration 50/100 elapsed_s=2.9
[2026-05-23 15:00:44] iteration 75/100 elapsed_s=4.4
[2026-05-23 15:00:45] iteration 100/100 elapsed_s=5.8
[2026-05-23 15:00:45] benchmark iterations done
[2026-05-23 15:00:45] mode complete mode=baseline mean_ms=58.105 std_ms=5.354 p95_ms=68.104
[2026-05-23 15:00:46] start mode=optimized model=GIN_fp32.onnx device=NPU warmup=5 iters=100
[2026-05-23 15:00:46] creating session
[2026-05-23 15:00:46] session ready providers=OpenVINOExecutionProvider | CPUExecutionProvider
[2026-05-23 15:00:46] preparing inputs
[2026-05-23 15:00:46] inputs ready
[2026-05-23 15:00:46] warmup start
[2026-05-23 15:00:47] warmup done
[2026-05-23 15:00:47] benchmark iterations start
[2026-05-23 15:00:48] iteration 25/100 elapsed_s=1.4
[2026-05-23 15:00:49] iteration 50/100 elapsed_s=2.8
[2026-05-23 15:00:51] iteration 75/100 elapsed_s=4.3
[2026-05-23 15:00:52] iteration 100/100 elapsed_s=5.8
[2026-05-23 15:00:52] benchmark iterations done
[2026-05-23 15:00:52] mode complete mode=optimized mean_ms=57.492 std_ms=5.407 p95_ms=66.196
[2026-05-23 15:11:21] start mode=baseline model=GIN_fp32.onnx device=GPU warmup=5 iters=100
[2026-05-23 15:11:21] creating session
[2026-05-23 15:11:22] session ready providers=OpenVINOExecutionProvider | CPUExecutionProvider
[2026-05-23 15:11:22] preparing inputs
[2026-05-23 15:11:22] inputs ready
[2026-05-23 15:11:22] warmup start
[2026-05-23 15:11:22] warmup done
[2026-05-23 15:11:22] benchmark iterations start
[2026-05-23 15:11:23] iteration 25/100 elapsed_s=0.6
[2026-05-23 15:11:24] iteration 50/100 elapsed_s=1.2
[2026-05-23 15:11:24] iteration 75/100 elapsed_s=1.9
[2026-05-23 15:11:25] iteration 100/100 elapsed_s=2.5
[2026-05-23 15:11:25] benchmark iterations done
[2026-05-23 15:11:25] mode complete mode=baseline mean_ms=24.944 std_ms=0.945 p95_ms=26.917
[2026-05-23 15:11:25] start mode=optimized model=GIN_fp32.onnx device=GPU warmup=5 iters=100
[2026-05-23 15:11:25] creating session
[2026-05-23 15:11:27] session ready providers=OpenVINOExecutionProvider | CPUExecutionProvider
[2026-05-23 15:11:27] preparing inputs
[2026-05-23 15:11:27] inputs ready
[2026-05-23 15:11:27] warmup start
[2026-05-23 15:11:27] warmup done
[2026-05-23 15:11:27] benchmark iterations start
[2026-05-23 15:11:27] iteration 25/100 elapsed_s=0.6
[2026-05-23 15:11:28] iteration 50/100 elapsed_s=1.3
[2026-05-23 15:11:29] iteration 75/100 elapsed_s=1.9
[2026-05-23 15:11:29] iteration 100/100 elapsed_s=2.5
[2026-05-23 15:11:29] benchmark iterations done
[2026-05-23 15:11:29] mode complete mode=optimized mean_ms=24.939 std_ms=0.945 p95_ms=26.875
[2026-05-23 15:18:16] start mode=baseline model=GIN_fp32.onnx device=CPU warmup=5 iters=100
[2026-05-23 15:18:16] creating session
[2026-05-23 15:18:16] session ready providers=OpenVINOExecutionProvider | CPUExecutionProvider
[2026-05-23 15:18:16] preparing inputs
[2026-05-23 15:18:17] inputs ready
[2026-05-23 15:18:17] warmup start
[2026-05-23 15:18:17] warmup done
[2026-05-23 15:18:17] benchmark iterations start
[2026-05-23 15:18:19] iteration 25/100 elapsed_s=1.5
[2026-05-23 15:18:20] iteration 50/100 elapsed_s=3.0
[2026-05-23 15:18:22] iteration 75/100 elapsed_s=4.4
[2026-05-23 15:18:23] iteration 100/100 elapsed_s=5.8
[2026-05-23 15:18:23] benchmark iterations done
[2026-05-23 15:18:23] mode complete mode=baseline mean_ms=57.576 std_ms=5.342 p95_ms=68.714
[2026-05-23 15:18:23] start mode=optimized model=GIN_fp32.onnx device=CPU warmup=5 iters=100
[2026-05-23 15:18:23] creating session
[2026-05-23 15:18:24] session ready providers=OpenVINOExecutionProvider | CPUExecutionProvider
[2026-05-23 15:18:24] preparing inputs
[2026-05-23 15:18:24] inputs ready
[2026-05-23 15:18:24] warmup start
[2026-05-23 15:18:24] warmup done
[2026-05-23 15:18:24] benchmark iterations start
[2026-05-23 15:18:26] iteration 25/100 elapsed_s=1.4
[2026-05-23 15:18:27] iteration 50/100 elapsed_s=2.9
[2026-05-23 15:18:29] iteration 75/100 elapsed_s=4.4
[2026-05-23 15:18:30] iteration 100/100 elapsed_s=5.8
[2026-05-23 15:18:30] benchmark iterations done
[2026-05-23 15:18:30] mode complete mode=optimized mean_ms=58.025 std_ms=4.712 p95_ms=65.631
