[2026-05-23 13:32:55] start mode=baseline model=APPNP_int8.onnx device=NPU warmup=5 iters=100
[2026-05-23 13:32:55] creating session
[2026-05-23 13:32:55] session ready providers=OpenVINOExecutionProvider | CPUExecutionProvider
[2026-05-23 13:32:55] preparing inputs
[2026-05-23 13:32:55] inputs ready
[2026-05-23 13:32:55] warmup start
[2026-05-23 13:32:56] warmup done
[2026-05-23 13:32:56] benchmark iterations start
[2026-05-23 13:32:56] iteration 25/100 elapsed_s=0.6
[2026-05-23 13:32:57] iteration 50/100 elapsed_s=1.3
[2026-05-23 13:32:57] iteration 75/100 elapsed_s=1.9
[2026-05-23 13:32:58] iteration 100/100 elapsed_s=2.6
[2026-05-23 13:32:58] benchmark iterations done
[2026-05-23 13:32:58] mode complete mode=baseline mean_ms=25.587 std_ms=0.759 p95_ms=26.615
[2026-05-23 13:32:59] start mode=optimized model=APPNP_int8.onnx device=NPU warmup=5 iters=100
[2026-05-23 13:32:59] creating session
[2026-05-23 13:32:59] session ready providers=OpenVINOExecutionProvider | CPUExecutionProvider
[2026-05-23 13:32:59] preparing inputs
[2026-05-23 13:32:59] inputs ready
[2026-05-23 13:32:59] warmup start
[2026-05-23 13:32:59] warmup done
[2026-05-23 13:33:00] benchmark iterations start
[2026-05-23 13:33:00] iteration 25/100 elapsed_s=0.7
[2026-05-23 13:33:01] iteration 50/100 elapsed_s=1.3
[2026-05-23 13:33:01] iteration 75/100 elapsed_s=1.9
[2026-05-23 13:33:02] iteration 100/100 elapsed_s=2.6
[2026-05-23 13:33:02] benchmark iterations done
[2026-05-23 13:33:02] mode complete mode=optimized mean_ms=25.600 std_ms=1.246 p95_ms=27.657
[2026-05-23 14:35:46] start mode=baseline model=APPNP_int8.onnx device=GPU warmup=5 iters=100
[2026-05-23 14:35:46] creating session
[2026-05-23 14:35:59] session ready providers=OpenVINOExecutionProvider | CPUExecutionProvider
[2026-05-23 14:35:59] preparing inputs
[2026-05-23 14:35:59] inputs ready
[2026-05-23 14:35:59] warmup start
[2026-05-23 14:36:00] warmup done
[2026-05-23 14:36:00] benchmark iterations start
[2026-05-23 14:36:00] iteration 25/100 elapsed_s=0.3
[2026-05-23 14:36:00] iteration 50/100 elapsed_s=0.6
[2026-05-23 14:36:00] iteration 75/100 elapsed_s=0.8
[2026-05-23 14:36:01] iteration 100/100 elapsed_s=1.1
[2026-05-23 14:36:01] benchmark iterations done
[2026-05-23 14:36:01] mode complete mode=baseline mean_ms=11.259 std_ms=0.824 p95_ms=12.609
[2026-05-23 14:36:01] start mode=optimized model=APPNP_int8.onnx device=GPU warmup=5 iters=100
[2026-05-23 14:36:01] creating session
[2026-05-23 14:36:04] session ready providers=OpenVINOExecutionProvider | CPUExecutionProvider
[2026-05-23 14:36:04] preparing inputs
[2026-05-23 14:36:04] inputs ready
[2026-05-23 14:36:04] warmup start
[2026-05-23 14:36:04] warmup done
[2026-05-23 14:36:04] benchmark iterations start
[2026-05-23 14:36:04] iteration 25/100 elapsed_s=0.3
[2026-05-23 14:36:05] iteration 50/100 elapsed_s=0.6
[2026-05-23 14:36:05] iteration 75/100 elapsed_s=0.8
[2026-05-23 14:36:05] iteration 100/100 elapsed_s=1.1
[2026-05-23 14:36:05] benchmark iterations done
[2026-05-23 14:36:05] mode complete mode=optimized mean_ms=11.141 std_ms=0.741 p95_ms=12.296
[2026-05-23 14:39:35] start mode=baseline model=APPNP_int8.onnx device=CPU warmup=5 iters=100
[2026-05-23 14:39:35] creating session
[2026-05-23 14:39:36] session ready providers=OpenVINOExecutionProvider | CPUExecutionProvider
[2026-05-23 14:39:36] preparing inputs
[2026-05-23 14:39:36] inputs ready
[2026-05-23 14:39:36] warmup start
[2026-05-23 14:39:36] warmup done
[2026-05-23 14:39:36] benchmark iterations start
[2026-05-23 14:39:37] iteration 25/100 elapsed_s=0.7
[2026-05-23 14:39:37] iteration 50/100 elapsed_s=1.3
[2026-05-23 14:39:38] iteration 75/100 elapsed_s=2.0
[2026-05-23 14:39:39] iteration 100/100 elapsed_s=2.7
[2026-05-23 14:39:39] benchmark iterations done
[2026-05-23 14:39:39] mode complete mode=baseline mean_ms=26.633 std_ms=1.223 p95_ms=29.418
[2026-05-23 14:39:39] start mode=optimized model=APPNP_int8.onnx device=CPU warmup=5 iters=100
[2026-05-23 14:39:39] creating session
[2026-05-23 14:39:40] session ready providers=OpenVINOExecutionProvider | CPUExecutionProvider
[2026-05-23 14:39:40] preparing inputs
[2026-05-23 14:39:40] inputs ready
[2026-05-23 14:39:40] warmup start
[2026-05-23 14:39:40] warmup done
[2026-05-23 14:39:40] benchmark iterations start
[2026-05-23 14:39:41] iteration 25/100 elapsed_s=0.7
[2026-05-23 14:39:41] iteration 50/100 elapsed_s=1.3
[2026-05-23 14:39:42] iteration 75/100 elapsed_s=2.0
[2026-05-23 14:39:42] iteration 100/100 elapsed_s=2.6
[2026-05-23 14:39:42] benchmark iterations done
[2026-05-23 14:39:42] mode complete mode=optimized mean_ms=26.242 std_ms=0.868 p95_ms=27.631
