[2026-05-23 16:19:22] start mode=baseline model=SGC_fp32.onnx device=NPU warmup=5 iters=100
[2026-05-23 16:19:22] creating session
[2026-05-23 16:19:22] session ready providers=OpenVINOExecutionProvider | CPUExecutionProvider
[2026-05-23 16:19:22] preparing inputs
[2026-05-23 16:19:22] inputs ready
[2026-05-23 16:19:22] warmup start
[2026-05-23 16:19:23] warmup done
[2026-05-23 16:19:23] benchmark iterations start
[2026-05-23 16:19:26] iteration 25/100 elapsed_s=2.5
[2026-05-23 16:19:28] iteration 50/100 elapsed_s=4.9
[2026-05-23 16:19:31] iteration 75/100 elapsed_s=7.6
[2026-05-23 16:19:33] iteration 100/100 elapsed_s=10.1
[2026-05-23 16:19:33] benchmark iterations done
[2026-05-23 16:19:33] mode complete mode=baseline mean_ms=100.845 std_ms=6.837 p95_ms=112.404
[2026-05-23 16:19:33] start mode=optimized model=SGC_fp32.onnx device=NPU warmup=5 iters=100
[2026-05-23 16:19:33] creating session
[2026-05-23 16:19:34] session ready providers=OpenVINOExecutionProvider | CPUExecutionProvider
[2026-05-23 16:19:34] preparing inputs
[2026-05-23 16:19:34] inputs ready
[2026-05-23 16:19:34] warmup start
[2026-05-23 16:19:35] warmup done
[2026-05-23 16:19:35] benchmark iterations start
[2026-05-23 16:19:37] iteration 25/100 elapsed_s=2.5
[2026-05-23 16:19:40] iteration 50/100 elapsed_s=5.1
[2026-05-23 16:19:42] iteration 75/100 elapsed_s=7.5
[2026-05-23 16:19:45] iteration 100/100 elapsed_s=10.1
[2026-05-23 16:19:45] benchmark iterations done
[2026-05-23 16:19:45] mode complete mode=optimized mean_ms=100.803 std_ms=6.535 p95_ms=111.472
[2026-05-23 16:50:53] start mode=baseline model=SGC_fp32.onnx device=GPU warmup=5 iters=100
[2026-05-23 16:50:53] creating session
[2026-05-23 16:50:54] session ready providers=OpenVINOExecutionProvider | CPUExecutionProvider
[2026-05-23 16:50:54] preparing inputs
[2026-05-23 16:50:54] inputs ready
[2026-05-23 16:50:54] warmup start
[2026-05-23 16:50:55] warmup done
[2026-05-23 16:50:55] benchmark iterations start
[2026-05-23 16:50:58] iteration 25/100 elapsed_s=2.9
[2026-05-23 16:51:01] iteration 50/100 elapsed_s=5.8
[2026-05-23 16:51:04] iteration 75/100 elapsed_s=8.7
[2026-05-23 16:51:07] iteration 100/100 elapsed_s=11.7
[2026-05-23 16:51:07] benchmark iterations done
[2026-05-23 16:51:07] mode complete mode=baseline mean_ms=116.519 std_ms=2.857 p95_ms=120.864
[2026-05-23 16:51:07] start mode=optimized model=SGC_fp32.onnx device=GPU warmup=5 iters=100
[2026-05-23 16:51:07] creating session
[2026-05-23 16:51:09] session ready providers=OpenVINOExecutionProvider | CPUExecutionProvider
[2026-05-23 16:51:09] preparing inputs
[2026-05-23 16:51:09] inputs ready
[2026-05-23 16:51:09] warmup start
[2026-05-23 16:51:09] warmup done
[2026-05-23 16:51:09] benchmark iterations start
[2026-05-23 16:51:12] iteration 25/100 elapsed_s=2.9
[2026-05-23 16:51:15] iteration 50/100 elapsed_s=5.8
[2026-05-23 16:51:18] iteration 75/100 elapsed_s=8.8
[2026-05-23 16:51:21] iteration 100/100 elapsed_s=11.7
[2026-05-23 16:51:21] benchmark iterations done
[2026-05-23 16:51:21] mode complete mode=optimized mean_ms=116.817 std_ms=2.256 p95_ms=120.566
[2026-05-23 17:24:41] start mode=baseline model=SGC_fp32.onnx device=CPU warmup=5 iters=100
[2026-05-23 17:24:41] creating session
[2026-05-23 17:24:42] session ready providers=OpenVINOExecutionProvider | CPUExecutionProvider
[2026-05-23 17:24:42] preparing inputs
[2026-05-23 17:24:42] inputs ready
[2026-05-23 17:24:42] warmup start
[2026-05-23 17:24:43] warmup done
[2026-05-23 17:24:43] benchmark iterations start
[2026-05-23 17:24:45] iteration 25/100 elapsed_s=2.4
[2026-05-23 17:24:48] iteration 50/100 elapsed_s=5.1
[2026-05-23 17:24:50] iteration 75/100 elapsed_s=7.5
[2026-05-23 17:24:53] iteration 100/100 elapsed_s=9.9
[2026-05-23 17:24:53] benchmark iterations done
[2026-05-23 17:24:53] mode complete mode=baseline mean_ms=99.420 std_ms=5.254 p95_ms=109.354
[2026-05-23 17:24:53] start mode=optimized model=SGC_fp32.onnx device=CPU warmup=5 iters=100
[2026-05-23 17:24:53] creating session
[2026-05-23 17:24:53] session ready providers=OpenVINOExecutionProvider | CPUExecutionProvider
[2026-05-23 17:24:53] preparing inputs
[2026-05-23 17:24:54] inputs ready
[2026-05-23 17:24:54] warmup start
[2026-05-23 17:24:54] warmup done
[2026-05-23 17:24:54] benchmark iterations start
[2026-05-23 17:24:57] iteration 25/100 elapsed_s=2.6
[2026-05-23 17:24:59] iteration 50/100 elapsed_s=5.1
[2026-05-23 17:25:02] iteration 75/100 elapsed_s=7.6
[2026-05-23 17:25:05] iteration 100/100 elapsed_s=10.2
[2026-05-23 17:25:05] benchmark iterations done
[2026-05-23 17:25:05] mode complete mode=optimized mean_ms=101.958 std_ms=6.776 p95_ms=111.978
