[2026-05-23 16:05:53] start mode=baseline model=MPNN_fp32.onnx device=GPU warmup=5 iters=100
[2026-05-23 16:05:53] creating session
[2026-05-23 16:05:53] session ready providers=CPUExecutionProvider
[2026-05-23 16:05:53] preparing inputs
[2026-05-23 16:05:54] inputs ready
[2026-05-23 16:05:54] warmup start
[2026-05-23 16:05:54] warmup done
[2026-05-23 16:05:54] benchmark iterations start
[2026-05-23 16:05:55] iteration 25/100 elapsed_s=1.0
[2026-05-23 16:05:56] iteration 50/100 elapsed_s=1.9
[2026-05-23 16:05:57] iteration 75/100 elapsed_s=3.0
[2026-05-23 16:05:59] iteration 100/100 elapsed_s=4.6
[2026-05-23 16:05:59] benchmark iterations done
[2026-05-23 16:05:59] mode complete mode=baseline mean_ms=45.869 std_ms=14.327 p95_ms=76.630
[2026-05-23 16:05:59] start mode=optimized model=MPNN_fp32.onnx device=GPU warmup=5 iters=100
[2026-05-23 16:05:59] creating session
[2026-05-23 16:05:59] session ready providers=CPUExecutionProvider
[2026-05-23 16:05:59] preparing inputs
[2026-05-23 16:06:00] inputs ready
[2026-05-23 16:06:00] warmup start
[2026-05-23 16:06:00] warmup done
[2026-05-23 16:06:00] benchmark iterations start
[2026-05-23 16:06:02] iteration 25/100 elapsed_s=1.7
[2026-05-23 16:06:03] iteration 50/100 elapsed_s=2.6
[2026-05-23 16:06:04] iteration 75/100 elapsed_s=3.4
[2026-05-23 16:06:05] iteration 100/100 elapsed_s=4.3
[2026-05-23 16:06:05] benchmark iterations done
[2026-05-23 16:06:05] mode complete mode=optimized mean_ms=43.122 std_ms=19.311 p95_ms=82.383
[2026-05-23 16:11:47] start mode=baseline model=MPNN_fp32.onnx device=CPU warmup=5 iters=100
[2026-05-23 16:11:47] creating session
[2026-05-23 16:11:47] session ready providers=CPUExecutionProvider
[2026-05-23 16:11:47] preparing inputs
[2026-05-23 16:11:48] inputs ready
[2026-05-23 16:11:48] warmup start
[2026-05-23 16:11:48] warmup done
[2026-05-23 16:11:48] benchmark iterations start
[2026-05-23 16:11:49] iteration 25/100 elapsed_s=1.1
[2026-05-23 16:11:51] iteration 50/100 elapsed_s=2.5
[2026-05-23 16:11:52] iteration 75/100 elapsed_s=4.0
[2026-05-23 16:11:54] iteration 100/100 elapsed_s=5.5
[2026-05-23 16:11:54] benchmark iterations done
[2026-05-23 16:11:54] mode complete mode=baseline mean_ms=54.747 std_ms=14.081 p95_ms=80.653
[2026-05-23 16:11:54] start mode=optimized model=MPNN_fp32.onnx device=CPU warmup=5 iters=100
[2026-05-23 16:11:54] creating session
[2026-05-23 16:11:54] session ready providers=CPUExecutionProvider
[2026-05-23 16:11:54] preparing inputs
[2026-05-23 16:11:55] inputs ready
[2026-05-23 16:11:55] warmup start
[2026-05-23 16:11:55] warmup done
[2026-05-23 16:11:55] benchmark iterations start
[2026-05-23 16:11:56] iteration 25/100 elapsed_s=0.9
[2026-05-23 16:11:57] iteration 50/100 elapsed_s=1.7
[2026-05-23 16:11:58] iteration 75/100 elapsed_s=2.6
[2026-05-23 16:11:59] iteration 100/100 elapsed_s=3.4
[2026-05-23 16:11:59] benchmark iterations done
[2026-05-23 16:11:59] mode complete mode=optimized mean_ms=34.151 std_ms=4.766 p95_ms=42.725
