[2026-05-23 15:06:57] start mode=baseline model=GIN_int8.onnx device=NPU warmup=5 iters=100
[2026-05-23 15:06:57] creating session
[2026-05-23 15:06:57] session ready providers=OpenVINOExecutionProvider | CPUExecutionProvider
[2026-05-23 15:06:57] preparing inputs
[2026-05-23 15:06:58] inputs ready
[2026-05-23 15:06:58] warmup start
[2026-05-23 15:06:59] warmup done
[2026-05-23 15:06:59] benchmark iterations start
[2026-05-23 15:07:04] iteration 25/100 elapsed_s=5.5
[2026-05-23 15:07:10] iteration 50/100 elapsed_s=11.0
[2026-05-23 15:07:15] iteration 75/100 elapsed_s=16.4
[2026-05-23 15:07:21] iteration 100/100 elapsed_s=21.7
[2026-05-23 15:07:21] benchmark iterations done
[2026-05-23 15:07:21] mode complete mode=baseline mean_ms=217.350 std_ms=15.084 p95_ms=244.228
[2026-05-23 15:07:21] start mode=optimized model=GIN_int8.onnx device=NPU warmup=5 iters=100
[2026-05-23 15:07:21] creating session
[2026-05-23 15:07:21] session ready providers=OpenVINOExecutionProvider | CPUExecutionProvider
[2026-05-23 15:07:21] preparing inputs
[2026-05-23 15:07:22] inputs ready
[2026-05-23 15:07:22] warmup start
[2026-05-23 15:07:23] warmup done
[2026-05-23 15:07:23] benchmark iterations start
[2026-05-23 15:07:28] iteration 25/100 elapsed_s=5.5
[2026-05-23 15:07:34] iteration 50/100 elapsed_s=11.1
[2026-05-23 15:07:39] iteration 75/100 elapsed_s=16.5
[2026-05-23 15:07:45] iteration 100/100 elapsed_s=21.9
[2026-05-23 15:07:45] benchmark iterations done
[2026-05-23 15:07:45] mode complete mode=optimized mean_ms=219.191 std_ms=16.189 p95_ms=249.073
[2026-05-23 15:15:00] start mode=baseline model=GIN_int8.onnx device=GPU warmup=5 iters=100
[2026-05-23 15:15:00] creating session
[2026-05-23 15:15:05] session ready providers=OpenVINOExecutionProvider | CPUExecutionProvider
[2026-05-23 15:15:05] preparing inputs
[2026-05-23 15:15:06] inputs ready
[2026-05-23 15:15:06] warmup start
[2026-05-23 15:15:06] warmup done
[2026-05-23 15:15:06] benchmark iterations start
[2026-05-23 15:15:08] iteration 25/100 elapsed_s=2.4
[2026-05-23 15:15:11] iteration 50/100 elapsed_s=4.8
[2026-05-23 15:15:13] iteration 75/100 elapsed_s=7.1
[2026-05-23 15:15:16] iteration 100/100 elapsed_s=9.5
[2026-05-23 15:15:16] benchmark iterations done
[2026-05-23 15:15:16] mode complete mode=baseline mean_ms=95.122 std_ms=1.894 p95_ms=96.763
[2026-05-23 15:15:16] start mode=optimized model=GIN_int8.onnx device=GPU warmup=5 iters=100
[2026-05-23 15:15:16] creating session
[2026-05-23 15:15:18] session ready providers=OpenVINOExecutionProvider | CPUExecutionProvider
[2026-05-23 15:15:18] preparing inputs
[2026-05-23 15:15:18] inputs ready
[2026-05-23 15:15:18] warmup start
[2026-05-23 15:15:18] warmup done
[2026-05-23 15:15:18] benchmark iterations start
[2026-05-23 15:15:21] iteration 25/100 elapsed_s=2.4
[2026-05-23 15:15:23] iteration 50/100 elapsed_s=4.8
[2026-05-23 15:15:25] iteration 75/100 elapsed_s=7.2
[2026-05-23 15:15:28] iteration 100/100 elapsed_s=9.6
[2026-05-23 15:15:28] benchmark iterations done
[2026-05-23 15:15:28] mode complete mode=optimized mean_ms=95.651 std_ms=1.563 p95_ms=97.736
[2026-05-23 15:24:38] start mode=baseline model=GIN_int8.onnx device=CPU warmup=5 iters=100
[2026-05-23 15:24:38] creating session
[2026-05-23 15:24:38] session ready providers=OpenVINOExecutionProvider | CPUExecutionProvider
[2026-05-23 15:24:38] preparing inputs
[2026-05-23 15:24:38] inputs ready
[2026-05-23 15:24:38] warmup start
[2026-05-23 15:24:39] warmup done
[2026-05-23 15:24:39] benchmark iterations start
[2026-05-23 15:24:45] iteration 25/100 elapsed_s=5.4
[2026-05-23 15:24:50] iteration 50/100 elapsed_s=10.9
[2026-05-23 15:24:56] iteration 75/100 elapsed_s=16.4
[2026-05-23 15:25:01] iteration 100/100 elapsed_s=21.8
[2026-05-23 15:25:01] benchmark iterations done
[2026-05-23 15:25:01] mode complete mode=baseline mean_ms=218.453 std_ms=16.563 p95_ms=245.825
[2026-05-23 15:25:02] start mode=optimized model=GIN_int8.onnx device=CPU warmup=5 iters=100
[2026-05-23 15:25:02] creating session
[2026-05-23 15:25:02] session ready providers=OpenVINOExecutionProvider | CPUExecutionProvider
[2026-05-23 15:25:02] preparing inputs
[2026-05-23 15:25:02] inputs ready
[2026-05-23 15:25:02] warmup start
[2026-05-23 15:25:03] warmup done
[2026-05-23 15:25:03] benchmark iterations start
[2026-05-23 15:25:09] iteration 25/100 elapsed_s=5.6
[2026-05-23 15:25:14] iteration 50/100 elapsed_s=11.0
[2026-05-23 15:25:20] iteration 75/100 elapsed_s=16.5
[2026-05-23 15:25:25] iteration 100/100 elapsed_s=22.1
[2026-05-23 15:25:25] benchmark iterations done
[2026-05-23 15:25:25] mode complete mode=optimized mean_ms=220.609 std_ms=16.660 p95_ms=251.150
