[2026-05-23 14:59:03] start mode=baseline model=GIN_fp32.onnx device=NPU warmup=5 iters=100
[2026-05-23 14:59:03] creating session
[2026-05-23 14:59:03] session ready providers=OpenVINOExecutionProvider | CPUExecutionProvider
[2026-05-23 14:59:03] preparing inputs
[2026-05-23 14:59:03] inputs ready
[2026-05-23 14:59:03] warmup start
[2026-05-23 14:59:03] warmup done
[2026-05-23 14:59:03] benchmark iterations start
[2026-05-23 14:59:04] iteration 25/100 elapsed_s=0.4
[2026-05-23 14:59:04] iteration 50/100 elapsed_s=0.8
[2026-05-23 14:59:04] iteration 75/100 elapsed_s=1.2
[2026-05-23 14:59:05] iteration 100/100 elapsed_s=1.6
[2026-05-23 14:59:05] benchmark iterations done
[2026-05-23 14:59:05] mode complete mode=baseline mean_ms=15.753 std_ms=1.816 p95_ms=16.904
[2026-05-23 14:59:05] start mode=optimized model=GIN_fp32.onnx device=NPU warmup=5 iters=100
[2026-05-23 14:59:05] creating session
[2026-05-23 14:59:05] session ready providers=OpenVINOExecutionProvider | CPUExecutionProvider
[2026-05-23 14:59:05] preparing inputs
[2026-05-23 14:59:06] inputs ready
[2026-05-23 14:59:06] warmup start
[2026-05-23 14:59:06] warmup done
[2026-05-23 14:59:06] benchmark iterations start
[2026-05-23 14:59:06] iteration 25/100 elapsed_s=0.4
[2026-05-23 14:59:07] iteration 50/100 elapsed_s=0.8
[2026-05-23 14:59:07] iteration 75/100 elapsed_s=1.2
[2026-05-23 14:59:08] iteration 100/100 elapsed_s=1.6
[2026-05-23 14:59:08] benchmark iterations done
[2026-05-23 14:59:08] mode complete mode=optimized mean_ms=15.664 std_ms=2.547 p95_ms=16.692
[2026-05-23 15:09:56] start mode=baseline model=GIN_fp32.onnx device=GPU warmup=5 iters=100
[2026-05-23 15:09:56] creating session
[2026-05-23 15:09:58] session ready providers=OpenVINOExecutionProvider | CPUExecutionProvider
[2026-05-23 15:09:58] preparing inputs
[2026-05-23 15:09:58] inputs ready
[2026-05-23 15:09:58] warmup start
[2026-05-23 15:09:58] warmup done
[2026-05-23 15:09:58] benchmark iterations start
[2026-05-23 15:09:58] iteration 25/100 elapsed_s=0.2
[2026-05-23 15:09:58] iteration 50/100 elapsed_s=0.4
[2026-05-23 15:09:58] iteration 75/100 elapsed_s=0.5
[2026-05-23 15:09:58] iteration 100/100 elapsed_s=0.7
[2026-05-23 15:09:58] benchmark iterations done
[2026-05-23 15:09:58] mode complete mode=baseline mean_ms=7.075 std_ms=0.665 p95_ms=8.072
[2026-05-23 15:09:59] start mode=optimized model=GIN_fp32.onnx device=GPU warmup=5 iters=100
[2026-05-23 15:09:59] creating session
[2026-05-23 15:10:00] session ready providers=OpenVINOExecutionProvider | CPUExecutionProvider
[2026-05-23 15:10:00] preparing inputs
[2026-05-23 15:10:00] inputs ready
[2026-05-23 15:10:00] warmup start
[2026-05-23 15:10:00] warmup done
[2026-05-23 15:10:00] benchmark iterations start
[2026-05-23 15:10:00] iteration 25/100 elapsed_s=0.2
[2026-05-23 15:10:00] iteration 50/100 elapsed_s=0.3
[2026-05-23 15:10:01] iteration 75/100 elapsed_s=0.5
[2026-05-23 15:10:01] iteration 100/100 elapsed_s=0.7
[2026-05-23 15:10:01] benchmark iterations done
[2026-05-23 15:10:01] mode complete mode=optimized mean_ms=6.934 std_ms=0.759 p95_ms=8.199
[2026-05-23 15:16:40] start mode=baseline model=GIN_fp32.onnx device=CPU warmup=5 iters=100
[2026-05-23 15:16:40] creating session
[2026-05-23 15:16:40] session ready providers=OpenVINOExecutionProvider | CPUExecutionProvider
[2026-05-23 15:16:40] preparing inputs
[2026-05-23 15:16:40] inputs ready
[2026-05-23 15:16:40] warmup start
[2026-05-23 15:16:40] warmup done
[2026-05-23 15:16:40] benchmark iterations start
[2026-05-23 15:16:41] iteration 25/100 elapsed_s=0.4
[2026-05-23 15:16:41] iteration 50/100 elapsed_s=0.8
[2026-05-23 15:16:42] iteration 75/100 elapsed_s=1.2
[2026-05-23 15:16:42] iteration 100/100 elapsed_s=1.6
[2026-05-23 15:16:42] benchmark iterations done
[2026-05-23 15:16:42] mode complete mode=baseline mean_ms=15.770 std_ms=2.644 p95_ms=17.243
[2026-05-23 15:16:42] start mode=optimized model=GIN_fp32.onnx device=CPU warmup=5 iters=100
[2026-05-23 15:16:42] creating session
[2026-05-23 15:16:42] session ready providers=OpenVINOExecutionProvider | CPUExecutionProvider
[2026-05-23 15:16:42] preparing inputs
[2026-05-23 15:16:43] inputs ready
[2026-05-23 15:16:43] warmup start
[2026-05-23 15:16:43] warmup done
[2026-05-23 15:16:43] benchmark iterations start
[2026-05-23 15:16:43] iteration 25/100 elapsed_s=0.4
[2026-05-23 15:16:44] iteration 50/100 elapsed_s=0.8
[2026-05-23 15:16:44] iteration 75/100 elapsed_s=1.2
[2026-05-23 15:16:45] iteration 100/100 elapsed_s=1.6
[2026-05-23 15:16:45] benchmark iterations done
[2026-05-23 15:16:45] mode complete mode=optimized mean_ms=15.766 std_ms=1.822 p95_ms=18.391
