[2026-05-23 12:45:00] start mode=baseline model=APPNP_fp32.onnx device=NPU warmup=5 iters=100
[2026-05-23 12:45:00] creating session
[2026-05-23 12:45:00] session ready providers=OpenVINOExecutionProvider | CPUExecutionProvider
[2026-05-23 12:45:00] preparing inputs
[2026-05-23 12:45:02] inputs ready
[2026-05-23 12:45:02] warmup start
[2026-05-23 12:45:02] warmup done
[2026-05-23 12:45:02] benchmark iterations start
[2026-05-23 12:45:02] iteration 25/100 elapsed_s=0.2
[2026-05-23 12:45:02] iteration 50/100 elapsed_s=0.3
[2026-05-23 12:45:02] iteration 75/100 elapsed_s=0.5
[2026-05-23 12:45:03] iteration 100/100 elapsed_s=0.6
[2026-05-23 12:45:03] benchmark iterations done
[2026-05-23 12:45:03] mode complete mode=baseline mean_ms=6.044 std_ms=1.559 p95_ms=7.260
[2026-05-23 12:45:03] start mode=optimized model=APPNP_fp32.onnx device=NPU warmup=5 iters=100
[2026-05-23 12:45:03] creating session
[2026-05-23 12:45:03] session ready providers=OpenVINOExecutionProvider | CPUExecutionProvider
[2026-05-23 12:45:03] preparing inputs
[2026-05-23 12:45:04] inputs ready
[2026-05-23 12:45:04] warmup start
[2026-05-23 12:45:04] warmup done
[2026-05-23 12:45:04] benchmark iterations start
[2026-05-23 12:45:04] iteration 25/100 elapsed_s=0.2
[2026-05-23 12:45:04] iteration 50/100 elapsed_s=0.3
[2026-05-23 12:45:04] iteration 75/100 elapsed_s=0.5
[2026-05-23 12:45:05] iteration 100/100 elapsed_s=0.6
[2026-05-23 12:45:05] benchmark iterations done
[2026-05-23 12:45:05] mode complete mode=optimized mean_ms=6.024 std_ms=1.078 p95_ms=7.987
[2026-05-23 14:32:27] start mode=baseline model=APPNP_fp32.onnx device=GPU warmup=5 iters=100
[2026-05-23 14:32:27] creating session
[2026-05-23 14:32:30] session ready providers=OpenVINOExecutionProvider | CPUExecutionProvider
[2026-05-23 14:32:30] preparing inputs
[2026-05-23 14:32:31] inputs ready
[2026-05-23 14:32:31] warmup start
[2026-05-23 14:32:31] warmup done
[2026-05-23 14:32:31] benchmark iterations start
[2026-05-23 14:32:31] iteration 25/100 elapsed_s=0.1
[2026-05-23 14:32:31] iteration 50/100 elapsed_s=0.2
[2026-05-23 14:32:31] iteration 75/100 elapsed_s=0.2
[2026-05-23 14:32:31] iteration 100/100 elapsed_s=0.3
[2026-05-23 14:32:31] benchmark iterations done
[2026-05-23 14:32:31] mode complete mode=baseline mean_ms=3.097 std_ms=0.834 p95_ms=4.642
[2026-05-23 14:32:31] start mode=optimized model=APPNP_fp32.onnx device=GPU warmup=5 iters=100
[2026-05-23 14:32:31] creating session
[2026-05-23 14:32:33] session ready providers=OpenVINOExecutionProvider | CPUExecutionProvider
[2026-05-23 14:32:33] preparing inputs
[2026-05-23 14:32:33] inputs ready
[2026-05-23 14:32:33] warmup start
[2026-05-23 14:32:33] warmup done
[2026-05-23 14:32:33] benchmark iterations start
[2026-05-23 14:32:33] iteration 25/100 elapsed_s=0.1
[2026-05-23 14:32:33] iteration 50/100 elapsed_s=0.2
[2026-05-23 14:32:33] iteration 75/100 elapsed_s=0.2
[2026-05-23 14:32:33] iteration 100/100 elapsed_s=0.3
[2026-05-23 14:32:33] benchmark iterations done
[2026-05-23 14:32:33] mode complete mode=optimized mean_ms=3.050 std_ms=0.719 p95_ms=4.379
[2026-05-23 14:37:55] start mode=baseline model=APPNP_fp32.onnx device=CPU warmup=5 iters=100
[2026-05-23 14:37:55] creating session
[2026-05-23 14:37:56] session ready providers=OpenVINOExecutionProvider | CPUExecutionProvider
[2026-05-23 14:37:56] preparing inputs
[2026-05-23 14:37:56] inputs ready
[2026-05-23 14:37:56] warmup start
[2026-05-23 14:37:56] warmup done
[2026-05-23 14:37:56] benchmark iterations start
[2026-05-23 14:37:56] iteration 25/100 elapsed_s=0.1
[2026-05-23 14:37:56] iteration 50/100 elapsed_s=0.2
[2026-05-23 14:37:56] iteration 75/100 elapsed_s=0.3
[2026-05-23 14:37:57] iteration 100/100 elapsed_s=0.5
[2026-05-23 14:37:57] benchmark iterations done
[2026-05-23 14:37:57] mode complete mode=baseline mean_ms=4.512 std_ms=0.740 p95_ms=6.107
[2026-05-23 14:37:57] start mode=optimized model=APPNP_fp32.onnx device=CPU warmup=5 iters=100
[2026-05-23 14:37:57] creating session
[2026-05-23 14:37:57] session ready providers=OpenVINOExecutionProvider | CPUExecutionProvider
[2026-05-23 14:37:57] preparing inputs
[2026-05-23 14:37:57] inputs ready
[2026-05-23 14:37:57] warmup start
[2026-05-23 14:37:57] warmup done
[2026-05-23 14:37:57] benchmark iterations start
[2026-05-23 14:37:58] iteration 25/100 elapsed_s=0.1
[2026-05-23 14:37:58] iteration 50/100 elapsed_s=0.2
[2026-05-23 14:37:58] iteration 75/100 elapsed_s=0.3
[2026-05-23 14:37:58] iteration 100/100 elapsed_s=0.4
[2026-05-23 14:37:58] benchmark iterations done
[2026-05-23 14:37:58] mode complete mode=optimized mean_ms=4.390 std_ms=0.618 p95_ms=5.753
