[2026-05-23 13:32:40] start mode=baseline model=APPNP_fp32.onnx device=NPU warmup=5 iters=100
[2026-05-23 13:32:40] creating session
[2026-05-23 13:32:40] session ready providers=OpenVINOExecutionProvider | CPUExecutionProvider
[2026-05-23 13:32:40] preparing inputs
[2026-05-23 13:32:40] inputs ready
[2026-05-23 13:32:40] warmup start
[2026-05-23 13:32:41] warmup done
[2026-05-23 13:32:41] benchmark iterations start
[2026-05-23 13:32:41] iteration 25/100 elapsed_s=0.5
[2026-05-23 13:32:42] iteration 50/100 elapsed_s=1.0
[2026-05-23 13:32:42] iteration 75/100 elapsed_s=1.6
[2026-05-23 13:32:43] iteration 100/100 elapsed_s=2.1
[2026-05-23 13:32:43] benchmark iterations done
[2026-05-23 13:32:43] mode complete mode=baseline mean_ms=20.465 std_ms=1.171 p95_ms=22.694
[2026-05-23 13:32:43] start mode=optimized model=APPNP_fp32.onnx device=NPU warmup=5 iters=100
[2026-05-23 13:32:43] creating session
[2026-05-23 13:32:43] session ready providers=OpenVINOExecutionProvider | CPUExecutionProvider
[2026-05-23 13:32:43] preparing inputs
[2026-05-23 13:32:44] inputs ready
[2026-05-23 13:32:44] warmup start
[2026-05-23 13:32:44] warmup done
[2026-05-23 13:32:44] benchmark iterations start
[2026-05-23 13:32:44] iteration 25/100 elapsed_s=0.5
[2026-05-23 13:32:45] iteration 50/100 elapsed_s=1.0
[2026-05-23 13:32:45] iteration 75/100 elapsed_s=1.4
[2026-05-23 13:32:46] iteration 100/100 elapsed_s=1.9
[2026-05-23 13:32:46] benchmark iterations done
[2026-05-23 13:32:46] mode complete mode=optimized mean_ms=19.216 std_ms=0.582 p95_ms=20.465
[2026-05-23 14:35:32] start mode=baseline model=APPNP_fp32.onnx device=GPU warmup=5 iters=100
[2026-05-23 14:35:32] creating session
[2026-05-23 14:35:33] session ready providers=OpenVINOExecutionProvider | CPUExecutionProvider
[2026-05-23 14:35:33] preparing inputs
[2026-05-23 14:35:33] inputs ready
[2026-05-23 14:35:33] warmup start
[2026-05-23 14:35:33] warmup done
[2026-05-23 14:35:33] benchmark iterations start
[2026-05-23 14:35:34] iteration 25/100 elapsed_s=0.3
[2026-05-23 14:35:34] iteration 50/100 elapsed_s=0.6
[2026-05-23 14:35:34] iteration 75/100 elapsed_s=0.9
[2026-05-23 14:35:34] iteration 100/100 elapsed_s=1.2
[2026-05-23 14:35:34] benchmark iterations done
[2026-05-23 14:35:34] mode complete mode=baseline mean_ms=11.938 std_ms=0.713 p95_ms=13.122
[2026-05-23 14:35:35] start mode=optimized model=APPNP_fp32.onnx device=GPU warmup=5 iters=100
[2026-05-23 14:35:35] creating session
[2026-05-23 14:35:36] session ready providers=OpenVINOExecutionProvider | CPUExecutionProvider
[2026-05-23 14:35:36] preparing inputs
[2026-05-23 14:35:36] inputs ready
[2026-05-23 14:35:36] warmup start
[2026-05-23 14:35:37] warmup done
[2026-05-23 14:35:37] benchmark iterations start
[2026-05-23 14:35:37] iteration 25/100 elapsed_s=0.3
[2026-05-23 14:35:37] iteration 50/100 elapsed_s=0.6
[2026-05-23 14:35:37] iteration 75/100 elapsed_s=0.9
[2026-05-23 14:35:38] iteration 100/100 elapsed_s=1.2
[2026-05-23 14:35:38] benchmark iterations done
[2026-05-23 14:35:38] mode complete mode=optimized mean_ms=12.229 std_ms=0.696 p95_ms=13.299
[2026-05-23 14:39:21] start mode=baseline model=APPNP_fp32.onnx device=CPU warmup=5 iters=100
[2026-05-23 14:39:21] creating session
[2026-05-23 14:39:21] session ready providers=OpenVINOExecutionProvider | CPUExecutionProvider
[2026-05-23 14:39:21] preparing inputs
[2026-05-23 14:39:22] inputs ready
[2026-05-23 14:39:22] warmup start
[2026-05-23 14:39:22] warmup done
[2026-05-23 14:39:22] benchmark iterations start
[2026-05-23 14:39:22] iteration 25/100 elapsed_s=0.5
[2026-05-23 14:39:23] iteration 50/100 elapsed_s=1.1
[2026-05-23 14:39:23] iteration 75/100 elapsed_s=1.6
[2026-05-23 14:39:24] iteration 100/100 elapsed_s=2.1
[2026-05-23 14:39:24] benchmark iterations done
[2026-05-23 14:39:24] mode complete mode=baseline mean_ms=21.292 std_ms=1.034 p95_ms=22.854
[2026-05-23 14:39:24] start mode=optimized model=APPNP_fp32.onnx device=CPU warmup=5 iters=100
[2026-05-23 14:39:24] creating session
[2026-05-23 14:39:24] session ready providers=OpenVINOExecutionProvider | CPUExecutionProvider
[2026-05-23 14:39:24] preparing inputs
[2026-05-23 14:39:25] inputs ready
[2026-05-23 14:39:25] warmup start
[2026-05-23 14:39:25] warmup done
[2026-05-23 14:39:25] benchmark iterations start
[2026-05-23 14:39:25] iteration 25/100 elapsed_s=0.6
[2026-05-23 14:39:26] iteration 50/100 elapsed_s=1.1
[2026-05-23 14:39:27] iteration 75/100 elapsed_s=1.7
[2026-05-23 14:39:27] iteration 100/100 elapsed_s=2.2
[2026-05-23 14:39:27] benchmark iterations done
[2026-05-23 14:39:27] mode complete mode=optimized mean_ms=22.207 std_ms=1.265 p95_ms=23.385
