[2026-05-23 15:57:08] start mode=baseline model=GraphTransformer_fp32.onnx device=NPU warmup=5 iters=100
[2026-05-23 15:57:08] creating session
[2026-05-23 15:57:08] session ready providers=OpenVINOExecutionProvider | CPUExecutionProvider
[2026-05-23 15:57:08] preparing inputs
[2026-05-23 15:57:08] inputs ready
[2026-05-23 15:57:08] warmup start
[2026-05-23 15:57:08] warmup done
[2026-05-23 15:57:08] benchmark iterations start
[2026-05-23 15:57:08] iteration 25/100 elapsed_s=0.1
[2026-05-23 15:57:08] iteration 50/100 elapsed_s=0.2
[2026-05-23 15:57:08] iteration 75/100 elapsed_s=0.3
[2026-05-23 15:57:09] iteration 100/100 elapsed_s=0.4
[2026-05-23 15:57:09] benchmark iterations done
[2026-05-23 15:57:09] mode complete mode=baseline mean_ms=3.717 std_ms=0.764 p95_ms=5.179
[2026-05-23 15:57:09] start mode=optimized model=GraphTransformer_fp32.onnx device=NPU warmup=5 iters=100
[2026-05-23 15:57:09] creating session
[2026-05-23 15:57:09] session ready providers=OpenVINOExecutionProvider | CPUExecutionProvider
[2026-05-23 15:57:09] preparing inputs
[2026-05-23 15:57:10] inputs ready
[2026-05-23 15:57:10] warmup start
[2026-05-23 15:57:10] warmup done
[2026-05-23 15:57:10] benchmark iterations start
[2026-05-23 15:57:10] iteration 25/100 elapsed_s=0.1
[2026-05-23 15:57:10] iteration 50/100 elapsed_s=0.2
[2026-05-23 15:57:10] iteration 75/100 elapsed_s=0.3
[2026-05-23 15:57:10] iteration 100/100 elapsed_s=0.4
[2026-05-23 15:57:10] benchmark iterations done
[2026-05-23 15:57:10] mode complete mode=optimized mean_ms=3.842 std_ms=0.887 p95_ms=5.626
[2026-05-23 15:59:26] start mode=baseline model=GraphTransformer_fp32.onnx device=GPU warmup=5 iters=100
[2026-05-23 15:59:26] creating session
[2026-05-23 15:59:27] session ready providers=OpenVINOExecutionProvider | CPUExecutionProvider
[2026-05-23 15:59:27] preparing inputs
[2026-05-23 15:59:27] inputs ready
[2026-05-23 15:59:27] warmup start
[2026-05-23 15:59:27] warmup done
[2026-05-23 15:59:27] benchmark iterations start
[2026-05-23 15:59:27] iteration 25/100 elapsed_s=0.0
[2026-05-23 15:59:27] iteration 50/100 elapsed_s=0.1
[2026-05-23 15:59:27] iteration 75/100 elapsed_s=0.1
[2026-05-23 15:59:27] iteration 100/100 elapsed_s=0.2
[2026-05-23 15:59:27] benchmark iterations done
[2026-05-23 15:59:27] mode complete mode=baseline mean_ms=1.811 std_ms=0.368 p95_ms=2.392
[2026-05-23 15:59:28] start mode=optimized model=GraphTransformer_fp32.onnx device=GPU warmup=5 iters=100
[2026-05-23 15:59:28] creating session
[2026-05-23 15:59:29] session ready providers=OpenVINOExecutionProvider | CPUExecutionProvider
[2026-05-23 15:59:29] preparing inputs
[2026-05-23 15:59:29] inputs ready
[2026-05-23 15:59:29] warmup start
[2026-05-23 15:59:29] warmup done
[2026-05-23 15:59:29] benchmark iterations start
[2026-05-23 15:59:29] iteration 25/100 elapsed_s=0.0
[2026-05-23 15:59:29] iteration 50/100 elapsed_s=0.1
[2026-05-23 15:59:29] iteration 75/100 elapsed_s=0.1
[2026-05-23 15:59:29] iteration 100/100 elapsed_s=0.2
[2026-05-23 15:59:29] benchmark iterations done
[2026-05-23 15:59:29] mode complete mode=optimized mean_ms=1.640 std_ms=0.284 p95_ms=2.323
[2026-05-23 16:01:34] start mode=baseline model=GraphTransformer_fp32.onnx device=CPU warmup=5 iters=100
[2026-05-23 16:01:34] creating session
[2026-05-23 16:01:35] session ready providers=OpenVINOExecutionProvider | CPUExecutionProvider
[2026-05-23 16:01:35] preparing inputs
[2026-05-23 16:01:35] inputs ready
[2026-05-23 16:01:35] warmup start
[2026-05-23 16:01:35] warmup done
[2026-05-23 16:01:35] benchmark iterations start
[2026-05-23 16:01:35] iteration 25/100 elapsed_s=0.1
[2026-05-23 16:01:35] iteration 50/100 elapsed_s=0.2
[2026-05-23 16:01:35] iteration 75/100 elapsed_s=0.3
[2026-05-23 16:01:35] iteration 100/100 elapsed_s=0.4
[2026-05-23 16:01:35] benchmark iterations done
[2026-05-23 16:01:35] mode complete mode=baseline mean_ms=3.784 std_ms=0.857 p95_ms=5.462
[2026-05-23 16:01:36] start mode=optimized model=GraphTransformer_fp32.onnx device=CPU warmup=5 iters=100
[2026-05-23 16:01:36] creating session
[2026-05-23 16:01:36] session ready providers=OpenVINOExecutionProvider | CPUExecutionProvider
[2026-05-23 16:01:36] preparing inputs
[2026-05-23 16:01:36] inputs ready
[2026-05-23 16:01:36] warmup start
[2026-05-23 16:01:36] warmup done
[2026-05-23 16:01:36] benchmark iterations start
[2026-05-23 16:01:36] iteration 25/100 elapsed_s=0.1
[2026-05-23 16:01:36] iteration 50/100 elapsed_s=0.2
[2026-05-23 16:01:37] iteration 75/100 elapsed_s=0.3
[2026-05-23 16:01:37] iteration 100/100 elapsed_s=0.4
[2026-05-23 16:01:37] benchmark iterations done
[2026-05-23 16:01:37] mode complete mode=optimized mean_ms=3.747 std_ms=0.616 p95_ms=4.922
