[2026-05-23 14:53:09] start mode=baseline model=GCN_int8.onnx device=NPU warmup=5 iters=100
[2026-05-23 14:53:09] creating session
[2026-05-23 14:53:09] session ready providers=OpenVINOExecutionProvider | CPUExecutionProvider
[2026-05-23 14:53:09] preparing inputs
[2026-05-23 14:53:10] inputs ready
[2026-05-23 14:53:10] warmup start
[2026-05-23 14:53:10] warmup done
[2026-05-23 14:53:10] benchmark iterations start
[2026-05-23 14:53:10] iteration 25/100 elapsed_s=0.1
[2026-05-23 14:53:10] iteration 50/100 elapsed_s=0.3
[2026-05-23 14:53:10] iteration 75/100 elapsed_s=0.4
[2026-05-23 14:53:10] iteration 100/100 elapsed_s=0.5
[2026-05-23 14:53:10] benchmark iterations done
[2026-05-23 14:53:10] mode complete mode=baseline mean_ms=4.674 std_ms=0.818 p95_ms=6.115
[2026-05-23 14:53:11] start mode=optimized model=GCN_int8.onnx device=NPU warmup=5 iters=100
[2026-05-23 14:53:11] creating session
[2026-05-23 14:53:11] session ready providers=OpenVINOExecutionProvider | CPUExecutionProvider
[2026-05-23 14:53:11] preparing inputs
[2026-05-23 14:53:11] inputs ready
[2026-05-23 14:53:11] warmup start
[2026-05-23 14:53:11] warmup done
[2026-05-23 14:53:11] benchmark iterations start
[2026-05-23 14:53:11] iteration 25/100 elapsed_s=0.1
[2026-05-23 14:53:12] iteration 50/100 elapsed_s=0.3
[2026-05-23 14:53:12] iteration 75/100 elapsed_s=0.4
[2026-05-23 14:53:12] iteration 100/100 elapsed_s=0.5
[2026-05-23 14:53:12] benchmark iterations done
[2026-05-23 14:53:12] mode complete mode=optimized mean_ms=4.766 std_ms=0.867 p95_ms=6.563
[2026-05-23 14:56:46] start mode=baseline model=GCN_int8.onnx device=CPU warmup=5 iters=100
[2026-05-23 14:56:46] creating session
[2026-05-23 14:56:47] session ready providers=OpenVINOExecutionProvider | CPUExecutionProvider
[2026-05-23 14:56:47] preparing inputs
[2026-05-23 14:56:47] inputs ready
[2026-05-23 14:56:47] warmup start
[2026-05-23 14:56:47] warmup done
[2026-05-23 14:56:47] benchmark iterations start
[2026-05-23 14:56:47] iteration 25/100 elapsed_s=0.1
[2026-05-23 14:56:47] iteration 50/100 elapsed_s=0.3
[2026-05-23 14:56:47] iteration 75/100 elapsed_s=0.4
[2026-05-23 14:56:47] iteration 100/100 elapsed_s=0.5
[2026-05-23 14:56:47] benchmark iterations done
[2026-05-23 14:56:47] mode complete mode=baseline mean_ms=4.744 std_ms=0.900 p95_ms=6.477
[2026-05-23 14:56:48] start mode=optimized model=GCN_int8.onnx device=CPU warmup=5 iters=100
[2026-05-23 14:56:48] creating session
[2026-05-23 14:56:48] session ready providers=OpenVINOExecutionProvider | CPUExecutionProvider
[2026-05-23 14:56:48] preparing inputs
[2026-05-23 14:56:48] inputs ready
[2026-05-23 14:56:48] warmup start
[2026-05-23 14:56:48] warmup done
[2026-05-23 14:56:48] benchmark iterations start
[2026-05-23 14:56:49] iteration 25/100 elapsed_s=0.1
[2026-05-23 14:56:49] iteration 50/100 elapsed_s=0.2
[2026-05-23 14:56:49] iteration 75/100 elapsed_s=0.4
[2026-05-23 14:56:49] iteration 100/100 elapsed_s=0.5
[2026-05-23 14:56:49] benchmark iterations done
[2026-05-23 14:56:49] mode complete mode=optimized mean_ms=4.628 std_ms=0.650 p95_ms=5.880
