Traceback (most recent call last):
  File "c:\Users\yusuf\Projects\npu-graph-opt-benchmarking\analysis\scalability_analyzer.py", line 432, in run
    row = self._benchmark_model(model)
          ^^^^^^^^^^^^^^^^^^^^^^^^^^^^
  File "c:\Users\yusuf\Projects\npu-graph-opt-benchmarking\analysis\scalability_analyzer.py", line 508, in _benchmark_model
    res = runner.run()
          ^^^^^^^^^^^^
  File "C:\Users\yusuf\Projects\npu-graph-opt-benchmarking\analysis\benchmark_runner.py", line 602, in run
    mean_latency, std_latency, p95_latency, cpu_percent, peak_mem_mb, profile_path, active_providers, fallback_to_cpu = self._run_mode(mode)
                                                                                                                        ^^^^^^^^^^^^^^^^^^^^
  File "C:\Users\yusuf\Projects\npu-graph-opt-benchmarking\analysis\benchmark_runner.py", line 555, in _run_mode
    session.run(None, inputs)
  File "c:\Users\yusuf\AppData\Local\Programs\Python\Python311\Lib\site-packages\onnxruntime\capi\onnxruntime_inference_collection.py", line 296, in run
    return self._sess.run(output_names, input_feed, run_options)
           ^^^^^^^^^^^^^^^^^^^^^^^^^^^^^^^^^^^^^^^^^^^^^^^^^^^^^
onnxruntime.capi.onnxruntime_pybind11_state.InvalidArgument: [ONNXRuntimeError] : 2 : INVALID_ARGUMENT : Non-zero status code returned while running Gather node. Name:'node_embedding_1' Status Message: indices element out of data bounds, idx=6 must be within the inclusive range [-2,1]

Traceback (most recent call last):
  File "c:\Users\yusuf\Projects\npu-graph-opt-benchmarking\analysis\scalability_analyzer.py", line 432, in run
    row = self._benchmark_model(model)
          ^^^^^^^^^^^^^^^^^^^^^^^^^^^^
  File "c:\Users\yusuf\Projects\npu-graph-opt-benchmarking\analysis\scalability_analyzer.py", line 508, in _benchmark_model
    res = runner.run()
          ^^^^^^^^^^^^
  File "C:\Users\yusuf\Projects\npu-graph-opt-benchmarking\analysis\benchmark_runner.py", line 602, in run
    mean_latency, std_latency, p95_latency, cpu_percent, peak_mem_mb, profile_path, active_providers, fallback_to_cpu = self._run_mode(mode)
                                                                                                                        ^^^^^^^^^^^^^^^^^^^^
  File "C:\Users\yusuf\Projects\npu-graph-opt-benchmarking\analysis\benchmark_runner.py", line 555, in _run_mode
    session.run(None, inputs)
  File "c:\Users\yusuf\AppData\Local\Programs\Python\Python311\Lib\site-packages\onnxruntime\capi\onnxruntime_inference_collection.py", line 296, in run
    return self._sess.run(output_names, input_feed, run_options)
           ^^^^^^^^^^^^^^^^^^^^^^^^^^^^^^^^^^^^^^^^^^^^^^^^^^^^^
onnxruntime.capi.onnxruntime_pybind11_state.InvalidArgument: [ONNXRuntimeError] : 2 : INVALID_ARGUMENT : Non-zero status code returned while running Gather node. Name:'node_embedding_1' Status Message: indices element out of data bounds, idx=6 must be within the inclusive range [-2,1]

Traceback (most recent call last):
  File "c:\Users\yusuf\Projects\npu-graph-opt-benchmarking\analysis\scalability_analyzer.py", line 432, in run
    row = self._benchmark_model(model)
          ^^^^^^^^^^^^^^^^^^^^^^^^^^^^
  File "c:\Users\yusuf\Projects\npu-graph-opt-benchmarking\analysis\scalability_analyzer.py", line 508, in _benchmark_model
    res = runner.run()
          ^^^^^^^^^^^^
  File "C:\Users\yusuf\Projects\npu-graph-opt-benchmarking\analysis\benchmark_runner.py", line 602, in run
    mean_latency, std_latency, p95_latency, cpu_percent, peak_mem_mb, profile_path, active_providers, fallback_to_cpu = self._run_mode(mode)
                                                                                                                        ^^^^^^^^^^^^^^^^^^^^
  File "C:\Users\yusuf\Projects\npu-graph-opt-benchmarking\analysis\benchmark_runner.py", line 555, in _run_mode
    session.run(None, inputs)
  File "c:\Users\yusuf\AppData\Local\Programs\Python\Python311\Lib\site-packages\onnxruntime\capi\onnxruntime_inference_collection.py", line 296, in run
    return self._sess.run(output_names, input_feed, run_options)
           ^^^^^^^^^^^^^^^^^^^^^^^^^^^^^^^^^^^^^^^^^^^^^^^^^^^^^
onnxruntime.capi.onnxruntime_pybind11_state.InvalidArgument: [ONNXRuntimeError] : 2 : INVALID_ARGUMENT : Non-zero status code returned while running Gather node. Name:'node_embedding_1' Status Message: indices element out of data bounds, idx=6 must be within the inclusive range [-2,1]

Traceback (most recent call last):
  File "c:\Users\yusuf\Projects\npu-graph-opt-benchmarking\analysis\scalability_analyzer.py", line 432, in run
    row = self._benchmark_model(model)
          ^^^^^^^^^^^^^^^^^^^^^^^^^^^^
  File "c:\Users\yusuf\Projects\npu-graph-opt-benchmarking\analysis\scalability_analyzer.py", line 508, in _benchmark_model
    res = runner.run()
          ^^^^^^^^^^^^
  File "C:\Users\yusuf\Projects\npu-graph-opt-benchmarking\analysis\benchmark_runner.py", line 602, in run
    mean_latency, std_latency, p95_latency, cpu_percent, peak_mem_mb, profile_path, active_providers, fallback_to_cpu = self._run_mode(mode)
                                                                                                                        ^^^^^^^^^^^^^^^^^^^^
  File "C:\Users\yusuf\Projects\npu-graph-opt-benchmarking\analysis\benchmark_runner.py", line 555, in _run_mode
    session.run(None, inputs)
  File "c:\Users\yusuf\AppData\Local\Programs\Python\Python311\Lib\site-packages\onnxruntime\capi\onnxruntime_inference_collection.py", line 296, in run
    return self._sess.run(output_names, input_feed, run_options)
           ^^^^^^^^^^^^^^^^^^^^^^^^^^^^^^^^^^^^^^^^^^^^^^^^^^^^^
onnxruntime.capi.onnxruntime_pybind11_state.InvalidArgument: [ONNXRuntimeError] : 2 : INVALID_ARGUMENT : Non-zero status code returned while running Gather node. Name:'node_embedding_1' Status Message: indices element out of data bounds, idx=6 must be within the inclusive range [-2,1]

Traceback (most recent call last):
  File "c:\Users\yusuf\Projects\npu-graph-opt-benchmarking\analysis\scalability_analyzer.py", line 432, in run
    row = self._benchmark_model(model)
          ^^^^^^^^^^^^^^^^^^^^^^^^^^^^
  File "c:\Users\yusuf\Projects\npu-graph-opt-benchmarking\analysis\scalability_analyzer.py", line 508, in _benchmark_model
    res = runner.run()
          ^^^^^^^^^^^^
  File "C:\Users\yusuf\Projects\npu-graph-opt-benchmarking\analysis\benchmark_runner.py", line 602, in run
    mean_latency, std_latency, p95_latency, cpu_percent, peak_mem_mb, profile_path, active_providers, fallback_to_cpu = self._run_mode(mode)
                                                                                                                        ^^^^^^^^^^^^^^^^^^^^
  File "C:\Users\yusuf\Projects\npu-graph-opt-benchmarking\analysis\benchmark_runner.py", line 555, in _run_mode
    session.run(None, inputs)
  File "c:\Users\yusuf\AppData\Local\Programs\Python\Python311\Lib\site-packages\onnxruntime\capi\onnxruntime_inference_collection.py", line 296, in run
    return self._sess.run(output_names, input_feed, run_options)
           ^^^^^^^^^^^^^^^^^^^^^^^^^^^^^^^^^^^^^^^^^^^^^^^^^^^^^
onnxruntime.capi.onnxruntime_pybind11_state.InvalidArgument: [ONNXRuntimeError] : 2 : INVALID_ARGUMENT : Non-zero status code returned while running Gather node. Name:'node_embedding_1' Status Message: indices element out of data bounds, idx=6 must be within the inclusive range [-2,1]

Traceback (most recent call last):
  File "c:\Users\yusuf\Projects\npu-graph-opt-benchmarking\analysis\scalability_analyzer.py", line 432, in run
    row = self._benchmark_model(model)
          ^^^^^^^^^^^^^^^^^^^^^^^^^^^^
  File "c:\Users\yusuf\Projects\npu-graph-opt-benchmarking\analysis\scalability_analyzer.py", line 508, in _benchmark_model
    res = runner.run()
          ^^^^^^^^^^^^
  File "C:\Users\yusuf\Projects\npu-graph-opt-benchmarking\analysis\benchmark_runner.py", line 602, in run
    mean_latency, std_latency, p95_latency, cpu_percent, peak_mem_mb, profile_path, active_providers, fallback_to_cpu = self._run_mode(mode)
                                                                                                                        ^^^^^^^^^^^^^^^^^^^^
  File "C:\Users\yusuf\Projects\npu-graph-opt-benchmarking\analysis\benchmark_runner.py", line 555, in _run_mode
    session.run(None, inputs)
  File "c:\Users\yusuf\AppData\Local\Programs\Python\Python311\Lib\site-packages\onnxruntime\capi\onnxruntime_inference_collection.py", line 296, in run
    return self._sess.run(output_names, input_feed, run_options)
           ^^^^^^^^^^^^^^^^^^^^^^^^^^^^^^^^^^^^^^^^^^^^^^^^^^^^^
onnxruntime.capi.onnxruntime_pybind11_state.InvalidArgument: [ONNXRuntimeError] : 2 : INVALID_ARGUMENT : Non-zero status code returned while running Gather node. Name:'node_embedding_1' Status Message: indices element out of data bounds, idx=6 must be within the inclusive range [-2,1]

Traceback (most recent call last):
  File "c:\Users\yusuf\Projects\npu-graph-opt-benchmarking\analysis\scalability_analyzer.py", line 432, in run
    row = self._benchmark_model(model)
          ^^^^^^^^^^^^^^^^^^^^^^^^^^^^
  File "c:\Users\yusuf\Projects\npu-graph-opt-benchmarking\analysis\scalability_analyzer.py", line 508, in _benchmark_model
    res = runner.run()
          ^^^^^^^^^^^^
  File "C:\Users\yusuf\Projects\npu-graph-opt-benchmarking\analysis\benchmark_runner.py", line 602, in run
    mean_latency, std_latency, p95_latency, cpu_percent, peak_mem_mb, profile_path, active_providers, fallback_to_cpu = self._run_mode(mode)
                                                                                                                        ^^^^^^^^^^^^^^^^^^^^
  File "C:\Users\yusuf\Projects\npu-graph-opt-benchmarking\analysis\benchmark_runner.py", line 555, in _run_mode
    session.run(None, inputs)
  File "c:\Users\yusuf\AppData\Local\Programs\Python\Python311\Lib\site-packages\onnxruntime\capi\onnxruntime_inference_collection.py", line 296, in run
    return self._sess.run(output_names, input_feed, run_options)
           ^^^^^^^^^^^^^^^^^^^^^^^^^^^^^^^^^^^^^^^^^^^^^^^^^^^^^
onnxruntime.capi.onnxruntime_pybind11_state.InvalidArgument: [ONNXRuntimeError] : 2 : INVALID_ARGUMENT : Non-zero status code returned while running Gather node. Name:'node_embedding_1' Status Message: indices element out of data bounds, idx=6 must be within the inclusive range [-2,1]

Traceback (most recent call last):
  File "c:\Users\yusuf\Projects\npu-graph-opt-benchmarking\analysis\scalability_analyzer.py", line 432, in run
    row = self._benchmark_model(model)
          ^^^^^^^^^^^^^^^^^^^^^^^^^^^^
  File "c:\Users\yusuf\Projects\npu-graph-opt-benchmarking\analysis\scalability_analyzer.py", line 508, in _benchmark_model
    res = runner.run()
          ^^^^^^^^^^^^
  File "C:\Users\yusuf\Projects\npu-graph-opt-benchmarking\analysis\benchmark_runner.py", line 602, in run
    mean_latency, std_latency, p95_latency, cpu_percent, peak_mem_mb, profile_path, active_providers, fallback_to_cpu = self._run_mode(mode)
                                                                                                                        ^^^^^^^^^^^^^^^^^^^^
  File "C:\Users\yusuf\Projects\npu-graph-opt-benchmarking\analysis\benchmark_runner.py", line 555, in _run_mode
    session.run(None, inputs)
  File "c:\Users\yusuf\AppData\Local\Programs\Python\Python311\Lib\site-packages\onnxruntime\capi\onnxruntime_inference_collection.py", line 296, in run
    return self._sess.run(output_names, input_feed, run_options)
           ^^^^^^^^^^^^^^^^^^^^^^^^^^^^^^^^^^^^^^^^^^^^^^^^^^^^^
onnxruntime.capi.onnxruntime_pybind11_state.InvalidArgument: [ONNXRuntimeError] : 2 : INVALID_ARGUMENT : Non-zero status code returned while running Gather node. Name:'node_embedding_1' Status Message: indices element out of data bounds, idx=6 must be within the inclusive range [-2,1]

Traceback (most recent call last):
  File "c:\Users\yusuf\Projects\npu-graph-opt-benchmarking\analysis\scalability_analyzer.py", line 432, in run
    row = self._benchmark_model(model)
          ^^^^^^^^^^^^^^^^^^^^^^^^^^^^
  File "c:\Users\yusuf\Projects\npu-graph-opt-benchmarking\analysis\scalability_analyzer.py", line 508, in _benchmark_model
    res = runner.run()
          ^^^^^^^^^^^^
  File "C:\Users\yusuf\Projects\npu-graph-opt-benchmarking\analysis\benchmark_runner.py", line 602, in run
    mean_latency, std_latency, p95_latency, cpu_percent, peak_mem_mb, profile_path, active_providers, fallback_to_cpu = self._run_mode(mode)
                                                                                                                        ^^^^^^^^^^^^^^^^^^^^
  File "C:\Users\yusuf\Projects\npu-graph-opt-benchmarking\analysis\benchmark_runner.py", line 555, in _run_mode
    session.run(None, inputs)
  File "c:\Users\yusuf\AppData\Local\Programs\Python\Python311\Lib\site-packages\onnxruntime\capi\onnxruntime_inference_collection.py", line 296, in run
    return self._sess.run(output_names, input_feed, run_options)
           ^^^^^^^^^^^^^^^^^^^^^^^^^^^^^^^^^^^^^^^^^^^^^^^^^^^^^
onnxruntime.capi.onnxruntime_pybind11_state.InvalidArgument: [ONNXRuntimeError] : 2 : INVALID_ARGUMENT : Non-zero status code returned while running Gather node. Name:'node_embedding_1' Status Message: indices element out of data bounds, idx=6 must be within the inclusive range [-2,1]

Traceback (most recent call last):
  File "c:\Users\yusuf\Projects\npu-graph-opt-benchmarking\analysis\scalability_analyzer.py", line 432, in run
    row = self._benchmark_model(model)
          ^^^^^^^^^^^^^^^^^^^^^^^^^^^^
  File "c:\Users\yusuf\Projects\npu-graph-opt-benchmarking\analysis\scalability_analyzer.py", line 508, in _benchmark_model
    res = runner.run()
          ^^^^^^^^^^^^
  File "C:\Users\yusuf\Projects\npu-graph-opt-benchmarking\analysis\benchmark_runner.py", line 602, in run
    mean_latency, std_latency, p95_latency, cpu_percent, peak_mem_mb, profile_path, active_providers, fallback_to_cpu = self._run_mode(mode)
                                                                                                                        ^^^^^^^^^^^^^^^^^^^^
  File "C:\Users\yusuf\Projects\npu-graph-opt-benchmarking\analysis\benchmark_runner.py", line 555, in _run_mode
    session.run(None, inputs)
  File "c:\Users\yusuf\AppData\Local\Programs\Python\Python311\Lib\site-packages\onnxruntime\capi\onnxruntime_inference_collection.py", line 296, in run
    return self._sess.run(output_names, input_feed, run_options)
           ^^^^^^^^^^^^^^^^^^^^^^^^^^^^^^^^^^^^^^^^^^^^^^^^^^^^^
onnxruntime.capi.onnxruntime_pybind11_state.InvalidArgument: [ONNXRuntimeError] : 2 : INVALID_ARGUMENT : Non-zero status code returned while running Gather node. Name:'node_embedding_1' Status Message: indices element out of data bounds, idx=6 must be within the inclusive range [-2,1]

Traceback (most recent call last):
  File "c:\Users\yusuf\Projects\npu-graph-opt-benchmarking\analysis\scalability_analyzer.py", line 432, in run
    row = self._benchmark_model(model)
          ^^^^^^^^^^^^^^^^^^^^^^^^^^^^
  File "c:\Users\yusuf\Projects\npu-graph-opt-benchmarking\analysis\scalability_analyzer.py", line 508, in _benchmark_model
    res = runner.run()
          ^^^^^^^^^^^^
  File "C:\Users\yusuf\Projects\npu-graph-opt-benchmarking\analysis\benchmark_runner.py", line 602, in run
    mean_latency, std_latency, p95_latency, cpu_percent, peak_mem_mb, profile_path, active_providers, fallback_to_cpu = self._run_mode(mode)
                                                                                                                        ^^^^^^^^^^^^^^^^^^^^
  File "C:\Users\yusuf\Projects\npu-graph-opt-benchmarking\analysis\benchmark_runner.py", line 555, in _run_mode
    session.run(None, inputs)
  File "c:\Users\yusuf\AppData\Local\Programs\Python\Python311\Lib\site-packages\onnxruntime\capi\onnxruntime_inference_collection.py", line 296, in run
    return self._sess.run(output_names, input_feed, run_options)
           ^^^^^^^^^^^^^^^^^^^^^^^^^^^^^^^^^^^^^^^^^^^^^^^^^^^^^
onnxruntime.capi.onnxruntime_pybind11_state.InvalidArgument: [ONNXRuntimeError] : 2 : INVALID_ARGUMENT : Non-zero status code returned while running Gather node. Name:'node_embedding_1' Status Message: indices element out of data bounds, idx=6 must be within the inclusive range [-2,1]

Traceback (most recent call last):
  File "c:\Users\yusuf\Projects\npu-graph-opt-benchmarking\analysis\scalability_analyzer.py", line 432, in run
    row = self._benchmark_model(model)
          ^^^^^^^^^^^^^^^^^^^^^^^^^^^^
  File "c:\Users\yusuf\Projects\npu-graph-opt-benchmarking\analysis\scalability_analyzer.py", line 508, in _benchmark_model
    res = runner.run()
          ^^^^^^^^^^^^
  File "C:\Users\yusuf\Projects\npu-graph-opt-benchmarking\analysis\benchmark_runner.py", line 602, in run
    mean_latency, std_latency, p95_latency, cpu_percent, peak_mem_mb, profile_path, active_providers, fallback_to_cpu = self._run_mode(mode)
                                                                                                                        ^^^^^^^^^^^^^^^^^^^^
  File "C:\Users\yusuf\Projects\npu-graph-opt-benchmarking\analysis\benchmark_runner.py", line 555, in _run_mode
    session.run(None, inputs)
  File "c:\Users\yusuf\AppData\Local\Programs\Python\Python311\Lib\site-packages\onnxruntime\capi\onnxruntime_inference_collection.py", line 296, in run
    return self._sess.run(output_names, input_feed, run_options)
           ^^^^^^^^^^^^^^^^^^^^^^^^^^^^^^^^^^^^^^^^^^^^^^^^^^^^^
onnxruntime.capi.onnxruntime_pybind11_state.InvalidArgument: [ONNXRuntimeError] : 2 : INVALID_ARGUMENT : Non-zero status code returned while running Gather node. Name:'node_embedding_1' Status Message: indices element out of data bounds, idx=6 must be within the inclusive range [-2,1]

