[2026-05-23 10:30:07] start mode=baseline model=GAT_fp32.onnx device=NPU warmup=5 iters=100
[2026-05-23 10:30:07] creating session
[2026-05-23 10:30:09] session ready providers=OpenVINOExecutionProvider | CPUExecutionProvider
[2026-05-23 10:30:09] preparing inputs
[2026-05-23 10:30:15] inputs ready
[2026-05-23 10:30:15] warmup start
[2026-05-23 10:30:15] warmup done
[2026-05-23 10:30:15] benchmark iterations start
[2026-05-23 10:30:15] iteration 25/100 elapsed_s=0.3
[2026-05-23 10:30:16] iteration 50/100 elapsed_s=0.5
[2026-05-23 10:30:16] iteration 75/100 elapsed_s=0.8
[2026-05-23 10:30:16] iteration 100/100 elapsed_s=1.0
[2026-05-23 10:30:16] benchmark iterations done
[2026-05-23 10:30:16] mode complete mode=baseline mean_ms=10.074 std_ms=1.297 p95_ms=11.821
[2026-05-23 10:30:16] start mode=optimized model=GAT_fp32.onnx device=NPU warmup=5 iters=100
[2026-05-23 10:30:16] creating session
[2026-05-23 10:30:17] session ready providers=OpenVINOExecutionProvider | CPUExecutionProvider
[2026-05-23 10:30:17] preparing inputs
[2026-05-23 10:30:17] inputs ready
[2026-05-23 10:30:17] warmup start
[2026-05-23 10:30:17] warmup done
[2026-05-23 10:30:17] benchmark iterations start
[2026-05-23 10:30:17] iteration 25/100 elapsed_s=0.3
[2026-05-23 10:30:18] iteration 50/100 elapsed_s=0.5
[2026-05-23 10:30:18] iteration 75/100 elapsed_s=0.8
[2026-05-23 10:30:18] iteration 100/100 elapsed_s=1.0
[2026-05-23 10:30:18] benchmark iterations done
[2026-05-23 10:30:18] mode complete mode=optimized mean_ms=10.010 std_ms=1.370 p95_ms=13.099
[2026-05-23 10:30:29] start mode=baseline model=GAT_fp32.onnx device=NPU warmup=5 iters=100
[2026-05-23 10:30:29] creating session
[2026-05-23 10:30:29] session ready providers=OpenVINOExecutionProvider | CPUExecutionProvider
[2026-05-23 10:30:29] preparing inputs
[2026-05-23 10:30:35] inputs ready
[2026-05-23 10:30:35] warmup start
[2026-05-23 10:30:35] warmup done
[2026-05-23 10:30:35] benchmark iterations start
[2026-05-23 10:30:35] iteration 25/100 elapsed_s=0.3
[2026-05-23 10:30:35] iteration 50/100 elapsed_s=0.5
[2026-05-23 10:30:35] iteration 75/100 elapsed_s=0.8
[2026-05-23 10:30:36] iteration 100/100 elapsed_s=1.1
[2026-05-23 10:30:36] benchmark iterations done
[2026-05-23 10:30:36] mode complete mode=baseline mean_ms=10.676 std_ms=1.017 p95_ms=12.530
[2026-05-23 10:30:36] start mode=optimized model=GAT_fp32.onnx device=NPU warmup=5 iters=100
[2026-05-23 10:30:36] creating session
[2026-05-23 10:30:36] session ready providers=OpenVINOExecutionProvider | CPUExecutionProvider
[2026-05-23 10:30:36] preparing inputs
[2026-05-23 10:30:38] inputs ready
[2026-05-23 10:30:38] warmup start
[2026-05-23 10:30:39] warmup done
[2026-05-23 10:30:39] benchmark iterations start
[2026-05-23 10:30:39] iteration 25/100 elapsed_s=0.3
[2026-05-23 10:30:39] iteration 50/100 elapsed_s=0.6
[2026-05-23 10:30:39] iteration 75/100 elapsed_s=0.9
[2026-05-23 10:30:40] iteration 100/100 elapsed_s=1.2
[2026-05-23 10:30:40] benchmark iterations done
[2026-05-23 10:30:40] mode complete mode=optimized mean_ms=11.548 std_ms=2.220 p95_ms=15.938
[2026-05-23 10:30:57] start mode=baseline model=GAT_fp32.onnx device=NPU warmup=5 iters=100
[2026-05-23 10:30:57] creating session
[2026-05-23 10:30:57] session ready providers=OpenVINOExecutionProvider | CPUExecutionProvider
[2026-05-23 10:30:57] preparing inputs
[2026-05-23 10:31:04] inputs ready
[2026-05-23 10:31:04] warmup start
[2026-05-23 10:31:04] warmup done
[2026-05-23 10:31:04] benchmark iterations start
[2026-05-23 10:31:04] iteration 25/100 elapsed_s=0.3
[2026-05-23 10:31:05] iteration 50/100 elapsed_s=0.6
[2026-05-23 10:31:05] iteration 75/100 elapsed_s=0.9
[2026-05-23 10:31:05] iteration 100/100 elapsed_s=1.1
[2026-05-23 10:31:05] benchmark iterations done
[2026-05-23 10:31:05] mode complete mode=baseline mean_ms=11.298 std_ms=2.216 p95_ms=13.706
[2026-05-23 10:31:06] start mode=optimized model=GAT_fp32.onnx device=NPU warmup=5 iters=100
[2026-05-23 10:31:06] creating session
[2026-05-23 10:31:06] session ready providers=OpenVINOExecutionProvider | CPUExecutionProvider
[2026-05-23 10:31:06] preparing inputs
[2026-05-23 10:31:09] inputs ready
[2026-05-23 10:31:09] warmup start
[2026-05-23 10:31:09] warmup done
[2026-05-23 10:31:09] benchmark iterations start
[2026-05-23 10:31:09] iteration 25/100 elapsed_s=0.3
[2026-05-23 10:31:09] iteration 50/100 elapsed_s=0.5
[2026-05-23 10:31:09] iteration 75/100 elapsed_s=0.7
[2026-05-23 10:31:10] iteration 100/100 elapsed_s=1.0
[2026-05-23 10:31:10] benchmark iterations done
[2026-05-23 10:31:10] mode complete mode=optimized mean_ms=10.037 std_ms=1.472 p95_ms=12.096
[2026-05-23 10:31:28] start mode=baseline model=GAT_fp32.onnx device=GPU warmup=5 iters=100
[2026-05-23 10:31:28] creating session
[2026-05-23 10:31:30] session ready providers=OpenVINOExecutionProvider | CPUExecutionProvider
[2026-05-23 10:31:30] preparing inputs
[2026-05-23 10:31:30] inputs ready
[2026-05-23 10:31:30] warmup start
[2026-05-23 10:31:30] warmup done
[2026-05-23 10:31:30] benchmark iterations start
[2026-05-23 10:31:31] iteration 25/100 elapsed_s=0.2
[2026-05-23 10:31:31] iteration 50/100 elapsed_s=0.4
[2026-05-23 10:31:31] iteration 75/100 elapsed_s=0.6
[2026-05-23 10:31:31] iteration 100/100 elapsed_s=0.9
[2026-05-23 10:31:31] benchmark iterations done
[2026-05-23 10:31:31] mode complete mode=baseline mean_ms=8.598 std_ms=0.747 p95_ms=10.099
[2026-05-23 10:31:31] start mode=optimized model=GAT_fp32.onnx device=GPU warmup=5 iters=100
[2026-05-23 10:31:31] creating session
[2026-05-23 10:31:33] session ready providers=OpenVINOExecutionProvider | CPUExecutionProvider
[2026-05-23 10:31:33] preparing inputs
[2026-05-23 10:31:33] inputs ready
[2026-05-23 10:31:33] warmup start
[2026-05-23 10:31:33] warmup done
[2026-05-23 10:31:33] benchmark iterations start
[2026-05-23 10:31:33] iteration 25/100 elapsed_s=0.2
[2026-05-23 10:31:34] iteration 50/100 elapsed_s=0.4
[2026-05-23 10:31:34] iteration 75/100 elapsed_s=0.6
[2026-05-23 10:31:34] iteration 100/100 elapsed_s=0.8
[2026-05-23 10:31:34] benchmark iterations done
[2026-05-23 10:31:34] mode complete mode=optimized mean_ms=8.269 std_ms=0.671 p95_ms=9.165
[2026-05-23 10:31:48] start mode=baseline model=GAT_fp32.onnx device=GPU warmup=5 iters=100
[2026-05-23 10:31:48] creating session
[2026-05-23 10:31:49] session ready providers=OpenVINOExecutionProvider | CPUExecutionProvider
[2026-05-23 10:31:49] preparing inputs
[2026-05-23 10:31:51] inputs ready
[2026-05-23 10:31:51] warmup start
[2026-05-23 10:31:51] warmup done
[2026-05-23 10:31:51] benchmark iterations start
[2026-05-23 10:31:51] iteration 25/100 elapsed_s=0.2
[2026-05-23 10:31:52] iteration 50/100 elapsed_s=0.4
[2026-05-23 10:31:52] iteration 75/100 elapsed_s=0.7
[2026-05-23 10:31:52] iteration 100/100 elapsed_s=0.9
[2026-05-23 10:31:52] benchmark iterations done
[2026-05-23 10:31:52] mode complete mode=baseline mean_ms=8.892 std_ms=0.784 p95_ms=10.115
[2026-05-23 10:31:52] start mode=optimized model=GAT_fp32.onnx device=GPU warmup=5 iters=100
[2026-05-23 10:31:52] creating session
[2026-05-23 10:31:54] session ready providers=OpenVINOExecutionProvider | CPUExecutionProvider
[2026-05-23 10:31:54] preparing inputs
[2026-05-23 10:31:56] inputs ready
[2026-05-23 10:31:56] warmup start
[2026-05-23 10:31:56] warmup done
[2026-05-23 10:31:56] benchmark iterations start
[2026-05-23 10:31:56] iteration 25/100 elapsed_s=0.2
[2026-05-23 10:31:56] iteration 50/100 elapsed_s=0.4
[2026-05-23 10:31:56] iteration 75/100 elapsed_s=0.7
[2026-05-23 10:31:57] iteration 100/100 elapsed_s=0.9
[2026-05-23 10:31:57] benchmark iterations done
[2026-05-23 10:31:57] mode complete mode=optimized mean_ms=9.019 std_ms=0.729 p95_ms=10.545
[2026-05-23 10:32:16] start mode=baseline model=GAT_fp32.onnx device=GPU warmup=5 iters=100
[2026-05-23 10:32:16] creating session
[2026-05-23 10:32:18] session ready providers=OpenVINOExecutionProvider | CPUExecutionProvider
[2026-05-23 10:32:18] preparing inputs
[2026-05-23 10:32:20] inputs ready
[2026-05-23 10:32:20] warmup start
[2026-05-23 10:32:20] warmup done
[2026-05-23 10:32:20] benchmark iterations start
[2026-05-23 10:32:21] iteration 25/100 elapsed_s=0.2
[2026-05-23 10:32:21] iteration 50/100 elapsed_s=0.4
[2026-05-23 10:32:21] iteration 75/100 elapsed_s=0.7
[2026-05-23 10:32:21] iteration 100/100 elapsed_s=0.9
[2026-05-23 10:32:21] benchmark iterations done
[2026-05-23 10:32:21] mode complete mode=baseline mean_ms=8.709 std_ms=0.618 p95_ms=9.691
[2026-05-23 10:32:22] start mode=optimized model=GAT_fp32.onnx device=GPU warmup=5 iters=100
[2026-05-23 10:32:22] creating session
[2026-05-23 10:32:23] session ready providers=OpenVINOExecutionProvider | CPUExecutionProvider
[2026-05-23 10:32:23] preparing inputs
[2026-05-23 10:32:25] inputs ready
[2026-05-23 10:32:25] warmup start
[2026-05-23 10:32:25] warmup done
[2026-05-23 10:32:25] benchmark iterations start
[2026-05-23 10:32:26] iteration 25/100 elapsed_s=0.2
[2026-05-23 10:32:26] iteration 50/100 elapsed_s=0.4
[2026-05-23 10:32:26] iteration 75/100 elapsed_s=0.7
[2026-05-23 10:32:26] iteration 100/100 elapsed_s=0.9
[2026-05-23 10:32:26] benchmark iterations done
[2026-05-23 10:32:26] mode complete mode=optimized mean_ms=8.691 std_ms=0.644 p95_ms=9.710
[2026-05-23 10:32:49] start mode=baseline model=GAT_fp32.onnx device=CPU warmup=5 iters=100
[2026-05-23 10:32:49] creating session
[2026-05-23 10:32:49] session ready providers=OpenVINOExecutionProvider | CPUExecutionProvider
[2026-05-23 10:32:49] preparing inputs
[2026-05-23 10:32:49] inputs ready
[2026-05-23 10:32:49] warmup start
[2026-05-23 10:32:50] warmup done
[2026-05-23 10:32:50] benchmark iterations start
[2026-05-23 10:32:50] iteration 25/100 elapsed_s=0.3
[2026-05-23 10:32:50] iteration 50/100 elapsed_s=0.6
[2026-05-23 10:32:50] iteration 75/100 elapsed_s=0.9
[2026-05-23 10:32:51] iteration 100/100 elapsed_s=1.1
[2026-05-23 10:32:51] benchmark iterations done
[2026-05-23 10:32:51] mode complete mode=baseline mean_ms=11.269 std_ms=0.986 p95_ms=12.954
[2026-05-23 10:32:51] start mode=optimized model=GAT_fp32.onnx device=CPU warmup=5 iters=100
[2026-05-23 10:32:51] creating session
[2026-05-23 10:32:51] session ready providers=OpenVINOExecutionProvider | CPUExecutionProvider
[2026-05-23 10:32:51] preparing inputs
[2026-05-23 10:32:52] inputs ready
[2026-05-23 10:32:52] warmup start
[2026-05-23 10:32:52] warmup done
[2026-05-23 10:32:52] benchmark iterations start
[2026-05-23 10:32:52] iteration 25/100 elapsed_s=0.3
[2026-05-23 10:32:52] iteration 50/100 elapsed_s=0.5
[2026-05-23 10:32:53] iteration 75/100 elapsed_s=0.8
[2026-05-23 10:32:53] iteration 100/100 elapsed_s=1.0
[2026-05-23 10:32:53] benchmark iterations done
[2026-05-23 10:32:53] mode complete mode=optimized mean_ms=10.112 std_ms=1.294 p95_ms=12.853
[2026-05-23 10:33:03] start mode=baseline model=GAT_fp32.onnx device=CPU warmup=5 iters=100
[2026-05-23 10:33:03] creating session
[2026-05-23 10:33:03] session ready providers=OpenVINOExecutionProvider | CPUExecutionProvider
[2026-05-23 10:33:03] preparing inputs
[2026-05-23 10:33:05] inputs ready
[2026-05-23 10:33:05] warmup start
[2026-05-23 10:33:05] warmup done
[2026-05-23 10:33:05] benchmark iterations start
[2026-05-23 10:33:05] iteration 25/100 elapsed_s=0.3
[2026-05-23 10:33:06] iteration 50/100 elapsed_s=0.5
[2026-05-23 10:33:06] iteration 75/100 elapsed_s=0.8
[2026-05-23 10:33:06] iteration 100/100 elapsed_s=1.0
[2026-05-23 10:33:06] benchmark iterations done
[2026-05-23 10:33:06] mode complete mode=baseline mean_ms=10.324 std_ms=1.052 p95_ms=11.978
[2026-05-23 10:33:07] start mode=optimized model=GAT_fp32.onnx device=CPU warmup=5 iters=100
[2026-05-23 10:33:07] creating session
[2026-05-23 10:33:07] session ready providers=OpenVINOExecutionProvider | CPUExecutionProvider
[2026-05-23 10:33:07] preparing inputs
[2026-05-23 10:33:09] inputs ready
[2026-05-23 10:33:09] warmup start
[2026-05-23 10:33:09] warmup done
[2026-05-23 10:33:09] benchmark iterations start
[2026-05-23 10:33:09] iteration 25/100 elapsed_s=0.3
[2026-05-23 10:33:09] iteration 50/100 elapsed_s=0.5
[2026-05-23 10:33:10] iteration 75/100 elapsed_s=0.8
[2026-05-23 10:33:10] iteration 100/100 elapsed_s=1.1
[2026-05-23 10:33:10] benchmark iterations done
[2026-05-23 10:33:10] mode complete mode=optimized mean_ms=10.567 std_ms=1.387 p95_ms=13.941
[2026-05-23 10:33:26] start mode=baseline model=GAT_fp32.onnx device=CPU warmup=5 iters=100
[2026-05-23 10:33:26] creating session
[2026-05-23 10:33:26] session ready providers=OpenVINOExecutionProvider | CPUExecutionProvider
[2026-05-23 10:33:26] preparing inputs
[2026-05-23 10:33:29] inputs ready
[2026-05-23 10:33:29] warmup start
[2026-05-23 10:33:29] warmup done
[2026-05-23 10:33:29] benchmark iterations start
[2026-05-23 10:33:29] iteration 25/100 elapsed_s=0.3
[2026-05-23 10:33:29] iteration 50/100 elapsed_s=0.5
[2026-05-23 10:33:30] iteration 75/100 elapsed_s=0.8
[2026-05-23 10:33:30] iteration 100/100 elapsed_s=1.1
[2026-05-23 10:33:30] benchmark iterations done
[2026-05-23 10:33:30] mode complete mode=baseline mean_ms=10.717 std_ms=1.621 p95_ms=13.816
[2026-05-23 10:33:30] start mode=optimized model=GAT_fp32.onnx device=CPU warmup=5 iters=100
[2026-05-23 10:33:30] creating session
[2026-05-23 10:33:31] session ready providers=OpenVINOExecutionProvider | CPUExecutionProvider
[2026-05-23 10:33:31] preparing inputs
[2026-05-23 10:33:33] inputs ready
[2026-05-23 10:33:33] warmup start
[2026-05-23 10:33:33] warmup done
[2026-05-23 10:33:33] benchmark iterations start
[2026-05-23 10:33:33] iteration 25/100 elapsed_s=0.3
[2026-05-23 10:33:34] iteration 50/100 elapsed_s=0.5
[2026-05-23 10:33:34] iteration 75/100 elapsed_s=0.8
[2026-05-23 10:33:34] iteration 100/100 elapsed_s=1.0
[2026-05-23 10:33:34] benchmark iterations done
[2026-05-23 10:33:34] mode complete mode=optimized mean_ms=10.032 std_ms=1.330 p95_ms=13.083
