[2026-05-23 12:45:10] start mode=baseline model=APPNP_fp32.onnx device=NPU warmup=5 iters=100
[2026-05-23 12:45:10] creating session
[2026-05-23 12:45:10] session ready providers=OpenVINOExecutionProvider | CPUExecutionProvider
[2026-05-23 12:45:10] preparing inputs
[2026-05-23 12:45:10] inputs ready
[2026-05-23 12:45:10] warmup start
[2026-05-23 12:45:10] warmup done
[2026-05-23 12:45:10] benchmark iterations start
[2026-05-23 12:45:11] iteration 25/100 elapsed_s=0.2
[2026-05-23 12:45:11] iteration 50/100 elapsed_s=0.3
[2026-05-23 12:45:11] iteration 75/100 elapsed_s=0.4
[2026-05-23 12:45:11] iteration 100/100 elapsed_s=0.6
[2026-05-23 12:45:11] benchmark iterations done
[2026-05-23 12:45:11] mode complete mode=baseline mean_ms=5.698 std_ms=1.457 p95_ms=8.607
[2026-05-23 12:45:11] start mode=optimized model=APPNP_fp32.onnx device=NPU warmup=5 iters=100
[2026-05-23 12:45:11] creating session
[2026-05-23 12:45:12] session ready providers=OpenVINOExecutionProvider | CPUExecutionProvider
[2026-05-23 12:45:12] preparing inputs
[2026-05-23 12:45:12] inputs ready
[2026-05-23 12:45:12] warmup start
[2026-05-23 12:45:12] warmup done
[2026-05-23 12:45:12] benchmark iterations start
[2026-05-23 12:45:12] iteration 25/100 elapsed_s=0.2
[2026-05-23 12:45:12] iteration 50/100 elapsed_s=0.3
[2026-05-23 12:45:13] iteration 75/100 elapsed_s=0.4
[2026-05-23 12:45:13] iteration 100/100 elapsed_s=0.6
[2026-05-23 12:45:13] benchmark iterations done
[2026-05-23 12:45:13] mode complete mode=optimized mean_ms=5.780 std_ms=1.525 p95_ms=7.146
[2026-05-23 14:32:39] start mode=baseline model=APPNP_fp32.onnx device=GPU warmup=5 iters=100
[2026-05-23 14:32:39] creating session
[2026-05-23 14:32:41] session ready providers=OpenVINOExecutionProvider | CPUExecutionProvider
[2026-05-23 14:32:41] preparing inputs
[2026-05-23 14:32:41] inputs ready
[2026-05-23 14:32:41] warmup start
[2026-05-23 14:32:41] warmup done
[2026-05-23 14:32:41] benchmark iterations start
[2026-05-23 14:32:41] iteration 25/100 elapsed_s=0.1
[2026-05-23 14:32:41] iteration 50/100 elapsed_s=0.1
[2026-05-23 14:32:41] iteration 75/100 elapsed_s=0.2
[2026-05-23 14:32:41] iteration 100/100 elapsed_s=0.3
[2026-05-23 14:32:41] benchmark iterations done
[2026-05-23 14:32:41] mode complete mode=baseline mean_ms=2.797 std_ms=0.483 p95_ms=3.811
[2026-05-23 14:32:42] start mode=optimized model=APPNP_fp32.onnx device=GPU warmup=5 iters=100
[2026-05-23 14:32:42] creating session
[2026-05-23 14:32:43] session ready providers=OpenVINOExecutionProvider | CPUExecutionProvider
[2026-05-23 14:32:43] preparing inputs
[2026-05-23 14:32:43] inputs ready
[2026-05-23 14:32:43] warmup start
[2026-05-23 14:32:43] warmup done
[2026-05-23 14:32:43] benchmark iterations start
[2026-05-23 14:32:43] iteration 25/100 elapsed_s=0.1
[2026-05-23 14:32:43] iteration 50/100 elapsed_s=0.2
[2026-05-23 14:32:44] iteration 75/100 elapsed_s=0.2
[2026-05-23 14:32:44] iteration 100/100 elapsed_s=0.3
[2026-05-23 14:32:44] benchmark iterations done
[2026-05-23 14:32:44] mode complete mode=optimized mean_ms=2.840 std_ms=0.505 p95_ms=3.818
[2026-05-23 14:38:02] start mode=baseline model=APPNP_fp32.onnx device=CPU warmup=5 iters=100
[2026-05-23 14:38:02] creating session
[2026-05-23 14:38:02] session ready providers=OpenVINOExecutionProvider | CPUExecutionProvider
[2026-05-23 14:38:02] preparing inputs
[2026-05-23 14:38:03] inputs ready
[2026-05-23 14:38:03] warmup start
[2026-05-23 14:38:03] warmup done
[2026-05-23 14:38:03] benchmark iterations start
[2026-05-23 14:38:03] iteration 25/100 elapsed_s=0.1
[2026-05-23 14:38:03] iteration 50/100 elapsed_s=0.2
[2026-05-23 14:38:03] iteration 75/100 elapsed_s=0.4
[2026-05-23 14:38:03] iteration 100/100 elapsed_s=0.5
[2026-05-23 14:38:03] benchmark iterations done
[2026-05-23 14:38:03] mode complete mode=baseline mean_ms=4.615 std_ms=1.126 p95_ms=6.067
[2026-05-23 14:38:03] start mode=optimized model=APPNP_fp32.onnx device=CPU warmup=5 iters=100
[2026-05-23 14:38:03] creating session
[2026-05-23 14:38:04] session ready providers=OpenVINOExecutionProvider | CPUExecutionProvider
[2026-05-23 14:38:04] preparing inputs
[2026-05-23 14:38:04] inputs ready
[2026-05-23 14:38:04] warmup start
[2026-05-23 14:38:04] warmup done
[2026-05-23 14:38:04] benchmark iterations start
[2026-05-23 14:38:04] iteration 25/100 elapsed_s=0.1
[2026-05-23 14:38:04] iteration 50/100 elapsed_s=0.2
[2026-05-23 14:38:04] iteration 75/100 elapsed_s=0.3
[2026-05-23 14:38:04] iteration 100/100 elapsed_s=0.4
[2026-05-23 14:38:04] benchmark iterations done
[2026-05-23 14:38:04] mode complete mode=optimized mean_ms=4.385 std_ms=0.554 p95_ms=5.210
