[2026-05-23 16:37:24] start mode=baseline model=SGC_int8.onnx device=NPU warmup=5 iters=100
[2026-05-23 16:37:24] creating session
[2026-05-23 16:37:24] session ready providers=OpenVINOExecutionProvider | CPUExecutionProvider
[2026-05-23 16:37:24] preparing inputs
[2026-05-23 16:37:24] inputs ready
[2026-05-23 16:37:24] warmup start
[2026-05-23 16:37:30] warmup done
[2026-05-23 16:37:30] benchmark iterations start
[2026-05-23 16:37:52] iteration 25/100 elapsed_s=22.8
[2026-05-23 16:38:15] iteration 50/100 elapsed_s=45.6
[2026-05-23 16:38:38] iteration 75/100 elapsed_s=68.5
[2026-05-23 16:39:01] iteration 100/100 elapsed_s=91.8
[2026-05-23 16:39:01] benchmark iterations done
[2026-05-23 16:39:01] mode complete mode=baseline mean_ms=917.576 std_ms=23.616 p95_ms=954.835
[2026-05-23 16:39:02] start mode=optimized model=SGC_int8.onnx device=NPU warmup=5 iters=100
[2026-05-23 16:39:02] creating session
[2026-05-23 16:39:02] session ready providers=OpenVINOExecutionProvider | CPUExecutionProvider
[2026-05-23 16:39:02] preparing inputs
[2026-05-23 16:39:03] inputs ready
[2026-05-23 16:39:03] warmup start
[2026-05-23 16:39:08] warmup done
[2026-05-23 16:39:08] benchmark iterations start
[2026-05-23 16:39:31] iteration 25/100 elapsed_s=23.1
[2026-05-23 16:39:54] iteration 50/100 elapsed_s=46.0
[2026-05-23 16:40:17] iteration 75/100 elapsed_s=69.0
[2026-05-23 16:40:40] iteration 100/100 elapsed_s=91.9
[2026-05-23 16:40:40] benchmark iterations done
[2026-05-23 16:40:40] mode complete mode=optimized mean_ms=918.525 std_ms=19.171 p95_ms=956.393
[2026-05-23 17:15:05] start mode=baseline model=SGC_int8.onnx device=GPU warmup=5 iters=100
[2026-05-23 17:15:05] creating session
[2026-05-23 17:15:06] session ready providers=OpenVINOExecutionProvider | CPUExecutionProvider
[2026-05-23 17:15:06] preparing inputs
[2026-05-23 17:15:07] inputs ready
[2026-05-23 17:15:07] warmup start
[2026-05-23 17:15:10] warmup done
[2026-05-23 17:15:10] benchmark iterations start
[2026-05-23 17:15:30] iteration 25/100 elapsed_s=19.4
[2026-05-23 17:15:49] iteration 50/100 elapsed_s=38.7
[2026-05-23 17:16:09] iteration 75/100 elapsed_s=58.1
[2026-05-23 17:16:28] iteration 100/100 elapsed_s=77.5
[2026-05-23 17:16:28] benchmark iterations done
[2026-05-23 17:16:28] mode complete mode=baseline mean_ms=774.598 std_ms=4.545 p95_ms=783.025
[2026-05-23 17:16:28] start mode=optimized model=SGC_int8.onnx device=GPU warmup=5 iters=100
[2026-05-23 17:16:28] creating session
[2026-05-23 17:16:30] session ready providers=OpenVINOExecutionProvider | CPUExecutionProvider
[2026-05-23 17:16:30] preparing inputs
[2026-05-23 17:16:30] inputs ready
[2026-05-23 17:16:30] warmup start
[2026-05-23 17:16:34] warmup done
[2026-05-23 17:16:34] benchmark iterations start
[2026-05-23 17:16:54] iteration 25/100 elapsed_s=19.4
[2026-05-23 17:17:13] iteration 50/100 elapsed_s=38.8
[2026-05-23 17:17:32] iteration 75/100 elapsed_s=58.1
[2026-05-23 17:17:52] iteration 100/100 elapsed_s=77.5
[2026-05-23 17:17:52] benchmark iterations done
[2026-05-23 17:17:52] mode complete mode=optimized mean_ms=774.453 std_ms=4.321 p95_ms=782.001
[2026-05-23 17:42:31] start mode=baseline model=SGC_int8.onnx device=CPU warmup=5 iters=100
[2026-05-23 17:42:31] creating session
[2026-05-23 17:42:32] session ready providers=OpenVINOExecutionProvider | CPUExecutionProvider
[2026-05-23 17:42:32] preparing inputs
[2026-05-23 17:42:32] inputs ready
[2026-05-23 17:42:32] warmup start
[2026-05-23 17:42:37] warmup done
[2026-05-23 17:42:37] benchmark iterations start
[2026-05-23 17:43:00] iteration 25/100 elapsed_s=22.9
[2026-05-23 17:43:22] iteration 50/100 elapsed_s=45.4
[2026-05-23 17:43:45] iteration 75/100 elapsed_s=68.3
[2026-05-23 17:44:08] iteration 100/100 elapsed_s=91.3
[2026-05-23 17:44:08] benchmark iterations done
[2026-05-23 17:44:08] mode complete mode=baseline mean_ms=913.399 std_ms=26.235 p95_ms=955.106
[2026-05-23 17:44:09] start mode=optimized model=SGC_int8.onnx device=CPU warmup=5 iters=100
[2026-05-23 17:44:09] creating session
[2026-05-23 17:44:09] session ready providers=OpenVINOExecutionProvider | CPUExecutionProvider
[2026-05-23 17:44:09] preparing inputs
[2026-05-23 17:44:09] inputs ready
[2026-05-23 17:44:09] warmup start
[2026-05-23 17:44:14] warmup done
[2026-05-23 17:44:14] benchmark iterations start
[2026-05-23 17:44:37] iteration 25/100 elapsed_s=22.8
[2026-05-23 17:45:00] iteration 50/100 elapsed_s=45.5
[2026-05-23 17:45:23] iteration 75/100 elapsed_s=68.1
[2026-05-23 17:45:45] iteration 100/100 elapsed_s=90.7
[2026-05-23 17:45:45] benchmark iterations done
[2026-05-23 17:45:45] mode complete mode=optimized mean_ms=907.293 std_ms=22.275 p95_ms=946.226
