[2026-05-23 16:04:35] start mode=baseline model=MPNN_int8.onnx device=GPU warmup=5 iters=100
[2026-05-23 16:04:35] creating session
[2026-05-23 16:04:35] session ready providers=CPUExecutionProvider
[2026-05-23 16:04:35] preparing inputs
[2026-05-23 16:04:36] inputs ready
[2026-05-23 16:04:36] warmup start
[2026-05-23 16:04:36] warmup done
[2026-05-23 16:04:36] benchmark iterations start
[2026-05-23 16:04:36] iteration 25/100 elapsed_s=0.3
[2026-05-23 16:04:36] iteration 50/100 elapsed_s=0.7
[2026-05-23 16:04:37] iteration 75/100 elapsed_s=1.1
[2026-05-23 16:04:37] iteration 100/100 elapsed_s=1.6
[2026-05-23 16:04:37] benchmark iterations done
[2026-05-23 16:04:37] mode complete mode=baseline mean_ms=15.970 std_ms=5.333 p95_ms=27.673
[2026-05-23 16:04:38] start mode=optimized model=MPNN_int8.onnx device=GPU warmup=5 iters=100
[2026-05-23 16:04:38] creating session
[2026-05-23 16:04:38] session ready providers=CPUExecutionProvider
[2026-05-23 16:04:38] preparing inputs
[2026-05-23 16:04:38] inputs ready
[2026-05-23 16:04:38] warmup start
[2026-05-23 16:04:39] warmup done
[2026-05-23 16:04:39] benchmark iterations start
[2026-05-23 16:04:39] iteration 25/100 elapsed_s=0.3
[2026-05-23 16:04:39] iteration 50/100 elapsed_s=0.6
[2026-05-23 16:04:40] iteration 75/100 elapsed_s=0.9
[2026-05-23 16:04:40] iteration 100/100 elapsed_s=1.3
[2026-05-23 16:04:40] benchmark iterations done
[2026-05-23 16:04:40] mode complete mode=optimized mean_ms=12.571 std_ms=3.634 p95_ms=21.611
[2026-05-23 16:10:32] start mode=baseline model=MPNN_int8.onnx device=CPU warmup=5 iters=100
[2026-05-23 16:10:32] creating session
[2026-05-23 16:10:32] session ready providers=CPUExecutionProvider
[2026-05-23 16:10:32] preparing inputs
[2026-05-23 16:10:33] inputs ready
[2026-05-23 16:10:33] warmup start
[2026-05-23 16:10:33] warmup done
[2026-05-23 16:10:33] benchmark iterations start
[2026-05-23 16:10:33] iteration 25/100 elapsed_s=0.4
[2026-05-23 16:10:34] iteration 50/100 elapsed_s=0.7
[2026-05-23 16:10:34] iteration 75/100 elapsed_s=1.1
[2026-05-23 16:10:34] iteration 100/100 elapsed_s=1.5
[2026-05-23 16:10:34] benchmark iterations done
[2026-05-23 16:10:34] mode complete mode=baseline mean_ms=14.864 std_ms=2.386 p95_ms=19.802
[2026-05-23 16:10:35] start mode=optimized model=MPNN_int8.onnx device=CPU warmup=5 iters=100
[2026-05-23 16:10:35] creating session
[2026-05-23 16:10:35] session ready providers=CPUExecutionProvider
[2026-05-23 16:10:35] preparing inputs
[2026-05-23 16:10:36] inputs ready
[2026-05-23 16:10:36] warmup start
[2026-05-23 16:10:36] warmup done
[2026-05-23 16:10:36] benchmark iterations start
[2026-05-23 16:10:36] iteration 25/100 elapsed_s=0.3
[2026-05-23 16:10:36] iteration 50/100 elapsed_s=0.6
[2026-05-23 16:10:37] iteration 75/100 elapsed_s=0.9
[2026-05-23 16:10:37] iteration 100/100 elapsed_s=1.2
[2026-05-23 16:10:37] benchmark iterations done
[2026-05-23 16:10:37] mode complete mode=optimized mean_ms=11.646 std_ms=2.288 p95_ms=17.028
