[2026-05-23 14:43:08] start mode=baseline model=GATv2_fp32.onnx device=NPU warmup=5 iters=100
[2026-05-23 14:43:08] creating session
[2026-05-23 14:43:08] session ready providers=OpenVINOExecutionProvider | CPUExecutionProvider
[2026-05-23 14:43:08] preparing inputs
[2026-05-23 14:43:08] inputs ready
[2026-05-23 14:43:08] warmup start
[2026-05-23 14:43:09] warmup done
[2026-05-23 14:43:09] benchmark iterations start
[2026-05-23 14:43:09] iteration 25/100 elapsed_s=0.6
[2026-05-23 14:43:10] iteration 50/100 elapsed_s=1.2
[2026-05-23 14:43:10] iteration 75/100 elapsed_s=1.8
[2026-05-23 14:43:11] iteration 100/100 elapsed_s=2.4
[2026-05-23 14:43:11] benchmark iterations done
[2026-05-23 14:43:11] mode complete mode=baseline mean_ms=23.704 std_ms=2.710 p95_ms=25.741
[2026-05-23 14:43:11] start mode=optimized model=GATv2_fp32.onnx device=NPU warmup=5 iters=100
[2026-05-23 14:43:11] creating session
[2026-05-23 14:43:11] session ready providers=OpenVINOExecutionProvider | CPUExecutionProvider
[2026-05-23 14:43:11] preparing inputs
[2026-05-23 14:43:12] inputs ready
[2026-05-23 14:43:12] warmup start
[2026-05-23 14:43:12] warmup done
[2026-05-23 14:43:12] benchmark iterations start
[2026-05-23 14:43:13] iteration 25/100 elapsed_s=0.6
[2026-05-23 14:43:13] iteration 50/100 elapsed_s=1.2
[2026-05-23 14:43:14] iteration 75/100 elapsed_s=1.8
[2026-05-23 14:43:14] iteration 100/100 elapsed_s=2.4
[2026-05-23 14:43:14] benchmark iterations done
[2026-05-23 14:43:14] mode complete mode=optimized mean_ms=23.541 std_ms=1.227 p95_ms=25.699
[2026-05-23 14:47:07] start mode=baseline model=GATv2_fp32.onnx device=GPU warmup=5 iters=100
[2026-05-23 14:47:07] creating session
[2026-05-23 14:47:09] session ready providers=OpenVINOExecutionProvider | CPUExecutionProvider
[2026-05-23 14:47:09] preparing inputs
[2026-05-23 14:47:09] inputs ready
[2026-05-23 14:47:09] warmup start
[2026-05-23 14:47:09] warmup done
[2026-05-23 14:47:09] benchmark iterations start
[2026-05-23 14:47:10] iteration 25/100 elapsed_s=0.4
[2026-05-23 14:47:10] iteration 50/100 elapsed_s=0.9
[2026-05-23 14:47:11] iteration 75/100 elapsed_s=1.3
[2026-05-23 14:47:11] iteration 100/100 elapsed_s=1.8
[2026-05-23 14:47:11] benchmark iterations done
[2026-05-23 14:47:11] mode complete mode=baseline mean_ms=17.693 std_ms=0.714 p95_ms=18.786
[2026-05-23 14:47:11] start mode=optimized model=GATv2_fp32.onnx device=GPU warmup=5 iters=100
[2026-05-23 14:47:11] creating session
[2026-05-23 14:47:13] session ready providers=OpenVINOExecutionProvider | CPUExecutionProvider
[2026-05-23 14:47:13] preparing inputs
[2026-05-23 14:47:13] inputs ready
[2026-05-23 14:47:13] warmup start
[2026-05-23 14:47:13] warmup done
[2026-05-23 14:47:13] benchmark iterations start
[2026-05-23 14:47:14] iteration 25/100 elapsed_s=0.4
[2026-05-23 14:47:14] iteration 50/100 elapsed_s=0.9
[2026-05-23 14:47:15] iteration 75/100 elapsed_s=1.3
[2026-05-23 14:47:15] iteration 100/100 elapsed_s=1.8
[2026-05-23 14:47:15] benchmark iterations done
[2026-05-23 14:47:15] mode complete mode=optimized mean_ms=17.833 std_ms=0.830 p95_ms=19.612
[2026-05-23 14:50:20] start mode=baseline model=GATv2_fp32.onnx device=CPU warmup=5 iters=100
[2026-05-23 14:50:20] creating session
[2026-05-23 14:50:20] session ready providers=OpenVINOExecutionProvider | CPUExecutionProvider
[2026-05-23 14:50:20] preparing inputs
[2026-05-23 14:50:20] inputs ready
[2026-05-23 14:50:20] warmup start
[2026-05-23 14:50:21] warmup done
[2026-05-23 14:50:21] benchmark iterations start
[2026-05-23 14:50:21] iteration 25/100 elapsed_s=0.6
[2026-05-23 14:50:22] iteration 50/100 elapsed_s=1.1
[2026-05-23 14:50:22] iteration 75/100 elapsed_s=1.7
[2026-05-23 14:50:23] iteration 100/100 elapsed_s=2.3
[2026-05-23 14:50:23] benchmark iterations done
[2026-05-23 14:50:23] mode complete mode=baseline mean_ms=23.053 std_ms=1.130 p95_ms=25.162
[2026-05-23 14:50:23] start mode=optimized model=GATv2_fp32.onnx device=CPU warmup=5 iters=100
[2026-05-23 14:50:23] creating session
[2026-05-23 14:50:23] session ready providers=OpenVINOExecutionProvider | CPUExecutionProvider
[2026-05-23 14:50:23] preparing inputs
[2026-05-23 14:50:24] inputs ready
[2026-05-23 14:50:24] warmup start
[2026-05-23 14:50:24] warmup done
[2026-05-23 14:50:24] benchmark iterations start
[2026-05-23 14:50:25] iteration 25/100 elapsed_s=0.6
[2026-05-23 14:50:25] iteration 50/100 elapsed_s=1.2
[2026-05-23 14:50:26] iteration 75/100 elapsed_s=1.7
[2026-05-23 14:50:26] iteration 100/100 elapsed_s=2.4
[2026-05-23 14:50:26] benchmark iterations done
[2026-05-23 14:50:26] mode complete mode=optimized mean_ms=23.789 std_ms=4.727 p95_ms=25.783
