[2026-05-23 10:40:27] start mode=baseline model=GCN_fp32.onnx device=NPU warmup=5 iters=100
[2026-05-23 10:40:27] creating session
[2026-05-23 10:40:27] session ready providers=OpenVINOExecutionProvider | CPUExecutionProvider
[2026-05-23 10:40:27] preparing inputs
[2026-05-23 10:40:27] inputs ready
[2026-05-23 10:40:27] warmup start
[2026-05-23 10:40:27] warmup done
[2026-05-23 10:40:27] benchmark iterations start
[2026-05-23 10:40:28] iteration 25/100 elapsed_s=0.2
[2026-05-23 10:40:28] iteration 50/100 elapsed_s=0.4
[2026-05-23 10:40:28] iteration 75/100 elapsed_s=0.6
[2026-05-23 10:40:28] iteration 100/100 elapsed_s=0.8
[2026-05-23 10:40:28] benchmark iterations done
[2026-05-23 10:40:28] mode complete mode=baseline mean_ms=7.636 std_ms=1.641 p95_ms=11.103
[2026-05-23 10:40:28] start mode=optimized model=GCN_fp32.onnx device=NPU warmup=5 iters=100
[2026-05-23 10:40:28] creating session
[2026-05-23 10:40:29] session ready providers=OpenVINOExecutionProvider | CPUExecutionProvider
[2026-05-23 10:40:29] preparing inputs
[2026-05-23 10:40:29] inputs ready
[2026-05-23 10:40:29] warmup start
[2026-05-23 10:40:29] warmup done
[2026-05-23 10:40:29] benchmark iterations start
[2026-05-23 10:40:29] iteration 25/100 elapsed_s=0.2
[2026-05-23 10:40:30] iteration 50/100 elapsed_s=0.4
[2026-05-23 10:40:30] iteration 75/100 elapsed_s=0.6
[2026-05-23 10:40:30] iteration 100/100 elapsed_s=0.8
[2026-05-23 10:40:30] benchmark iterations done
[2026-05-23 10:40:30] mode complete mode=optimized mean_ms=7.779 std_ms=1.695 p95_ms=12.442
[2026-05-23 10:41:02] start mode=baseline model=GCN_fp32.onnx device=NPU warmup=5 iters=100
[2026-05-23 10:41:02] creating session
[2026-05-23 10:41:02] session ready providers=OpenVINOExecutionProvider | CPUExecutionProvider
[2026-05-23 10:41:02] preparing inputs
[2026-05-23 10:41:04] inputs ready
[2026-05-23 10:41:04] warmup start
[2026-05-23 10:41:04] warmup done
[2026-05-23 10:41:04] benchmark iterations start
[2026-05-23 10:41:05] iteration 25/100 elapsed_s=0.2
[2026-05-23 10:41:05] iteration 50/100 elapsed_s=0.4
[2026-05-23 10:41:05] iteration 75/100 elapsed_s=0.6
[2026-05-23 10:41:05] iteration 100/100 elapsed_s=0.8
[2026-05-23 10:41:05] benchmark iterations done
[2026-05-23 10:41:05] mode complete mode=baseline mean_ms=7.649 std_ms=1.746 p95_ms=8.353
[2026-05-23 10:41:05] start mode=optimized model=GCN_fp32.onnx device=NPU warmup=5 iters=100
[2026-05-23 10:41:05] creating session
[2026-05-23 10:41:06] session ready providers=OpenVINOExecutionProvider | CPUExecutionProvider
[2026-05-23 10:41:06] preparing inputs
[2026-05-23 10:41:08] inputs ready
[2026-05-23 10:41:08] warmup start
[2026-05-23 10:41:08] warmup done
[2026-05-23 10:41:08] benchmark iterations start
[2026-05-23 10:41:08] iteration 25/100 elapsed_s=0.2
[2026-05-23 10:41:08] iteration 50/100 elapsed_s=0.4
[2026-05-23 10:41:08] iteration 75/100 elapsed_s=0.6
[2026-05-23 10:41:09] iteration 100/100 elapsed_s=0.8
[2026-05-23 10:41:09] benchmark iterations done
[2026-05-23 10:41:09] mode complete mode=optimized mean_ms=7.949 std_ms=1.412 p95_ms=11.222
[2026-05-23 10:41:53] start mode=baseline model=GCN_fp32.onnx device=NPU warmup=5 iters=100
[2026-05-23 10:41:53] creating session
[2026-05-23 10:41:53] session ready providers=OpenVINOExecutionProvider | CPUExecutionProvider
[2026-05-23 10:41:53] preparing inputs
[2026-05-23 10:41:56] inputs ready
[2026-05-23 10:41:56] warmup start
[2026-05-23 10:41:56] warmup done
[2026-05-23 10:41:56] benchmark iterations start
[2026-05-23 10:41:56] iteration 25/100 elapsed_s=0.2
[2026-05-23 10:41:56] iteration 50/100 elapsed_s=0.4
[2026-05-23 10:41:56] iteration 75/100 elapsed_s=0.6
[2026-05-23 10:41:57] iteration 100/100 elapsed_s=0.8
[2026-05-23 10:41:57] benchmark iterations done
[2026-05-23 10:41:57] mode complete mode=baseline mean_ms=7.612 std_ms=1.775 p95_ms=12.782
[2026-05-23 10:41:57] start mode=optimized model=GCN_fp32.onnx device=NPU warmup=5 iters=100
[2026-05-23 10:41:57] creating session
[2026-05-23 10:41:57] session ready providers=OpenVINOExecutionProvider | CPUExecutionProvider
[2026-05-23 10:41:57] preparing inputs
[2026-05-23 10:42:00] inputs ready
[2026-05-23 10:42:00] warmup start
[2026-05-23 10:42:00] warmup done
[2026-05-23 10:42:00] benchmark iterations start
[2026-05-23 10:42:00] iteration 25/100 elapsed_s=0.3
[2026-05-23 10:42:00] iteration 50/100 elapsed_s=0.5
[2026-05-23 10:42:00] iteration 75/100 elapsed_s=0.7
[2026-05-23 10:42:01] iteration 100/100 elapsed_s=0.9
[2026-05-23 10:42:01] benchmark iterations done
[2026-05-23 10:42:01] mode complete mode=optimized mean_ms=8.995 std_ms=3.597 p95_ms=12.166
[2026-05-23 10:42:39] start mode=baseline model=GCN_fp32.onnx device=GPU warmup=5 iters=100
[2026-05-23 10:42:39] creating session
[2026-05-23 10:42:41] session ready providers=OpenVINOExecutionProvider | CPUExecutionProvider
[2026-05-23 10:42:41] preparing inputs
[2026-05-23 10:42:41] inputs ready
[2026-05-23 10:42:41] warmup start
[2026-05-23 10:42:41] warmup done
[2026-05-23 10:42:41] benchmark iterations start
[2026-05-23 10:42:41] iteration 25/100 elapsed_s=0.2
[2026-05-23 10:42:41] iteration 50/100 elapsed_s=0.4
[2026-05-23 10:42:41] iteration 75/100 elapsed_s=0.6
[2026-05-23 10:42:42] iteration 100/100 elapsed_s=0.8
[2026-05-23 10:42:42] benchmark iterations done
[2026-05-23 10:42:42] mode complete mode=baseline mean_ms=7.576 std_ms=0.743 p95_ms=8.623
[2026-05-23 10:42:42] start mode=optimized model=GCN_fp32.onnx device=GPU warmup=5 iters=100
[2026-05-23 10:42:42] creating session
[2026-05-23 10:42:43] session ready providers=OpenVINOExecutionProvider | CPUExecutionProvider
[2026-05-23 10:42:43] preparing inputs
[2026-05-23 10:42:44] inputs ready
[2026-05-23 10:42:44] warmup start
[2026-05-23 10:42:44] warmup done
[2026-05-23 10:42:44] benchmark iterations start
[2026-05-23 10:42:44] iteration 25/100 elapsed_s=0.2
[2026-05-23 10:42:44] iteration 50/100 elapsed_s=0.4
[2026-05-23 10:42:44] iteration 75/100 elapsed_s=0.6
[2026-05-23 10:42:44] iteration 100/100 elapsed_s=0.8
[2026-05-23 10:42:44] benchmark iterations done
[2026-05-23 10:42:44] mode complete mode=optimized mean_ms=7.475 std_ms=0.683 p95_ms=8.539
[2026-05-23 10:43:58] start mode=baseline model=GCN_fp32.onnx device=GPU warmup=5 iters=100
[2026-05-23 10:43:58] creating session
[2026-05-23 10:43:59] session ready providers=OpenVINOExecutionProvider | CPUExecutionProvider
[2026-05-23 10:43:59] preparing inputs
[2026-05-23 10:44:01] inputs ready
[2026-05-23 10:44:01] warmup start
[2026-05-23 10:44:01] warmup done
[2026-05-23 10:44:01] benchmark iterations start
[2026-05-23 10:44:01] iteration 25/100 elapsed_s=0.2
[2026-05-23 10:44:01] iteration 50/100 elapsed_s=0.3
[2026-05-23 10:44:01] iteration 75/100 elapsed_s=0.5
[2026-05-23 10:44:02] iteration 100/100 elapsed_s=0.7
[2026-05-23 10:44:02] benchmark iterations done
[2026-05-23 10:44:02] mode complete mode=baseline mean_ms=6.533 std_ms=0.753 p95_ms=7.718
[2026-05-23 10:44:02] start mode=optimized model=GCN_fp32.onnx device=GPU warmup=5 iters=100
[2026-05-23 10:44:02] creating session
[2026-05-23 10:44:03] session ready providers=OpenVINOExecutionProvider | CPUExecutionProvider
[2026-05-23 10:44:03] preparing inputs
[2026-05-23 10:44:05] inputs ready
[2026-05-23 10:44:05] warmup start
[2026-05-23 10:44:05] warmup done
[2026-05-23 10:44:05] benchmark iterations start
[2026-05-23 10:44:05] iteration 25/100 elapsed_s=0.2
[2026-05-23 10:44:05] iteration 50/100 elapsed_s=0.3
[2026-05-23 10:44:05] iteration 75/100 elapsed_s=0.5
[2026-05-23 10:44:06] iteration 100/100 elapsed_s=0.6
[2026-05-23 10:44:06] benchmark iterations done
[2026-05-23 10:44:06] mode complete mode=optimized mean_ms=6.454 std_ms=0.658 p95_ms=7.552
[2026-05-23 10:44:32] start mode=baseline model=GCN_fp32.onnx device=GPU warmup=5 iters=100
[2026-05-23 10:44:32] creating session
[2026-05-23 10:44:34] session ready providers=OpenVINOExecutionProvider | CPUExecutionProvider
[2026-05-23 10:44:34] preparing inputs
[2026-05-23 10:44:36] inputs ready
[2026-05-23 10:44:36] warmup start
[2026-05-23 10:44:36] warmup done
[2026-05-23 10:44:36] benchmark iterations start
[2026-05-23 10:44:36] iteration 25/100 elapsed_s=0.2
[2026-05-23 10:44:36] iteration 50/100 elapsed_s=0.3
[2026-05-23 10:44:37] iteration 75/100 elapsed_s=0.5
[2026-05-23 10:44:37] iteration 100/100 elapsed_s=0.7
[2026-05-23 10:44:37] benchmark iterations done
[2026-05-23 10:44:37] mode complete mode=baseline mean_ms=6.825 std_ms=0.637 p95_ms=7.854
[2026-05-23 10:44:37] start mode=optimized model=GCN_fp32.onnx device=GPU warmup=5 iters=100
[2026-05-23 10:44:37] creating session
[2026-05-23 10:44:39] session ready providers=OpenVINOExecutionProvider | CPUExecutionProvider
[2026-05-23 10:44:39] preparing inputs
[2026-05-23 10:44:41] inputs ready
[2026-05-23 10:44:41] warmup start
[2026-05-23 10:44:41] warmup done
[2026-05-23 10:44:41] benchmark iterations start
[2026-05-23 10:44:41] iteration 25/100 elapsed_s=0.2
[2026-05-23 10:44:41] iteration 50/100 elapsed_s=0.3
[2026-05-23 10:44:41] iteration 75/100 elapsed_s=0.5
[2026-05-23 10:44:42] iteration 100/100 elapsed_s=0.7
[2026-05-23 10:44:42] benchmark iterations done
[2026-05-23 10:44:42] mode complete mode=optimized mean_ms=6.636 std_ms=0.695 p95_ms=7.814
[2026-05-23 10:45:32] start mode=baseline model=GCN_fp32.onnx device=CPU warmup=5 iters=100
[2026-05-23 10:45:32] creating session
[2026-05-23 10:45:32] session ready providers=OpenVINOExecutionProvider | CPUExecutionProvider
[2026-05-23 10:45:32] preparing inputs
[2026-05-23 10:45:32] inputs ready
[2026-05-23 10:45:32] warmup start
[2026-05-23 10:45:32] warmup done
[2026-05-23 10:45:32] benchmark iterations start
[2026-05-23 10:45:33] iteration 25/100 elapsed_s=0.2
[2026-05-23 10:45:33] iteration 50/100 elapsed_s=0.4
[2026-05-23 10:45:33] iteration 75/100 elapsed_s=0.6
[2026-05-23 10:45:33] iteration 100/100 elapsed_s=0.8
[2026-05-23 10:45:33] benchmark iterations done
[2026-05-23 10:45:33] mode complete mode=baseline mean_ms=8.028 std_ms=1.813 p95_ms=12.139
[2026-05-23 10:45:33] start mode=optimized model=GCN_fp32.onnx device=CPU warmup=5 iters=100
[2026-05-23 10:45:33] creating session
[2026-05-23 10:45:34] session ready providers=OpenVINOExecutionProvider | CPUExecutionProvider
[2026-05-23 10:45:34] preparing inputs
[2026-05-23 10:45:34] inputs ready
[2026-05-23 10:45:34] warmup start
[2026-05-23 10:45:34] warmup done
[2026-05-23 10:45:34] benchmark iterations start
[2026-05-23 10:45:34] iteration 25/100 elapsed_s=0.2
[2026-05-23 10:45:35] iteration 50/100 elapsed_s=0.4
[2026-05-23 10:45:35] iteration 75/100 elapsed_s=0.6
[2026-05-23 10:45:35] iteration 100/100 elapsed_s=0.8
[2026-05-23 10:45:35] benchmark iterations done
[2026-05-23 10:45:35] mode complete mode=optimized mean_ms=8.197 std_ms=1.560 p95_ms=11.872
[2026-05-23 10:45:54] start mode=baseline model=GCN_fp32.onnx device=CPU warmup=5 iters=100
[2026-05-23 10:45:54] creating session
[2026-05-23 10:45:54] session ready providers=OpenVINOExecutionProvider | CPUExecutionProvider
[2026-05-23 10:45:54] preparing inputs
[2026-05-23 10:45:56] inputs ready
[2026-05-23 10:45:56] warmup start
[2026-05-23 10:45:56] warmup done
[2026-05-23 10:45:56] benchmark iterations start
[2026-05-23 10:45:56] iteration 25/100 elapsed_s=0.2
[2026-05-23 10:45:57] iteration 50/100 elapsed_s=0.4
[2026-05-23 10:45:57] iteration 75/100 elapsed_s=0.5
[2026-05-23 10:45:57] iteration 100/100 elapsed_s=0.7
[2026-05-23 10:45:57] benchmark iterations done
[2026-05-23 10:45:57] mode complete mode=baseline mean_ms=7.338 std_ms=0.934 p95_ms=8.847
[2026-05-23 10:45:57] start mode=optimized model=GCN_fp32.onnx device=CPU warmup=5 iters=100
[2026-05-23 10:45:57] creating session
[2026-05-23 10:45:58] session ready providers=OpenVINOExecutionProvider | CPUExecutionProvider
[2026-05-23 10:45:58] preparing inputs
[2026-05-23 10:46:00] inputs ready
[2026-05-23 10:46:00] warmup start
[2026-05-23 10:46:00] warmup done
[2026-05-23 10:46:00] benchmark iterations start
[2026-05-23 10:46:00] iteration 25/100 elapsed_s=0.2
[2026-05-23 10:46:00] iteration 50/100 elapsed_s=0.4
[2026-05-23 10:46:00] iteration 75/100 elapsed_s=0.6
[2026-05-23 10:46:00] iteration 100/100 elapsed_s=0.8
[2026-05-23 10:46:00] benchmark iterations done
[2026-05-23 10:46:00] mode complete mode=optimized mean_ms=7.862 std_ms=1.567 p95_ms=9.176
[2026-05-23 10:46:22] start mode=baseline model=GCN_fp32.onnx device=CPU warmup=5 iters=100
[2026-05-23 10:46:22] creating session
[2026-05-23 10:46:22] session ready providers=OpenVINOExecutionProvider | CPUExecutionProvider
[2026-05-23 10:46:22] preparing inputs
[2026-05-23 10:46:25] inputs ready
[2026-05-23 10:46:25] warmup start
[2026-05-23 10:46:25] warmup done
[2026-05-23 10:46:25] benchmark iterations start
[2026-05-23 10:46:25] iteration 25/100 elapsed_s=0.2
[2026-05-23 10:46:25] iteration 50/100 elapsed_s=0.4
[2026-05-23 10:46:26] iteration 75/100 elapsed_s=0.6
[2026-05-23 10:46:26] iteration 100/100 elapsed_s=0.8
[2026-05-23 10:46:26] benchmark iterations done
[2026-05-23 10:46:26] mode complete mode=baseline mean_ms=8.309 std_ms=3.264 p95_ms=12.936
[2026-05-23 10:46:26] start mode=optimized model=GCN_fp32.onnx device=CPU warmup=5 iters=100
[2026-05-23 10:46:26] creating session
[2026-05-23 10:46:26] session ready providers=OpenVINOExecutionProvider | CPUExecutionProvider
[2026-05-23 10:46:26] preparing inputs
[2026-05-23 10:46:29] inputs ready
[2026-05-23 10:46:29] warmup start
[2026-05-23 10:46:29] warmup done
[2026-05-23 10:46:29] benchmark iterations start
[2026-05-23 10:46:29] iteration 25/100 elapsed_s=0.2
[2026-05-23 10:46:29] iteration 50/100 elapsed_s=0.4
[2026-05-23 10:46:30] iteration 75/100 elapsed_s=0.6
[2026-05-23 10:46:30] iteration 100/100 elapsed_s=0.8
[2026-05-23 10:46:30] benchmark iterations done
[2026-05-23 10:46:30] mode complete mode=optimized mean_ms=7.684 std_ms=2.131 p95_ms=13.922
