[2026-05-23 16:06:59] start mode=baseline model=MPNN_fp32.onnx device=GPU warmup=5 iters=100
[2026-05-23 16:06:59] creating session
[2026-05-23 16:06:59] session ready providers=CPUExecutionProvider
[2026-05-23 16:06:59] preparing inputs
[2026-05-23 16:07:00] inputs ready
[2026-05-23 16:07:00] warmup start
[2026-05-23 16:07:00] warmup done
[2026-05-23 16:07:00] benchmark iterations start
[2026-05-23 16:07:02] iteration 25/100 elapsed_s=2.0
[2026-05-23 16:07:04] iteration 50/100 elapsed_s=3.9
[2026-05-23 16:07:07] iteration 75/100 elapsed_s=6.3
[2026-05-23 16:07:09] iteration 100/100 elapsed_s=9.0
[2026-05-23 16:07:09] benchmark iterations done
[2026-05-23 16:07:09] mode complete mode=baseline mean_ms=89.976 std_ms=16.871 p95_ms=120.058
[2026-05-23 16:07:10] start mode=optimized model=MPNN_fp32.onnx device=GPU warmup=5 iters=100
[2026-05-23 16:07:10] creating session
[2026-05-23 16:07:10] session ready providers=CPUExecutionProvider
[2026-05-23 16:07:10] preparing inputs
[2026-05-23 16:07:11] inputs ready
[2026-05-23 16:07:11] warmup start
[2026-05-23 16:07:11] warmup done
[2026-05-23 16:07:11] benchmark iterations start
[2026-05-23 16:07:13] iteration 25/100 elapsed_s=1.7
[2026-05-23 16:07:15] iteration 50/100 elapsed_s=3.4
[2026-05-23 16:07:17] iteration 75/100 elapsed_s=5.8
[2026-05-23 16:07:19] iteration 100/100 elapsed_s=8.4
[2026-05-23 16:07:19] benchmark iterations done
[2026-05-23 16:07:19] mode complete mode=optimized mean_ms=83.716 std_ms=20.734 p95_ms=118.712
[2026-05-23 16:12:49] start mode=baseline model=MPNN_fp32.onnx device=CPU warmup=5 iters=100
[2026-05-23 16:12:49] creating session
[2026-05-23 16:12:49] session ready providers=CPUExecutionProvider
[2026-05-23 16:12:49] preparing inputs
[2026-05-23 16:12:50] inputs ready
[2026-05-23 16:12:50] warmup start
[2026-05-23 16:12:50] warmup done
[2026-05-23 16:12:50] benchmark iterations start
[2026-05-23 16:12:52] iteration 25/100 elapsed_s=2.2
[2026-05-23 16:12:54] iteration 50/100 elapsed_s=3.7
[2026-05-23 16:12:56] iteration 75/100 elapsed_s=5.3
[2026-05-23 16:12:57] iteration 100/100 elapsed_s=7.0
[2026-05-23 16:12:57] benchmark iterations done
[2026-05-23 16:12:57] mode complete mode=baseline mean_ms=70.277 std_ms=16.967 p95_ms=95.298
[2026-05-23 16:12:58] start mode=optimized model=MPNN_fp32.onnx device=CPU warmup=5 iters=100
[2026-05-23 16:12:58] creating session
[2026-05-23 16:12:58] session ready providers=CPUExecutionProvider
[2026-05-23 16:12:58] preparing inputs
[2026-05-23 16:12:58] inputs ready
[2026-05-23 16:12:58] warmup start
[2026-05-23 16:12:59] warmup done
[2026-05-23 16:12:59] benchmark iterations start
[2026-05-23 16:13:01] iteration 25/100 elapsed_s=2.4
[2026-05-23 16:13:03] iteration 50/100 elapsed_s=4.3
[2026-05-23 16:13:05] iteration 75/100 elapsed_s=6.1
[2026-05-23 16:13:07] iteration 100/100 elapsed_s=8.3
[2026-05-23 16:13:07] benchmark iterations done
[2026-05-23 16:13:07] mode complete mode=optimized mean_ms=83.425 std_ms=16.175 p95_ms=116.813
