[2026-05-23 16:05:11] start mode=baseline model=MPNN_int8.onnx device=GPU warmup=5 iters=100
[2026-05-23 16:05:11] creating session
[2026-05-23 16:05:11] session ready providers=CPUExecutionProvider
[2026-05-23 16:05:11] preparing inputs
[2026-05-23 16:05:12] inputs ready
[2026-05-23 16:05:12] warmup start
[2026-05-23 16:05:12] warmup done
[2026-05-23 16:05:12] benchmark iterations start
[2026-05-23 16:05:13] iteration 25/100 elapsed_s=0.7
[2026-05-23 16:05:14] iteration 50/100 elapsed_s=1.5
[2026-05-23 16:05:14] iteration 75/100 elapsed_s=2.2
[2026-05-23 16:05:15] iteration 100/100 elapsed_s=2.9
[2026-05-23 16:05:15] benchmark iterations done
[2026-05-23 16:05:15] mode complete mode=baseline mean_ms=29.057 std_ms=5.679 p95_ms=37.334
[2026-05-23 16:05:15] start mode=optimized model=MPNN_int8.onnx device=GPU warmup=5 iters=100
[2026-05-23 16:05:15] creating session
[2026-05-23 16:05:16] session ready providers=CPUExecutionProvider
[2026-05-23 16:05:16] preparing inputs
[2026-05-23 16:05:16] inputs ready
[2026-05-23 16:05:16] warmup start
[2026-05-23 16:05:16] warmup done
[2026-05-23 16:05:16] benchmark iterations start
[2026-05-23 16:05:17] iteration 25/100 elapsed_s=0.6
[2026-05-23 16:05:17] iteration 50/100 elapsed_s=1.1
[2026-05-23 16:05:18] iteration 75/100 elapsed_s=1.6
[2026-05-23 16:05:19] iteration 100/100 elapsed_s=2.2
[2026-05-23 16:05:19] benchmark iterations done
[2026-05-23 16:05:19] mode complete mode=optimized mean_ms=22.192 std_ms=3.574 p95_ms=29.326
[2026-05-23 16:11:08] start mode=baseline model=MPNN_int8.onnx device=CPU warmup=5 iters=100
[2026-05-23 16:11:08] creating session
[2026-05-23 16:11:08] session ready providers=CPUExecutionProvider
[2026-05-23 16:11:08] preparing inputs
[2026-05-23 16:11:08] inputs ready
[2026-05-23 16:11:08] warmup start
[2026-05-23 16:11:09] warmup done
[2026-05-23 16:11:09] benchmark iterations start
[2026-05-23 16:11:09] iteration 25/100 elapsed_s=0.7
[2026-05-23 16:11:10] iteration 50/100 elapsed_s=1.4
[2026-05-23 16:11:11] iteration 75/100 elapsed_s=2.1
[2026-05-23 16:11:12] iteration 100/100 elapsed_s=2.8
[2026-05-23 16:11:12] benchmark iterations done
[2026-05-23 16:11:12] mode complete mode=baseline mean_ms=27.895 std_ms=4.179 p95_ms=34.330
[2026-05-23 16:11:12] start mode=optimized model=MPNN_int8.onnx device=CPU warmup=5 iters=100
[2026-05-23 16:11:12] creating session
[2026-05-23 16:11:12] session ready providers=CPUExecutionProvider
[2026-05-23 16:11:12] preparing inputs
[2026-05-23 16:11:13] inputs ready
[2026-05-23 16:11:13] warmup start
[2026-05-23 16:11:13] warmup done
[2026-05-23 16:11:13] benchmark iterations start
[2026-05-23 16:11:13] iteration 25/100 elapsed_s=0.6
[2026-05-23 16:11:14] iteration 50/100 elapsed_s=1.1
[2026-05-23 16:11:15] iteration 75/100 elapsed_s=1.6
[2026-05-23 16:11:15] iteration 100/100 elapsed_s=2.1
[2026-05-23 16:11:15] benchmark iterations done
[2026-05-23 16:11:15] mode complete mode=optimized mean_ms=21.213 std_ms=2.911 p95_ms=26.627
