[2026-05-23 15:02:44] start mode=baseline model=GIN_fp32.onnx device=NPU warmup=5 iters=100
[2026-05-23 15:02:44] creating session
[2026-05-23 15:02:44] session ready providers=OpenVINOExecutionProvider | CPUExecutionProvider
[2026-05-23 15:02:44] preparing inputs
[2026-05-23 15:02:44] inputs ready
[2026-05-23 15:02:44] warmup start
[2026-05-23 15:02:45] warmup done
[2026-05-23 15:02:45] benchmark iterations start
[2026-05-23 15:02:48] iteration 25/100 elapsed_s=2.7
[2026-05-23 15:02:51] iteration 50/100 elapsed_s=5.7
[2026-05-23 15:02:53] iteration 75/100 elapsed_s=8.4
[2026-05-23 15:02:56] iteration 100/100 elapsed_s=11.2
[2026-05-23 15:02:56] benchmark iterations done
[2026-05-23 15:02:56] mode complete mode=baseline mean_ms=111.789 std_ms=7.807 p95_ms=127.761
[2026-05-23 15:02:57] start mode=optimized model=GIN_fp32.onnx device=NPU warmup=5 iters=100
[2026-05-23 15:02:57] creating session
[2026-05-23 15:02:57] session ready providers=OpenVINOExecutionProvider | CPUExecutionProvider
[2026-05-23 15:02:57] preparing inputs
[2026-05-23 15:02:57] inputs ready
[2026-05-23 15:02:57] warmup start
[2026-05-23 15:02:58] warmup done
[2026-05-23 15:02:58] benchmark iterations start
[2026-05-23 15:03:01] iteration 25/100 elapsed_s=2.8
[2026-05-23 15:03:03] iteration 50/100 elapsed_s=5.5
[2026-05-23 15:03:06] iteration 75/100 elapsed_s=8.5
[2026-05-23 15:03:09] iteration 100/100 elapsed_s=11.2
[2026-05-23 15:03:09] benchmark iterations done
[2026-05-23 15:03:09] mode complete mode=optimized mean_ms=112.279 std_ms=7.887 p95_ms=127.584
[2026-05-23 15:12:42] start mode=baseline model=GIN_fp32.onnx device=GPU warmup=5 iters=100
[2026-05-23 15:12:42] creating session
[2026-05-23 15:12:44] session ready providers=OpenVINOExecutionProvider | CPUExecutionProvider
[2026-05-23 15:12:44] preparing inputs
[2026-05-23 15:12:44] inputs ready
[2026-05-23 15:12:44] warmup start
[2026-05-23 15:12:44] warmup done
[2026-05-23 15:12:44] benchmark iterations start
[2026-05-23 15:12:46] iteration 25/100 elapsed_s=1.3
[2026-05-23 15:12:47] iteration 50/100 elapsed_s=2.5
[2026-05-23 15:12:48] iteration 75/100 elapsed_s=3.7
[2026-05-23 15:12:49] iteration 100/100 elapsed_s=5.0
[2026-05-23 15:12:49] benchmark iterations done
[2026-05-23 15:12:49] mode complete mode=baseline mean_ms=49.809 std_ms=1.124 p95_ms=51.670
[2026-05-23 15:12:50] start mode=optimized model=GIN_fp32.onnx device=GPU warmup=5 iters=100
[2026-05-23 15:12:50] creating session
[2026-05-23 15:12:51] session ready providers=OpenVINOExecutionProvider | CPUExecutionProvider
[2026-05-23 15:12:51] preparing inputs
[2026-05-23 15:12:52] inputs ready
[2026-05-23 15:12:52] warmup start
[2026-05-23 15:12:52] warmup done
[2026-05-23 15:12:52] benchmark iterations start
[2026-05-23 15:12:53] iteration 25/100 elapsed_s=1.3
[2026-05-23 15:12:54] iteration 50/100 elapsed_s=2.5
[2026-05-23 15:12:56] iteration 75/100 elapsed_s=3.7
[2026-05-23 15:12:57] iteration 100/100 elapsed_s=5.0
[2026-05-23 15:12:57] benchmark iterations done
[2026-05-23 15:12:57] mode complete mode=optimized mean_ms=49.829 std_ms=1.180 p95_ms=51.599
[2026-05-23 15:20:22] start mode=baseline model=GIN_fp32.onnx device=CPU warmup=5 iters=100
[2026-05-23 15:20:22] creating session
[2026-05-23 15:20:22] session ready providers=OpenVINOExecutionProvider | CPUExecutionProvider
[2026-05-23 15:20:22] preparing inputs
[2026-05-23 15:20:23] inputs ready
[2026-05-23 15:20:23] warmup start
[2026-05-23 15:20:24] warmup done
[2026-05-23 15:20:24] benchmark iterations start
[2026-05-23 15:20:26] iteration 25/100 elapsed_s=2.8
[2026-05-23 15:20:29] iteration 50/100 elapsed_s=5.8
[2026-05-23 15:20:32] iteration 75/100 elapsed_s=8.5
[2026-05-23 15:20:35] iteration 100/100 elapsed_s=11.3
[2026-05-23 15:20:35] benchmark iterations done
[2026-05-23 15:20:35] mode complete mode=baseline mean_ms=113.352 std_ms=9.024 p95_ms=129.754
[2026-05-23 15:20:35] start mode=optimized model=GIN_fp32.onnx device=CPU warmup=5 iters=100
[2026-05-23 15:20:35] creating session
[2026-05-23 15:20:36] session ready providers=OpenVINOExecutionProvider | CPUExecutionProvider
[2026-05-23 15:20:36] preparing inputs
[2026-05-23 15:20:36] inputs ready
[2026-05-23 15:20:36] warmup start
[2026-05-23 15:20:37] warmup done
[2026-05-23 15:20:37] benchmark iterations start
[2026-05-23 15:20:39] iteration 25/100 elapsed_s=2.7
[2026-05-23 15:20:42] iteration 50/100 elapsed_s=5.6
[2026-05-23 15:20:45] iteration 75/100 elapsed_s=8.5
[2026-05-23 15:20:48] iteration 100/100 elapsed_s=11.2
[2026-05-23 15:20:48] benchmark iterations done
[2026-05-23 15:20:48] mode complete mode=optimized mean_ms=112.163 std_ms=9.506 p95_ms=124.857
