[2026-05-23 12:13:44] start mode=baseline model=mobilenetv2_fp32.onnx device=NPU warmup=5 iters=100
[2026-05-23 12:13:44] creating session
[2026-05-23 12:13:45] session ready providers=OpenVINOExecutionProvider | CPUExecutionProvider
[2026-05-23 12:13:45] preparing inputs
[2026-05-23 12:13:45] inputs ready
[2026-05-23 12:13:45] warmup start
[2026-05-23 12:13:45] warmup done
[2026-05-23 12:13:45] benchmark iterations start
[2026-05-23 12:13:45] iteration 25/100 elapsed_s=0.1
[2026-05-23 12:13:45] iteration 50/100 elapsed_s=0.1
[2026-05-23 12:13:46] iteration 75/100 elapsed_s=0.1
[2026-05-23 12:13:46] iteration 100/100 elapsed_s=0.2
[2026-05-23 12:13:46] benchmark iterations done
[2026-05-23 12:13:46] mode complete mode=baseline mean_ms=1.851 std_ms=0.454 p95_ms=2.507
[2026-05-23 12:13:46] start mode=optimized model=mobilenetv2_fp32.onnx device=NPU warmup=5 iters=100
[2026-05-23 12:13:46] creating session
[2026-05-23 12:13:47] session ready providers=OpenVINOExecutionProvider | CPUExecutionProvider
[2026-05-23 12:13:47] preparing inputs
[2026-05-23 12:13:47] inputs ready
[2026-05-23 12:13:47] warmup start
[2026-05-23 12:13:47] warmup done
[2026-05-23 12:13:47] benchmark iterations start
[2026-05-23 12:13:47] iteration 25/100 elapsed_s=0.1
[2026-05-23 12:13:48] iteration 50/100 elapsed_s=0.1
[2026-05-23 12:13:48] iteration 75/100 elapsed_s=0.2
[2026-05-23 12:13:48] iteration 100/100 elapsed_s=0.2
[2026-05-23 12:13:48] benchmark iterations done
[2026-05-23 12:13:48] mode complete mode=optimized mean_ms=1.885 std_ms=0.429 p95_ms=2.483
[2026-05-23 12:14:17] start mode=baseline model=mobilenetv2_fp32.onnx device=NPU warmup=5 iters=100
[2026-05-23 12:14:17] creating session
[2026-05-23 12:14:19] session ready providers=OpenVINOExecutionProvider | CPUExecutionProvider
[2026-05-23 12:14:19] preparing inputs
[2026-05-23 12:14:19] inputs ready
[2026-05-23 12:14:19] warmup start
[2026-05-23 12:14:19] warmup done
[2026-05-23 12:14:19] benchmark iterations start
[2026-05-23 12:14:19] iteration 25/100 elapsed_s=0.1
[2026-05-23 12:14:19] iteration 50/100 elapsed_s=0.1
[2026-05-23 12:14:19] iteration 75/100 elapsed_s=0.2
[2026-05-23 12:14:19] iteration 100/100 elapsed_s=0.2
[2026-05-23 12:14:19] benchmark iterations done
[2026-05-23 12:14:19] mode complete mode=baseline mean_ms=1.841 std_ms=0.487 p95_ms=2.711
[2026-05-23 12:14:19] start mode=optimized model=mobilenetv2_fp32.onnx device=NPU warmup=5 iters=100
[2026-05-23 12:14:19] creating session
[2026-05-23 12:14:21] session ready providers=OpenVINOExecutionProvider | CPUExecutionProvider
[2026-05-23 12:14:21] preparing inputs
[2026-05-23 12:14:21] inputs ready
[2026-05-23 12:14:21] warmup start
[2026-05-23 12:14:21] warmup done
[2026-05-23 12:14:21] benchmark iterations start
[2026-05-23 12:14:21] iteration 25/100 elapsed_s=0.1
[2026-05-23 12:14:21] iteration 50/100 elapsed_s=0.1
[2026-05-23 12:14:21] iteration 75/100 elapsed_s=0.2
[2026-05-23 12:14:21] iteration 100/100 elapsed_s=0.2
[2026-05-23 12:14:21] benchmark iterations done
[2026-05-23 12:14:21] mode complete mode=optimized mean_ms=1.934 std_ms=0.453 p95_ms=2.613
[2026-05-23 12:14:51] start mode=baseline model=mobilenetv2_fp32.onnx device=NPU warmup=5 iters=100
[2026-05-23 12:14:51] creating session
[2026-05-23 12:14:53] session ready providers=OpenVINOExecutionProvider | CPUExecutionProvider
[2026-05-23 12:14:53] preparing inputs
[2026-05-23 12:14:53] inputs ready
[2026-05-23 12:14:53] warmup start
[2026-05-23 12:14:53] warmup done
[2026-05-23 12:14:53] benchmark iterations start
[2026-05-23 12:14:53] iteration 25/100 elapsed_s=0.1
[2026-05-23 12:14:53] iteration 50/100 elapsed_s=0.1
[2026-05-23 12:14:53] iteration 75/100 elapsed_s=0.2
[2026-05-23 12:14:53] iteration 100/100 elapsed_s=0.2
[2026-05-23 12:14:53] benchmark iterations done
[2026-05-23 12:14:53] mode complete mode=baseline mean_ms=1.894 std_ms=0.439 p95_ms=2.543
[2026-05-23 12:14:53] start mode=optimized model=mobilenetv2_fp32.onnx device=NPU warmup=5 iters=100
[2026-05-23 12:14:53] creating session
[2026-05-23 12:14:55] session ready providers=OpenVINOExecutionProvider | CPUExecutionProvider
[2026-05-23 12:14:55] preparing inputs
[2026-05-23 12:14:55] inputs ready
[2026-05-23 12:14:55] warmup start
[2026-05-23 12:14:55] warmup done
[2026-05-23 12:14:55] benchmark iterations start
[2026-05-23 12:14:55] iteration 25/100 elapsed_s=0.1
[2026-05-23 12:14:55] iteration 50/100 elapsed_s=0.1
[2026-05-23 12:14:55] iteration 75/100 elapsed_s=0.2
[2026-05-23 12:14:55] iteration 100/100 elapsed_s=0.2
[2026-05-23 12:14:55] benchmark iterations done
[2026-05-23 12:14:55] mode complete mode=optimized mean_ms=1.875 std_ms=0.431 p95_ms=2.569
[2026-05-23 12:15:23] start mode=baseline model=mobilenetv2_fp32.onnx device=GPU warmup=5 iters=100
[2026-05-23 12:15:23] creating session
[2026-05-23 12:15:25] session ready providers=OpenVINOExecutionProvider | CPUExecutionProvider
[2026-05-23 12:15:25] preparing inputs
[2026-05-23 12:15:25] inputs ready
[2026-05-23 12:15:25] warmup start
[2026-05-23 12:15:25] warmup done
[2026-05-23 12:15:25] benchmark iterations start
[2026-05-23 12:15:25] iteration 25/100 elapsed_s=0.1
[2026-05-23 12:15:25] iteration 50/100 elapsed_s=0.1
[2026-05-23 12:15:25] iteration 75/100 elapsed_s=0.2
[2026-05-23 12:15:25] iteration 100/100 elapsed_s=0.2
[2026-05-23 12:15:25] benchmark iterations done
[2026-05-23 12:15:25] mode complete mode=baseline mean_ms=2.022 std_ms=0.286 p95_ms=2.748
[2026-05-23 12:15:25] start mode=optimized model=mobilenetv2_fp32.onnx device=GPU warmup=5 iters=100
[2026-05-23 12:15:25] creating session
[2026-05-23 12:15:27] session ready providers=OpenVINOExecutionProvider | CPUExecutionProvider
[2026-05-23 12:15:27] preparing inputs
[2026-05-23 12:15:27] inputs ready
[2026-05-23 12:15:27] warmup start
[2026-05-23 12:15:27] warmup done
[2026-05-23 12:15:27] benchmark iterations start
[2026-05-23 12:15:27] iteration 25/100 elapsed_s=0.0
[2026-05-23 12:15:27] iteration 50/100 elapsed_s=0.1
[2026-05-23 12:15:27] iteration 75/100 elapsed_s=0.2
[2026-05-23 12:15:27] iteration 100/100 elapsed_s=0.2
[2026-05-23 12:15:27] benchmark iterations done
[2026-05-23 12:15:27] mode complete mode=optimized mean_ms=2.028 std_ms=0.317 p95_ms=2.823
[2026-05-23 12:15:53] start mode=baseline model=mobilenetv2_fp32.onnx device=GPU warmup=5 iters=100
[2026-05-23 12:15:53] creating session
[2026-05-23 12:15:54] session ready providers=OpenVINOExecutionProvider | CPUExecutionProvider
[2026-05-23 12:15:54] preparing inputs
[2026-05-23 12:15:54] inputs ready
[2026-05-23 12:15:54] warmup start
[2026-05-23 12:15:54] warmup done
[2026-05-23 12:15:54] benchmark iterations start
[2026-05-23 12:15:54] iteration 25/100 elapsed_s=0.0
[2026-05-23 12:15:55] iteration 50/100 elapsed_s=0.1
[2026-05-23 12:15:55] iteration 75/100 elapsed_s=0.2
[2026-05-23 12:15:55] iteration 100/100 elapsed_s=0.2
[2026-05-23 12:15:55] benchmark iterations done
[2026-05-23 12:15:55] mode complete mode=baseline mean_ms=1.983 std_ms=0.337 p95_ms=2.884
[2026-05-23 12:15:55] start mode=optimized model=mobilenetv2_fp32.onnx device=GPU warmup=5 iters=100
[2026-05-23 12:15:55] creating session
[2026-05-23 12:15:56] session ready providers=OpenVINOExecutionProvider | CPUExecutionProvider
[2026-05-23 12:15:56] preparing inputs
[2026-05-23 12:15:56] inputs ready
[2026-05-23 12:15:56] warmup start
[2026-05-23 12:15:56] warmup done
[2026-05-23 12:15:56] benchmark iterations start
[2026-05-23 12:15:56] iteration 25/100 elapsed_s=0.1
[2026-05-23 12:15:56] iteration 50/100 elapsed_s=0.1
[2026-05-23 12:15:56] iteration 75/100 elapsed_s=0.2
[2026-05-23 12:15:56] iteration 100/100 elapsed_s=0.2
[2026-05-23 12:15:56] benchmark iterations done
[2026-05-23 12:15:56] mode complete mode=optimized mean_ms=2.057 std_ms=0.307 p95_ms=2.897
[2026-05-23 12:16:22] start mode=baseline model=mobilenetv2_fp32.onnx device=GPU warmup=5 iters=100
[2026-05-23 12:16:22] creating session
[2026-05-23 12:16:24] session ready providers=OpenVINOExecutionProvider | CPUExecutionProvider
[2026-05-23 12:16:24] preparing inputs
[2026-05-23 12:16:24] inputs ready
[2026-05-23 12:16:24] warmup start
[2026-05-23 12:16:24] warmup done
[2026-05-23 12:16:24] benchmark iterations start
[2026-05-23 12:16:24] iteration 25/100 elapsed_s=0.1
[2026-05-23 12:16:24] iteration 50/100 elapsed_s=0.1
[2026-05-23 12:16:24] iteration 75/100 elapsed_s=0.2
[2026-05-23 12:16:24] iteration 100/100 elapsed_s=0.2
[2026-05-23 12:16:24] benchmark iterations done
[2026-05-23 12:16:24] mode complete mode=baseline mean_ms=2.024 std_ms=0.376 p95_ms=2.901
[2026-05-23 12:16:24] start mode=optimized model=mobilenetv2_fp32.onnx device=GPU warmup=5 iters=100
[2026-05-23 12:16:24] creating session
[2026-05-23 12:16:26] session ready providers=OpenVINOExecutionProvider | CPUExecutionProvider
[2026-05-23 12:16:26] preparing inputs
[2026-05-23 12:16:26] inputs ready
[2026-05-23 12:16:26] warmup start
[2026-05-23 12:16:26] warmup done
[2026-05-23 12:16:26] benchmark iterations start
[2026-05-23 12:16:26] iteration 25/100 elapsed_s=0.1
[2026-05-23 12:16:26] iteration 50/100 elapsed_s=0.1
[2026-05-23 12:16:26] iteration 75/100 elapsed_s=0.2
[2026-05-23 12:16:26] iteration 100/100 elapsed_s=0.2
[2026-05-23 12:16:26] benchmark iterations done
[2026-05-23 12:16:26] mode complete mode=optimized mean_ms=2.077 std_ms=0.312 p95_ms=2.865
[2026-05-23 12:16:51] start mode=baseline model=mobilenetv2_fp32.onnx device=CPU warmup=5 iters=100
[2026-05-23 12:16:51] creating session
[2026-05-23 12:16:52] session ready providers=OpenVINOExecutionProvider | CPUExecutionProvider
[2026-05-23 12:16:52] preparing inputs
[2026-05-23 12:16:52] inputs ready
[2026-05-23 12:16:52] warmup start
[2026-05-23 12:16:52] warmup done
[2026-05-23 12:16:52] benchmark iterations start
[2026-05-23 12:16:52] iteration 25/100 elapsed_s=0.2
[2026-05-23 12:16:52] iteration 50/100 elapsed_s=0.4
[2026-05-23 12:16:53] iteration 75/100 elapsed_s=0.7
[2026-05-23 12:16:53] iteration 100/100 elapsed_s=0.9
[2026-05-23 12:16:53] benchmark iterations done
[2026-05-23 12:16:53] mode complete mode=baseline mean_ms=8.652 std_ms=1.212 p95_ms=10.645
[2026-05-23 12:16:53] start mode=optimized model=mobilenetv2_fp32.onnx device=CPU warmup=5 iters=100
[2026-05-23 12:16:53] creating session
[2026-05-23 12:16:54] session ready providers=OpenVINOExecutionProvider | CPUExecutionProvider
[2026-05-23 12:16:54] preparing inputs
[2026-05-23 12:16:54] inputs ready
[2026-05-23 12:16:54] warmup start
[2026-05-23 12:16:54] warmup done
[2026-05-23 12:16:54] benchmark iterations start
[2026-05-23 12:16:54] iteration 25/100 elapsed_s=0.2
[2026-05-23 12:16:54] iteration 50/100 elapsed_s=0.4
[2026-05-23 12:16:54] iteration 75/100 elapsed_s=0.6
[2026-05-23 12:16:54] iteration 100/100 elapsed_s=0.8
[2026-05-23 12:16:54] benchmark iterations done
[2026-05-23 12:16:55] mode complete mode=optimized mean_ms=8.343 std_ms=0.997 p95_ms=9.856
[2026-05-23 12:17:15] start mode=baseline model=mobilenetv2_fp32.onnx device=CPU warmup=5 iters=100
[2026-05-23 12:17:15] creating session
[2026-05-23 12:17:16] session ready providers=OpenVINOExecutionProvider | CPUExecutionProvider
[2026-05-23 12:17:16] preparing inputs
[2026-05-23 12:17:16] inputs ready
[2026-05-23 12:17:16] warmup start
[2026-05-23 12:17:16] warmup done
[2026-05-23 12:17:16] benchmark iterations start
[2026-05-23 12:17:16] iteration 25/100 elapsed_s=0.3
[2026-05-23 12:17:16] iteration 50/100 elapsed_s=0.5
[2026-05-23 12:17:16] iteration 75/100 elapsed_s=0.7
[2026-05-23 12:17:17] iteration 100/100 elapsed_s=0.9
[2026-05-23 12:17:17] benchmark iterations done
[2026-05-23 12:17:17] mode complete mode=baseline mean_ms=8.913 std_ms=1.695 p95_ms=12.064
[2026-05-23 12:17:17] start mode=optimized model=mobilenetv2_fp32.onnx device=CPU warmup=5 iters=100
[2026-05-23 12:17:17] creating session
[2026-05-23 12:17:17] session ready providers=OpenVINOExecutionProvider | CPUExecutionProvider
[2026-05-23 12:17:17] preparing inputs
[2026-05-23 12:17:17] inputs ready
[2026-05-23 12:17:17] warmup start
[2026-05-23 12:17:17] warmup done
[2026-05-23 12:17:17] benchmark iterations start
[2026-05-23 12:17:18] iteration 25/100 elapsed_s=0.2
[2026-05-23 12:17:18] iteration 50/100 elapsed_s=0.4
[2026-05-23 12:17:18] iteration 75/100 elapsed_s=0.6
[2026-05-23 12:17:18] iteration 100/100 elapsed_s=0.9
[2026-05-23 12:17:18] benchmark iterations done
[2026-05-23 12:17:18] mode complete mode=optimized mean_ms=8.640 std_ms=1.062 p95_ms=10.521
[2026-05-23 12:17:39] start mode=baseline model=mobilenetv2_fp32.onnx device=CPU warmup=5 iters=100
[2026-05-23 12:17:39] creating session
[2026-05-23 12:17:39] session ready providers=OpenVINOExecutionProvider | CPUExecutionProvider
[2026-05-23 12:17:39] preparing inputs
[2026-05-23 12:17:39] inputs ready
[2026-05-23 12:17:39] warmup start
[2026-05-23 12:17:40] warmup done
[2026-05-23 12:17:40] benchmark iterations start
[2026-05-23 12:17:40] iteration 25/100 elapsed_s=0.2
[2026-05-23 12:17:40] iteration 50/100 elapsed_s=0.4
[2026-05-23 12:17:40] iteration 75/100 elapsed_s=0.7
[2026-05-23 12:17:40] iteration 100/100 elapsed_s=0.9
[2026-05-23 12:17:40] benchmark iterations done
[2026-05-23 12:17:40] mode complete mode=baseline mean_ms=8.829 std_ms=1.065 p95_ms=10.662
[2026-05-23 12:17:41] start mode=optimized model=mobilenetv2_fp32.onnx device=CPU warmup=5 iters=100
[2026-05-23 12:17:41] creating session
[2026-05-23 12:17:41] session ready providers=OpenVINOExecutionProvider | CPUExecutionProvider
[2026-05-23 12:17:41] preparing inputs
[2026-05-23 12:17:41] inputs ready
[2026-05-23 12:17:41] warmup start
[2026-05-23 12:17:41] warmup done
[2026-05-23 12:17:41] benchmark iterations start
[2026-05-23 12:17:41] iteration 25/100 elapsed_s=0.2
[2026-05-23 12:17:42] iteration 50/100 elapsed_s=0.4
[2026-05-23 12:17:42] iteration 75/100 elapsed_s=0.6
[2026-05-23 12:17:42] iteration 100/100 elapsed_s=0.9
[2026-05-23 12:17:42] benchmark iterations done
[2026-05-23 12:17:42] mode complete mode=optimized mean_ms=8.535 std_ms=1.077 p95_ms=10.381
