[2026-05-23 14:41:48] start mode=baseline model=GAT_fp32.onnx device=NPU warmup=5 iters=100
[2026-05-23 14:41:48] creating session
[2026-05-23 14:41:49] session ready providers=OpenVINOExecutionProvider | CPUExecutionProvider
[2026-05-23 14:41:49] preparing inputs
[2026-05-23 14:41:49] inputs ready
[2026-05-23 14:41:49] warmup start
[2026-05-23 14:41:49] warmup done
[2026-05-23 14:41:49] benchmark iterations start
[2026-05-23 14:41:49] iteration 25/100 elapsed_s=0.2
[2026-05-23 14:41:49] iteration 50/100 elapsed_s=0.4
[2026-05-23 14:41:50] iteration 75/100 elapsed_s=0.5
[2026-05-23 14:41:50] iteration 100/100 elapsed_s=0.7
[2026-05-23 14:41:50] benchmark iterations done
[2026-05-23 14:41:50] mode complete mode=baseline mean_ms=6.813 std_ms=1.721 p95_ms=9.651
[2026-05-23 14:41:50] start mode=optimized model=GAT_fp32.onnx device=NPU warmup=5 iters=100
[2026-05-23 14:41:50] creating session
[2026-05-23 14:41:50] session ready providers=OpenVINOExecutionProvider | CPUExecutionProvider
[2026-05-23 14:41:50] preparing inputs
[2026-05-23 14:41:51] inputs ready
[2026-05-23 14:41:51] warmup start
[2026-05-23 14:41:51] warmup done
[2026-05-23 14:41:51] benchmark iterations start
[2026-05-23 14:41:51] iteration 25/100 elapsed_s=0.2
[2026-05-23 14:41:51] iteration 50/100 elapsed_s=0.4
[2026-05-23 14:41:51] iteration 75/100 elapsed_s=0.5
[2026-05-23 14:41:51] iteration 100/100 elapsed_s=0.7
[2026-05-23 14:41:51] benchmark iterations done
[2026-05-23 14:41:51] mode complete mode=optimized mean_ms=6.793 std_ms=1.199 p95_ms=8.374
[2026-05-23 14:45:29] start mode=baseline model=GAT_fp32.onnx device=GPU warmup=5 iters=100
[2026-05-23 14:45:29] creating session
[2026-05-23 14:45:31] session ready providers=OpenVINOExecutionProvider | CPUExecutionProvider
[2026-05-23 14:45:31] preparing inputs
[2026-05-23 14:45:31] inputs ready
[2026-05-23 14:45:31] warmup start
[2026-05-23 14:45:31] warmup done
[2026-05-23 14:45:31] benchmark iterations start
[2026-05-23 14:45:31] iteration 25/100 elapsed_s=0.1
[2026-05-23 14:45:31] iteration 50/100 elapsed_s=0.3
[2026-05-23 14:45:32] iteration 75/100 elapsed_s=0.4
[2026-05-23 14:45:32] iteration 100/100 elapsed_s=0.5
[2026-05-23 14:45:32] benchmark iterations done
[2026-05-23 14:45:32] mode complete mode=baseline mean_ms=5.109 std_ms=0.557 p95_ms=6.025
[2026-05-23 14:45:32] start mode=optimized model=GAT_fp32.onnx device=GPU warmup=5 iters=100
[2026-05-23 14:45:32] creating session
[2026-05-23 14:45:34] session ready providers=OpenVINOExecutionProvider | CPUExecutionProvider
[2026-05-23 14:45:34] preparing inputs
[2026-05-23 14:45:34] inputs ready
[2026-05-23 14:45:34] warmup start
[2026-05-23 14:45:34] warmup done
[2026-05-23 14:45:34] benchmark iterations start
[2026-05-23 14:45:34] iteration 25/100 elapsed_s=0.1
[2026-05-23 14:45:34] iteration 50/100 elapsed_s=0.3
[2026-05-23 14:45:34] iteration 75/100 elapsed_s=0.4
[2026-05-23 14:45:34] iteration 100/100 elapsed_s=0.5
[2026-05-23 14:45:34] benchmark iterations done
[2026-05-23 14:45:34] mode complete mode=optimized mean_ms=5.111 std_ms=0.557 p95_ms=5.957
[2026-05-23 14:49:02] start mode=baseline model=GAT_fp32.onnx device=CPU warmup=5 iters=100
[2026-05-23 14:49:02] creating session
[2026-05-23 14:49:02] session ready providers=OpenVINOExecutionProvider | CPUExecutionProvider
[2026-05-23 14:49:02] preparing inputs
[2026-05-23 14:49:02] inputs ready
[2026-05-23 14:49:02] warmup start
[2026-05-23 14:49:02] warmup done
[2026-05-23 14:49:02] benchmark iterations start
[2026-05-23 14:49:03] iteration 25/100 elapsed_s=0.2
[2026-05-23 14:49:03] iteration 50/100 elapsed_s=0.3
[2026-05-23 14:49:03] iteration 75/100 elapsed_s=0.5
[2026-05-23 14:49:03] iteration 100/100 elapsed_s=0.7
[2026-05-23 14:49:03] benchmark iterations done
[2026-05-23 14:49:03] mode complete mode=baseline mean_ms=6.565 std_ms=0.924 p95_ms=8.215
[2026-05-23 14:49:03] start mode=optimized model=GAT_fp32.onnx device=CPU warmup=5 iters=100
[2026-05-23 14:49:03] creating session
[2026-05-23 14:49:04] session ready providers=OpenVINOExecutionProvider | CPUExecutionProvider
[2026-05-23 14:49:04] preparing inputs
[2026-05-23 14:49:04] inputs ready
[2026-05-23 14:49:04] warmup start
[2026-05-23 14:49:04] warmup done
[2026-05-23 14:49:04] benchmark iterations start
[2026-05-23 14:49:04] iteration 25/100 elapsed_s=0.2
[2026-05-23 14:49:04] iteration 50/100 elapsed_s=0.3
[2026-05-23 14:49:05] iteration 75/100 elapsed_s=0.5
[2026-05-23 14:49:05] iteration 100/100 elapsed_s=0.7
[2026-05-23 14:49:05] benchmark iterations done
[2026-05-23 14:49:05] mode complete mode=optimized mean_ms=6.688 std_ms=0.885 p95_ms=8.412
