[2026-05-23 15:28:05] start mode=baseline model=GraphSAGE_fp32.onnx device=NPU warmup=5 iters=100
[2026-05-23 15:28:05] creating session
[2026-05-23 15:28:05] session ready providers=OpenVINOExecutionProvider | CPUExecutionProvider
[2026-05-23 15:28:05] preparing inputs
[2026-05-23 15:28:06] inputs ready
[2026-05-23 15:28:06] warmup start
[2026-05-23 15:28:06] warmup done
[2026-05-23 15:28:06] benchmark iterations start
[2026-05-23 15:28:07] iteration 25/100 elapsed_s=0.7
[2026-05-23 15:28:08] iteration 50/100 elapsed_s=1.4
[2026-05-23 15:28:08] iteration 75/100 elapsed_s=2.2
[2026-05-23 15:28:09] iteration 100/100 elapsed_s=2.9
[2026-05-23 15:28:09] benchmark iterations done
[2026-05-23 15:28:09] mode complete mode=baseline mean_ms=28.744 std_ms=1.245 p95_ms=31.397
[2026-05-23 15:28:09] start mode=optimized model=GraphSAGE_fp32.onnx device=NPU warmup=5 iters=100
[2026-05-23 15:28:09] creating session
[2026-05-23 15:28:10] session ready providers=OpenVINOExecutionProvider | CPUExecutionProvider
[2026-05-23 15:28:10] preparing inputs
[2026-05-23 15:28:10] inputs ready
[2026-05-23 15:28:10] warmup start
[2026-05-23 15:28:10] warmup done
[2026-05-23 15:28:10] benchmark iterations start
[2026-05-23 15:28:11] iteration 25/100 elapsed_s=0.7
[2026-05-23 15:28:12] iteration 50/100 elapsed_s=1.5
[2026-05-23 15:28:12] iteration 75/100 elapsed_s=2.2
[2026-05-23 15:28:13] iteration 100/100 elapsed_s=2.9
[2026-05-23 15:28:13] benchmark iterations done
[2026-05-23 15:28:13] mode complete mode=optimized mean_ms=28.759 std_ms=3.190 p95_ms=32.570
[2026-05-23 15:39:16] start mode=baseline model=GraphSAGE_fp32.onnx device=GPU warmup=5 iters=100
[2026-05-23 15:39:16] creating session
[2026-05-23 15:39:17] session ready providers=OpenVINOExecutionProvider | CPUExecutionProvider
[2026-05-23 15:39:17] preparing inputs
[2026-05-23 15:39:17] inputs ready
[2026-05-23 15:39:17] warmup start
[2026-05-23 15:39:17] warmup done
[2026-05-23 15:39:17] benchmark iterations start
[2026-05-23 15:39:17] iteration 25/100 elapsed_s=0.5
[2026-05-23 15:39:18] iteration 50/100 elapsed_s=0.9
[2026-05-23 15:39:18] iteration 75/100 elapsed_s=1.4
[2026-05-23 15:39:19] iteration 100/100 elapsed_s=1.8
[2026-05-23 15:39:19] benchmark iterations done
[2026-05-23 15:39:19] mode complete mode=baseline mean_ms=17.957 std_ms=0.978 p95_ms=20.049
[2026-05-23 15:39:19] start mode=optimized model=GraphSAGE_fp32.onnx device=GPU warmup=5 iters=100
[2026-05-23 15:39:19] creating session
[2026-05-23 15:39:20] session ready providers=OpenVINOExecutionProvider | CPUExecutionProvider
[2026-05-23 15:39:20] preparing inputs
[2026-05-23 15:39:21] inputs ready
[2026-05-23 15:39:21] warmup start
[2026-05-23 15:39:21] warmup done
[2026-05-23 15:39:21] benchmark iterations start
[2026-05-23 15:39:21] iteration 25/100 elapsed_s=0.4
[2026-05-23 15:39:22] iteration 50/100 elapsed_s=0.9
[2026-05-23 15:39:22] iteration 75/100 elapsed_s=1.3
[2026-05-23 15:39:22] iteration 100/100 elapsed_s=1.8
[2026-05-23 15:39:22] benchmark iterations done
[2026-05-23 15:39:22] mode complete mode=optimized mean_ms=17.833 std_ms=0.924 p95_ms=19.563
[2026-05-23 15:46:52] start mode=baseline model=GraphSAGE_fp32.onnx device=CPU warmup=5 iters=100
[2026-05-23 15:46:52] creating session
[2026-05-23 15:46:53] session ready providers=OpenVINOExecutionProvider | CPUExecutionProvider
[2026-05-23 15:46:53] preparing inputs
[2026-05-23 15:46:53] inputs ready
[2026-05-23 15:46:53] warmup start
[2026-05-23 15:46:53] warmup done
[2026-05-23 15:46:53] benchmark iterations start
[2026-05-23 15:46:54] iteration 25/100 elapsed_s=0.7
[2026-05-23 15:46:55] iteration 50/100 elapsed_s=1.4
[2026-05-23 15:46:55] iteration 75/100 elapsed_s=2.1
[2026-05-23 15:46:56] iteration 100/100 elapsed_s=2.8
[2026-05-23 15:46:56] benchmark iterations done
[2026-05-23 15:46:56] mode complete mode=baseline mean_ms=28.338 std_ms=1.506 p95_ms=31.233
[2026-05-23 15:46:56] start mode=optimized model=GraphSAGE_fp32.onnx device=CPU warmup=5 iters=100
[2026-05-23 15:46:56] creating session
[2026-05-23 15:46:57] session ready providers=OpenVINOExecutionProvider | CPUExecutionProvider
[2026-05-23 15:46:57] preparing inputs
[2026-05-23 15:46:57] inputs ready
[2026-05-23 15:46:57] warmup start
[2026-05-23 15:46:57] warmup done
[2026-05-23 15:46:57] benchmark iterations start
[2026-05-23 15:46:58] iteration 25/100 elapsed_s=0.7
[2026-05-23 15:46:59] iteration 50/100 elapsed_s=1.4
[2026-05-23 15:47:00] iteration 75/100 elapsed_s=2.1
[2026-05-23 15:47:00] iteration 100/100 elapsed_s=2.9
[2026-05-23 15:47:00] benchmark iterations done
[2026-05-23 15:47:00] mode complete mode=optimized mean_ms=28.547 std_ms=1.442 p95_ms=32.054
