[2026-05-23 15:58:14] start mode=baseline model=GraphTransformer_fp32.onnx device=NPU warmup=5 iters=100
[2026-05-23 15:58:14] creating session
[2026-05-23 15:58:15] session ready providers=OpenVINOExecutionProvider | CPUExecutionProvider
[2026-05-23 15:58:15] preparing inputs
[2026-05-23 15:58:15] inputs ready
[2026-05-23 15:58:15] warmup start
[2026-05-23 15:58:15] warmup done
[2026-05-23 15:58:15] benchmark iterations start
[2026-05-23 15:58:16] iteration 25/100 elapsed_s=0.8
[2026-05-23 15:58:17] iteration 50/100 elapsed_s=1.7
[2026-05-23 15:58:18] iteration 75/100 elapsed_s=2.5
[2026-05-23 15:58:19] iteration 100/100 elapsed_s=3.2
[2026-05-23 15:58:19] benchmark iterations done
[2026-05-23 15:58:19] mode complete mode=baseline mean_ms=32.225 std_ms=2.507 p95_ms=36.014
[2026-05-23 15:58:19] start mode=optimized model=GraphTransformer_fp32.onnx device=NPU warmup=5 iters=100
[2026-05-23 15:58:19] creating session
[2026-05-23 15:58:19] session ready providers=OpenVINOExecutionProvider | CPUExecutionProvider
[2026-05-23 15:58:19] preparing inputs
[2026-05-23 15:58:20] inputs ready
[2026-05-23 15:58:20] warmup start
[2026-05-23 15:58:20] warmup done
[2026-05-23 15:58:20] benchmark iterations start
[2026-05-23 15:58:21] iteration 25/100 elapsed_s=0.8
[2026-05-23 15:58:21] iteration 50/100 elapsed_s=1.6
[2026-05-23 15:58:22] iteration 75/100 elapsed_s=2.4
[2026-05-23 15:58:23] iteration 100/100 elapsed_s=3.1
[2026-05-23 15:58:23] benchmark iterations done
[2026-05-23 15:58:23] mode complete mode=optimized mean_ms=30.468 std_ms=3.099 p95_ms=35.078
[2026-05-23 16:00:32] start mode=baseline model=GraphTransformer_fp32.onnx device=GPU warmup=5 iters=100
[2026-05-23 16:00:32] creating session
[2026-05-23 16:00:33] session ready providers=OpenVINOExecutionProvider | CPUExecutionProvider
[2026-05-23 16:00:33] preparing inputs
[2026-05-23 16:00:33] inputs ready
[2026-05-23 16:00:33] warmup start
[2026-05-23 16:00:33] warmup done
[2026-05-23 16:00:33] benchmark iterations start
[2026-05-23 16:00:34] iteration 25/100 elapsed_s=0.3
[2026-05-23 16:00:34] iteration 50/100 elapsed_s=0.7
[2026-05-23 16:00:34] iteration 75/100 elapsed_s=1.0
[2026-05-23 16:00:35] iteration 100/100 elapsed_s=1.3
[2026-05-23 16:00:35] benchmark iterations done
[2026-05-23 16:00:35] mode complete mode=baseline mean_ms=13.348 std_ms=0.982 p95_ms=14.722
[2026-05-23 16:00:35] start mode=optimized model=GraphTransformer_fp32.onnx device=GPU warmup=5 iters=100
[2026-05-23 16:00:35] creating session
[2026-05-23 16:00:37] session ready providers=OpenVINOExecutionProvider | CPUExecutionProvider
[2026-05-23 16:00:37] preparing inputs
[2026-05-23 16:00:37] inputs ready
[2026-05-23 16:00:37] warmup start
[2026-05-23 16:00:37] warmup done
[2026-05-23 16:00:37] benchmark iterations start
[2026-05-23 16:00:37] iteration 25/100 elapsed_s=0.3
[2026-05-23 16:00:37] iteration 50/100 elapsed_s=0.7
[2026-05-23 16:00:38] iteration 75/100 elapsed_s=1.0
[2026-05-23 16:00:38] iteration 100/100 elapsed_s=1.3
[2026-05-23 16:00:38] benchmark iterations done
[2026-05-23 16:00:38] mode complete mode=optimized mean_ms=13.378 std_ms=0.987 p95_ms=14.810
[2026-05-23 16:02:40] start mode=baseline model=GraphTransformer_fp32.onnx device=CPU warmup=5 iters=100
[2026-05-23 16:02:40] creating session
[2026-05-23 16:02:41] session ready providers=OpenVINOExecutionProvider | CPUExecutionProvider
[2026-05-23 16:02:41] preparing inputs
[2026-05-23 16:02:41] inputs ready
[2026-05-23 16:02:41] warmup start
[2026-05-23 16:02:41] warmup done
[2026-05-23 16:02:41] benchmark iterations start
[2026-05-23 16:02:42] iteration 25/100 elapsed_s=0.8
[2026-05-23 16:02:43] iteration 50/100 elapsed_s=1.6
[2026-05-23 16:02:44] iteration 75/100 elapsed_s=2.4
[2026-05-23 16:02:44] iteration 100/100 elapsed_s=3.1
[2026-05-23 16:02:44] benchmark iterations done
[2026-05-23 16:02:44] mode complete mode=baseline mean_ms=31.180 std_ms=1.810 p95_ms=34.583
[2026-05-23 16:02:45] start mode=optimized model=GraphTransformer_fp32.onnx device=CPU warmup=5 iters=100
[2026-05-23 16:02:45] creating session
[2026-05-23 16:02:45] session ready providers=OpenVINOExecutionProvider | CPUExecutionProvider
[2026-05-23 16:02:45] preparing inputs
[2026-05-23 16:02:45] inputs ready
[2026-05-23 16:02:45] warmup start
[2026-05-23 16:02:46] warmup done
[2026-05-23 16:02:46] benchmark iterations start
[2026-05-23 16:02:46] iteration 25/100 elapsed_s=0.8
[2026-05-23 16:02:47] iteration 50/100 elapsed_s=1.7
[2026-05-23 16:02:48] iteration 75/100 elapsed_s=2.5
[2026-05-23 16:02:49] iteration 100/100 elapsed_s=3.2
[2026-05-23 16:02:49] benchmark iterations done
[2026-05-23 16:02:49] mode complete mode=optimized mean_ms=31.993 std_ms=3.609 p95_ms=35.895
