[2026-05-23 10:48:37] start mode=baseline model=GIN_fp32.onnx device=NPU warmup=5 iters=100
[2026-05-23 10:48:37] creating session
[2026-05-23 10:48:37] session ready providers=OpenVINOExecutionProvider | CPUExecutionProvider
[2026-05-23 10:48:37] preparing inputs
[2026-05-23 10:48:37] inputs ready
[2026-05-23 10:48:37] warmup start
[2026-05-23 10:48:38] warmup done
[2026-05-23 10:48:38] benchmark iterations start
[2026-05-23 10:48:39] iteration 25/100 elapsed_s=1.1
[2026-05-23 10:48:40] iteration 50/100 elapsed_s=2.2
[2026-05-23 10:48:41] iteration 75/100 elapsed_s=3.3
[2026-05-23 10:48:42] iteration 100/100 elapsed_s=4.3
[2026-05-23 10:48:42] benchmark iterations done
[2026-05-23 10:48:42] mode complete mode=baseline mean_ms=43.107 std_ms=4.435 p95_ms=47.136
[2026-05-23 10:48:42] start mode=optimized model=GIN_fp32.onnx device=NPU warmup=5 iters=100
[2026-05-23 10:48:42] creating session
[2026-05-23 10:48:42] session ready providers=OpenVINOExecutionProvider | CPUExecutionProvider
[2026-05-23 10:48:42] preparing inputs
[2026-05-23 10:48:43] inputs ready
[2026-05-23 10:48:43] warmup start
[2026-05-23 10:48:43] warmup done
[2026-05-23 10:48:43] benchmark iterations start
[2026-05-23 10:48:44] iteration 25/100 elapsed_s=1.1
[2026-05-23 10:48:45] iteration 50/100 elapsed_s=2.2
[2026-05-23 10:48:46] iteration 75/100 elapsed_s=3.3
[2026-05-23 10:48:48] iteration 100/100 elapsed_s=4.4
[2026-05-23 10:48:48] benchmark iterations done
[2026-05-23 10:48:48] mode complete mode=optimized mean_ms=43.671 std_ms=4.383 p95_ms=49.376
[2026-05-23 10:49:57] start mode=baseline model=GIN_fp32.onnx device=NPU warmup=5 iters=100
[2026-05-23 10:49:57] creating session
[2026-05-23 10:49:58] session ready providers=OpenVINOExecutionProvider | CPUExecutionProvider
[2026-05-23 10:49:58] preparing inputs
[2026-05-23 10:50:00] inputs ready
[2026-05-23 10:50:00] warmup start
[2026-05-23 10:50:00] warmup done
[2026-05-23 10:50:00] benchmark iterations start
[2026-05-23 10:50:01] iteration 25/100 elapsed_s=1.1
[2026-05-23 10:50:02] iteration 50/100 elapsed_s=2.2
[2026-05-23 10:50:03] iteration 75/100 elapsed_s=3.3
[2026-05-23 10:50:04] iteration 100/100 elapsed_s=4.3
[2026-05-23 10:50:04] benchmark iterations done
[2026-05-23 10:50:04] mode complete mode=baseline mean_ms=42.708 std_ms=4.006 p95_ms=48.058
[2026-05-23 10:50:04] start mode=optimized model=GIN_fp32.onnx device=NPU warmup=5 iters=100
[2026-05-23 10:50:04] creating session
[2026-05-23 10:50:05] session ready providers=OpenVINOExecutionProvider | CPUExecutionProvider
[2026-05-23 10:50:05] preparing inputs
[2026-05-23 10:50:07] inputs ready
[2026-05-23 10:50:07] warmup start
[2026-05-23 10:50:07] warmup done
[2026-05-23 10:50:07] benchmark iterations start
[2026-05-23 10:50:08] iteration 25/100 elapsed_s=1.1
[2026-05-23 10:50:09] iteration 50/100 elapsed_s=2.2
[2026-05-23 10:50:10] iteration 75/100 elapsed_s=3.2
[2026-05-23 10:50:11] iteration 100/100 elapsed_s=4.2
[2026-05-23 10:50:11] benchmark iterations done
[2026-05-23 10:50:11] mode complete mode=optimized mean_ms=41.875 std_ms=5.099 p95_ms=46.331
[2026-05-23 10:51:31] start mode=baseline model=GIN_fp32.onnx device=NPU warmup=5 iters=100
[2026-05-23 10:51:31] creating session
[2026-05-23 10:51:31] session ready providers=OpenVINOExecutionProvider | CPUExecutionProvider
[2026-05-23 10:51:31] preparing inputs
[2026-05-23 10:51:33] inputs ready
[2026-05-23 10:51:33] warmup start
[2026-05-23 10:51:33] warmup done
[2026-05-23 10:51:33] benchmark iterations start
[2026-05-23 10:51:34] iteration 25/100 elapsed_s=1.0
[2026-05-23 10:51:35] iteration 50/100 elapsed_s=2.0
[2026-05-23 10:51:36] iteration 75/100 elapsed_s=2.9
[2026-05-23 10:51:37] iteration 100/100 elapsed_s=3.9
[2026-05-23 10:51:37] benchmark iterations done
[2026-05-23 10:51:37] mode complete mode=baseline mean_ms=39.070 std_ms=2.769 p95_ms=41.645
[2026-05-23 10:51:38] start mode=optimized model=GIN_fp32.onnx device=NPU warmup=5 iters=100
[2026-05-23 10:51:38] creating session
[2026-05-23 10:51:38] session ready providers=OpenVINOExecutionProvider | CPUExecutionProvider
[2026-05-23 10:51:38] preparing inputs
[2026-05-23 10:51:40] inputs ready
[2026-05-23 10:51:40] warmup start
[2026-05-23 10:51:41] warmup done
[2026-05-23 10:51:41] benchmark iterations start
[2026-05-23 10:51:41] iteration 25/100 elapsed_s=1.0
[2026-05-23 10:51:42] iteration 50/100 elapsed_s=1.9
[2026-05-23 10:51:43] iteration 75/100 elapsed_s=2.9
[2026-05-23 10:51:44] iteration 100/100 elapsed_s=3.9
[2026-05-23 10:51:44] benchmark iterations done
[2026-05-23 10:51:44] mode complete mode=optimized mean_ms=38.557 std_ms=1.296 p95_ms=40.913
[2026-05-23 10:52:58] start mode=baseline model=GIN_fp32.onnx device=GPU warmup=5 iters=100
[2026-05-23 10:52:58] creating session
[2026-05-23 10:52:59] session ready providers=OpenVINOExecutionProvider | CPUExecutionProvider
[2026-05-23 10:52:59] preparing inputs
[2026-05-23 10:52:59] inputs ready
[2026-05-23 10:52:59] warmup start
[2026-05-23 10:52:59] warmup done
[2026-05-23 10:52:59] benchmark iterations start
[2026-05-23 10:53:00] iteration 25/100 elapsed_s=1.0
[2026-05-23 10:53:01] iteration 50/100 elapsed_s=2.0
[2026-05-23 10:53:02] iteration 75/100 elapsed_s=3.1
[2026-05-23 10:53:03] iteration 100/100 elapsed_s=4.1
[2026-05-23 10:53:03] benchmark iterations done
[2026-05-23 10:53:03] mode complete mode=baseline mean_ms=40.669 std_ms=1.293 p95_ms=42.645
[2026-05-23 10:53:04] start mode=optimized model=GIN_fp32.onnx device=GPU warmup=5 iters=100
[2026-05-23 10:53:04] creating session
[2026-05-23 10:53:05] session ready providers=OpenVINOExecutionProvider | CPUExecutionProvider
[2026-05-23 10:53:05] preparing inputs
[2026-05-23 10:53:05] inputs ready
[2026-05-23 10:53:05] warmup start
[2026-05-23 10:53:05] warmup done
[2026-05-23 10:53:05] benchmark iterations start
[2026-05-23 10:53:06] iteration 25/100 elapsed_s=1.0
[2026-05-23 10:53:07] iteration 50/100 elapsed_s=2.0
[2026-05-23 10:53:08] iteration 75/100 elapsed_s=3.0
[2026-05-23 10:53:09] iteration 100/100 elapsed_s=4.0
[2026-05-23 10:53:09] benchmark iterations done
[2026-05-23 10:53:09] mode complete mode=optimized mean_ms=39.743 std_ms=1.270 p95_ms=41.359
[2026-05-23 10:54:21] start mode=baseline model=GIN_fp32.onnx device=GPU warmup=5 iters=100
[2026-05-23 10:54:21] creating session
[2026-05-23 10:54:22] session ready providers=OpenVINOExecutionProvider | CPUExecutionProvider
[2026-05-23 10:54:22] preparing inputs
[2026-05-23 10:54:24] inputs ready
[2026-05-23 10:54:24] warmup start
[2026-05-23 10:54:24] warmup done
[2026-05-23 10:54:24] benchmark iterations start
[2026-05-23 10:54:25] iteration 25/100 elapsed_s=0.9
[2026-05-23 10:54:26] iteration 50/100 elapsed_s=1.9
[2026-05-23 10:54:27] iteration 75/100 elapsed_s=2.8
[2026-05-23 10:54:28] iteration 100/100 elapsed_s=3.7
[2026-05-23 10:54:28] benchmark iterations done
[2026-05-23 10:54:28] mode complete mode=baseline mean_ms=37.380 std_ms=0.748 p95_ms=38.454
[2026-05-23 10:54:28] start mode=optimized model=GIN_fp32.onnx device=GPU warmup=5 iters=100
[2026-05-23 10:54:28] creating session
[2026-05-23 10:54:29] session ready providers=OpenVINOExecutionProvider | CPUExecutionProvider
[2026-05-23 10:54:29] preparing inputs
[2026-05-23 10:54:31] inputs ready
[2026-05-23 10:54:31] warmup start
[2026-05-23 10:54:31] warmup done
[2026-05-23 10:54:31] benchmark iterations start
[2026-05-23 10:54:32] iteration 25/100 elapsed_s=1.0
[2026-05-23 10:54:33] iteration 50/100 elapsed_s=1.9
[2026-05-23 10:54:34] iteration 75/100 elapsed_s=2.9
[2026-05-23 10:54:35] iteration 100/100 elapsed_s=3.8
[2026-05-23 10:54:35] benchmark iterations done
[2026-05-23 10:54:35] mode complete mode=optimized mean_ms=38.298 std_ms=0.648 p95_ms=39.117
[2026-05-23 10:55:55] start mode=baseline model=GIN_fp32.onnx device=GPU warmup=5 iters=100
[2026-05-23 10:55:55] creating session
[2026-05-23 10:55:56] session ready providers=OpenVINOExecutionProvider | CPUExecutionProvider
[2026-05-23 10:55:56] preparing inputs
[2026-05-23 10:55:58] inputs ready
[2026-05-23 10:55:58] warmup start
[2026-05-23 10:55:58] warmup done
[2026-05-23 10:55:58] benchmark iterations start
[2026-05-23 10:55:59] iteration 25/100 elapsed_s=1.0
[2026-05-23 10:56:00] iteration 50/100 elapsed_s=2.0
[2026-05-23 10:56:01] iteration 75/100 elapsed_s=3.0
[2026-05-23 10:56:02] iteration 100/100 elapsed_s=3.9
[2026-05-23 10:56:02] benchmark iterations done
[2026-05-23 10:56:02] mode complete mode=baseline mean_ms=39.436 std_ms=1.015 p95_ms=40.925
[2026-05-23 10:56:03] start mode=optimized model=GIN_fp32.onnx device=GPU warmup=5 iters=100
[2026-05-23 10:56:03] creating session
[2026-05-23 10:56:04] session ready providers=OpenVINOExecutionProvider | CPUExecutionProvider
[2026-05-23 10:56:04] preparing inputs
[2026-05-23 10:56:07] inputs ready
[2026-05-23 10:56:07] warmup start
[2026-05-23 10:56:07] warmup done
[2026-05-23 10:56:07] benchmark iterations start
[2026-05-23 10:56:08] iteration 25/100 elapsed_s=1.0
[2026-05-23 10:56:09] iteration 50/100 elapsed_s=1.9
[2026-05-23 10:56:10] iteration 75/100 elapsed_s=2.9
[2026-05-23 10:56:11] iteration 100/100 elapsed_s=3.9
[2026-05-23 10:56:11] benchmark iterations done
[2026-05-23 10:56:11] mode complete mode=optimized mean_ms=38.696 std_ms=0.684 p95_ms=39.862
[2026-05-23 10:57:26] start mode=baseline model=GIN_fp32.onnx device=CPU warmup=5 iters=100
[2026-05-23 10:57:26] creating session
[2026-05-23 10:57:26] session ready providers=OpenVINOExecutionProvider | CPUExecutionProvider
[2026-05-23 10:57:26] preparing inputs
[2026-05-23 10:57:26] inputs ready
[2026-05-23 10:57:26] warmup start
[2026-05-23 10:57:27] warmup done
[2026-05-23 10:57:27] benchmark iterations start
[2026-05-23 10:57:28] iteration 25/100 elapsed_s=1.1
[2026-05-23 10:57:29] iteration 50/100 elapsed_s=2.2
[2026-05-23 10:57:30] iteration 75/100 elapsed_s=3.3
[2026-05-23 10:57:31] iteration 100/100 elapsed_s=4.4
[2026-05-23 10:57:31] benchmark iterations done
[2026-05-23 10:57:31] mode complete mode=baseline mean_ms=43.620 std_ms=2.161 p95_ms=46.836
[2026-05-23 10:57:31] start mode=optimized model=GIN_fp32.onnx device=CPU warmup=5 iters=100
[2026-05-23 10:57:31] creating session
[2026-05-23 10:57:32] session ready providers=OpenVINOExecutionProvider | CPUExecutionProvider
[2026-05-23 10:57:32] preparing inputs
[2026-05-23 10:57:32] inputs ready
[2026-05-23 10:57:32] warmup start
[2026-05-23 10:57:32] warmup done
[2026-05-23 10:57:32] benchmark iterations start
[2026-05-23 10:57:33] iteration 25/100 elapsed_s=1.2
[2026-05-23 10:57:35] iteration 50/100 elapsed_s=2.2
[2026-05-23 10:57:36] iteration 75/100 elapsed_s=3.3
[2026-05-23 10:57:37] iteration 100/100 elapsed_s=4.4
[2026-05-23 10:57:37] benchmark iterations done
[2026-05-23 10:57:37] mode complete mode=optimized mean_ms=43.661 std_ms=2.610 p95_ms=48.709
[2026-05-23 10:58:41] start mode=baseline model=GIN_fp32.onnx device=CPU warmup=5 iters=100
[2026-05-23 10:58:41] creating session
[2026-05-23 10:58:42] session ready providers=OpenVINOExecutionProvider | CPUExecutionProvider
[2026-05-23 10:58:42] preparing inputs
[2026-05-23 10:58:43] inputs ready
[2026-05-23 10:58:43] warmup start
[2026-05-23 10:58:44] warmup done
[2026-05-23 10:58:44] benchmark iterations start
[2026-05-23 10:58:45] iteration 25/100 elapsed_s=1.0
[2026-05-23 10:58:46] iteration 50/100 elapsed_s=2.1
[2026-05-23 10:58:47] iteration 75/100 elapsed_s=3.1
[2026-05-23 10:58:48] iteration 100/100 elapsed_s=4.2
[2026-05-23 10:58:48] benchmark iterations done
[2026-05-23 10:58:48] mode complete mode=baseline mean_ms=41.634 std_ms=2.485 p95_ms=45.570
[2026-05-23 10:58:48] start mode=optimized model=GIN_fp32.onnx device=CPU warmup=5 iters=100
[2026-05-23 10:58:48] creating session
[2026-05-23 10:58:49] session ready providers=OpenVINOExecutionProvider | CPUExecutionProvider
[2026-05-23 10:58:49] preparing inputs
[2026-05-23 10:58:50] inputs ready
[2026-05-23 10:58:50] warmup start
[2026-05-23 10:58:51] warmup done
[2026-05-23 10:58:51] benchmark iterations start
[2026-05-23 10:58:52] iteration 25/100 elapsed_s=1.1
[2026-05-23 10:58:53] iteration 50/100 elapsed_s=2.1
[2026-05-23 10:58:54] iteration 75/100 elapsed_s=3.2
[2026-05-23 10:58:55] iteration 100/100 elapsed_s=4.2
[2026-05-23 10:58:55] benchmark iterations done
[2026-05-23 10:58:55] mode complete mode=optimized mean_ms=42.194 std_ms=2.138 p95_ms=45.784
[2026-05-23 11:00:11] start mode=baseline model=GIN_fp32.onnx device=CPU warmup=5 iters=100
[2026-05-23 11:00:11] creating session
[2026-05-23 11:00:11] session ready providers=OpenVINOExecutionProvider | CPUExecutionProvider
[2026-05-23 11:00:11] preparing inputs
[2026-05-23 11:00:14] inputs ready
[2026-05-23 11:00:14] warmup start
[2026-05-23 11:00:14] warmup done
[2026-05-23 11:00:14] benchmark iterations start
[2026-05-23 11:00:15] iteration 25/100 elapsed_s=1.1
[2026-05-23 11:00:16] iteration 50/100 elapsed_s=2.1
[2026-05-23 11:00:18] iteration 75/100 elapsed_s=3.2
[2026-05-23 11:00:19] iteration 100/100 elapsed_s=4.4
[2026-05-23 11:00:19] benchmark iterations done
[2026-05-23 11:00:19] mode complete mode=baseline mean_ms=43.645 std_ms=3.753 p95_ms=51.494
[2026-05-23 11:00:19] start mode=optimized model=GIN_fp32.onnx device=CPU warmup=5 iters=100
[2026-05-23 11:00:19] creating session
[2026-05-23 11:00:19] session ready providers=OpenVINOExecutionProvider | CPUExecutionProvider
[2026-05-23 11:00:19] preparing inputs
[2026-05-23 11:00:22] inputs ready
[2026-05-23 11:00:22] warmup start
[2026-05-23 11:00:22] warmup done
[2026-05-23 11:00:22] benchmark iterations start
[2026-05-23 11:00:23] iteration 25/100 elapsed_s=1.0
[2026-05-23 11:00:24] iteration 50/100 elapsed_s=2.1
[2026-05-23 11:00:25] iteration 75/100 elapsed_s=3.3
[2026-05-23 11:00:27] iteration 100/100 elapsed_s=4.4
[2026-05-23 11:00:27] benchmark iterations done
[2026-05-23 11:00:27] mode complete mode=optimized mean_ms=43.690 std_ms=3.668 p95_ms=50.648
