[2026-05-23 15:01:08] start mode=baseline model=GIN_int8.onnx device=NPU warmup=5 iters=100
[2026-05-23 15:01:08] creating session
[2026-05-23 15:01:08] session ready providers=OpenVINOExecutionProvider | CPUExecutionProvider
[2026-05-23 15:01:08] preparing inputs
[2026-05-23 15:01:08] inputs ready
[2026-05-23 15:01:08] warmup start
[2026-05-23 15:01:09] warmup done
[2026-05-23 15:01:09] benchmark iterations start
[2026-05-23 15:01:10] iteration 25/100 elapsed_s=1.3
[2026-05-23 15:01:12] iteration 50/100 elapsed_s=2.8
[2026-05-23 15:01:13] iteration 75/100 elapsed_s=4.3
[2026-05-23 15:01:15] iteration 100/100 elapsed_s=5.7
[2026-05-23 15:01:15] benchmark iterations done
[2026-05-23 15:01:15] mode complete mode=baseline mean_ms=56.817 std_ms=4.260 p95_ms=64.577
[2026-05-23 15:01:15] start mode=optimized model=GIN_int8.onnx device=NPU warmup=5 iters=100
[2026-05-23 15:01:15] creating session
[2026-05-23 15:01:15] session ready providers=OpenVINOExecutionProvider | CPUExecutionProvider
[2026-05-23 15:01:15] preparing inputs
[2026-05-23 15:01:15] inputs ready
[2026-05-23 15:01:15] warmup start
[2026-05-23 15:01:16] warmup done
[2026-05-23 15:01:16] benchmark iterations start
[2026-05-23 15:01:17] iteration 25/100 elapsed_s=1.3
[2026-05-23 15:01:18] iteration 50/100 elapsed_s=2.7
[2026-05-23 15:01:20] iteration 75/100 elapsed_s=4.2
[2026-05-23 15:01:21] iteration 100/100 elapsed_s=5.7
[2026-05-23 15:01:21] benchmark iterations done
[2026-05-23 15:01:21] mode complete mode=optimized mean_ms=56.731 std_ms=4.937 p95_ms=64.951
[2026-05-23 15:11:39] start mode=baseline model=GIN_int8.onnx device=GPU warmup=5 iters=100
[2026-05-23 15:11:39] creating session
[2026-05-23 15:11:45] session ready providers=OpenVINOExecutionProvider | CPUExecutionProvider
[2026-05-23 15:11:45] preparing inputs
[2026-05-23 15:11:45] inputs ready
[2026-05-23 15:11:45] warmup start
[2026-05-23 15:11:45] warmup done
[2026-05-23 15:11:45] benchmark iterations start
[2026-05-23 15:11:46] iteration 25/100 elapsed_s=0.7
[2026-05-23 15:11:46] iteration 50/100 elapsed_s=1.4
[2026-05-23 15:11:47] iteration 75/100 elapsed_s=2.0
[2026-05-23 15:11:48] iteration 100/100 elapsed_s=2.7
[2026-05-23 15:11:48] benchmark iterations done
[2026-05-23 15:11:48] mode complete mode=baseline mean_ms=27.149 std_ms=1.021 p95_ms=28.417
[2026-05-23 15:11:48] start mode=optimized model=GIN_int8.onnx device=GPU warmup=5 iters=100
[2026-05-23 15:11:48] creating session
[2026-05-23 15:11:50] session ready providers=OpenVINOExecutionProvider | CPUExecutionProvider
[2026-05-23 15:11:50] preparing inputs
[2026-05-23 15:11:50] inputs ready
[2026-05-23 15:11:50] warmup start
[2026-05-23 15:11:50] warmup done
[2026-05-23 15:11:50] benchmark iterations start
[2026-05-23 15:11:50] iteration 25/100 elapsed_s=0.7
[2026-05-23 15:11:51] iteration 50/100 elapsed_s=1.4
[2026-05-23 15:11:52] iteration 75/100 elapsed_s=2.0
[2026-05-23 15:11:53] iteration 100/100 elapsed_s=2.7
[2026-05-23 15:11:53] benchmark iterations done
[2026-05-23 15:11:53] mode complete mode=optimized mean_ms=26.993 std_ms=1.106 p95_ms=28.624
[2026-05-23 15:18:46] start mode=baseline model=GIN_int8.onnx device=CPU warmup=5 iters=100
[2026-05-23 15:18:46] creating session
[2026-05-23 15:18:46] session ready providers=OpenVINOExecutionProvider | CPUExecutionProvider
[2026-05-23 15:18:46] preparing inputs
[2026-05-23 15:18:46] inputs ready
[2026-05-23 15:18:46] warmup start
[2026-05-23 15:18:47] warmup done
[2026-05-23 15:18:47] benchmark iterations start
[2026-05-23 15:18:48] iteration 25/100 elapsed_s=1.4
[2026-05-23 15:18:50] iteration 50/100 elapsed_s=2.9
[2026-05-23 15:18:51] iteration 75/100 elapsed_s=4.4
[2026-05-23 15:18:52] iteration 100/100 elapsed_s=5.7
[2026-05-23 15:18:52] benchmark iterations done
[2026-05-23 15:18:52] mode complete mode=baseline mean_ms=57.458 std_ms=4.296 p95_ms=64.600
[2026-05-23 15:18:53] start mode=optimized model=GIN_int8.onnx device=CPU warmup=5 iters=100
[2026-05-23 15:18:53] creating session
[2026-05-23 15:18:53] session ready providers=OpenVINOExecutionProvider | CPUExecutionProvider
[2026-05-23 15:18:53] preparing inputs
[2026-05-23 15:18:53] inputs ready
[2026-05-23 15:18:53] warmup start
[2026-05-23 15:18:54] warmup done
[2026-05-23 15:18:54] benchmark iterations start
[2026-05-23 15:18:55] iteration 25/100 elapsed_s=1.3
[2026-05-23 15:18:57] iteration 50/100 elapsed_s=2.8
[2026-05-23 15:18:58] iteration 75/100 elapsed_s=4.3
[2026-05-23 15:18:59] iteration 100/100 elapsed_s=5.7
[2026-05-23 15:18:59] benchmark iterations done
[2026-05-23 15:18:59] mode complete mode=optimized mean_ms=56.939 std_ms=5.062 p95_ms=67.177
