[2026-05-23 16:04:55] start mode=baseline model=MPNN_fp32.onnx device=GPU warmup=5 iters=100
[2026-05-23 16:04:55] creating session
[2026-05-23 16:04:55] session ready providers=CPUExecutionProvider
[2026-05-23 16:04:55] preparing inputs
[2026-05-23 16:04:56] inputs ready
[2026-05-23 16:04:56] warmup start
[2026-05-23 16:04:56] warmup done
[2026-05-23 16:04:56] benchmark iterations start
[2026-05-23 16:04:56] iteration 25/100 elapsed_s=0.5
[2026-05-23 16:04:57] iteration 50/100 elapsed_s=1.0
[2026-05-23 16:04:57] iteration 75/100 elapsed_s=1.5
[2026-05-23 16:04:58] iteration 100/100 elapsed_s=2.0
[2026-05-23 16:04:58] benchmark iterations done
[2026-05-23 16:04:58] mode complete mode=baseline mean_ms=19.922 std_ms=3.006 p95_ms=26.970
[2026-05-23 16:04:58] start mode=optimized model=MPNN_fp32.onnx device=GPU warmup=5 iters=100
[2026-05-23 16:04:58] creating session
[2026-05-23 16:04:58] session ready providers=CPUExecutionProvider
[2026-05-23 16:04:58] preparing inputs
[2026-05-23 16:04:59] inputs ready
[2026-05-23 16:04:59] warmup start
[2026-05-23 16:04:59] warmup done
[2026-05-23 16:04:59] benchmark iterations start
[2026-05-23 16:05:00] iteration 25/100 elapsed_s=0.4
[2026-05-23 16:05:00] iteration 50/100 elapsed_s=0.9
[2026-05-23 16:05:00] iteration 75/100 elapsed_s=1.3
[2026-05-23 16:05:01] iteration 100/100 elapsed_s=1.7
[2026-05-23 16:05:01] benchmark iterations done
[2026-05-23 16:05:01] mode complete mode=optimized mean_ms=17.270 std_ms=5.931 p95_ms=24.762
[2026-05-23 16:10:52] start mode=baseline model=MPNN_fp32.onnx device=CPU warmup=5 iters=100
[2026-05-23 16:10:52] creating session
[2026-05-23 16:10:52] session ready providers=CPUExecutionProvider
[2026-05-23 16:10:52] preparing inputs
[2026-05-23 16:10:53] inputs ready
[2026-05-23 16:10:53] warmup start
[2026-05-23 16:10:53] warmup done
[2026-05-23 16:10:53] benchmark iterations start
[2026-05-23 16:10:53] iteration 25/100 elapsed_s=0.5
[2026-05-23 16:10:54] iteration 50/100 elapsed_s=1.0
[2026-05-23 16:10:54] iteration 75/100 elapsed_s=1.5
[2026-05-23 16:10:55] iteration 100/100 elapsed_s=2.0
[2026-05-23 16:10:55] benchmark iterations done
[2026-05-23 16:10:55] mode complete mode=baseline mean_ms=20.120 std_ms=3.978 p95_ms=26.407
[2026-05-23 16:10:55] start mode=optimized model=MPNN_fp32.onnx device=CPU warmup=5 iters=100
[2026-05-23 16:10:55] creating session
[2026-05-23 16:10:55] session ready providers=CPUExecutionProvider
[2026-05-23 16:10:55] preparing inputs
[2026-05-23 16:10:56] inputs ready
[2026-05-23 16:10:56] warmup start
[2026-05-23 16:10:56] warmup done
[2026-05-23 16:10:56] benchmark iterations start
[2026-05-23 16:10:57] iteration 25/100 elapsed_s=0.4
[2026-05-23 16:10:57] iteration 50/100 elapsed_s=0.9
[2026-05-23 16:10:58] iteration 75/100 elapsed_s=1.4
[2026-05-23 16:10:58] iteration 100/100 elapsed_s=1.9
[2026-05-23 16:10:58] benchmark iterations done
[2026-05-23 16:10:58] mode complete mode=optimized mean_ms=18.469 std_ms=4.654 p95_ms=25.524
