[2026-05-23 15:28:31] start mode=baseline model=GraphSAGE_int8.onnx device=NPU warmup=5 iters=100
[2026-05-23 15:28:31] creating session
[2026-05-23 15:28:32] session ready providers=OpenVINOExecutionProvider | CPUExecutionProvider
[2026-05-23 15:28:32] preparing inputs
[2026-05-23 15:28:32] inputs ready
[2026-05-23 15:28:32] warmup start
[2026-05-23 15:28:32] warmup done
[2026-05-23 15:28:32] benchmark iterations start
[2026-05-23 15:28:33] iteration 25/100 elapsed_s=0.7
[2026-05-23 15:28:34] iteration 50/100 elapsed_s=1.4
[2026-05-23 15:28:34] iteration 75/100 elapsed_s=2.1
[2026-05-23 15:28:35] iteration 100/100 elapsed_s=2.8
[2026-05-23 15:28:35] benchmark iterations done
[2026-05-23 15:28:35] mode complete mode=baseline mean_ms=28.316 std_ms=1.174 p95_ms=30.867
[2026-05-23 15:28:35] start mode=optimized model=GraphSAGE_int8.onnx device=NPU warmup=5 iters=100
[2026-05-23 15:28:35] creating session
[2026-05-23 15:28:36] session ready providers=OpenVINOExecutionProvider | CPUExecutionProvider
[2026-05-23 15:28:36] preparing inputs
[2026-05-23 15:28:36] inputs ready
[2026-05-23 15:28:36] warmup start
[2026-05-23 15:28:36] warmup done
[2026-05-23 15:28:36] benchmark iterations start
[2026-05-23 15:28:37] iteration 25/100 elapsed_s=0.7
[2026-05-23 15:28:38] iteration 50/100 elapsed_s=1.4
[2026-05-23 15:28:38] iteration 75/100 elapsed_s=2.1
[2026-05-23 15:28:39] iteration 100/100 elapsed_s=2.9
[2026-05-23 15:28:39] benchmark iterations done
[2026-05-23 15:28:39] mode complete mode=optimized mean_ms=28.829 std_ms=3.510 p95_ms=31.950
[2026-05-23 15:39:43] start mode=baseline model=GraphSAGE_int8.onnx device=GPU warmup=5 iters=100
[2026-05-23 15:39:43] creating session
[2026-05-23 15:39:45] session ready providers=OpenVINOExecutionProvider | CPUExecutionProvider
[2026-05-23 15:39:45] preparing inputs
[2026-05-23 15:39:45] inputs ready
[2026-05-23 15:39:45] warmup start
[2026-05-23 15:39:45] warmup done
[2026-05-23 15:39:45] benchmark iterations start
[2026-05-23 15:39:45] iteration 25/100 elapsed_s=0.4
[2026-05-23 15:39:46] iteration 50/100 elapsed_s=0.7
[2026-05-23 15:39:46] iteration 75/100 elapsed_s=1.1
[2026-05-23 15:39:47] iteration 100/100 elapsed_s=1.4
[2026-05-23 15:39:47] benchmark iterations done
[2026-05-23 15:39:47] mode complete mode=baseline mean_ms=14.188 std_ms=0.645 p95_ms=14.952
[2026-05-23 15:39:47] start mode=optimized model=GraphSAGE_int8.onnx device=GPU warmup=5 iters=100
[2026-05-23 15:39:47] creating session
[2026-05-23 15:39:48] session ready providers=OpenVINOExecutionProvider | CPUExecutionProvider
[2026-05-23 15:39:48] preparing inputs
[2026-05-23 15:39:48] inputs ready
[2026-05-23 15:39:48] warmup start
[2026-05-23 15:39:48] warmup done
[2026-05-23 15:39:48] benchmark iterations start
[2026-05-23 15:39:49] iteration 25/100 elapsed_s=0.4
[2026-05-23 15:39:49] iteration 50/100 elapsed_s=0.7
[2026-05-23 15:39:49] iteration 75/100 elapsed_s=1.1
[2026-05-23 15:39:50] iteration 100/100 elapsed_s=1.4
[2026-05-23 15:39:50] benchmark iterations done
[2026-05-23 15:39:50] mode complete mode=optimized mean_ms=14.186 std_ms=0.647 p95_ms=14.939
[2026-05-23 15:47:18] start mode=baseline model=GraphSAGE_int8.onnx device=CPU warmup=5 iters=100
[2026-05-23 15:47:18] creating session
[2026-05-23 15:47:19] session ready providers=OpenVINOExecutionProvider | CPUExecutionProvider
[2026-05-23 15:47:19] preparing inputs
[2026-05-23 15:47:19] inputs ready
[2026-05-23 15:47:19] warmup start
[2026-05-23 15:47:19] warmup done
[2026-05-23 15:47:19] benchmark iterations start
[2026-05-23 15:47:20] iteration 25/100 elapsed_s=0.7
[2026-05-23 15:47:21] iteration 50/100 elapsed_s=1.4
[2026-05-23 15:47:21] iteration 75/100 elapsed_s=2.1
[2026-05-23 15:47:22] iteration 100/100 elapsed_s=2.8
[2026-05-23 15:47:22] benchmark iterations done
[2026-05-23 15:47:22] mode complete mode=baseline mean_ms=28.175 std_ms=1.261 p95_ms=30.115
[2026-05-23 15:47:22] start mode=optimized model=GraphSAGE_int8.onnx device=CPU warmup=5 iters=100
[2026-05-23 15:47:22] creating session
[2026-05-23 15:47:23] session ready providers=OpenVINOExecutionProvider | CPUExecutionProvider
[2026-05-23 15:47:23] preparing inputs
[2026-05-23 15:47:23] inputs ready
[2026-05-23 15:47:23] warmup start
[2026-05-23 15:47:23] warmup done
[2026-05-23 15:47:23] benchmark iterations start
[2026-05-23 15:47:24] iteration 25/100 elapsed_s=0.7
[2026-05-23 15:47:25] iteration 50/100 elapsed_s=1.4
[2026-05-23 15:47:25] iteration 75/100 elapsed_s=2.1
[2026-05-23 15:47:26] iteration 100/100 elapsed_s=2.8
[2026-05-23 15:47:26] benchmark iterations done
[2026-05-23 15:47:26] mode complete mode=optimized mean_ms=28.118 std_ms=1.230 p95_ms=29.916
