[2026-05-23 14:52:55] start mode=baseline model=GCN_int8.onnx device=NPU warmup=5 iters=100
[2026-05-23 14:52:55] creating session
[2026-05-23 14:52:56] session ready providers=OpenVINOExecutionProvider | CPUExecutionProvider
[2026-05-23 14:52:56] preparing inputs
[2026-05-23 14:52:56] inputs ready
[2026-05-23 14:52:56] warmup start
[2026-05-23 14:52:56] warmup done
[2026-05-23 14:52:56] benchmark iterations start
[2026-05-23 14:52:56] iteration 25/100 elapsed_s=0.1
[2026-05-23 14:52:56] iteration 50/100 elapsed_s=0.2
[2026-05-23 14:52:56] iteration 75/100 elapsed_s=0.2
[2026-05-23 14:52:56] iteration 100/100 elapsed_s=0.3
[2026-05-23 14:52:56] benchmark iterations done
[2026-05-23 14:52:56] mode complete mode=baseline mean_ms=2.961 std_ms=0.512 p95_ms=4.007
[2026-05-23 14:52:57] start mode=optimized model=GCN_int8.onnx device=NPU warmup=5 iters=100
[2026-05-23 14:52:57] creating session
[2026-05-23 14:52:57] session ready providers=OpenVINOExecutionProvider | CPUExecutionProvider
[2026-05-23 14:52:57] preparing inputs
[2026-05-23 14:52:57] inputs ready
[2026-05-23 14:52:57] warmup start
[2026-05-23 14:52:57] warmup done
[2026-05-23 14:52:57] benchmark iterations start
[2026-05-23 14:52:57] iteration 25/100 elapsed_s=0.1
[2026-05-23 14:52:57] iteration 50/100 elapsed_s=0.2
[2026-05-23 14:52:58] iteration 75/100 elapsed_s=0.2
[2026-05-23 14:52:58] iteration 100/100 elapsed_s=0.3
[2026-05-23 14:52:58] benchmark iterations done
[2026-05-23 14:52:58] mode complete mode=optimized mean_ms=3.014 std_ms=0.693 p95_ms=4.391
[2026-05-23 14:56:33] start mode=baseline model=GCN_int8.onnx device=CPU warmup=5 iters=100
[2026-05-23 14:56:33] creating session
[2026-05-23 14:56:33] session ready providers=OpenVINOExecutionProvider | CPUExecutionProvider
[2026-05-23 14:56:33] preparing inputs
[2026-05-23 14:56:33] inputs ready
[2026-05-23 14:56:33] warmup start
[2026-05-23 14:56:33] warmup done
[2026-05-23 14:56:33] benchmark iterations start
[2026-05-23 14:56:33] iteration 25/100 elapsed_s=0.1
[2026-05-23 14:56:34] iteration 50/100 elapsed_s=0.2
[2026-05-23 14:56:34] iteration 75/100 elapsed_s=0.2
[2026-05-23 14:56:34] iteration 100/100 elapsed_s=0.3
[2026-05-23 14:56:34] benchmark iterations done
[2026-05-23 14:56:34] mode complete mode=baseline mean_ms=2.884 std_ms=0.499 p95_ms=3.924
[2026-05-23 14:56:34] start mode=optimized model=GCN_int8.onnx device=CPU warmup=5 iters=100
[2026-05-23 14:56:34] creating session
[2026-05-23 14:56:34] session ready providers=OpenVINOExecutionProvider | CPUExecutionProvider
[2026-05-23 14:56:34] preparing inputs
[2026-05-23 14:56:35] inputs ready
[2026-05-23 14:56:35] warmup start
[2026-05-23 14:56:35] warmup done
[2026-05-23 14:56:35] benchmark iterations start
[2026-05-23 14:56:35] iteration 25/100 elapsed_s=0.1
[2026-05-23 14:56:35] iteration 50/100 elapsed_s=0.2
[2026-05-23 14:56:35] iteration 75/100 elapsed_s=0.2
[2026-05-23 14:56:35] iteration 100/100 elapsed_s=0.3
[2026-05-23 14:56:35] benchmark iterations done
[2026-05-23 14:56:35] mode complete mode=optimized mean_ms=3.019 std_ms=0.506 p95_ms=4.130
