[2026-05-23 16:04:29] start mode=baseline model=MPNN_int8.onnx device=GPU warmup=5 iters=100
[2026-05-23 16:04:29] creating session
[2026-05-23 16:04:29] session ready providers=CPUExecutionProvider
[2026-05-23 16:04:29] preparing inputs
[2026-05-23 16:04:30] inputs ready
[2026-05-23 16:04:30] warmup start
[2026-05-23 16:04:30] warmup done
[2026-05-23 16:04:30] benchmark iterations start
[2026-05-23 16:04:30] iteration 25/100 elapsed_s=0.3
[2026-05-23 16:04:31] iteration 50/100 elapsed_s=0.6
[2026-05-23 16:04:31] iteration 75/100 elapsed_s=0.9
[2026-05-23 16:04:31] iteration 100/100 elapsed_s=1.3
[2026-05-23 16:04:31] benchmark iterations done
[2026-05-23 16:04:31] mode complete mode=baseline mean_ms=12.570 std_ms=2.234 p95_ms=16.261
[2026-05-23 16:04:32] start mode=optimized model=MPNN_int8.onnx device=GPU warmup=5 iters=100
[2026-05-23 16:04:32] creating session
[2026-05-23 16:04:32] session ready providers=CPUExecutionProvider
[2026-05-23 16:04:32] preparing inputs
[2026-05-23 16:04:32] inputs ready
[2026-05-23 16:04:32] warmup start
[2026-05-23 16:04:33] warmup done
[2026-05-23 16:04:33] benchmark iterations start
[2026-05-23 16:04:33] iteration 25/100 elapsed_s=0.4
[2026-05-23 16:04:33] iteration 50/100 elapsed_s=0.8
[2026-05-23 16:04:34] iteration 75/100 elapsed_s=1.1
[2026-05-23 16:04:34] iteration 100/100 elapsed_s=1.5
[2026-05-23 16:04:34] benchmark iterations done
[2026-05-23 16:04:34] mode complete mode=optimized mean_ms=14.645 std_ms=5.906 p95_ms=21.650
[2026-05-23 16:10:26] start mode=baseline model=MPNN_int8.onnx device=CPU warmup=5 iters=100
[2026-05-23 16:10:26] creating session
[2026-05-23 16:10:26] session ready providers=CPUExecutionProvider
[2026-05-23 16:10:26] preparing inputs
[2026-05-23 16:10:27] inputs ready
[2026-05-23 16:10:27] warmup start
[2026-05-23 16:10:27] warmup done
[2026-05-23 16:10:27] benchmark iterations start
[2026-05-23 16:10:28] iteration 25/100 elapsed_s=0.4
[2026-05-23 16:10:28] iteration 50/100 elapsed_s=0.8
[2026-05-23 16:10:28] iteration 75/100 elapsed_s=1.1
[2026-05-23 16:10:29] iteration 100/100 elapsed_s=1.5
[2026-05-23 16:10:29] benchmark iterations done
[2026-05-23 16:10:29] mode complete mode=baseline mean_ms=14.914 std_ms=3.147 p95_ms=20.656
[2026-05-23 16:10:29] start mode=optimized model=MPNN_int8.onnx device=CPU warmup=5 iters=100
[2026-05-23 16:10:29] creating session
[2026-05-23 16:10:29] session ready providers=CPUExecutionProvider
[2026-05-23 16:10:29] preparing inputs
[2026-05-23 16:10:30] inputs ready
[2026-05-23 16:10:30] warmup start
[2026-05-23 16:10:30] warmup done
[2026-05-23 16:10:30] benchmark iterations start
[2026-05-23 16:10:30] iteration 25/100 elapsed_s=0.4
[2026-05-23 16:10:31] iteration 50/100 elapsed_s=0.7
[2026-05-23 16:10:31] iteration 75/100 elapsed_s=1.1
[2026-05-23 16:10:31] iteration 100/100 elapsed_s=1.4
[2026-05-23 16:10:31] benchmark iterations done
[2026-05-23 16:10:31] mode complete mode=optimized mean_ms=14.086 std_ms=3.683 p95_ms=21.464
