[2026-05-23 15:32:05] start mode=baseline model=GraphSAGE_int8.onnx device=NPU warmup=5 iters=100
[2026-05-23 15:32:05] creating session
[2026-05-23 15:32:05] session ready providers=OpenVINOExecutionProvider | CPUExecutionProvider
[2026-05-23 15:32:05] preparing inputs
[2026-05-23 15:32:06] inputs ready
[2026-05-23 15:32:06] warmup start
[2026-05-23 15:32:06] warmup done
[2026-05-23 15:32:06] benchmark iterations start
[2026-05-23 15:32:09] iteration 25/100 elapsed_s=3.0
[2026-05-23 15:32:12] iteration 50/100 elapsed_s=5.7
[2026-05-23 15:32:15] iteration 75/100 elapsed_s=8.6
[2026-05-23 15:32:18] iteration 100/100 elapsed_s=11.5
[2026-05-23 15:32:18] benchmark iterations done
[2026-05-23 15:32:18] mode complete mode=baseline mean_ms=115.056 std_ms=8.847 p95_ms=128.264
[2026-05-23 15:32:18] start mode=optimized model=GraphSAGE_int8.onnx device=NPU warmup=5 iters=100
[2026-05-23 15:32:18] creating session
[2026-05-23 15:32:19] session ready providers=OpenVINOExecutionProvider | CPUExecutionProvider
[2026-05-23 15:32:19] preparing inputs
[2026-05-23 15:32:19] inputs ready
[2026-05-23 15:32:19] warmup start
[2026-05-23 15:32:19] warmup done
[2026-05-23 15:32:19] benchmark iterations start
[2026-05-23 15:32:22] iteration 25/100 elapsed_s=2.8
[2026-05-23 15:32:25] iteration 50/100 elapsed_s=5.8
[2026-05-23 15:32:28] iteration 75/100 elapsed_s=8.5
[2026-05-23 15:32:31] iteration 100/100 elapsed_s=11.4
[2026-05-23 15:32:31] benchmark iterations done
[2026-05-23 15:32:31] mode complete mode=optimized mean_ms=114.404 std_ms=8.690 p95_ms=128.271
[2026-05-23 15:42:20] start mode=baseline model=GraphSAGE_int8.onnx device=GPU warmup=5 iters=100
[2026-05-23 15:42:20] creating session
[2026-05-23 15:42:22] session ready providers=OpenVINOExecutionProvider | CPUExecutionProvider
[2026-05-23 15:42:22] preparing inputs
[2026-05-23 15:42:22] inputs ready
[2026-05-23 15:42:22] warmup start
[2026-05-23 15:42:22] warmup done
[2026-05-23 15:42:22] benchmark iterations start
[2026-05-23 15:42:23] iteration 25/100 elapsed_s=1.2
[2026-05-23 15:42:24] iteration 50/100 elapsed_s=2.4
[2026-05-23 15:42:26] iteration 75/100 elapsed_s=3.6
[2026-05-23 15:42:27] iteration 100/100 elapsed_s=4.8
[2026-05-23 15:42:27] benchmark iterations done
[2026-05-23 15:42:27] mode complete mode=baseline mean_ms=48.086 std_ms=0.970 p95_ms=49.437
[2026-05-23 15:42:27] start mode=optimized model=GraphSAGE_int8.onnx device=GPU warmup=5 iters=100
[2026-05-23 15:42:27] creating session
[2026-05-23 15:42:29] session ready providers=OpenVINOExecutionProvider | CPUExecutionProvider
[2026-05-23 15:42:29] preparing inputs
[2026-05-23 15:42:29] inputs ready
[2026-05-23 15:42:29] warmup start
[2026-05-23 15:42:29] warmup done
[2026-05-23 15:42:29] benchmark iterations start
[2026-05-23 15:42:30] iteration 25/100 elapsed_s=1.2
[2026-05-23 15:42:31] iteration 50/100 elapsed_s=2.4
[2026-05-23 15:42:33] iteration 75/100 elapsed_s=3.6
[2026-05-23 15:42:34] iteration 100/100 elapsed_s=4.8
[2026-05-23 15:42:34] benchmark iterations done
[2026-05-23 15:42:34] mode complete mode=optimized mean_ms=48.293 std_ms=0.908 p95_ms=49.470
[2026-05-23 15:50:51] start mode=baseline model=GraphSAGE_int8.onnx device=CPU warmup=5 iters=100
[2026-05-23 15:50:51] creating session
[2026-05-23 15:50:51] session ready providers=OpenVINOExecutionProvider | CPUExecutionProvider
[2026-05-23 15:50:51] preparing inputs
[2026-05-23 15:50:52] inputs ready
[2026-05-23 15:50:52] warmup start
[2026-05-23 15:50:52] warmup done
[2026-05-23 15:50:52] benchmark iterations start
[2026-05-23 15:50:55] iteration 25/100 elapsed_s=2.7
[2026-05-23 15:50:58] iteration 50/100 elapsed_s=5.6
[2026-05-23 15:51:01] iteration 75/100 elapsed_s=8.3
[2026-05-23 15:51:04] iteration 100/100 elapsed_s=11.2
[2026-05-23 15:51:04] benchmark iterations done
[2026-05-23 15:51:04] mode complete mode=baseline mean_ms=111.891 std_ms=9.425 p95_ms=130.790
[2026-05-23 15:51:04] start mode=optimized model=GraphSAGE_int8.onnx device=CPU warmup=5 iters=100
[2026-05-23 15:51:04] creating session
[2026-05-23 15:51:05] session ready providers=OpenVINOExecutionProvider | CPUExecutionProvider
[2026-05-23 15:51:05] preparing inputs
[2026-05-23 15:51:05] inputs ready
[2026-05-23 15:51:05] warmup start
[2026-05-23 15:51:05] warmup done
[2026-05-23 15:51:05] benchmark iterations start
[2026-05-23 15:51:08] iteration 25/100 elapsed_s=2.7
[2026-05-23 15:51:11] iteration 50/100 elapsed_s=5.5
[2026-05-23 15:51:14] iteration 75/100 elapsed_s=8.4
[2026-05-23 15:51:16] iteration 100/100 elapsed_s=11.1
[2026-05-23 15:51:16] benchmark iterations done
[2026-05-23 15:51:16] mode complete mode=optimized mean_ms=110.639 std_ms=7.254 p95_ms=123.150
