[2026-05-23 16:27:56] start mode=baseline model=SGC_int8.onnx device=NPU warmup=5 iters=100
[2026-05-23 16:27:56] creating session
[2026-05-23 16:27:56] session ready providers=OpenVINOExecutionProvider | CPUExecutionProvider
[2026-05-23 16:27:56] preparing inputs
[2026-05-23 16:27:57] inputs ready
[2026-05-23 16:27:57] warmup start
[2026-05-23 16:27:59] warmup done
[2026-05-23 16:27:59] benchmark iterations start
[2026-05-23 16:28:11] iteration 25/100 elapsed_s=11.6
[2026-05-23 16:28:22] iteration 50/100 elapsed_s=23.2
[2026-05-23 16:28:34] iteration 75/100 elapsed_s=34.7
[2026-05-23 16:28:46] iteration 100/100 elapsed_s=46.3
[2026-05-23 16:28:46] benchmark iterations done
[2026-05-23 16:28:46] mode complete mode=baseline mean_ms=462.487 std_ms=11.202 p95_ms=482.798
[2026-05-23 16:28:46] start mode=optimized model=SGC_int8.onnx device=NPU warmup=5 iters=100
[2026-05-23 16:28:46] creating session
[2026-05-23 16:28:46] session ready providers=OpenVINOExecutionProvider | CPUExecutionProvider
[2026-05-23 16:28:46] preparing inputs
[2026-05-23 16:28:47] inputs ready
[2026-05-23 16:28:47] warmup start
[2026-05-23 16:28:49] warmup done
[2026-05-23 16:28:49] benchmark iterations start
[2026-05-23 16:29:01] iteration 25/100 elapsed_s=11.6
[2026-05-23 16:29:12] iteration 50/100 elapsed_s=23.3
[2026-05-23 16:29:24] iteration 75/100 elapsed_s=34.8
[2026-05-23 16:29:35] iteration 100/100 elapsed_s=46.2
[2026-05-23 16:29:35] benchmark iterations done
[2026-05-23 16:29:35] mode complete mode=optimized mean_ms=462.431 std_ms=13.030 p95_ms=483.418
[2026-05-23 17:02:02] start mode=baseline model=SGC_int8.onnx device=GPU warmup=5 iters=100
[2026-05-23 17:02:02] creating session
[2026-05-23 17:02:03] session ready providers=OpenVINOExecutionProvider | CPUExecutionProvider
[2026-05-23 17:02:03] preparing inputs
[2026-05-23 17:02:03] inputs ready
[2026-05-23 17:02:03] warmup start
[2026-05-23 17:02:06] warmup done
[2026-05-23 17:02:06] benchmark iterations start
[2026-05-23 17:02:18] iteration 25/100 elapsed_s=12.2
[2026-05-23 17:02:30] iteration 50/100 elapsed_s=24.4
[2026-05-23 17:02:43] iteration 75/100 elapsed_s=36.6
[2026-05-23 17:02:55] iteration 100/100 elapsed_s=48.8
[2026-05-23 17:02:55] benchmark iterations done
[2026-05-23 17:02:55] mode complete mode=baseline mean_ms=488.154 std_ms=2.429 p95_ms=492.096
[2026-05-23 17:02:55] start mode=optimized model=SGC_int8.onnx device=GPU warmup=5 iters=100
[2026-05-23 17:02:55] creating session
[2026-05-23 17:02:57] session ready providers=OpenVINOExecutionProvider | CPUExecutionProvider
[2026-05-23 17:02:57] preparing inputs
[2026-05-23 17:02:57] inputs ready
[2026-05-23 17:02:57] warmup start
[2026-05-23 17:02:59] warmup done
[2026-05-23 17:02:59] benchmark iterations start
[2026-05-23 17:03:12] iteration 25/100 elapsed_s=12.2
[2026-05-23 17:03:24] iteration 50/100 elapsed_s=24.4
[2026-05-23 17:03:36] iteration 75/100 elapsed_s=36.6
[2026-05-23 17:03:48] iteration 100/100 elapsed_s=48.9
[2026-05-23 17:03:48] benchmark iterations done
[2026-05-23 17:03:48] mode complete mode=optimized mean_ms=488.716 std_ms=2.386 p95_ms=492.306
[2026-05-23 17:33:12] start mode=baseline model=SGC_int8.onnx device=CPU warmup=5 iters=100
[2026-05-23 17:33:12] creating session
[2026-05-23 17:33:12] session ready providers=OpenVINOExecutionProvider | CPUExecutionProvider
[2026-05-23 17:33:12] preparing inputs
[2026-05-23 17:33:12] inputs ready
[2026-05-23 17:33:12] warmup start
[2026-05-23 17:33:15] warmup done
[2026-05-23 17:33:15] benchmark iterations start
[2026-05-23 17:33:26] iteration 25/100 elapsed_s=11.3
[2026-05-23 17:33:37] iteration 50/100 elapsed_s=22.6
[2026-05-23 17:33:49] iteration 75/100 elapsed_s=33.8
[2026-05-23 17:34:00] iteration 100/100 elapsed_s=45.1
[2026-05-23 17:34:00] benchmark iterations done
[2026-05-23 17:34:00] mode complete mode=baseline mean_ms=450.805 std_ms=15.494 p95_ms=477.734
[2026-05-23 17:34:00] start mode=optimized model=SGC_int8.onnx device=CPU warmup=5 iters=100
[2026-05-23 17:34:00] creating session
[2026-05-23 17:34:01] session ready providers=OpenVINOExecutionProvider | CPUExecutionProvider
[2026-05-23 17:34:01] preparing inputs
[2026-05-23 17:34:01] inputs ready
[2026-05-23 17:34:01] warmup start
[2026-05-23 17:34:03] warmup done
[2026-05-23 17:34:03] benchmark iterations start
[2026-05-23 17:34:15] iteration 25/100 elapsed_s=11.3
[2026-05-23 17:34:26] iteration 50/100 elapsed_s=22.7
[2026-05-23 17:34:38] iteration 75/100 elapsed_s=34.2
[2026-05-23 17:34:49] iteration 100/100 elapsed_s=45.6
[2026-05-23 17:34:49] benchmark iterations done
[2026-05-23 17:34:49] mode complete mode=optimized mean_ms=455.696 std_ms=13.240 p95_ms=478.602
