[2026-05-23 14:31:07] start mode=baseline model=APPNP_int8.onnx device=NPU warmup=5 iters=100
[2026-05-23 14:31:07] creating session
[2026-05-23 14:31:08] session ready providers=OpenVINOExecutionProvider | CPUExecutionProvider
[2026-05-23 14:31:08] preparing inputs
[2026-05-23 14:31:08] inputs ready
[2026-05-23 14:31:08] warmup start
[2026-05-23 14:31:08] warmup done
[2026-05-23 14:31:08] benchmark iterations start
[2026-05-23 14:31:10] iteration 25/100 elapsed_s=1.1
[2026-05-23 14:31:11] iteration 50/100 elapsed_s=2.3
[2026-05-23 14:31:12] iteration 75/100 elapsed_s=3.5
[2026-05-23 14:31:13] iteration 100/100 elapsed_s=4.7
[2026-05-23 14:31:13] benchmark iterations done
[2026-05-23 14:31:13] mode complete mode=baseline mean_ms=46.957 std_ms=4.334 p95_ms=51.994
[2026-05-23 14:31:14] start mode=optimized model=APPNP_int8.onnx device=NPU warmup=5 iters=100
[2026-05-23 14:31:14] creating session
[2026-05-23 14:31:14] session ready providers=OpenVINOExecutionProvider | CPUExecutionProvider
[2026-05-23 14:31:14] preparing inputs
[2026-05-23 14:31:14] inputs ready
[2026-05-23 14:31:14] warmup start
[2026-05-23 14:31:15] warmup done
[2026-05-23 14:31:15] benchmark iterations start
[2026-05-23 14:31:16] iteration 25/100 elapsed_s=1.1
[2026-05-23 14:31:17] iteration 50/100 elapsed_s=2.2
[2026-05-23 14:31:18] iteration 75/100 elapsed_s=3.4
[2026-05-23 14:31:19] iteration 100/100 elapsed_s=4.6
[2026-05-23 14:31:19] benchmark iterations done
[2026-05-23 14:31:19] mode complete mode=optimized mean_ms=46.062 std_ms=3.515 p95_ms=49.818
[2026-05-23 14:36:49] start mode=baseline model=APPNP_int8.onnx device=GPU warmup=5 iters=100
[2026-05-23 14:36:49] creating session
[2026-05-23 14:37:04] session ready providers=OpenVINOExecutionProvider | CPUExecutionProvider
[2026-05-23 14:37:04] preparing inputs
[2026-05-23 14:37:04] inputs ready
[2026-05-23 14:37:04] warmup start
[2026-05-23 14:37:04] warmup done
[2026-05-23 14:37:04] benchmark iterations start
[2026-05-23 14:37:05] iteration 25/100 elapsed_s=0.5
[2026-05-23 14:37:05] iteration 50/100 elapsed_s=1.1
[2026-05-23 14:37:06] iteration 75/100 elapsed_s=1.6
[2026-05-23 14:37:06] iteration 100/100 elapsed_s=2.1
[2026-05-23 14:37:06] benchmark iterations done
[2026-05-23 14:37:06] mode complete mode=baseline mean_ms=21.301 std_ms=1.001 p95_ms=22.672
[2026-05-23 14:37:07] start mode=optimized model=APPNP_int8.onnx device=GPU warmup=5 iters=100
[2026-05-23 14:37:07] creating session
[2026-05-23 14:37:17] session ready providers=OpenVINOExecutionProvider | CPUExecutionProvider
[2026-05-23 14:37:17] preparing inputs
[2026-05-23 14:37:18] inputs ready
[2026-05-23 14:37:18] warmup start
[2026-05-23 14:37:18] warmup done
[2026-05-23 14:37:18] benchmark iterations start
[2026-05-23 14:37:18] iteration 25/100 elapsed_s=0.5
[2026-05-23 14:37:19] iteration 50/100 elapsed_s=1.1
[2026-05-23 14:37:19] iteration 75/100 elapsed_s=1.6
[2026-05-23 14:37:20] iteration 100/100 elapsed_s=2.1
[2026-05-23 14:37:20] benchmark iterations done
[2026-05-23 14:37:20] mode complete mode=optimized mean_ms=21.040 std_ms=1.120 p95_ms=22.447
[2026-05-23 14:40:30] start mode=baseline model=APPNP_int8.onnx device=CPU warmup=5 iters=100
[2026-05-23 14:40:30] creating session
[2026-05-23 14:40:31] session ready providers=OpenVINOExecutionProvider | CPUExecutionProvider
[2026-05-23 14:40:31] preparing inputs
[2026-05-23 14:40:31] inputs ready
[2026-05-23 14:40:31] warmup start
[2026-05-23 14:40:31] warmup done
[2026-05-23 14:40:31] benchmark iterations start
[2026-05-23 14:40:32] iteration 25/100 elapsed_s=1.2
[2026-05-23 14:40:34] iteration 50/100 elapsed_s=2.4
[2026-05-23 14:40:35] iteration 75/100 elapsed_s=3.6
[2026-05-23 14:40:36] iteration 100/100 elapsed_s=4.7
[2026-05-23 14:40:36] benchmark iterations done
[2026-05-23 14:40:36] mode complete mode=baseline mean_ms=47.452 std_ms=4.569 p95_ms=51.510
[2026-05-23 14:40:36] start mode=optimized model=APPNP_int8.onnx device=CPU warmup=5 iters=100
[2026-05-23 14:40:36] creating session
[2026-05-23 14:40:37] session ready providers=OpenVINOExecutionProvider | CPUExecutionProvider
[2026-05-23 14:40:37] preparing inputs
[2026-05-23 14:40:37] inputs ready
[2026-05-23 14:40:37] warmup start
[2026-05-23 14:40:37] warmup done
[2026-05-23 14:40:37] benchmark iterations start
[2026-05-23 14:40:38] iteration 25/100 elapsed_s=1.1
[2026-05-23 14:40:40] iteration 50/100 elapsed_s=2.3
[2026-05-23 14:40:41] iteration 75/100 elapsed_s=3.5
[2026-05-23 14:40:42] iteration 100/100 elapsed_s=4.6
[2026-05-23 14:40:42] benchmark iterations done
[2026-05-23 14:40:42] mode complete mode=optimized mean_ms=46.234 std_ms=2.392 p95_ms=50.919
