[2026-05-23 16:16:49] start mode=baseline model=SGC_fp32.onnx device=NPU warmup=5 iters=100
[2026-05-23 16:16:49] creating session
[2026-05-23 16:16:49] session ready providers=OpenVINOExecutionProvider | CPUExecutionProvider
[2026-05-23 16:16:49] preparing inputs
[2026-05-23 16:16:49] inputs ready
[2026-05-23 16:16:49] warmup start
[2026-05-23 16:16:50] warmup done
[2026-05-23 16:16:50] benchmark iterations start
[2026-05-23 16:16:51] iteration 25/100 elapsed_s=1.2
[2026-05-23 16:16:52] iteration 50/100 elapsed_s=2.5
[2026-05-23 16:16:54] iteration 75/100 elapsed_s=3.9
[2026-05-23 16:16:55] iteration 100/100 elapsed_s=5.2
[2026-05-23 16:16:55] benchmark iterations done
[2026-05-23 16:16:55] mode complete mode=baseline mean_ms=51.779 std_ms=5.150 p95_ms=59.558
[2026-05-23 16:16:55] start mode=optimized model=SGC_fp32.onnx device=NPU warmup=5 iters=100
[2026-05-23 16:16:55] creating session
[2026-05-23 16:16:56] session ready providers=OpenVINOExecutionProvider | CPUExecutionProvider
[2026-05-23 16:16:56] preparing inputs
[2026-05-23 16:16:56] inputs ready
[2026-05-23 16:16:56] warmup start
[2026-05-23 16:16:56] warmup done
[2026-05-23 16:16:56] benchmark iterations start
[2026-05-23 16:16:58] iteration 25/100 elapsed_s=1.2
[2026-05-23 16:16:59] iteration 50/100 elapsed_s=2.4
[2026-05-23 16:17:00] iteration 75/100 elapsed_s=3.7
[2026-05-23 16:17:01] iteration 100/100 elapsed_s=5.0
[2026-05-23 16:17:01] benchmark iterations done
[2026-05-23 16:17:01] mode complete mode=optimized mean_ms=50.378 std_ms=3.615 p95_ms=57.048
[2026-05-23 16:46:34] start mode=baseline model=SGC_fp32.onnx device=GPU warmup=5 iters=100
[2026-05-23 16:46:34] creating session
[2026-05-23 16:46:36] session ready providers=OpenVINOExecutionProvider | CPUExecutionProvider
[2026-05-23 16:46:36] preparing inputs
[2026-05-23 16:46:36] inputs ready
[2026-05-23 16:46:36] warmup start
[2026-05-23 16:46:37] warmup done
[2026-05-23 16:46:37] benchmark iterations start
[2026-05-23 16:46:41] iteration 25/100 elapsed_s=4.0
[2026-05-23 16:46:45] iteration 50/100 elapsed_s=7.9
[2026-05-23 16:46:49] iteration 75/100 elapsed_s=11.9
[2026-05-23 16:46:52] iteration 100/100 elapsed_s=15.9
[2026-05-23 16:46:52] benchmark iterations done
[2026-05-23 16:46:52] mode complete mode=baseline mean_ms=158.465 std_ms=1.105 p95_ms=160.208
[2026-05-23 16:46:53] start mode=optimized model=SGC_fp32.onnx device=GPU warmup=5 iters=100
[2026-05-23 16:46:53] creating session
[2026-05-23 16:46:54] session ready providers=OpenVINOExecutionProvider | CPUExecutionProvider
[2026-05-23 16:46:54] preparing inputs
[2026-05-23 16:46:54] inputs ready
[2026-05-23 16:46:54] warmup start
[2026-05-23 16:46:55] warmup done
[2026-05-23 16:46:55] benchmark iterations start
[2026-05-23 16:46:59] iteration 25/100 elapsed_s=4.0
[2026-05-23 16:47:03] iteration 50/100 elapsed_s=7.9
[2026-05-23 16:47:07] iteration 75/100 elapsed_s=11.9
[2026-05-23 16:47:11] iteration 100/100 elapsed_s=15.8
[2026-05-23 16:47:11] benchmark iterations done
[2026-05-23 16:47:11] mode complete mode=optimized mean_ms=157.989 std_ms=1.078 p95_ms=159.639
[2026-05-23 17:22:12] start mode=baseline model=SGC_fp32.onnx device=CPU warmup=5 iters=100
[2026-05-23 17:22:12] creating session
[2026-05-23 17:22:12] session ready providers=OpenVINOExecutionProvider | CPUExecutionProvider
[2026-05-23 17:22:12] preparing inputs
[2026-05-23 17:22:13] inputs ready
[2026-05-23 17:22:13] warmup start
[2026-05-23 17:22:13] warmup done
[2026-05-23 17:22:13] benchmark iterations start
[2026-05-23 17:22:14] iteration 25/100 elapsed_s=1.2
[2026-05-23 17:22:15] iteration 50/100 elapsed_s=2.4
[2026-05-23 17:22:17] iteration 75/100 elapsed_s=3.6
[2026-05-23 17:22:18] iteration 100/100 elapsed_s=5.0
[2026-05-23 17:22:18] benchmark iterations done
[2026-05-23 17:22:18] mode complete mode=baseline mean_ms=49.685 std_ms=3.347 p95_ms=55.964
[2026-05-23 17:22:18] start mode=optimized model=SGC_fp32.onnx device=CPU warmup=5 iters=100
[2026-05-23 17:22:18] creating session
[2026-05-23 17:22:19] session ready providers=OpenVINOExecutionProvider | CPUExecutionProvider
[2026-05-23 17:22:19] preparing inputs
[2026-05-23 17:22:19] inputs ready
[2026-05-23 17:22:19] warmup start
[2026-05-23 17:22:19] warmup done
[2026-05-23 17:22:19] benchmark iterations start
[2026-05-23 17:22:20] iteration 25/100 elapsed_s=1.2
[2026-05-23 17:22:22] iteration 50/100 elapsed_s=2.4
[2026-05-23 17:22:23] iteration 75/100 elapsed_s=3.6
[2026-05-23 17:22:24] iteration 100/100 elapsed_s=4.8
[2026-05-23 17:22:24] benchmark iterations done
[2026-05-23 17:22:24] mode complete mode=optimized mean_ms=47.623 std_ms=2.834 p95_ms=50.726
