[2026-05-23 11:04:03] start mode=baseline model=GraphSAGE_int8.onnx device=NPU warmup=5 iters=100
[2026-05-23 11:04:03] creating session
[2026-05-23 11:04:04] session ready providers=OpenVINOExecutionProvider | CPUExecutionProvider
[2026-05-23 11:04:04] preparing inputs
[2026-05-23 11:04:04] inputs ready
[2026-05-23 11:04:04] warmup start
[2026-05-23 11:04:04] warmup done
[2026-05-23 11:04:04] benchmark iterations start
[2026-05-23 11:04:06] iteration 25/100 elapsed_s=1.1
[2026-05-23 11:04:07] iteration 50/100 elapsed_s=2.3
[2026-05-23 11:04:08] iteration 75/100 elapsed_s=3.4
[2026-05-23 11:04:09] iteration 100/100 elapsed_s=4.6
[2026-05-23 11:04:09] benchmark iterations done
[2026-05-23 11:04:09] mode complete mode=baseline mean_ms=45.696 std_ms=5.629 p95_ms=57.456
[2026-05-23 11:04:09] start mode=optimized model=GraphSAGE_int8.onnx device=NPU warmup=5 iters=100
[2026-05-23 11:04:09] creating session
[2026-05-23 11:04:10] session ready providers=OpenVINOExecutionProvider | CPUExecutionProvider
[2026-05-23 11:04:10] preparing inputs
[2026-05-23 11:04:10] inputs ready
[2026-05-23 11:04:10] warmup start
[2026-05-23 11:04:10] warmup done
[2026-05-23 11:04:10] benchmark iterations start
[2026-05-23 11:04:11] iteration 25/100 elapsed_s=1.1
[2026-05-23 11:04:12] iteration 50/100 elapsed_s=2.1
[2026-05-23 11:04:13] iteration 75/100 elapsed_s=3.2
[2026-05-23 11:04:15] iteration 100/100 elapsed_s=4.4
[2026-05-23 11:04:15] benchmark iterations done
[2026-05-23 11:04:15] mode complete mode=optimized mean_ms=43.644 std_ms=3.154 p95_ms=48.604
[2026-05-23 11:05:34] start mode=baseline model=GraphSAGE_int8.onnx device=NPU warmup=5 iters=100
[2026-05-23 11:05:34] creating session
[2026-05-23 11:05:35] session ready providers=OpenVINOExecutionProvider | CPUExecutionProvider
[2026-05-23 11:05:35] preparing inputs
[2026-05-23 11:05:36] inputs ready
[2026-05-23 11:05:36] warmup start
[2026-05-23 11:05:36] warmup done
[2026-05-23 11:05:36] benchmark iterations start
[2026-05-23 11:05:38] iteration 25/100 elapsed_s=1.1
[2026-05-23 11:05:39] iteration 50/100 elapsed_s=2.2
[2026-05-23 11:05:40] iteration 75/100 elapsed_s=3.2
[2026-05-23 11:05:41] iteration 100/100 elapsed_s=4.2
[2026-05-23 11:05:41] benchmark iterations done
[2026-05-23 11:05:41] mode complete mode=baseline mean_ms=42.427 std_ms=3.405 p95_ms=47.784
[2026-05-23 11:05:41] start mode=optimized model=GraphSAGE_int8.onnx device=NPU warmup=5 iters=100
[2026-05-23 11:05:41] creating session
[2026-05-23 11:05:42] session ready providers=OpenVINOExecutionProvider | CPUExecutionProvider
[2026-05-23 11:05:42] preparing inputs
[2026-05-23 11:05:43] inputs ready
[2026-05-23 11:05:43] warmup start
[2026-05-23 11:05:43] warmup done
[2026-05-23 11:05:43] benchmark iterations start
[2026-05-23 11:05:45] iteration 25/100 elapsed_s=1.1
[2026-05-23 11:05:46] iteration 50/100 elapsed_s=2.1
[2026-05-23 11:05:47] iteration 75/100 elapsed_s=3.1
[2026-05-23 11:05:48] iteration 100/100 elapsed_s=4.2
[2026-05-23 11:05:48] benchmark iterations done
[2026-05-23 11:05:48] mode complete mode=optimized mean_ms=41.507 std_ms=3.714 p95_ms=46.022
[2026-05-23 11:07:12] start mode=baseline model=GraphSAGE_int8.onnx device=NPU warmup=5 iters=100
[2026-05-23 11:07:12] creating session
[2026-05-23 11:07:13] session ready providers=OpenVINOExecutionProvider | CPUExecutionProvider
[2026-05-23 11:07:13] preparing inputs
[2026-05-23 11:07:15] inputs ready
[2026-05-23 11:07:15] warmup start
[2026-05-23 11:07:15] warmup done
[2026-05-23 11:07:15] benchmark iterations start
[2026-05-23 11:07:16] iteration 25/100 elapsed_s=1.0
[2026-05-23 11:07:17] iteration 50/100 elapsed_s=2.0
[2026-05-23 11:07:18] iteration 75/100 elapsed_s=3.0
[2026-05-23 11:07:19] iteration 100/100 elapsed_s=4.1
[2026-05-23 11:07:19] benchmark iterations done
[2026-05-23 11:07:19] mode complete mode=baseline mean_ms=41.397 std_ms=2.800 p95_ms=47.182
[2026-05-23 11:07:20] start mode=optimized model=GraphSAGE_int8.onnx device=NPU warmup=5 iters=100
[2026-05-23 11:07:20] creating session
[2026-05-23 11:07:20] session ready providers=OpenVINOExecutionProvider | CPUExecutionProvider
[2026-05-23 11:07:20] preparing inputs
[2026-05-23 11:07:23] inputs ready
[2026-05-23 11:07:23] warmup start
[2026-05-23 11:07:23] warmup done
[2026-05-23 11:07:23] benchmark iterations start
[2026-05-23 11:07:24] iteration 25/100 elapsed_s=1.1
[2026-05-23 11:07:25] iteration 50/100 elapsed_s=2.0
[2026-05-23 11:07:26] iteration 75/100 elapsed_s=3.1
[2026-05-23 11:07:27] iteration 100/100 elapsed_s=4.3
[2026-05-23 11:07:27] benchmark iterations done
[2026-05-23 11:07:27] mode complete mode=optimized mean_ms=42.465 std_ms=5.699 p95_ms=47.787
[2026-05-23 11:08:44] start mode=baseline model=GraphSAGE_int8.onnx device=GPU warmup=5 iters=100
[2026-05-23 11:08:44] creating session
[2026-05-23 11:08:45] session ready providers=OpenVINOExecutionProvider | CPUExecutionProvider
[2026-05-23 11:08:45] preparing inputs
[2026-05-23 11:08:45] inputs ready
[2026-05-23 11:08:45] warmup start
[2026-05-23 11:08:45] warmup done
[2026-05-23 11:08:45] benchmark iterations start
[2026-05-23 11:08:46] iteration 25/100 elapsed_s=1.0
[2026-05-23 11:08:47] iteration 50/100 elapsed_s=2.0
[2026-05-23 11:08:48] iteration 75/100 elapsed_s=2.9
[2026-05-23 11:08:49] iteration 100/100 elapsed_s=3.9
[2026-05-23 11:08:49] benchmark iterations done
[2026-05-23 11:08:49] mode complete mode=baseline mean_ms=39.139 std_ms=0.857 p95_ms=40.632
[2026-05-23 11:08:49] start mode=optimized model=GraphSAGE_int8.onnx device=GPU warmup=5 iters=100
[2026-05-23 11:08:49] creating session
[2026-05-23 11:08:51] session ready providers=OpenVINOExecutionProvider | CPUExecutionProvider
[2026-05-23 11:08:51] preparing inputs
[2026-05-23 11:08:51] inputs ready
[2026-05-23 11:08:51] warmup start
[2026-05-23 11:08:51] warmup done
[2026-05-23 11:08:51] benchmark iterations start
[2026-05-23 11:08:52] iteration 25/100 elapsed_s=1.0
[2026-05-23 11:08:53] iteration 50/100 elapsed_s=2.0
[2026-05-23 11:08:54] iteration 75/100 elapsed_s=2.9
[2026-05-23 11:08:55] iteration 100/100 elapsed_s=3.9
[2026-05-23 11:08:55] benchmark iterations done
[2026-05-23 11:08:55] mode complete mode=optimized mean_ms=39.120 std_ms=0.780 p95_ms=40.387
[2026-05-23 11:10:21] start mode=baseline model=GraphSAGE_int8.onnx device=GPU warmup=5 iters=100
[2026-05-23 11:10:21] creating session
[2026-05-23 11:10:23] session ready providers=OpenVINOExecutionProvider | CPUExecutionProvider
[2026-05-23 11:10:23] preparing inputs
[2026-05-23 11:10:24] inputs ready
[2026-05-23 11:10:24] warmup start
[2026-05-23 11:10:24] warmup done
[2026-05-23 11:10:24] benchmark iterations start
[2026-05-23 11:10:25] iteration 25/100 elapsed_s=1.0
[2026-05-23 11:10:26] iteration 50/100 elapsed_s=1.9
[2026-05-23 11:10:27] iteration 75/100 elapsed_s=2.9
[2026-05-23 11:10:28] iteration 100/100 elapsed_s=3.8
[2026-05-23 11:10:28] benchmark iterations done
[2026-05-23 11:10:28] mode complete mode=baseline mean_ms=38.366 std_ms=0.883 p95_ms=39.725
[2026-05-23 11:10:29] start mode=optimized model=GraphSAGE_int8.onnx device=GPU warmup=5 iters=100
[2026-05-23 11:10:29] creating session
[2026-05-23 11:10:30] session ready providers=OpenVINOExecutionProvider | CPUExecutionProvider
[2026-05-23 11:10:30] preparing inputs
[2026-05-23 11:10:32] inputs ready
[2026-05-23 11:10:32] warmup start
[2026-05-23 11:10:32] warmup done
[2026-05-23 11:10:32] benchmark iterations start
[2026-05-23 11:10:33] iteration 25/100 elapsed_s=1.0
[2026-05-23 11:10:34] iteration 50/100 elapsed_s=1.9
[2026-05-23 11:10:35] iteration 75/100 elapsed_s=2.9
[2026-05-23 11:10:36] iteration 100/100 elapsed_s=3.8
[2026-05-23 11:10:36] benchmark iterations done
[2026-05-23 11:10:36] mode complete mode=optimized mean_ms=38.090 std_ms=0.938 p95_ms=39.652
[2026-05-23 11:12:08] start mode=baseline model=GraphSAGE_int8.onnx device=GPU warmup=5 iters=100
[2026-05-23 11:12:08] creating session
[2026-05-23 11:12:09] session ready providers=OpenVINOExecutionProvider | CPUExecutionProvider
[2026-05-23 11:12:09] preparing inputs
[2026-05-23 11:12:12] inputs ready
[2026-05-23 11:12:12] warmup start
[2026-05-23 11:12:12] warmup done
[2026-05-23 11:12:12] benchmark iterations start
[2026-05-23 11:12:13] iteration 25/100 elapsed_s=0.9
[2026-05-23 11:12:14] iteration 50/100 elapsed_s=1.9
[2026-05-23 11:12:15] iteration 75/100 elapsed_s=2.8
[2026-05-23 11:12:15] iteration 100/100 elapsed_s=3.8
[2026-05-23 11:12:15] benchmark iterations done
[2026-05-23 11:12:16] mode complete mode=baseline mean_ms=37.679 std_ms=0.880 p95_ms=39.185
[2026-05-23 11:12:16] start mode=optimized model=GraphSAGE_int8.onnx device=GPU warmup=5 iters=100
[2026-05-23 11:12:16] creating session
[2026-05-23 11:12:17] session ready providers=OpenVINOExecutionProvider | CPUExecutionProvider
[2026-05-23 11:12:17] preparing inputs
[2026-05-23 11:12:19] inputs ready
[2026-05-23 11:12:19] warmup start
[2026-05-23 11:12:20] warmup done
[2026-05-23 11:12:20] benchmark iterations start
[2026-05-23 11:12:21] iteration 25/100 elapsed_s=0.9
[2026-05-23 11:12:22] iteration 50/100 elapsed_s=1.9
[2026-05-23 11:12:23] iteration 75/100 elapsed_s=2.8
[2026-05-23 11:12:23] iteration 100/100 elapsed_s=3.8
[2026-05-23 11:12:23] benchmark iterations done
[2026-05-23 11:12:24] mode complete mode=optimized mean_ms=37.724 std_ms=0.977 p95_ms=39.387
[2026-05-23 11:13:23] start mode=baseline model=GraphSAGE_int8.onnx device=CPU warmup=5 iters=100
[2026-05-23 11:13:23] creating session
[2026-05-23 11:13:23] session ready providers=OpenVINOExecutionProvider | CPUExecutionProvider
[2026-05-23 11:13:23] preparing inputs
[2026-05-23 11:13:24] inputs ready
[2026-05-23 11:13:24] warmup start
[2026-05-23 11:13:24] warmup done
[2026-05-23 11:13:24] benchmark iterations start
[2026-05-23 11:13:25] iteration 25/100 elapsed_s=1.1
[2026-05-23 11:13:26] iteration 50/100 elapsed_s=2.1
[2026-05-23 11:13:27] iteration 75/100 elapsed_s=3.1
[2026-05-23 11:13:28] iteration 100/100 elapsed_s=4.2
[2026-05-23 11:13:28] benchmark iterations done
[2026-05-23 11:13:28] mode complete mode=baseline mean_ms=41.553 std_ms=2.975 p95_ms=46.004
[2026-05-23 11:13:28] start mode=optimized model=GraphSAGE_int8.onnx device=CPU warmup=5 iters=100
[2026-05-23 11:13:28] creating session
[2026-05-23 11:13:29] session ready providers=OpenVINOExecutionProvider | CPUExecutionProvider
[2026-05-23 11:13:29] preparing inputs
[2026-05-23 11:13:29] inputs ready
[2026-05-23 11:13:29] warmup start
[2026-05-23 11:13:29] warmup done
[2026-05-23 11:13:29] benchmark iterations start
[2026-05-23 11:13:31] iteration 25/100 elapsed_s=1.2
[2026-05-23 11:13:32] iteration 50/100 elapsed_s=2.3
[2026-05-23 11:13:33] iteration 75/100 elapsed_s=3.3
[2026-05-23 11:13:34] iteration 100/100 elapsed_s=4.3
[2026-05-23 11:13:34] benchmark iterations done
[2026-05-23 11:13:34] mode complete mode=optimized mean_ms=42.759 std_ms=5.027 p95_ms=47.291
[2026-05-23 11:14:46] start mode=baseline model=GraphSAGE_int8.onnx device=CPU warmup=5 iters=100
[2026-05-23 11:14:46] creating session
[2026-05-23 11:14:46] session ready providers=OpenVINOExecutionProvider | CPUExecutionProvider
[2026-05-23 11:14:46] preparing inputs
[2026-05-23 11:14:48] inputs ready
[2026-05-23 11:14:48] warmup start
[2026-05-23 11:14:48] warmup done
[2026-05-23 11:14:48] benchmark iterations start
[2026-05-23 11:14:49] iteration 25/100 elapsed_s=1.1
[2026-05-23 11:14:50] iteration 50/100 elapsed_s=2.1
[2026-05-23 11:14:51] iteration 75/100 elapsed_s=3.1
[2026-05-23 11:14:52] iteration 100/100 elapsed_s=4.1
[2026-05-23 11:14:52] benchmark iterations done
[2026-05-23 11:14:52] mode complete mode=baseline mean_ms=40.551 std_ms=3.433 p95_ms=44.239
[2026-05-23 11:14:52] start mode=optimized model=GraphSAGE_int8.onnx device=CPU warmup=5 iters=100
[2026-05-23 11:14:52] creating session
[2026-05-23 11:14:53] session ready providers=OpenVINOExecutionProvider | CPUExecutionProvider
[2026-05-23 11:14:53] preparing inputs
[2026-05-23 11:14:54] inputs ready
[2026-05-23 11:14:54] warmup start
[2026-05-23 11:14:55] warmup done
[2026-05-23 11:14:55] benchmark iterations start
[2026-05-23 11:14:56] iteration 25/100 elapsed_s=1.0
[2026-05-23 11:14:57] iteration 50/100 elapsed_s=2.0
[2026-05-23 11:14:58] iteration 75/100 elapsed_s=3.0
[2026-05-23 11:14:59] iteration 100/100 elapsed_s=4.0
[2026-05-23 11:14:59] benchmark iterations done
[2026-05-23 11:14:59] mode complete mode=optimized mean_ms=39.819 std_ms=2.237 p95_ms=43.871
[2026-05-23 11:16:16] start mode=baseline model=GraphSAGE_int8.onnx device=CPU warmup=5 iters=100
[2026-05-23 11:16:16] creating session
[2026-05-23 11:16:16] session ready providers=OpenVINOExecutionProvider | CPUExecutionProvider
[2026-05-23 11:16:16] preparing inputs
[2026-05-23 11:16:19] inputs ready
[2026-05-23 11:16:19] warmup start
[2026-05-23 11:16:19] warmup done
[2026-05-23 11:16:19] benchmark iterations start
[2026-05-23 11:16:20] iteration 25/100 elapsed_s=1.0
[2026-05-23 11:16:21] iteration 50/100 elapsed_s=2.0
[2026-05-23 11:16:22] iteration 75/100 elapsed_s=2.9
[2026-05-23 11:16:23] iteration 100/100 elapsed_s=4.0
[2026-05-23 11:16:23] benchmark iterations done
[2026-05-23 11:16:23] mode complete mode=baseline mean_ms=39.792 std_ms=2.279 p95_ms=44.588
[2026-05-23 11:16:23] start mode=optimized model=GraphSAGE_int8.onnx device=CPU warmup=5 iters=100
[2026-05-23 11:16:23] creating session
[2026-05-23 11:16:24] session ready providers=OpenVINOExecutionProvider | CPUExecutionProvider
[2026-05-23 11:16:24] preparing inputs
[2026-05-23 11:16:26] inputs ready
[2026-05-23 11:16:26] warmup start
[2026-05-23 11:16:27] warmup done
[2026-05-23 11:16:27] benchmark iterations start
[2026-05-23 11:16:28] iteration 25/100 elapsed_s=1.0
[2026-05-23 11:16:29] iteration 50/100 elapsed_s=1.9
[2026-05-23 11:16:30] iteration 75/100 elapsed_s=3.0
[2026-05-23 11:16:31] iteration 100/100 elapsed_s=4.0
[2026-05-23 11:16:31] benchmark iterations done
[2026-05-23 11:16:31] mode complete mode=optimized mean_ms=40.383 std_ms=2.898 p95_ms=45.247
