[2026-05-23 14:42:05] start mode=baseline model=GATv2_fp32.onnx device=NPU warmup=5 iters=100
[2026-05-23 14:42:05] creating session
[2026-05-23 14:42:05] session ready providers=OpenVINOExecutionProvider | CPUExecutionProvider
[2026-05-23 14:42:05] preparing inputs
[2026-05-23 14:42:05] inputs ready
[2026-05-23 14:42:05] warmup start
[2026-05-23 14:42:05] warmup done
[2026-05-23 14:42:05] benchmark iterations start
[2026-05-23 14:42:06] iteration 25/100 elapsed_s=0.2
[2026-05-23 14:42:06] iteration 50/100 elapsed_s=0.4
[2026-05-23 14:42:06] iteration 75/100 elapsed_s=0.6
[2026-05-23 14:42:06] iteration 100/100 elapsed_s=0.8
[2026-05-23 14:42:06] benchmark iterations done
[2026-05-23 14:42:06] mode complete mode=baseline mean_ms=8.242 std_ms=1.121 p95_ms=10.641
[2026-05-23 14:42:07] start mode=optimized model=GATv2_fp32.onnx device=NPU warmup=5 iters=100
[2026-05-23 14:42:07] creating session
[2026-05-23 14:42:07] session ready providers=OpenVINOExecutionProvider | CPUExecutionProvider
[2026-05-23 14:42:07] preparing inputs
[2026-05-23 14:42:07] inputs ready
[2026-05-23 14:42:07] warmup start
[2026-05-23 14:42:07] warmup done
[2026-05-23 14:42:07] benchmark iterations start
[2026-05-23 14:42:07] iteration 25/100 elapsed_s=0.2
[2026-05-23 14:42:08] iteration 50/100 elapsed_s=0.4
[2026-05-23 14:42:08] iteration 75/100 elapsed_s=0.6
[2026-05-23 14:42:08] iteration 100/100 elapsed_s=0.8
[2026-05-23 14:42:08] benchmark iterations done
[2026-05-23 14:42:08] mode complete mode=optimized mean_ms=8.323 std_ms=1.152 p95_ms=10.678
[2026-05-23 14:45:52] start mode=baseline model=GATv2_fp32.onnx device=GPU warmup=5 iters=100
[2026-05-23 14:45:52] creating session
[2026-05-23 14:45:53] session ready providers=OpenVINOExecutionProvider | CPUExecutionProvider
[2026-05-23 14:45:53] preparing inputs
[2026-05-23 14:45:54] inputs ready
[2026-05-23 14:45:54] warmup start
[2026-05-23 14:45:54] warmup done
[2026-05-23 14:45:54] benchmark iterations start
[2026-05-23 14:45:54] iteration 25/100 elapsed_s=0.1
[2026-05-23 14:45:54] iteration 50/100 elapsed_s=0.3
[2026-05-23 14:45:54] iteration 75/100 elapsed_s=0.4
[2026-05-23 14:45:54] iteration 100/100 elapsed_s=0.5
[2026-05-23 14:45:54] benchmark iterations done
[2026-05-23 14:45:54] mode complete mode=baseline mean_ms=5.067 std_ms=0.573 p95_ms=6.072
[2026-05-23 14:45:54] start mode=optimized model=GATv2_fp32.onnx device=GPU warmup=5 iters=100
[2026-05-23 14:45:54] creating session
[2026-05-23 14:45:56] session ready providers=OpenVINOExecutionProvider | CPUExecutionProvider
[2026-05-23 14:45:56] preparing inputs
[2026-05-23 14:45:56] inputs ready
[2026-05-23 14:45:56] warmup start
[2026-05-23 14:45:56] warmup done
[2026-05-23 14:45:56] benchmark iterations start
[2026-05-23 14:45:56] iteration 25/100 elapsed_s=0.1
[2026-05-23 14:45:56] iteration 50/100 elapsed_s=0.3
[2026-05-23 14:45:57] iteration 75/100 elapsed_s=0.4
[2026-05-23 14:45:57] iteration 100/100 elapsed_s=0.5
[2026-05-23 14:45:57] benchmark iterations done
[2026-05-23 14:45:57] mode complete mode=optimized mean_ms=5.223 std_ms=0.546 p95_ms=6.134
[2026-05-23 14:49:18] start mode=baseline model=GATv2_fp32.onnx device=CPU warmup=5 iters=100
[2026-05-23 14:49:18] creating session
[2026-05-23 14:49:18] session ready providers=OpenVINOExecutionProvider | CPUExecutionProvider
[2026-05-23 14:49:18] preparing inputs
[2026-05-23 14:49:18] inputs ready
[2026-05-23 14:49:18] warmup start
[2026-05-23 14:49:19] warmup done
[2026-05-23 14:49:19] benchmark iterations start
[2026-05-23 14:49:19] iteration 25/100 elapsed_s=0.2
[2026-05-23 14:49:19] iteration 50/100 elapsed_s=0.4
[2026-05-23 14:49:19] iteration 75/100 elapsed_s=0.6
[2026-05-23 14:49:19] iteration 100/100 elapsed_s=0.8
[2026-05-23 14:49:19] benchmark iterations done
[2026-05-23 14:49:19] mode complete mode=baseline mean_ms=8.201 std_ms=1.149 p95_ms=10.912
[2026-05-23 14:49:20] start mode=optimized model=GATv2_fp32.onnx device=CPU warmup=5 iters=100
[2026-05-23 14:49:20] creating session
[2026-05-23 14:49:20] session ready providers=OpenVINOExecutionProvider | CPUExecutionProvider
[2026-05-23 14:49:20] preparing inputs
[2026-05-23 14:49:20] inputs ready
[2026-05-23 14:49:20] warmup start
[2026-05-23 14:49:20] warmup done
[2026-05-23 14:49:20] benchmark iterations start
[2026-05-23 14:49:21] iteration 25/100 elapsed_s=0.2
[2026-05-23 14:49:21] iteration 50/100 elapsed_s=0.4
[2026-05-23 14:49:21] iteration 75/100 elapsed_s=0.6
[2026-05-23 14:49:21] iteration 100/100 elapsed_s=0.8
[2026-05-23 14:49:21] benchmark iterations done
[2026-05-23 14:49:21] mode complete mode=optimized mean_ms=8.222 std_ms=1.031 p95_ms=10.241
