[2026-05-23 16:03:59] start mode=baseline model=MPNN_int8.onnx device=GPU warmup=5 iters=100
[2026-05-23 16:03:59] creating session
[2026-05-23 16:03:59] session ready providers=CPUExecutionProvider
[2026-05-23 16:03:59] preparing inputs
[2026-05-23 16:03:59] inputs ready
[2026-05-23 16:03:59] warmup start
[2026-05-23 16:04:00] warmup done
[2026-05-23 16:04:00] benchmark iterations start
[2026-05-23 16:04:00] iteration 25/100 elapsed_s=0.2
[2026-05-23 16:04:00] iteration 50/100 elapsed_s=0.4
[2026-05-23 16:04:00] iteration 75/100 elapsed_s=0.7
[2026-05-23 16:04:00] iteration 100/100 elapsed_s=0.9
[2026-05-23 16:04:00] benchmark iterations done
[2026-05-23 16:04:00] mode complete mode=baseline mean_ms=8.492 std_ms=3.711 p95_ms=14.238
[2026-05-23 16:04:01] start mode=optimized model=MPNN_int8.onnx device=GPU warmup=5 iters=100
[2026-05-23 16:04:01] creating session
[2026-05-23 16:04:01] session ready providers=CPUExecutionProvider
[2026-05-23 16:04:01] preparing inputs
[2026-05-23 16:04:02] inputs ready
[2026-05-23 16:04:02] warmup start
[2026-05-23 16:04:02] warmup done
[2026-05-23 16:04:02] benchmark iterations start
[2026-05-23 16:04:02] iteration 25/100 elapsed_s=0.3
[2026-05-23 16:04:02] iteration 50/100 elapsed_s=0.5
[2026-05-23 16:04:02] iteration 75/100 elapsed_s=0.7
[2026-05-23 16:04:02] iteration 100/100 elapsed_s=0.9
[2026-05-23 16:04:02] benchmark iterations done
[2026-05-23 16:04:02] mode complete mode=optimized mean_ms=8.707 std_ms=8.045 p95_ms=11.774
[2026-05-23 16:09:57] start mode=baseline model=MPNN_int8.onnx device=CPU warmup=5 iters=100
[2026-05-23 16:09:57] creating session
[2026-05-23 16:09:57] session ready providers=CPUExecutionProvider
[2026-05-23 16:09:57] preparing inputs
[2026-05-23 16:09:58] inputs ready
[2026-05-23 16:09:58] warmup start
[2026-05-23 16:09:58] warmup done
[2026-05-23 16:09:58] benchmark iterations start
[2026-05-23 16:09:58] iteration 25/100 elapsed_s=0.3
[2026-05-23 16:09:58] iteration 50/100 elapsed_s=0.4
[2026-05-23 16:09:58] iteration 75/100 elapsed_s=0.7
[2026-05-23 16:09:59] iteration 100/100 elapsed_s=0.8
[2026-05-23 16:09:59] benchmark iterations done
[2026-05-23 16:09:59] mode complete mode=baseline mean_ms=8.359 std_ms=5.114 p95_ms=12.516
[2026-05-23 16:09:59] start mode=optimized model=MPNN_int8.onnx device=CPU warmup=5 iters=100
[2026-05-23 16:09:59] creating session
[2026-05-23 16:09:59] session ready providers=CPUExecutionProvider
[2026-05-23 16:09:59] preparing inputs
[2026-05-23 16:10:00] inputs ready
[2026-05-23 16:10:00] warmup start
[2026-05-23 16:10:00] warmup done
[2026-05-23 16:10:00] benchmark iterations start
[2026-05-23 16:10:00] iteration 25/100 elapsed_s=0.2
[2026-05-23 16:10:00] iteration 50/100 elapsed_s=0.4
[2026-05-23 16:10:00] iteration 75/100 elapsed_s=0.5
[2026-05-23 16:10:00] iteration 100/100 elapsed_s=0.7
[2026-05-23 16:10:00] benchmark iterations done
[2026-05-23 16:10:00] mode complete mode=optimized mean_ms=6.688 std_ms=3.520 p95_ms=9.541
