[2026-05-23 16:23:04] start mode=baseline model=SGC_fp32.onnx device=NPU warmup=5 iters=100
[2026-05-23 16:23:04] creating session
[2026-05-23 16:23:04] session ready providers=OpenVINOExecutionProvider | CPUExecutionProvider
[2026-05-23 16:23:04] preparing inputs
[2026-05-23 16:23:05] inputs ready
[2026-05-23 16:23:05] warmup start
[2026-05-23 16:23:06] warmup done
[2026-05-23 16:23:06] benchmark iterations start
[2026-05-23 16:23:11] iteration 25/100 elapsed_s=5.3
[2026-05-23 16:23:16] iteration 50/100 elapsed_s=10.3
[2026-05-23 16:23:22] iteration 75/100 elapsed_s=15.5
[2026-05-23 16:23:27] iteration 100/100 elapsed_s=20.6
[2026-05-23 16:23:27] benchmark iterations done
[2026-05-23 16:23:27] mode complete mode=baseline mean_ms=206.315 std_ms=10.378 p95_ms=223.520
[2026-05-23 16:23:27] start mode=optimized model=SGC_fp32.onnx device=NPU warmup=5 iters=100
[2026-05-23 16:23:27] creating session
[2026-05-23 16:23:27] session ready providers=OpenVINOExecutionProvider | CPUExecutionProvider
[2026-05-23 16:23:27] preparing inputs
[2026-05-23 16:23:28] inputs ready
[2026-05-23 16:23:28] warmup start
[2026-05-23 16:23:29] warmup done
[2026-05-23 16:23:29] benchmark iterations start
[2026-05-23 16:23:34] iteration 25/100 elapsed_s=5.2
[2026-05-23 16:23:39] iteration 50/100 elapsed_s=10.3
[2026-05-23 16:23:44] iteration 75/100 elapsed_s=15.5
[2026-05-23 16:23:50] iteration 100/100 elapsed_s=20.6
[2026-05-23 16:23:50] benchmark iterations done
[2026-05-23 16:23:50] mode complete mode=optimized mean_ms=206.097 std_ms=10.468 p95_ms=222.032
[2026-05-23 16:54:46] start mode=baseline model=SGC_fp32.onnx device=GPU warmup=5 iters=100
[2026-05-23 16:54:46] creating session
[2026-05-23 16:54:48] session ready providers=OpenVINOExecutionProvider | CPUExecutionProvider
[2026-05-23 16:54:48] preparing inputs
[2026-05-23 16:54:48] inputs ready
[2026-05-23 16:54:48] warmup start
[2026-05-23 16:54:50] warmup done
[2026-05-23 16:54:50] benchmark iterations start
[2026-05-23 16:55:02] iteration 25/100 elapsed_s=12.2
[2026-05-23 16:55:14] iteration 50/100 elapsed_s=24.4
[2026-05-23 16:55:27] iteration 75/100 elapsed_s=36.6
[2026-05-23 16:55:39] iteration 100/100 elapsed_s=48.8
[2026-05-23 16:55:39] benchmark iterations done
[2026-05-23 16:55:39] mode complete mode=baseline mean_ms=487.721 std_ms=2.500 p95_ms=491.344
[2026-05-23 16:55:39] start mode=optimized model=SGC_fp32.onnx device=GPU warmup=5 iters=100
[2026-05-23 16:55:39] creating session
[2026-05-23 16:55:41] session ready providers=OpenVINOExecutionProvider | CPUExecutionProvider
[2026-05-23 16:55:41] preparing inputs
[2026-05-23 16:55:41] inputs ready
[2026-05-23 16:55:41] warmup start
[2026-05-23 16:55:44] warmup done
[2026-05-23 16:55:44] benchmark iterations start
[2026-05-23 16:55:56] iteration 25/100 elapsed_s=12.2
[2026-05-23 16:56:08] iteration 50/100 elapsed_s=24.4
[2026-05-23 16:56:20] iteration 75/100 elapsed_s=36.6
[2026-05-23 16:56:33] iteration 100/100 elapsed_s=48.8
[2026-05-23 16:56:33] benchmark iterations done
[2026-05-23 16:56:33] mode complete mode=optimized mean_ms=487.786 std_ms=2.322 p95_ms=491.333
[2026-05-23 17:28:22] start mode=baseline model=SGC_fp32.onnx device=CPU warmup=5 iters=100
[2026-05-23 17:28:22] creating session
[2026-05-23 17:28:23] session ready providers=OpenVINOExecutionProvider | CPUExecutionProvider
[2026-05-23 17:28:23] preparing inputs
[2026-05-23 17:28:23] inputs ready
[2026-05-23 17:28:23] warmup start
[2026-05-23 17:28:24] warmup done
[2026-05-23 17:28:24] benchmark iterations start
[2026-05-23 17:28:29] iteration 25/100 elapsed_s=5.2
[2026-05-23 17:28:35] iteration 50/100 elapsed_s=10.4
[2026-05-23 17:28:40] iteration 75/100 elapsed_s=15.4
[2026-05-23 17:28:45] iteration 100/100 elapsed_s=20.7
[2026-05-23 17:28:45] benchmark iterations done
[2026-05-23 17:28:45] mode complete mode=baseline mean_ms=206.743 std_ms=11.355 p95_ms=223.535
[2026-05-23 17:28:45] start mode=optimized model=SGC_fp32.onnx device=CPU warmup=5 iters=100
[2026-05-23 17:28:45] creating session
[2026-05-23 17:28:46] session ready providers=OpenVINOExecutionProvider | CPUExecutionProvider
[2026-05-23 17:28:46] preparing inputs
[2026-05-23 17:28:46] inputs ready
[2026-05-23 17:28:46] warmup start
[2026-05-23 17:28:47] warmup done
[2026-05-23 17:28:47] benchmark iterations start
[2026-05-23 17:28:52] iteration 25/100 elapsed_s=5.2
[2026-05-23 17:28:57] iteration 50/100 elapsed_s=10.3
[2026-05-23 17:29:02] iteration 75/100 elapsed_s=15.4
[2026-05-23 17:29:08] iteration 100/100 elapsed_s=20.5
[2026-05-23 17:29:08] benchmark iterations done
[2026-05-23 17:29:08] mode complete mode=optimized mean_ms=205.268 std_ms=9.750 p95_ms=223.363
